=== Suite started at 2026-09-17 17:18:58
=== Starting test, 19 test cases
=cases         19
=user          runner
=host          nohost
=hosts         nohost 
=emulator_vsn  17.1
=emulator      beam
=otp_release   29
=started       2026-09-17 17:18:58
=case          eturnal_SUITE:init_per_suite
=logfile       eturnal_suite.init_per_suite.html
=started       2026-09-17 17:18:58
=ended         2026-09-17 17:18:59
=result        ok
=elapsed       0.000007s
=case          eturnal_SUITE:start_eturnal
=logfile       eturnal_suite.start_eturnal.html
=started       2026-09-17 17:18:59
=ended         2026-09-17 17:19:00
=result        ok
=elapsed       1.214290s
=case          eturnal_SUITE:check_status
=logfile       eturnal_suite.check_status.html
=started       2026-09-17 17:19:00
=ended         2026-09-17 17:19:00
=result        ok
=elapsed       0.000355s
=case          eturnal_SUITE:check_info
=logfile       eturnal_suite.check_info.html
=started       2026-09-17 17:19:00
=ended         2026-09-17 17:19:00
=result        ok
=elapsed       0.000809s
=case          eturnal_SUITE:check_all_sessions
=logfile       eturnal_suite.check_all_sessions.html
=started       2026-09-17 17:19:00
=ended         2026-09-17 17:19:00
=result        ok
=elapsed       0.000270s
=case          eturnal_SUITE:check_user_sessions
=logfile       eturnal_suite.check_user_sessions.html
=started       2026-09-17 17:19:00
=ended         2026-09-17 17:19:00
=result        ok
=elapsed       0.000969s
=case          eturnal_SUITE:check_disconnect
=logfile       eturnal_suite.check_disconnect.html
=started       2026-09-17 17:19:00
=ended         2026-09-17 17:19:00
=result        ok
=elapsed       0.000622s
=case          eturnal_SUITE:check_credentials
=logfile       eturnal_suite.check_credentials.html
=started       2026-09-17 17:19:00
=ended         2026-09-17 17:19:00
=result        ok
=elapsed       0.010599s
=case          eturnal_SUITE:check_loglevel
=logfile       eturnal_suite.check_loglevel.html
=started       2026-09-17 17:19:00
=ended         2026-09-17 17:19:00
=result        ok
=elapsed       0.001179s
=case          eturnal_SUITE:check_version
=logfile       eturnal_suite.check_version.html
=started       2026-09-17 17:19:00
=ended         2026-09-17 17:19:00
=result        ok
=elapsed       0.000456s
=case          eturnal_SUITE:reload
=logfile       eturnal_suite.reload.html
=started       2026-09-17 17:19:00
=ended         2026-09-17 17:19:02
=result        ok
=elapsed       1.980366s
=case          eturnal_SUITE:connect_tcp
=logfile       eturnal_suite.connect_tcp.html
=started       2026-09-17 17:19:02
=ended         2026-09-17 17:19:02
=result        ok
=elapsed       0.000297s
=case          eturnal_SUITE:connect_tls
=logfile       eturnal_suite.connect_tls.html
=started       2026-09-17 17:19:02
=ended         2026-09-17 17:19:02
=result        ok
=elapsed       0.000713s
=case          eturnal_SUITE:turn_udp
=logfile       eturnal_suite.turn_udp.html
=started       2026-09-17 17:19:02
=ended         2026-09-17 17:19:02
=result        ok
=elapsed       0.011855s
=case          eturnal_SUITE:stun_udp
=logfile       eturnal_suite.stun_udp.html
=started       2026-09-17 17:19:02
=ended         2026-09-17 17:19:02
=result        ok
=elapsed       0.001127s
=case          eturnal_SUITE:stun_tcp
=logfile       eturnal_suite.stun_tcp.html
=started       2026-09-17 17:19:02
=ended         2026-09-17 17:19:02
=result        ok
=elapsed       0.001539s
=case          eturnal_SUITE:stun_tls
=logfile       eturnal_suite.stun_tls.html
=started       2026-09-17 17:19:02
=ended         2026-09-17 17:19:03
=result        ok
=elapsed       1.010302s
=case          eturnal_SUITE:stun_tcp_auto
=logfile       eturnal_suite.stun_tcp_auto.html
=started       2026-09-17 17:19:03
=ended         2026-09-17 17:19:03
=result        ok
=elapsed       0.001551s
=case          eturnal_SUITE:stun_tls_auto
=logfile       eturnal_suite.stun_tls_auto.html
=started       2026-09-17 17:19:03
=ended         2026-09-17 17:19:04
=result        ok
=elapsed       1.010214s
=case          eturnal_SUITE:stop_eturnal
=logfile       eturnal_suite.stop_eturnal.html
=started       2026-09-17 17:19:04
=ended         2026-09-17 17:19:04
=result        ok
=elapsed       0.008784s
=case          eturnal_SUITE:end_per_suite
=logfile       eturnal_suite.end_per_suite.html
=started       2026-09-17 17:19:04
=ended         2026-09-17 17:19:04
=result        ok
=elapsed       0.000000s
=group_time    5.728s
=== TEST COMPLETE, 19 ok, 0 failed of 19 test cases

=finished      2026-09-17 17:19:04
=failed        0
=successful    19
=user_skipped  0
=auto_skipped  0
=elapsed_time  5767964
