2026-09-17 20:42:30.283057+00:00 [notice] Starting eturnal 1.12.3 on Erlang/OTP 29 (ERTS 17.1) (eturnal_app:start/2:34)
2026-09-17 20:42:30.283207+00:00 [debug] Starting supervisor: eturnal_sup (eturnal_sup:start_link/0:31)
2026-09-17 20:42:30.283293+00:00 [debug] Configuring eturnal_sup supervisor: [#{id => systemd,
                                       start =>
                                           {eturnal_systemd,start_link,[]}},
                                     #{id => eturnal,
                                       start => {eturnal,start_link,[]}}] (eturnal_sup:init/1:39)
2026-09-17 20:42:30.284370+00:00 [info] Got no NOTIFY_SOCKET, notifications disabled (eturnal_systemd:init/1:86)
2026-09-17 20:42:30.284473+00:00 [debug] PROGRESS REPORT:
    supervisor: {local,eturnal_sup}
    started: [{pid,<0.960.0>},
              {id,systemd},
              {mfargs,{eturnal_systemd,start_link,[]}},
              {restart_type,permanent},
              {significant,false},
              {shutdown,5000},
              {child_type,worker}]
 (supervisor:report_progress/3:2323)
2026-09-17 20:42:30.284566+00:00 [info] Relay IPv4 address: 127.0.0.1 (port range: 49152-65535) (eturnal:log_relay_addresses/0:349)
2026-09-17 20:42:30.284666+00:00 [info] Relay IPv6 address not configured (eturnal:log_relay_addresses/0:359)
2026-09-17 20:42:30.293953+00:00 [info] Cannot determine control query port: noport (eturnal:log_control_listener/0:373)
2026-09-17 20:42:30.294219+00:00 [debug] Using run directory run (eturnal:ensure_run_dir/0:863)
2026-09-17 20:42:30.294293+00:00 [debug] TURN configuration seems fine (eturnal:check_turn_config/0:603)
2026-09-17 20:42:30.294370+00:00 [warning] TLS enabled without 'tls_crt_file', creating self-signed certificate (eturnal:check_pem_file/0:809)
2026-09-17 20:42:31.085968+00:00 [debug] Calling mod_stats_prometheus:start/0 (eturnal_module:start/1:143)
2026-09-17 20:42:31.086165+00:00 [debug] Starting mod_stats_prometheus (mod_stats_prometheus:start/0:56)
2026-09-17 20:42:31.096863+00:00 [debug] PROGRESS REPORT:
    application: prometheus
    started_at: nonode@nohost
 (application_controller:info_started/2:2154)
2026-09-17 20:42:31.097637+00:00 [debug] PROGRESS REPORT:
    application: accept
    started_at: nonode@nohost
 (application_controller:info_started/2:2154)
2026-09-17 20:42:31.105312+00:00 [debug] PROGRESS REPORT:
    application: prometheus_httpd
    started_at: nonode@nohost
 (application_controller:info_started/2:2154)
2026-09-17 20:42:31.105365+00:00 [debug] Dependency prometheus_httpd was available already (eturnal_module:ensure_dep/2:284)
2026-09-17 20:42:31.124908+00:00 [debug] PROGRESS REPORT:
    supervisor: {local,httpd_instance_sup__127_0_0_1__9081default}
    started: [{pid,<0.980.0>},
              {id,{httpd_connection_sup,{127,0,0,1},9081,default}},
              {mfargs,{httpd_connection_sup,start_link,[[{127,0,0,1},9081]]}},
              {restart_type,permanent},
              {significant,false},
              {shutdown,5000},
              {child_type,supervisor}]
 (supervisor:report_progress/3:2323)
2026-09-17 20:42:31.126595+00:00 [debug] PROGRESS REPORT:
    supervisor: {local,httpd_instance_sup__127_0_0_1__9081default}
    started: [{pid,<0.981.0>},
              {id,{httpd_misc_sup,{127,0,0,1},9081,default}},
              {mfargs,{httpd_misc_sup,start_link,[{127,0,0,1},9081,default]}},
              {restart_type,permanent},
              {significant,false},
              {shutdown,infinity},
              {child_type,supervisor}]
 (supervisor:report_progress/3:2323)
2026-09-17 20:42:31.128821+00:00 [debug] PROGRESS REPORT:
    supervisor: {local,httpd_instance_sup__127_0_0_1__9081default}
    started: [{pid,<0.982.0>},
              {id,{httpd_manager,{127,0,0,1},9081,default}},
              {mfargs,
                  {httpd_manager,start_link,
                      [undefined,
                       [{bind_address,{127,0,0,1}},
                        {socket_type,ip_comm},
                        {port,9081},
                        {server_root,"run/mod_stats_prometheus/doc"},
                        {document_root,"run/mod_stats_prometheus/doc"},
                        {server_name,"Prometheus Exporter"},
                        {modules,[prometheus_httpd]}],
                       15000]}},
              {restart_type,permanent},
              {significant,false},
              {shutdown,4000},
              {child_type,worker}]
 (supervisor:report_progress/3:2323)
2026-09-17 20:42:31.145079+00:00 [debug] PROGRESS REPORT:
    supervisor: {local,httpd_acceptor_sup__127_0_0_1__9081default}
    started: [{pid,<0.984.0>},
              {id,{httpd_acceptor_sup,{127,0,0,1},9081,default}},
              {mfargs,{httpd_acceptor,start_link,
                                      [httpd__127_0_0_1__9081default,ip_comm,
                                       {127,0,0,1},
                                       9081,inet,
                                       httpd_conf__127_0_0_1__9081default,
                                       15000]}},
              {restart_type,transient},
              {significant,false},
              {shutdown,brutal_kill},
              {child_type,worker}]
 (supervisor:report_progress/3:2323)
2026-09-17 20:42:31.145216+00:00 [debug] PROGRESS REPORT:
    supervisor: {local,httpd_instance_sup__127_0_0_1__9081default}
    started: [{pid,<0.983.0>},
              {id,{httpd_acceptor_sup,{127,0,0,1},9081,default}},
              {mfargs,
                  {httpd_acceptor_sup,start_link,
                      [[{127,0,0,1},
                        9081,
                        [{bind_address,{127,0,0,1}},
                         {socket_type,ip_comm},
                         {port,9081},
                         {server_root,"run/mod_stats_prometheus/doc"},
                         {document_root,"run/mod_stats_prometheus/doc"},
                         {server_name,"Prometheus Exporter"},
                         {modules,[prometheus_httpd]}],
                        15000,undefined]]}},
              {restart_type,permanent},
              {significant,false},
              {shutdown,infinity},
              {child_type,supervisor}]
 (supervisor:report_progress/3:2323)
2026-09-17 20:42:31.145350+00:00 [debug] PROGRESS REPORT:
    supervisor: {local,httpd_sup}
    started: [{pid,<0.979.0>},
              {id,{httpd_instance_sup,{127,0,0,1},9081,default}},
              {mfargs,
                  {httpd_instance_sup,start_link,
                      [[{bind_address,{127,0,0,1}},
                        {socket_type,ip_comm},
                        {port,9081},
                        {server_root,"run/mod_stats_prometheus/doc"},
                        {document_root,"run/mod_stats_prometheus/doc"},
                        {server_name,"Prometheus Exporter"},
                        {modules,[prometheus_httpd]}],
                       15000,[]]}},
              {restart_type,permanent},
              {significant,false},
              {shutdown,infinity},
              {child_type,supervisor}]
 (supervisor:report_progress/3:2333)
2026-09-17 20:42:31.145475+00:00 [info] Started mod_stats_prometheus (eturnal:start_modules/0:384)
2026-09-17 20:42:31.145566+00:00 [debug] Calling mod_log_stun:start/0 (eturnal_module:start/1:143)
2026-09-17 20:42:31.145652+00:00 [debug] Starting mod_log_stun (mod_log_stun:start/0:38)
2026-09-17 20:42:31.145779+00:00 [info] Started mod_log_stun (eturnal:start_modules/0:384)
2026-09-17 20:42:31.145853+00:00 [debug] Calling mod_stats_influx:start/0 (eturnal_module:start/1:143)
2026-09-17 20:42:31.145963+00:00 [debug] Starting mod_stats_influx (mod_stats_influx:start/0:37)
2026-09-17 20:42:31.148484+00:00 [debug] PROGRESS REPORT:
    application: ulitos
    started_at: nonode@nohost
 (application_controller:info_started/2:2154)
2026-09-17 20:42:31.149275+00:00 [debug] PROGRESS REPORT:
    application: poolboy
    started_at: nonode@nohost
 (application_controller:info_started/2:2154)
2026-09-17 20:42:31.149927+00:00 [info]     msg: Starting application: influx_udp (influx_udp_app:start/2:10)
2026-09-17 20:42:31.151514+00:00 [debug] PROGRESS REPORT:
    supervisor: {local,influx_udp_sup}
    started: [{pid,<0.995.0>},
              {id,influx_udp},
              {mfargs,{influx_udp,start_link,[]}},
              {restart_type,permanent},
              {significant,false},
              {shutdown,5000},
              {child_type,worker}]
 (supervisor:report_progress/3:2323)
2026-09-17 20:42:31.151633+00:00 [debug] Dependency influx_udp was available already (eturnal_module:ensure_dep/2:284)
2026-09-17 20:42:31.151631+00:00 [debug] PROGRESS REPORT:
    application: influx_udp
    started_at: nonode@nohost
 (application_controller:info_started/2:2154)
2026-09-17 20:42:31.153091+00:00 [info]     options: #{port => 8089,host => "localhost",pool_size => 1,
               max_overflow => 1}
    msg: Start clients pool
    host: {127,0,0,1} (influx_udp:start_pool_/2:239)
2026-09-17 20:42:31.158349+00:00 [info]     port: 40502
    msg: Open UDP socket on port (influx_udp_worker:init/1:43)
2026-09-17 20:42:31.158491+00:00 [debug] PROGRESS REPORT:
    supervisor: {local,influx_udp_sup}
    started: [{pid,<0.998.0>},
              {id,stats_influx_pool},
              {mfargs,
                  {poolboy,start_link,
                      [[{name,{local,stats_influx_pool}},
                        {worker_module,influx_udp_worker},
                        {size,1},
                        {max_overflow,1}],
                       [{options,
                            #{port => 8089,
                              host => {127,0,0,1},
                              pool_size => 1,max_overflow => 1}}]]}},
              {restart_type,permanent},
              {significant,false},
              {shutdown,5000},
              {child_type,worker}]
 (supervisor:report_progress/3:2333)
2026-09-17 20:42:31.158689+00:00 [info] Started mod_stats_influx (eturnal:start_modules/0:384)
2026-09-17 20:42:31.158876+00:00 [debug] Starting listener 127.0.0.1:34780 (udp) with options:
[{use_turn,true},
 {auth_type,user},
 {turn_ipv4_address,{127,0,0,1}},
 {turn_min_port,49152},
 {turn_max_port,65535},
 {turn_max_allocations,10},
 {turn_max_permissions,10},
 {shaper,100000},
 {auth_realm,<<"eturnal.net">>},
 {server_name,<<"eturnal">>},
 {auth_fun,fun eturnal:get_password/2},
 {hook_fun,fun eturnal:run_hook/2},
 {turn_blacklist_clients,[{{127,0,0,1},8}]},
 {turn_blacklist_peers,[{{10,0,0,0},8},
                        {{100,64,0,0},10},
                        {{127,0,0,0},8},
                        {{169,254,0,0},16},
                        {{172,16,0,0},12},
                        {{192,0,0,0},24},
                        {{192,0,2,0},24},
                        {{192,88,99,0},24},
                        {{192,168,0,0},16},
                        {{198,18,0,0},15},
                        {{198,51,100,0},24},
                        {{203,0,113,0},24},
                        {{224,0,0,0},4},
                        {{240,0,0,0},4},
                        {{0,0,0,0,0,0,0,1},128},
                        {{100,65435,0,0,0,0,0,0},96},
                        {{256,0,0,0,0,0,0,0},64},
                        {{8193,3512,0,0,0,0,0,0},32},
                        {{64512,0,0,0,0,0,0,0},7},
                        {{65152,0,0,0,0,0,0,0},10},
                        {{65280,0,0,0,0,0,0,0},8}]},
 {turn_whitelist_clients,[{{127,0,0,1},32}]},
 {turn_whitelist_peers,[{{127,0,0,1},32},
                        {{203,0,113,113},32},
                        {{8193,3512,0,0,0,0,0,0},64}]}] (eturnal:start_listeners/0:419)
2026-09-17 20:42:31.168469+00:00 [info] Listening on 127.0.0.1:34780 (udp) (STUN/TURN) (eturnal:start_listeners/0:426)
2026-09-17 20:42:31.168599+00:00 [debug] Starting listener 127.0.0.1:34780 (tcp) with options:
[{use_turn,false},
 {auth_type,anonymous},
 {turn_ipv4_address,{127,0,0,1}},
 {turn_min_port,49152},
 {turn_max_port,65535},
 {turn_max_allocations,10},
 {turn_max_permissions,10},
 {shaper,100000},
 {auth_realm,<<"eturnal.net">>},
 {server_name,<<"eturnal">>},
 {auth_fun,fun eturnal:get_password/2},
 {hook_fun,fun eturnal:run_hook/2},
 {turn_blacklist_clients,[{{127,0,0,1},8}]},
 {turn_blacklist_peers,[{{10,0,0,0},8},
                        {{100,64,0,0},10},
                        {{127,0,0,0},8},
                        {{169,254,0,0},16},
                        {{172,16,0,0},12},
                        {{192,0,0,0},24},
                        {{192,0,2,0},24},
                        {{192,88,99,0},24},
                        {{192,168,0,0},16},
                        {{198,18,0,0},15},
                        {{198,51,100,0},24},
                        {{203,0,113,0},24},
                        {{224,0,0,0},4},
                        {{240,0,0,0},4},
                        {{0,0,0,0,0,0,0,1},128},
                        {{100,65435,0,0,0,0,0,0},96},
                        {{256,0,0,0,0,0,0,0},64},
                        {{8193,3512,0,0,0,0,0,0},32},
                        {{64512,0,0,0,0,0,0,0},7},
                        {{65152,0,0,0,0,0,0,0},10},
                        {{65280,0,0,0,0,0,0,0},8}]},
 {turn_whitelist_clients,[{{127,0,0,1},32}]},
 {turn_whitelist_peers,[{{127,0,0,1},32},
                        {{203,0,113,113},32},
                        {{8193,3512,0,0,0,0,0,0},64}]}] (eturnal:start_listeners/0:419)
2026-09-17 20:42:31.169085+00:00 [info] Listening on 127.0.0.1:34780 (tcp) (STUN only) (eturnal:start_listeners/0:426)
2026-09-17 20:42:31.169178+00:00 [debug] Starting listener 127.0.0.1:53490 (tls) with options:
[{use_turn,false},
 {auth_type,anonymous},
 {tls,true},
 {certfile,<<"run/cert.pem">>},
 {ciphers,<<"HIGH:!aNULL:@STRENGTH">>},
 {protocol_options,<<"no_tlsv1|no_tlsv1_1|cipher_server_preference">>},
 {turn_ipv4_address,{127,0,0,1}},
 {turn_min_port,49152},
 {turn_max_port,65535},
 {turn_max_allocations,10},
 {turn_max_permissions,10},
 {shaper,100000},
 {auth_realm,<<"eturnal.net">>},
 {server_name,<<"eturnal">>},
 {auth_fun,fun eturnal:get_password/2},
 {hook_fun,fun eturnal:run_hook/2},
 {turn_blacklist_clients,[{{127,0,0,1},8}]},
 {turn_blacklist_peers,[{{10,0,0,0},8},
                        {{100,64,0,0},10},
                        {{127,0,0,0},8},
                        {{169,254,0,0},16},
                        {{172,16,0,0},12},
                        {{192,0,0,0},24},
                        {{192,0,2,0},24},
                        {{192,88,99,0},24},
                        {{192,168,0,0},16},
                        {{198,18,0,0},15},
                        {{198,51,100,0},24},
                        {{203,0,113,0},24},
                        {{224,0,0,0},4},
                        {{240,0,0,0},4},
                        {{0,0,0,0,0,0,0,1},128},
                        {{100,65435,0,0,0,0,0,0},96},
                        {{256,0,0,0,0,0,0,0},64},
                        {{8193,3512,0,0,0,0,0,0},32},
                        {{64512,0,0,0,0,0,0,0},7},
                        {{65152,0,0,0,0,0,0,0},10},
                        {{65280,0,0,0,0,0,0,0},8}]},
 {turn_whitelist_clients,[{{127,0,0,1},32}]},
 {turn_whitelist_peers,[{{127,0,0,1},32},
                        {{203,0,113,113},32},
                        {{8193,3512,0,0,0,0,0,0},64}]}] (eturnal:start_listeners/0:419)
2026-09-17 20:42:31.169615+00:00 [info] Listening on 127.0.0.1:53490 (tls) (STUN only) (eturnal:start_listeners/0:426)
2026-09-17 20:42:31.169682+00:00 [debug] Starting listener 127.0.0.1:34781 (auto) with options:
[{use_turn,false},
 {auth_type,anonymous},
 {tls,optional},
 {certfile,<<"run/cert.pem">>},
 {ciphers,<<"HIGH:!aNULL:@STRENGTH">>},
 {protocol_options,<<"no_tlsv1|no_tlsv1_1|cipher_server_preference">>},
 {turn_ipv4_address,{127,0,0,1}},
 {turn_min_port,49152},
 {turn_max_port,65535},
 {turn_max_allocations,10},
 {turn_max_permissions,10},
 {shaper,100000},
 {auth_realm,<<"eturnal.net">>},
 {server_name,<<"eturnal">>},
 {auth_fun,fun eturnal:get_password/2},
 {hook_fun,fun eturnal:run_hook/2},
 {turn_blacklist_clients,[{{127,0,0,1},8}]},
 {turn_blacklist_peers,[{{10,0,0,0},8},
                        {{100,64,0,0},10},
                        {{127,0,0,0},8},
                        {{169,254,0,0},16},
                        {{172,16,0,0},12},
                        {{192,0,0,0},24},
                        {{192,0,2,0},24},
                        {{192,88,99,0},24},
                        {{192,168,0,0},16},
                        {{198,18,0,0},15},
                        {{198,51,100,0},24},
                        {{203,0,113,0},24},
                        {{224,0,0,0},4},
                        {{240,0,0,0},4},
                        {{0,0,0,0,0,0,0,1},128},
                        {{100,65435,0,0,0,0,0,0},96},
                        {{256,0,0,0,0,0,0,0},64},
                        {{8193,3512,0,0,0,0,0,0},32},
                        {{64512,0,0,0,0,0,0,0},7},
                        {{65152,0,0,0,0,0,0,0},10},
                        {{65280,0,0,0,0,0,0,0},8}]},
 {turn_whitelist_clients,[{{127,0,0,1},32}]},
 {turn_whitelist_peers,[{{127,0,0,1},32},
                        {{203,0,113,113},32},
                        {{8193,3512,0,0,0,0,0,0},64}]}] (eturnal:start_listeners/0:419)
2026-09-17 20:42:31.179040+00:00 [info] Listening on 127.0.0.1:34781 (auto) (STUN only) (eturnal:start_listeners/0:426)
2026-09-17 20:42:31.179176+00:00 [debug] Started 3 modules (eturnal:init/1:105)
2026-09-17 20:42:31.179240+00:00 [debug] Started 4 listeners (eturnal:init/1:106)
2026-09-17 20:42:31.179298+00:00 [debug] PROGRESS REPORT:
    supervisor: {local,eturnal_sup}
    started: [{pid,<0.962.0>},
              {id,eturnal},
              {mfargs,{eturnal,start_link,[]}},
              {restart_type,permanent},
              {significant,false},
              {shutdown,5000},
              {child_type,worker}]
 (supervisor:report_progress/3:2323)
2026-09-17 20:42:31.179369+00:00 [debug] No NOTIFY_SOCKET, dropping READY=1 notification (eturnal_systemd:handle_cast/2:99)
2026-09-17 20:42:31.179395+00:00 [debug] PROGRESS REPORT:
    application: eturnal
    started_at: nonode@nohost
 (application_controller:info_started/2:2154)
2026-09-17 20:42:31.204378+00:00 [debug] Handling API call: get_status() (eturnal_ctl:get_status/0:109)
2026-09-17 20:42:31.204473+00:00 [debug] eturnal call (get_status) returned ok (eturnal_ctl:call/1:439)
2026-09-17 20:42:31.227153+00:00 [debug] Handling API call: get_info() (eturnal_ctl:get_info/0:119)
2026-09-17 20:42:31.227727+00:00 [debug] eturnal call (get_info) returned {ok,
                                  {eturnal_node_info,<<"1.12.3">>,
                                   {"29","17.1"},
                                   2543,0,180,87585363,1,56960456}} (eturnal_ctl:call/1:442)
2026-09-17 20:42:31.250298+00:00 [debug] Handling API call: get_sessions() (eturnal_ctl:get_sessions/0:95)
2026-09-17 20:42:31.273343+00:00 [debug] Handling API call: get_sessions("alice") (eturnal_ctl:get_sessions/1:100)
2026-09-17 20:42:31.273518+00:00 [debug] Handling API call: get_sessions("1256900400:alice") (eturnal_ctl:get_sessions/1:100)
2026-09-17 20:42:31.273672+00:00 [debug] Handling API call: get_sessions(alice) (eturnal_ctl:get_sessions/1:100)
2026-09-17 20:42:31.273742+00:00 [debug] Cannot convert user name to binary: alice (eturnal_ctl:with_username/2:201)
2026-09-17 20:42:31.296340+00:00 [debug] Handling API call: disconnect("alice") (eturnal_ctl:disconnect/1:168)
2026-09-17 20:42:31.296461+00:00 [debug] Handling API call: disconnect(alice) (eturnal_ctl:disconnect/1:168)
2026-09-17 20:42:31.296534+00:00 [debug] Cannot convert user name to binary: alice (eturnal_ctl:with_username/2:201)
2026-09-17 20:42:31.319611+00:00 [debug] Handling API call: get_credentials("2009-10-30 11:00:00Z", []) (eturnal_ctl:get_credentials/2:60)
2026-09-17 20:42:31.319756+00:00 [debug] eturnal call ({get_password,<<"1256900400">>}) returned {ok,
                                                         <<"uEKlpcME7MNMMVRV8rUFPCTIFEs=">>} (eturnal_ctl:call/1:442)
2026-09-17 20:42:31.322365+00:00 [debug] Handling API call: get_credentials("86400", "alice") (eturnal_ctl:get_credentials/2:60)
2026-09-17 20:42:31.322519+00:00 [debug] eturnal call ({get_password,<<"1789764151:alice">>}) returned {ok,
                                                               <<"qXufLYUlglBkZrsXlhsSInIku1c=">>} (eturnal_ctl:call/1:442)
2026-09-17 20:42:31.322627+00:00 [debug] Handling API call: get_password("1789764151:alice") (eturnal_ctl:get_password/1:79)
2026-09-17 20:42:31.322727+00:00 [debug] eturnal call ({get_password,<<"1789764151:alice">>}) returned {ok,
                                                               <<"qXufLYUlglBkZrsXlhsSInIku1c=">>} (eturnal_ctl:call/1:442)
2026-09-17 20:42:31.322854+00:00 [debug] Handling API call: get_credentials("86400s", "alice") (eturnal_ctl:get_credentials/2:60)
2026-09-17 20:42:31.322963+00:00 [debug] eturnal call ({get_password,<<"1789764151:alice">>}) returned {ok,
                                                               <<"qXufLYUlglBkZrsXlhsSInIku1c=">>} (eturnal_ctl:call/1:442)
2026-09-17 20:42:31.323084+00:00 [debug] Handling API call: get_password("1789764151:alice") (eturnal_ctl:get_password/1:79)
2026-09-17 20:42:31.323178+00:00 [debug] eturnal call ({get_password,<<"1789764151:alice">>}) returned {ok,
                                                               <<"qXufLYUlglBkZrsXlhsSInIku1c=">>} (eturnal_ctl:call/1:442)
2026-09-17 20:42:31.323304+00:00 [debug] Handling API call: get_credentials("1440m", "alice") (eturnal_ctl:get_credentials/2:60)
2026-09-17 20:42:31.323394+00:00 [debug] eturnal call ({get_password,<<"1789764151:alice">>}) returned {ok,
                                                               <<"qXufLYUlglBkZrsXlhsSInIku1c=">>} (eturnal_ctl:call/1:442)
2026-09-17 20:42:31.323482+00:00 [debug] Handling API call: get_password("1789764151:alice") (eturnal_ctl:get_password/1:79)
2026-09-17 20:42:31.323570+00:00 [debug] eturnal call ({get_password,<<"1789764151:alice">>}) returned {ok,
                                                               <<"qXufLYUlglBkZrsXlhsSInIku1c=">>} (eturnal_ctl:call/1:442)
2026-09-17 20:42:31.323705+00:00 [debug] Handling API call: get_credentials("24h", "alice") (eturnal_ctl:get_credentials/2:60)
2026-09-17 20:42:31.323801+00:00 [debug] eturnal call ({get_password,<<"1789764151:alice">>}) returned {ok,
                                                               <<"qXufLYUlglBkZrsXlhsSInIku1c=">>} (eturnal_ctl:call/1:442)
2026-09-17 20:42:31.323885+00:00 [debug] Handling API call: get_password("1789764151:alice") (eturnal_ctl:get_password/1:79)
2026-09-17 20:42:31.323959+00:00 [debug] eturnal call ({get_password,<<"1789764151:alice">>}) returned {ok,
                                                               <<"qXufLYUlglBkZrsXlhsSInIku1c=">>} (eturnal_ctl:call/1:442)
2026-09-17 20:42:31.324084+00:00 [debug] Handling API call: get_credentials("1d", "alice") (eturnal_ctl:get_credentials/2:60)
2026-09-17 20:42:31.324177+00:00 [debug] eturnal call ({get_password,<<"1789764151:alice">>}) returned {ok,
                                                               <<"qXufLYUlglBkZrsXlhsSInIku1c=">>} (eturnal_ctl:call/1:442)
2026-09-17 20:42:31.324287+00:00 [debug] Handling API call: get_password("1789764151:alice") (eturnal_ctl:get_password/1:79)
2026-09-17 20:42:31.324360+00:00 [debug] eturnal call ({get_password,<<"1789764151:alice">>}) returned {ok,
                                                               <<"qXufLYUlglBkZrsXlhsSInIku1c=">>} (eturnal_ctl:call/1:442)
2026-09-17 20:42:31.324491+00:00 [debug] Handling API call: get_password("Invalid") (eturnal_ctl:get_password/1:79)
2026-09-17 20:42:31.324577+00:00 [debug] eturnal call ({get_password,<<"Invalid">>}) returned {error,no_credentials} (eturnal_ctl:call/1:445)
2026-09-17 20:42:31.324649+00:00 [debug] Handling API call: get_credentials("Invalid", []) (eturnal_ctl:get_credentials/2:60)
2026-09-17 20:42:31.324713+00:00 [debug] Invalid argument(s): "Invalid":[] (eturnal_ctl:get_credentials/2:73)
2026-09-17 20:42:31.324771+00:00 [debug] Handling API call: get_password(invalid) (eturnal_ctl:get_password/1:79)
2026-09-17 20:42:31.324827+00:00 [debug] Cannot convert user name to binary: invalid (eturnal_ctl:with_username/2:201)
2026-09-17 20:42:31.324885+00:00 [debug] Handling API call: get_credentials(invalid, []) (eturnal_ctl:get_credentials/2:60)
2026-09-17 20:42:31.324951+00:00 [debug] Invalid argument(s): invalid:[] (eturnal_ctl:get_credentials/2:73)
2026-09-17 20:42:31.325026+00:00 [debug] Handling API call: get_password([invalid]) (eturnal_ctl:get_password/1:79)
2026-09-17 20:42:31.325086+00:00 [debug] Cannot convert user name to binary: [invalid] (eturnal_ctl:with_username/2:201)
2026-09-17 20:42:31.325145+00:00 [debug] Handling API call: get_credentials([invalid], []) (eturnal_ctl:get_credentials/2:60)
2026-09-17 20:42:31.325221+00:00 [debug] Invalid argument(s): [invalid]:[] (eturnal_ctl:get_credentials/2:73)
2026-09-17 20:42:31.325322+00:00 [debug] Handling API call: get_credentials(1256900400, invalid) (eturnal_ctl:get_credentials/2:60)
2026-09-17 20:42:31.325388+00:00 [debug] Invalid argument(s): 1256900400:invalid (eturnal_ctl:get_credentials/2:73)
2026-09-17 20:42:31.325480+00:00 [debug] Handling API call: get_password("alice") (eturnal_ctl:get_password/1:79)
2026-09-17 20:42:31.325547+00:00 [debug] eturnal call ({get_password,<<"alice">>}) returned {ok,<<"l0vesBob">>} (eturnal_ctl:call/1:442)
2026-09-17 20:42:31.348336+00:00 [debug] Handling API call: set_loglevel(debug) (eturnal_ctl:set_loglevel/1:149)
2026-09-17 20:42:31.348495+00:00 [debug] eturnal call ({set_loglevel,debug}) returned ok (eturnal_ctl:call/1:439)
2026-09-17 20:42:31.348615+00:00 [debug] Handling API call: get_loglevel() (eturnal_ctl:get_loglevel/0:139)
2026-09-17 20:42:31.348693+00:00 [debug] eturnal call (get_loglevel) returned {ok,debug} (eturnal_ctl:call/1:442)
2026-09-17 20:42:31.348804+00:00 [debug] Handling API call: set_loglevel(invalid) (eturnal_ctl:set_loglevel/1:149)
2026-09-17 20:42:31.348865+00:00 [debug] Invalid log level: invalid (eturnal_ctl:set_loglevel/1:159)
2026-09-17 20:42:31.348970+00:00 [debug] Handling API call: get_loglevel() (eturnal_ctl:get_loglevel/0:139)
2026-09-17 20:42:31.349053+00:00 [debug] eturnal call (get_loglevel) returned {ok,debug} (eturnal_ctl:call/1:442)
2026-09-17 20:42:31.371498+00:00 [debug] Handling API call: get_version() (eturnal_ctl:get_version/0:129)
2026-09-17 20:42:31.371626+00:00 [debug] eturnal call (get_version) returned {ok,<<"1.12.3">>} (eturnal_ctl:call/1:442)
2026-09-17 20:42:31.394474+00:00 [debug] Handling API call: reload() (eturnal_ctl:reload/0:179)
2026-09-17 20:42:31.396240+00:00 [debug] Calling mod_log_stun:options/0 (eturnal_module:options/1:192)
2026-09-17 20:42:31.396357+00:00 [debug] Calling mod_stats_influx:options/0 (eturnal_module:options/1:192)
2026-09-17 20:42:31.396420+00:00 [debug] Calling mod_stats_prometheus:options/0 (eturnal_module:options/1:192)
2026-09-17 20:42:31.396754+00:00 [info] Reloading configuration (eturnal:reload/1:627)
2026-09-17 20:42:31.396846+00:00 [warning] TLS enabled without 'tls_crt_file', creating self-signed certificate (eturnal:check_pem_file/0:809)
2026-09-17 20:42:32.361294+00:00 [info] Using new TLS certificate (eturnal:reload/1:631)
2026-09-17 20:42:32.362105+00:00 [debug] Calling mod_stats_prometheus:stop/1 (eturnal_module:stop/1:163)
2026-09-17 20:42:32.362205+00:00 [debug] Stopping mod_stats_prometheus (mod_stats_prometheus:stop/0:110)
2026-09-17 20:42:32.362381+00:00 [info] Stopped mod_stats_prometheus (eturnal:stop_modules/1:397)
2026-09-17 20:42:32.363282+00:00 [debug] Calling mod_log_stun:stop/1 (eturnal_module:stop/1:163)
2026-09-17 20:42:32.363408+00:00 [debug] Stopping mod_log_stun (mod_log_stun:stop/0:49)
2026-09-17 20:42:32.363552+00:00 [info] Stopped mod_log_stun (eturnal:stop_modules/1:397)
2026-09-17 20:42:32.365047+00:00 [debug] Calling mod_stats_influx:stop/1 (eturnal_module:stop/1:163)
2026-09-17 20:42:32.365172+00:00 [debug] Stopping mod_stats_influx (mod_stats_influx:stop/0:61)
2026-09-17 20:42:32.365266+00:00 [info] Stopped mod_stats_influx (eturnal:stop_modules/1:397)
2026-09-17 20:42:32.365372+00:00 [debug] Calling mod_stats_prometheus:start/0 (eturnal_module:start/1:143)
2026-09-17 20:42:32.365491+00:00 [debug] Starting mod_stats_prometheus (mod_stats_prometheus:start/0:56)
2026-09-17 20:42:32.365632+00:00 [debug] Dependency prometheus_httpd was available already (eturnal_module:ensure_dep/2:284)
2026-09-17 20:42:32.366109+00:00 [debug] PROGRESS REPORT:
    supervisor: {local,httpd_instance_sup__127_0_0_1__9081default}
    started: [{pid,<0.1128.0>},
              {id,{httpd_connection_sup,{127,0,0,1},9081,default}},
              {mfargs,{httpd_connection_sup,start_link,[[{127,0,0,1},9081]]}},
              {restart_type,permanent},
              {significant,false},
              {shutdown,5000},
              {child_type,supervisor}]
 (supervisor:report_progress/3:2323)
2026-09-17 20:42:32.366231+00:00 [debug] PROGRESS REPORT:
    supervisor: {local,httpd_instance_sup__127_0_0_1__9081default}
    started: [{pid,<0.1129.0>},
              {id,{httpd_misc_sup,{127,0,0,1},9081,default}},
              {mfargs,{httpd_misc_sup,start_link,[{127,0,0,1},9081,default]}},
              {restart_type,permanent},
              {significant,false},
              {shutdown,infinity},
              {child_type,supervisor}]
 (supervisor:report_progress/3:2323)
2026-09-17 20:42:32.366428+00:00 [debug] PROGRESS REPORT:
    supervisor: {local,httpd_instance_sup__127_0_0_1__9081default}
    started: [{pid,<0.1130.0>},
              {id,{httpd_manager,{127,0,0,1},9081,default}},
              {mfargs,
                  {httpd_manager,start_link,
                      [undefined,
                       [{bind_address,{127,0,0,1}},
                        {socket_type,ip_comm},
                        {port,9081},
                        {server_root,"run/mod_stats_prometheus/doc"},
                        {document_root,"run/mod_stats_prometheus/doc"},
                        {server_name,"Prometheus Exporter"},
                        {modules,[prometheus_httpd]}],
                       15000]}},
              {restart_type,permanent},
              {significant,false},
              {shutdown,4000},
              {child_type,worker}]
 (supervisor:report_progress/3:2323)
2026-09-17 20:42:32.366720+00:00 [debug] PROGRESS REPORT:
    supervisor: {local,httpd_acceptor_sup__127_0_0_1__9081default}
    started: [{pid,<0.1132.0>},
              {id,{httpd_acceptor_sup,{127,0,0,1},9081,default}},
              {mfargs,{httpd_acceptor,start_link,
                                      [httpd__127_0_0_1__9081default,ip_comm,
                                       {127,0,0,1},
                                       9081,inet,
                                       httpd_conf__127_0_0_1__9081default,
                                       15000]}},
              {restart_type,transient},
              {significant,false},
              {shutdown,brutal_kill},
              {child_type,worker}]
 (supervisor:report_progress/3:2323)
2026-09-17 20:42:32.366815+00:00 [debug] PROGRESS REPORT:
    supervisor: {local,httpd_instance_sup__127_0_0_1__9081default}
    started: [{pid,<0.1131.0>},
              {id,{httpd_acceptor_sup,{127,0,0,1},9081,default}},
              {mfargs,
                  {httpd_acceptor_sup,start_link,
                      [[{127,0,0,1},
                        9081,
                        [{bind_address,{127,0,0,1}},
                         {socket_type,ip_comm},
                         {port,9081},
                         {server_root,"run/mod_stats_prometheus/doc"},
                         {document_root,"run/mod_stats_prometheus/doc"},
                         {server_name,"Prometheus Exporter"},
                         {modules,[prometheus_httpd]}],
                        15000,undefined]]}},
              {restart_type,permanent},
              {significant,false},
              {shutdown,infinity},
              {child_type,supervisor}]
 (supervisor:report_progress/3:2323)
2026-09-17 20:42:32.366924+00:00 [debug] PROGRESS REPORT:
    supervisor: {local,httpd_sup}
    started: [{pid,<0.1127.0>},
              {id,{httpd_instance_sup,{127,0,0,1},9081,default}},
              {mfargs,
                  {httpd_instance_sup,start_link,
                      [[{bind_address,{127,0,0,1}},
                        {socket_type,ip_comm},
                        {port,9081},
                        {server_root,"run/mod_stats_prometheus/doc"},
                        {document_root,"run/mod_stats_prometheus/doc"},
                        {server_name,"Prometheus Exporter"},
                        {modules,[prometheus_httpd]}],
                       15000,[]]}},
              {restart_type,permanent},
              {significant,false},
              {shutdown,infinity},
              {child_type,supervisor}]
 (supervisor:report_progress/3:2333)
2026-09-17 20:42:32.368128+00:00 [info] Started mod_stats_prometheus (eturnal:start_modules/0:384)
2026-09-17 20:42:32.368235+00:00 [debug] Calling mod_log_stun:start/0 (eturnal_module:start/1:143)
2026-09-17 20:42:32.368331+00:00 [debug] Starting mod_log_stun (mod_log_stun:start/0:38)
2026-09-17 20:42:32.369024+00:00 [info] Started mod_log_stun (eturnal:start_modules/0:384)
2026-09-17 20:42:32.369128+00:00 [debug] Calling mod_stats_influx:start/0 (eturnal_module:start/1:143)
2026-09-17 20:42:32.369226+00:00 [debug] Starting mod_stats_influx (mod_stats_influx:start/0:37)
2026-09-17 20:42:32.369314+00:00 [debug] Dependency influx_udp was available already (eturnal_module:ensure_dep/2:284)
2026-09-17 20:42:32.369804+00:00 [info]     options: #{port => 8089,host => "localhost",pool_size => 1,
               max_overflow => 1}
    msg: Start clients pool
    host: {127,0,0,1} (influx_udp:start_pool_/2:239)
2026-09-17 20:42:32.370339+00:00 [info] Started mod_stats_influx (eturnal:start_modules/0:384)
2026-09-17 20:42:32.370523+00:00 [debug] Restarted modules (eturnal:reload/1:639)
2026-09-17 20:42:32.370637+00:00 [debug] eturnal call (reload) returned ok (eturnal_ctl:call/1:439)
2026-09-17 20:42:32.370870+00:00 [debug] Handling API call: reload() (eturnal_ctl:reload/0:179)
2026-09-17 20:42:32.372587+00:00 [debug] Calling mod_log_stun:options/0 (eturnal_module:options/1:192)
2026-09-17 20:42:32.372679+00:00 [debug] Calling mod_stats_influx:options/0 (eturnal_module:options/1:192)
2026-09-17 20:42:32.372770+00:00 [debug] Calling mod_stats_prometheus:options/0 (eturnal_module:options/1:192)
2026-09-17 20:42:32.373263+00:00 [info] Reloading configuration (eturnal:reload/1:627)
2026-09-17 20:42:32.373364+00:00 [debug] Keeping PEM file (run/cert.pem) (eturnal:check_pem_file/0:806)
2026-09-17 20:42:32.373439+00:00 [debug] TLS certificate unchanged (eturnal:reload/1:633)
2026-09-17 20:42:32.374425+00:00 [debug] Calling mod_stats_prometheus:stop/1 (eturnal_module:stop/1:163)
2026-09-17 20:42:32.374506+00:00 [debug] Stopping mod_stats_prometheus (mod_stats_prometheus:stop/0:110)
2026-09-17 20:42:32.374693+00:00 [info] Stopped mod_stats_prometheus (eturnal:stop_modules/1:397)
2026-09-17 20:42:32.375819+00:00 [debug] Calling mod_log_stun:stop/1 (eturnal_module:stop/1:163)
2026-09-17 20:42:32.375942+00:00 [debug] Stopping mod_log_stun (mod_log_stun:stop/0:49)
2026-09-17 20:42:32.376057+00:00 [info] Stopped mod_log_stun (eturnal:stop_modules/1:397)
2026-09-17 20:42:32.376869+00:00 [debug] Calling mod_stats_influx:stop/1 (eturnal_module:stop/1:163)
2026-09-17 20:42:32.376953+00:00 [debug] Stopping mod_stats_influx (mod_stats_influx:stop/0:61)
2026-09-17 20:42:32.377041+00:00 [info] Stopped mod_stats_influx (eturnal:stop_modules/1:397)
2026-09-17 20:42:32.377102+00:00 [debug] Calling mod_stats_prometheus:start/0 (eturnal_module:start/1:143)
2026-09-17 20:42:32.377177+00:00 [debug] Starting mod_stats_prometheus (mod_stats_prometheus:start/0:56)
2026-09-17 20:42:32.377244+00:00 [debug] Dependency prometheus_httpd was available already (eturnal_module:ensure_dep/2:284)
2026-09-17 20:42:32.377723+00:00 [debug] PROGRESS REPORT:
    supervisor: {local,httpd_instance_sup__127_0_0_1__9081default}
    started: [{pid,<0.1161.0>},
              {id,{httpd_connection_sup,{127,0,0,1},9081,default}},
              {mfargs,{httpd_connection_sup,start_link,[[{127,0,0,1},9081]]}},
              {restart_type,permanent},
              {significant,false},
              {shutdown,5000},
              {child_type,supervisor}]
 (supervisor:report_progress/3:2323)
2026-09-17 20:42:32.377857+00:00 [debug] PROGRESS REPORT:
    supervisor: {local,httpd_instance_sup__127_0_0_1__9081default}
    started: [{pid,<0.1164.0>},
              {id,{httpd_misc_sup,{127,0,0,1},9081,default}},
              {mfargs,{httpd_misc_sup,start_link,[{127,0,0,1},9081,default]}},
              {restart_type,permanent},
              {significant,false},
              {shutdown,infinity},
              {child_type,supervisor}]
 (supervisor:report_progress/3:2323)
2026-09-17 20:42:32.378363+00:00 [debug] PROGRESS REPORT:
    supervisor: {local,httpd_instance_sup__127_0_0_1__9081default}
    started: [{pid,<0.1165.0>},
              {id,{httpd_manager,{127,0,0,1},9081,default}},
              {mfargs,
                  {httpd_manager,start_link,
                      [undefined,
                       [{bind_address,{127,0,0,1}},
                        {socket_type,ip_comm},
                        {port,9081},
                        {server_root,"run/mod_stats_prometheus/doc"},
                        {document_root,"run/mod_stats_prometheus/doc"},
                        {server_name,"Prometheus Exporter"},
                        {modules,[prometheus_httpd]}],
                       15000]}},
              {restart_type,permanent},
              {significant,false},
              {shutdown,4000},
              {child_type,worker}]
 (supervisor:report_progress/3:2323)
2026-09-17 20:42:32.378683+00:00 [debug] PROGRESS REPORT:
    supervisor: {local,httpd_acceptor_sup__127_0_0_1__9081default}
    started: [{pid,<0.1168.0>},
              {id,{httpd_acceptor_sup,{127,0,0,1},9081,default}},
              {mfargs,{httpd_acceptor,start_link,
                                      [httpd__127_0_0_1__9081default,ip_comm,
                                       {127,0,0,1},
                                       9081,inet,
                                       httpd_conf__127_0_0_1__9081default,
                                       15000]}},
              {restart_type,transient},
              {significant,false},
              {shutdown,brutal_kill},
              {child_type,worker}]
 (supervisor:report_progress/3:2323)
2026-09-17 20:42:32.378780+00:00 [debug] PROGRESS REPORT:
    supervisor: {local,httpd_instance_sup__127_0_0_1__9081default}
    started: [{pid,<0.1167.0>},
              {id,{httpd_acceptor_sup,{127,0,0,1},9081,default}},
              {mfargs,
                  {httpd_acceptor_sup,start_link,
                      [[{127,0,0,1},
                        9081,
                        [{bind_address,{127,0,0,1}},
                         {socket_type,ip_comm},
                         {port,9081},
                         {server_root,"run/mod_stats_prometheus/doc"},
                         {document_root,"run/mod_stats_prometheus/doc"},
                         {server_name,"Prometheus Exporter"},
                         {modules,[prometheus_httpd]}],
                        15000,undefined]]}},
              {restart_type,permanent},
              {significant,false},
              {shutdown,infinity},
              {child_type,supervisor}]
 (supervisor:report_progress/3:2323)
2026-09-17 20:42:32.378857+00:00 [debug] PROGRESS REPORT:
    supervisor: {local,httpd_sup}
    started: [{pid,<0.1160.0>},
              {id,{httpd_instance_sup,{127,0,0,1},9081,default}},
              {mfargs,
                  {httpd_instance_sup,start_link,
                      [[{bind_address,{127,0,0,1}},
                        {socket_type,ip_comm},
                        {port,9081},
                        {server_root,"run/mod_stats_prometheus/doc"},
                        {document_root,"run/mod_stats_prometheus/doc"},
                        {server_name,"Prometheus Exporter"},
                        {modules,[prometheus_httpd]}],
                       15000,[]]}},
              {restart_type,permanent},
              {significant,false},
              {shutdown,infinity},
              {child_type,supervisor}]
 (supervisor:report_progress/3:2333)
2026-09-17 20:42:32.380216+00:00 [info] Started mod_stats_prometheus (eturnal:start_modules/0:384)
2026-09-17 20:42:32.380314+00:00 [debug] Calling mod_log_stun:start/0 (eturnal_module:start/1:143)
2026-09-17 20:42:32.380411+00:00 [debug] Starting mod_log_stun (mod_log_stun:start/0:38)
2026-09-17 20:42:32.381156+00:00 [info] Started mod_log_stun (eturnal:start_modules/0:384)
2026-09-17 20:42:32.381222+00:00 [debug] Calling mod_stats_influx:start/0 (eturnal_module:start/1:143)
2026-09-17 20:42:32.381286+00:00 [debug] Starting mod_stats_influx (mod_stats_influx:start/0:37)
2026-09-17 20:42:32.381354+00:00 [debug] Dependency influx_udp was available already (eturnal_module:ensure_dep/2:284)
2026-09-17 20:42:32.381571+00:00 [info]     options: #{port => 8089,host => "localhost",pool_size => 1,
               max_overflow => 1}
    msg: Start clients pool
    host: {127,0,0,1} (influx_udp:start_pool_/2:239)
2026-09-17 20:42:32.382217+00:00 [info] Started mod_stats_influx (eturnal:start_modules/0:384)
2026-09-17 20:42:32.382283+00:00 [debug] Restarted modules (eturnal:reload/1:639)
2026-09-17 20:42:32.382345+00:00 [debug] eturnal call (reload) returned ok (eturnal_ctl:call/1:439)
2026-09-17 20:42:32.406413+00:00 [info] Accepting connection: 127.0.0.1:36226 -> 127.0.0.1:34780 [TCP, session me0rockf0fvf] (stun_acceptor:accept/3:158)
2026-09-17 20:42:32.430074+00:00 [info] Accepting connection: 127.0.0.1:41238 -> 127.0.0.1:53490 [TLS, session fks3nv5q2aym] (stun_acceptor:accept/3:158)
2026-09-17 20:42:32.457740+00:00 [debug] Received:
#stun{class = request,method = 3,magic = 554869826,
      trid = 15730878188119475782932138307,raw = <<>>,unsupported = [],
      'ALTERNATE-SERVER' = undefined,'CHANNEL-NUMBER' = undefined,
      'DATA' = undefined,'DONT-FRAGMENT' = false,'ERROR-CODE' = undefined,
      'LIFETIME' = undefined,'MAPPED-ADDRESS' = undefined,
      'MESSAGE-INTEGRITY' = undefined,'NONCE' = undefined,'REALM' = undefined,
      'REQUESTED-ADDRESS-FAMILY' = undefined,
      'REQUESTED-TRANSPORT' = undefined,'SOFTWARE' = undefined,
      'UNKNOWN-ATTRIBUTES' = [],'USERNAME' = undefined,
      'XOR-MAPPED-ADDRESS' = undefined,'XOR-PEER-ADDRESS' = [],
      'XOR-RELAYED-ADDRESS' = undefined} (stun:udp_recv/5:146)
2026-09-17 20:42:32.457863+00:00 [debug] Sending:
#stun{class = error,method = 3,magic = 554869826,
      trid = 15730878188119475782932138307,raw = <<>>,unsupported = [],
      'ALTERNATE-SERVER' = undefined,'CHANNEL-NUMBER' = undefined,
      'DATA' = undefined,'DONT-FRAGMENT' = false,
      'ERROR-CODE' = {401,<<"Unauthorized">>},
      'LIFETIME' = undefined,'MAPPED-ADDRESS' = undefined,
      'MESSAGE-INTEGRITY' = undefined,'NONCE' = <<"2359779885">>,
      'REALM' = <<"eturnal.net">>,'REQUESTED-ADDRESS-FAMILY' = undefined,
      'REQUESTED-TRANSPORT' = undefined,'SOFTWARE' = <<"eturnal">>,
      'UNKNOWN-ATTRIBUTES' = [],'USERNAME' = undefined,
      'XOR-MAPPED-ADDRESS' = undefined,'XOR-PEER-ADDRESS' = [],
      'XOR-RELAYED-ADDRESS' = undefined} (stun:send/3:500)
2026-09-17 20:42:32.458133+00:00 [debug] Received:
#stun{class = request,method = 3,magic = 554869826,
      trid = 19083703427609532390714574960,
      raw = <<0,3,0,76,33,18,164,66,61,169,171,99,195,160,100,17,211,207,8,112,
              0,25,0,4,17,0,0,0,0,6,0,5,97,108,105,99,101,0,0,0,0,20,0,11,101,
              116,117,114,110,97,108,46,110,101,116,0,0,21,0,10,50,51,53,57,55,
              55,57,56,56,53,0,0>>,
      unsupported = [],'ALTERNATE-SERVER' = undefined,
      'CHANNEL-NUMBER' = undefined,'DATA' = undefined,'DONT-FRAGMENT' = false,
      'ERROR-CODE' = undefined,'LIFETIME' = undefined,
      'MAPPED-ADDRESS' = undefined,
      'MESSAGE-INTEGRITY' = <<77,192,16,33,57,144,177,61,199,44,195,228,120,21,
                              88,163,241,95,241,206>>,
      'NONCE' = <<"2359779885">>,'REALM' = <<"eturnal.net">>,
      'REQUESTED-ADDRESS-FAMILY' = undefined,'REQUESTED-TRANSPORT' = udp,
      'SOFTWARE' = undefined,'UNKNOWN-ATTRIBUTES' = [],
      'USERNAME' = <<"alice">>,'XOR-MAPPED-ADDRESS' = undefined,
      'XOR-PEER-ADDRESS' = [],'XOR-RELAYED-ADDRESS' = undefined} (stun:udp_recv/5:146)
2026-09-17 20:42:32.458219+00:00 [debug] Looking up password for: alice [UDP, session opm4wq61ich9, user alice, client 127.0.0.1:38862] (eturnal:get_password/2:259)
2026-09-17 20:42:32.458267+00:00 [info] Accepting long-term STUN/TURN authentication [UDP, session opm4wq61ich9, user alice, client 127.0.0.1:38862] (stun:process/2:289)
2026-09-17 20:42:32.460401+00:00 [debug] Running 'turn_session_start' hook [UDP, session opm4wq61ich9, user alice, client 127.0.0.1:38862] (turn:run_hook/3:753)
2026-09-17 20:42:32.460458+00:00 [debug] Got 'turn_session_start' event [UDP, session opm4wq61ich9, user alice, client 127.0.0.1:38862] (eturnal_module:handle_event/2:177)
2026-09-17 20:42:32.460485+00:00 [debug] Calling mod_stats_prometheus:handle_event/2 [UDP, session opm4wq61ich9, user alice, client 127.0.0.1:38862] (eturnal_module:handle_event/2:180)
2026-09-17 20:42:32.460518+00:00 [debug] Observing started TURN session opm4wq61ich9 for Prometheus [UDP, session opm4wq61ich9, user alice, client 127.0.0.1:38862] (mod_stats_prometheus:on_turn_session_start/1:174)
2026-09-17 20:42:32.460654+00:00 [notice] Creating TURN allocation (lifetime: 599 seconds) [UDP, session opm4wq61ich9, user alice, client 127.0.0.1:38862, relay 127.0.0.1:50270] (turn:wait_for_allocate/2:226)
2026-09-17 20:42:32.460739+00:00 [debug] Sending:
#stun{class = response,method = 3,magic = 554869826,
      trid = 19083703427609532390714574960,raw = <<>>,unsupported = [],
      'ALTERNATE-SERVER' = undefined,'CHANNEL-NUMBER' = undefined,
      'DATA' = undefined,'DONT-FRAGMENT' = false,'ERROR-CODE' = undefined,
      'LIFETIME' = 599,'MAPPED-ADDRESS' = undefined,
      'MESSAGE-INTEGRITY' = undefined,'NONCE' = undefined,'REALM' = undefined,
      'REQUESTED-ADDRESS-FAMILY' = undefined,
      'REQUESTED-TRANSPORT' = undefined,'SOFTWARE' = <<"eturnal">>,
      'UNKNOWN-ATTRIBUTES' = [],'USERNAME' = undefined,
      'XOR-MAPPED-ADDRESS' = {{127,0,0,1},38862},
      'XOR-PEER-ADDRESS' = [],
      'XOR-RELAYED-ADDRESS' = {{127,0,0,1},50270}} (turn:send/2:549)
2026-09-17 20:42:32.460943+00:00 [debug] Received:
#stun{class = request,method = 4,magic = 554869826,
      trid = 58000893224962241115936786209,
      raw = <<0,4,0,76,33,18,164,66,187,105,54,226,7,186,167,106,251,80,7,33,0,
              6,0,5,97,108,105,99,101,0,0,0,0,20,0,11,101,116,117,114,110,97,
              108,46,110,101,116,0,0,21,0,10,50,51,53,57,55,55,57,56,56,53,0,0,
              0,13,0,4,0,0,0,0>>,
      unsupported = [],'ALTERNATE-SERVER' = undefined,
      'CHANNEL-NUMBER' = undefined,'DATA' = undefined,'DONT-FRAGMENT' = false,
      'ERROR-CODE' = undefined,'LIFETIME' = 0,'MAPPED-ADDRESS' = undefined,
      'MESSAGE-INTEGRITY' = <<125,151,181,163,195,237,0,157,53,212,57,165,68,
                              22,176,5,249,180,73,0>>,
      'NONCE' = <<"2359779885">>,'REALM' = <<"eturnal.net">>,
      'REQUESTED-ADDRESS-FAMILY' = undefined,
      'REQUESTED-TRANSPORT' = undefined,'SOFTWARE' = undefined,
      'UNKNOWN-ATTRIBUTES' = [],'USERNAME' = <<"alice">>,
      'XOR-MAPPED-ADDRESS' = undefined,'XOR-PEER-ADDRESS' = [],
      'XOR-RELAYED-ADDRESS' = undefined} (stun:udp_recv/5:146)
2026-09-17 20:42:32.461046+00:00 [debug] Looking up password for: alice [UDP, session c9uo0xeekkng, user alice, client 127.0.0.1:38862] (eturnal:get_password/2:259)
2026-09-17 20:42:32.461094+00:00 [info] Accepting long-term STUN/TURN authentication [UDP, session c9uo0xeekkng, user alice, client 127.0.0.1:38862] (stun:process/2:289)
2026-09-17 20:42:32.461130+00:00 [info] Client requested closing the TURN session [UDP, session opm4wq61ich9, user alice, client 127.0.0.1:38862, relay 127.0.0.1:50270] (turn:active/2:285)
2026-09-17 20:42:32.461188+00:00 [debug] Sending:
#stun{class = response,method = 4,magic = 554869826,
      trid = 58000893224962241115936786209,raw = <<>>,unsupported = [],
      'ALTERNATE-SERVER' = undefined,'CHANNEL-NUMBER' = undefined,
      'DATA' = undefined,'DONT-FRAGMENT' = false,'ERROR-CODE' = undefined,
      'LIFETIME' = 0,'MAPPED-ADDRESS' = undefined,
      'MESSAGE-INTEGRITY' = undefined,'NONCE' = undefined,'REALM' = undefined,
      'REQUESTED-ADDRESS-FAMILY' = undefined,
      'REQUESTED-TRANSPORT' = undefined,'SOFTWARE' = <<"eturnal">>,
      'UNKNOWN-ATTRIBUTES' = [],'USERNAME' = undefined,
      'XOR-MAPPED-ADDRESS' = undefined,'XOR-PEER-ADDRESS' = [],
      'XOR-RELAYED-ADDRESS' = undefined} (turn:send/2:549)
2026-09-17 20:42:32.461260+00:00 [info] Deleting TURN allocation [UDP, session opm4wq61ich9, user alice, client 127.0.0.1:38862, relay 127.0.0.1:50270] (turn:terminate/3:482)
2026-09-17 20:42:32.461287+00:00 [notice] Relayed 0 KiB (in 0 B / 0 packets, out 0 B / 0 packets), duration: 0 seconds [UDP, session opm4wq61ich9, user alice, client 127.0.0.1:38862, relay 127.0.0.1:50270] (turn:terminate/3:489)
2026-09-17 20:42:32.461317+00:00 [debug] Running 'turn_session_stop' hook [UDP, session opm4wq61ich9, user alice, client 127.0.0.1:38862, relay 127.0.0.1:50270] (turn:run_hook/3:753)
2026-09-17 20:42:32.461350+00:00 [debug] Got 'turn_session_stop' event [UDP, session opm4wq61ich9, user alice, client 127.0.0.1:38862, relay 127.0.0.1:50270] (eturnal_module:handle_event/2:177)
2026-09-17 20:42:32.461388+00:00 [debug] Calling mod_stats_influx:handle_event/2 [UDP, session opm4wq61ich9, user alice, client 127.0.0.1:38862, relay 127.0.0.1:50270] (eturnal_module:handle_event/2:180)
2026-09-17 20:42:32.461417+00:00 [debug] Writing stats of TURN session opm4wq61ich9 to InfluxDB [UDP, session opm4wq61ich9, user alice, client 127.0.0.1:38862, relay 127.0.0.1:50270] (mod_stats_influx:on_turn_session_stop/1:87)
2026-09-17 20:42:32.461467+00:00 [debug] Received:
#stun{class = request,method = 3,magic = 554869826,
      trid = 29314018310688440643149180275,raw = <<>>,unsupported = [],
      'ALTERNATE-SERVER' = undefined,'CHANNEL-NUMBER' = undefined,
      'DATA' = undefined,'DONT-FRAGMENT' = false,'ERROR-CODE' = undefined,
      'LIFETIME' = undefined,'MAPPED-ADDRESS' = undefined,
      'MESSAGE-INTEGRITY' = undefined,'NONCE' = undefined,'REALM' = undefined,
      'REQUESTED-ADDRESS-FAMILY' = undefined,
      'REQUESTED-TRANSPORT' = undefined,'SOFTWARE' = undefined,
      'UNKNOWN-ATTRIBUTES' = [],'USERNAME' = undefined,
      'XOR-MAPPED-ADDRESS' = undefined,'XOR-PEER-ADDRESS' = [],
      'XOR-RELAYED-ADDRESS' = undefined} (stun:udp_recv/5:146)
2026-09-17 20:42:32.461563+00:00 [debug] Sending:
#stun{class = error,method = 3,magic = 554869826,
      trid = 29314018310688440643149180275,raw = <<>>,unsupported = [],
      'ALTERNATE-SERVER' = undefined,'CHANNEL-NUMBER' = undefined,
      'DATA' = undefined,'DONT-FRAGMENT' = false,
      'ERROR-CODE' = {401,<<"Unauthorized">>},
      'LIFETIME' = undefined,'MAPPED-ADDRESS' = undefined,
      'MESSAGE-INTEGRITY' = undefined,'NONCE' = <<"4113401072">>,
      'REALM' = <<"eturnal.net">>,'REQUESTED-ADDRESS-FAMILY' = undefined,
      'REQUESTED-TRANSPORT' = undefined,'SOFTWARE' = <<"eturnal">>,
      'UNKNOWN-ATTRIBUTES' = [],'USERNAME' = undefined,
      'XOR-MAPPED-ADDRESS' = undefined,'XOR-PEER-ADDRESS' = [],
      'XOR-RELAYED-ADDRESS' = undefined} (stun:send/3:500)
2026-09-17 20:42:32.461779+00:00 [debug] Received:
#stun{class = request,method = 3,magic = 554869826,
      trid = 54875505202323258627305140403,
      raw = <<0,3,0,80,33,18,164,66,177,79,244,57,212,117,228,38,188,162,112,
              179,0,25,0,4,17,0,0,0,0,6,0,10,50,49,52,53,57,49,51,50,48,48,0,0,
              0,20,0,11,101,116,117,114,110,97,108,46,110,101,116,0,0,21,0,10,
              52,49,49,51,52,48,49,48,55,50,0,0>>,
      unsupported = [],'ALTERNATE-SERVER' = undefined,
      'CHANNEL-NUMBER' = undefined,'DATA' = undefined,'DONT-FRAGMENT' = false,
      'ERROR-CODE' = undefined,'LIFETIME' = undefined,
      'MAPPED-ADDRESS' = undefined,
      'MESSAGE-INTEGRITY' = <<207,44,245,86,210,174,204,134,199,10,18,19,98,
                              169,126,225,27,160,130,40>>,
      'NONCE' = <<"4113401072">>,'REALM' = <<"eturnal.net">>,
      'REQUESTED-ADDRESS-FAMILY' = undefined,'REQUESTED-TRANSPORT' = udp,
      'SOFTWARE' = undefined,'UNKNOWN-ATTRIBUTES' = [],
      'USERNAME' = <<"2145913200">>,'XOR-MAPPED-ADDRESS' = undefined,
      'XOR-PEER-ADDRESS' = [],'XOR-RELAYED-ADDRESS' = undefined} (stun:udp_recv/5:146)
2026-09-17 20:42:32.461882+00:00 [debug] Deriving password for: 2145913200 [UDP, session tx00o0y7c1ds, user 2145913200, client 127.0.0.1:41810] (eturnal:get_password/2:245)
2026-09-17 20:42:32.461936+00:00 [info] Accepting long-term STUN/TURN authentication [UDP, session tx00o0y7c1ds, user 2145913200, client 127.0.0.1:41810] (stun:process/2:289)
2026-09-17 20:42:32.462026+00:00 [debug] Running 'turn_session_start' hook [UDP, session tx00o0y7c1ds, user 2145913200, client 127.0.0.1:41810] (turn:run_hook/3:753)
2026-09-17 20:42:32.462079+00:00 [debug] Got 'turn_session_start' event [UDP, session tx00o0y7c1ds, user 2145913200, client 127.0.0.1:41810] (eturnal_module:handle_event/2:177)
2026-09-17 20:42:32.462107+00:00 [debug] Calling mod_stats_prometheus:handle_event/2 [UDP, session tx00o0y7c1ds, user 2145913200, client 127.0.0.1:41810] (eturnal_module:handle_event/2:180)
2026-09-17 20:42:32.462158+00:00 [debug] Observing started TURN session tx00o0y7c1ds for Prometheus [UDP, session tx00o0y7c1ds, user 2145913200, client 127.0.0.1:41810] (mod_stats_prometheus:on_turn_session_start/1:174)
2026-09-17 20:42:32.462298+00:00 [notice] Creating TURN allocation (lifetime: 600 seconds) [UDP, session tx00o0y7c1ds, user 2145913200, client 127.0.0.1:41810, relay 127.0.0.1:56036] (turn:wait_for_allocate/2:226)
2026-09-17 20:42:32.462390+00:00 [debug] Sending:
#stun{class = response,method = 3,magic = 554869826,
      trid = 54875505202323258627305140403,raw = <<>>,unsupported = [],
      'ALTERNATE-SERVER' = undefined,'CHANNEL-NUMBER' = undefined,
      'DATA' = undefined,'DONT-FRAGMENT' = false,'ERROR-CODE' = undefined,
      'LIFETIME' = 600,'MAPPED-ADDRESS' = undefined,
      'MESSAGE-INTEGRITY' = undefined,'NONCE' = undefined,'REALM' = undefined,
      'REQUESTED-ADDRESS-FAMILY' = undefined,
      'REQUESTED-TRANSPORT' = undefined,'SOFTWARE' = <<"eturnal">>,
      'UNKNOWN-ATTRIBUTES' = [],'USERNAME' = undefined,
      'XOR-MAPPED-ADDRESS' = {{127,0,0,1},41810},
      'XOR-PEER-ADDRESS' = [],
      'XOR-RELAYED-ADDRESS' = {{127,0,0,1},56036}} (turn:send/2:549)
2026-09-17 20:42:32.462611+00:00 [debug] Received:
#stun{class = request,method = 4,magic = 554869826,
      trid = 17975639314981736361795861131,
      raw = <<0,4,0,80,33,18,164,66,58,21,25,175,219,31,174,90,156,245,58,139,
              0,6,0,10,50,49,52,53,57,49,51,50,48,48,0,0,0,20,0,11,101,116,117,
              114,110,97,108,46,110,101,116,0,0,21,0,10,52,49,49,51,52,48,49,
              48,55,50,0,0,0,13,0,4,0,0,0,0>>,
      unsupported = [],'ALTERNATE-SERVER' = undefined,
      'CHANNEL-NUMBER' = undefined,'DATA' = undefined,'DONT-FRAGMENT' = false,
      'ERROR-CODE' = undefined,'LIFETIME' = 0,'MAPPED-ADDRESS' = undefined,
      'MESSAGE-INTEGRITY' = <<94,99,2,152,225,168,88,90,107,58,89,205,116,119,
                              236,233,116,114,35,106>>,
      'NONCE' = <<"4113401072">>,'REALM' = <<"eturnal.net">>,
      'REQUESTED-ADDRESS-FAMILY' = undefined,
      'REQUESTED-TRANSPORT' = undefined,'SOFTWARE' = undefined,
      'UNKNOWN-ATTRIBUTES' = [],'USERNAME' = <<"2145913200">>,
      'XOR-MAPPED-ADDRESS' = undefined,'XOR-PEER-ADDRESS' = [],
      'XOR-RELAYED-ADDRESS' = undefined} (stun:udp_recv/5:146)
2026-09-17 20:42:32.462707+00:00 [debug] Deriving password for: 2145913200 [UDP, session 9a7kkvn2feuq, user 2145913200, client 127.0.0.1:41810] (eturnal:get_password/2:245)
2026-09-17 20:42:32.462776+00:00 [info] Accepting long-term STUN/TURN authentication [UDP, session 9a7kkvn2feuq, user 2145913200, client 127.0.0.1:41810] (stun:process/2:289)
2026-09-17 20:42:32.462845+00:00 [info] Client requested closing the TURN session [UDP, session tx00o0y7c1ds, user 2145913200, client 127.0.0.1:41810, relay 127.0.0.1:56036] (turn:active/2:285)
2026-09-17 20:42:32.462898+00:00 [debug] Sending:
#stun{class = response,method = 4,magic = 554869826,
      trid = 17975639314981736361795861131,raw = <<>>,unsupported = [],
      'ALTERNATE-SERVER' = undefined,'CHANNEL-NUMBER' = undefined,
      'DATA' = undefined,'DONT-FRAGMENT' = false,'ERROR-CODE' = undefined,
      'LIFETIME' = 0,'MAPPED-ADDRESS' = undefined,
      'MESSAGE-INTEGRITY' = undefined,'NONCE' = undefined,'REALM' = undefined,
      'REQUESTED-ADDRESS-FAMILY' = undefined,
      'REQUESTED-TRANSPORT' = undefined,'SOFTWARE' = <<"eturnal">>,
      'UNKNOWN-ATTRIBUTES' = [],'USERNAME' = undefined,
      'XOR-MAPPED-ADDRESS' = undefined,'XOR-PEER-ADDRESS' = [],
      'XOR-RELAYED-ADDRESS' = undefined} (turn:send/2:549)
2026-09-17 20:42:32.463008+00:00 [info] Deleting TURN allocation [UDP, session tx00o0y7c1ds, user 2145913200, client 127.0.0.1:41810, relay 127.0.0.1:56036] (turn:terminate/3:482)
2026-09-17 20:42:32.463045+00:00 [notice] Relayed 0 KiB (in 0 B / 0 packets, out 0 B / 0 packets), duration: 0 seconds [UDP, session tx00o0y7c1ds, user 2145913200, client 127.0.0.1:41810, relay 127.0.0.1:56036] (turn:terminate/3:489)
2026-09-17 20:42:32.463076+00:00 [debug] Running 'turn_session_stop' hook [UDP, session tx00o0y7c1ds, user 2145913200, client 127.0.0.1:41810, relay 127.0.0.1:56036] (turn:run_hook/3:753)
2026-09-17 20:42:32.463097+00:00 [debug] Got 'turn_session_stop' event [UDP, session tx00o0y7c1ds, user 2145913200, client 127.0.0.1:41810, relay 127.0.0.1:56036] (eturnal_module:handle_event/2:177)
2026-09-17 20:42:32.463117+00:00 [debug] Calling mod_stats_influx:handle_event/2 [UDP, session tx00o0y7c1ds, user 2145913200, client 127.0.0.1:41810, relay 127.0.0.1:56036] (eturnal_module:handle_event/2:180)
2026-09-17 20:42:32.463150+00:00 [debug] Writing stats of TURN session tx00o0y7c1ds to InfluxDB [UDP, session tx00o0y7c1ds, user 2145913200, client 127.0.0.1:41810, relay 127.0.0.1:56036] (mod_stats_influx:on_turn_session_stop/1:87)
2026-09-17 20:42:32.463274+00:00 [debug] Calling mod_stats_prometheus:handle_event/2 [UDP, session opm4wq61ich9, user alice, client 127.0.0.1:38862, relay 127.0.0.1:50270] (eturnal_module:handle_event/2:180)
2026-09-17 20:42:32.463315+00:00 [debug] Calling mod_stats_prometheus:handle_event/2 [UDP, session tx00o0y7c1ds, user 2145913200, client 127.0.0.1:41810, relay 127.0.0.1:56036] (eturnal_module:handle_event/2:180)
2026-09-17 20:42:32.463322+00:00 [debug] Observing stopped TURN session opm4wq61ich9 for Prometheus [UDP, session opm4wq61ich9, user alice, client 127.0.0.1:38862, relay 127.0.0.1:50270] (mod_stats_prometheus:on_turn_session_stop/1:187)
2026-09-17 20:42:32.463363+00:00 [debug] Observing stopped TURN session tx00o0y7c1ds for Prometheus [UDP, session tx00o0y7c1ds, user 2145913200, client 127.0.0.1:41810, relay 127.0.0.1:56036] (mod_stats_prometheus:on_turn_session_stop/1:187)
2026-09-17 20:42:32.485825+00:00 [debug] Received:
#stun{class = request,method = 1,magic = 554869826,
      trid = 51785572688744676841791462738,raw = <<>>,unsupported = [],
      'ALTERNATE-SERVER' = undefined,'CHANNEL-NUMBER' = undefined,
      'DATA' = undefined,'DONT-FRAGMENT' = false,'ERROR-CODE' = undefined,
      'LIFETIME' = undefined,'MAPPED-ADDRESS' = undefined,
      'MESSAGE-INTEGRITY' = undefined,'NONCE' = undefined,'REALM' = undefined,
      'REQUESTED-ADDRESS-FAMILY' = undefined,
      'REQUESTED-TRANSPORT' = undefined,'SOFTWARE' = undefined,
      'UNKNOWN-ATTRIBUTES' = [],'USERNAME' = undefined,
      'XOR-MAPPED-ADDRESS' = undefined,'XOR-PEER-ADDRESS' = [],
      'XOR-RELAYED-ADDRESS' = undefined} (stun:udp_recv/5:146)
2026-09-17 20:42:32.485905+00:00 [debug] Responding to STUN request [UDP, session m7hirm9675js, anonymous, client 127.0.0.1:59836] (stun:process/4:357)
2026-09-17 20:42:32.485957+00:00 [debug] Running 'stun_query' hook [UDP, session m7hirm9675js, anonymous, client 127.0.0.1:59836] (stun:run_hook/3:747)
2026-09-17 20:42:32.486006+00:00 [debug] Got 'stun_query' event [UDP, session m7hirm9675js, anonymous, client 127.0.0.1:59836] (eturnal_module:handle_event/2:177)
2026-09-17 20:42:32.486039+00:00 [debug] Calling mod_log_stun:handle_event/2 [UDP, session m7hirm9675js, anonymous, client 127.0.0.1:59836] (eturnal_module:handle_event/2:180)
2026-09-17 20:42:32.486079+00:00 [info] Responding to STUN request [UDP, session m7hirm9675js, anonymous, client 127.0.0.1:59836] (mod_log_stun:handle_event/2:44)
2026-09-17 20:42:32.486105+00:00 [debug] Calling mod_stats_influx:handle_event/2 [UDP, session m7hirm9675js, anonymous, client 127.0.0.1:59836] (eturnal_module:handle_event/2:180)
2026-09-17 20:42:32.486135+00:00 [debug] Writing STUN query event to InfluxDB [UDP, session m7hirm9675js, anonymous, client 127.0.0.1:59836] (mod_stats_influx:on_stun_query/1:76)
2026-09-17 20:42:32.486230+00:00 [debug] Calling mod_stats_prometheus:handle_event/2 [UDP, session m7hirm9675js, anonymous, client 127.0.0.1:59836] (eturnal_module:handle_event/2:180)
2026-09-17 20:42:32.486258+00:00 [debug] Observing STUN query for Prometheus [UDP, session m7hirm9675js, anonymous, client 127.0.0.1:59836] (mod_stats_prometheus:on_stun_query/1:166)
2026-09-17 20:42:32.486342+00:00 [debug] Sending:
#stun{class = response,method = 1,magic = 554869826,
      trid = 51785572688744676841791462738,raw = <<>>,unsupported = [],
      'ALTERNATE-SERVER' = undefined,'CHANNEL-NUMBER' = undefined,
      'DATA' = undefined,'DONT-FRAGMENT' = false,'ERROR-CODE' = undefined,
      'LIFETIME' = undefined,'MAPPED-ADDRESS' = undefined,
      'MESSAGE-INTEGRITY' = undefined,'NONCE' = undefined,'REALM' = undefined,
      'REQUESTED-ADDRESS-FAMILY' = undefined,
      'REQUESTED-TRANSPORT' = undefined,'SOFTWARE' = <<"eturnal">>,
      'UNKNOWN-ATTRIBUTES' = [],'USERNAME' = undefined,
      'XOR-MAPPED-ADDRESS' = {{127,0,0,1},59836},
      'XOR-PEER-ADDRESS' = [],'XOR-RELAYED-ADDRESS' = undefined} (stun:send/3:500)
2026-09-17 20:42:32.510272+00:00 [info] Accepting connection: 127.0.0.1:36230 -> 127.0.0.1:34780 [TCP, session uf9k6duvvcl8] (stun_acceptor:accept/3:158)
2026-09-17 20:42:32.510506+00:00 [debug] Received:
#stun{class = request,method = 1,magic = 554869826,
      trid = 2335087620907500580595869654,raw = <<>>,unsupported = [],
      'ALTERNATE-SERVER' = undefined,'CHANNEL-NUMBER' = undefined,
      'DATA' = undefined,'DONT-FRAGMENT' = false,'ERROR-CODE' = undefined,
      'LIFETIME' = undefined,'MAPPED-ADDRESS' = undefined,
      'MESSAGE-INTEGRITY' = undefined,'NONCE' = undefined,'REALM' = undefined,
      'REQUESTED-ADDRESS-FAMILY' = undefined,
      'REQUESTED-TRANSPORT' = undefined,'SOFTWARE' = undefined,
      'UNKNOWN-ATTRIBUTES' = [],'USERNAME' = undefined,
      'XOR-MAPPED-ADDRESS' = undefined,'XOR-PEER-ADDRESS' = [],
      'XOR-RELAYED-ADDRESS' = undefined} (stun:process_data/3:457)
2026-09-17 20:42:32.510567+00:00 [debug] Responding to STUN request [TCP, session uf9k6duvvcl8, anonymous, client 127.0.0.1:36230] (stun:process/4:357)
2026-09-17 20:42:32.510610+00:00 [debug] Running 'stun_query' hook [TCP, session uf9k6duvvcl8, anonymous, client 127.0.0.1:36230] (stun:run_hook/3:747)
2026-09-17 20:42:32.510634+00:00 [debug] Got 'stun_query' event [TCP, session uf9k6duvvcl8, anonymous, client 127.0.0.1:36230] (eturnal_module:handle_event/2:177)
2026-09-17 20:42:32.510653+00:00 [debug] Calling mod_log_stun:handle_event/2 [TCP, session uf9k6duvvcl8, anonymous, client 127.0.0.1:36230] (eturnal_module:handle_event/2:180)
2026-09-17 20:42:32.510678+00:00 [info] Responding to STUN request [TCP, session uf9k6duvvcl8, anonymous, client 127.0.0.1:36230] (mod_log_stun:handle_event/2:44)
2026-09-17 20:42:32.510698+00:00 [debug] Calling mod_stats_influx:handle_event/2 [TCP, session uf9k6duvvcl8, anonymous, client 127.0.0.1:36230] (eturnal_module:handle_event/2:180)
2026-09-17 20:42:32.510726+00:00 [debug] Writing STUN query event to InfluxDB [TCP, session uf9k6duvvcl8, anonymous, client 127.0.0.1:36230] (mod_stats_influx:on_stun_query/1:76)
2026-09-17 20:42:32.510851+00:00 [debug] Calling mod_stats_prometheus:handle_event/2 [TCP, session uf9k6duvvcl8, anonymous, client 127.0.0.1:36230] (eturnal_module:handle_event/2:180)
2026-09-17 20:42:32.510890+00:00 [debug] Observing STUN query for Prometheus [TCP, session uf9k6duvvcl8, anonymous, client 127.0.0.1:36230] (mod_stats_prometheus:on_stun_query/1:166)
2026-09-17 20:42:32.510967+00:00 [debug] Sending:
#stun{class = response,method = 1,magic = 554869826,
      trid = 2335087620907500580595869654,raw = <<>>,unsupported = [],
      'ALTERNATE-SERVER' = undefined,'CHANNEL-NUMBER' = undefined,
      'DATA' = undefined,'DONT-FRAGMENT' = false,'ERROR-CODE' = undefined,
      'LIFETIME' = undefined,'MAPPED-ADDRESS' = undefined,
      'MESSAGE-INTEGRITY' = undefined,'NONCE' = undefined,'REALM' = undefined,
      'REQUESTED-ADDRESS-FAMILY' = undefined,
      'REQUESTED-TRANSPORT' = undefined,'SOFTWARE' = <<"eturnal">>,
      'UNKNOWN-ATTRIBUTES' = [],'USERNAME' = undefined,
      'XOR-MAPPED-ADDRESS' = {{127,0,0,1},36230},
      'XOR-PEER-ADDRESS' = [],'XOR-RELAYED-ADDRESS' = undefined} (stun:send/3:500)
2026-09-17 20:42:32.511951+00:00 [info] Connection reset by peer [TCP, session uf9k6duvvcl8, anonymous, client 127.0.0.1:36230] (stun:handle_info/3:206)
2026-09-17 20:42:32.533817+00:00 [info] Accepting connection: 127.0.0.1:41254 -> 127.0.0.1:53490 [TLS, session 3zy43khma35f] (stun_acceptor:accept/3:158)
2026-09-17 20:42:33.541908+00:00 [debug] Received:
#stun{class = request,method = 1,magic = 554869826,
      trid = 56666185107634746042860167069,raw = <<>>,unsupported = [],
      'ALTERNATE-SERVER' = undefined,'CHANNEL-NUMBER' = undefined,
      'DATA' = undefined,'DONT-FRAGMENT' = false,'ERROR-CODE' = undefined,
      'LIFETIME' = undefined,'MAPPED-ADDRESS' = undefined,
      'MESSAGE-INTEGRITY' = undefined,'NONCE' = undefined,'REALM' = undefined,
      'REQUESTED-ADDRESS-FAMILY' = undefined,
      'REQUESTED-TRANSPORT' = undefined,'SOFTWARE' = undefined,
      'UNKNOWN-ATTRIBUTES' = [],'USERNAME' = undefined,
      'XOR-MAPPED-ADDRESS' = undefined,'XOR-PEER-ADDRESS' = [],
      'XOR-RELAYED-ADDRESS' = undefined} (stun:process_data/3:457)
2026-09-17 20:42:33.542076+00:00 [debug] Responding to STUN request [TLS, session 3zy43khma35f, anonymous, client 127.0.0.1:41254] (stun:process/4:357)
2026-09-17 20:42:33.542121+00:00 [debug] Running 'stun_query' hook [TLS, session 3zy43khma35f, anonymous, client 127.0.0.1:41254] (stun:run_hook/3:747)
2026-09-17 20:42:33.542153+00:00 [debug] Got 'stun_query' event [TLS, session 3zy43khma35f, anonymous, client 127.0.0.1:41254] (eturnal_module:handle_event/2:177)
2026-09-17 20:42:33.542198+00:00 [debug] Calling mod_log_stun:handle_event/2 [TLS, session 3zy43khma35f, anonymous, client 127.0.0.1:41254] (eturnal_module:handle_event/2:180)
2026-09-17 20:42:33.542225+00:00 [info] Responding to STUN request [TLS, session 3zy43khma35f, anonymous, client 127.0.0.1:41254] (mod_log_stun:handle_event/2:44)
2026-09-17 20:42:33.542242+00:00 [debug] Calling mod_stats_influx:handle_event/2 [TLS, session 3zy43khma35f, anonymous, client 127.0.0.1:41254] (eturnal_module:handle_event/2:180)
2026-09-17 20:42:33.542268+00:00 [debug] Writing STUN query event to InfluxDB [TLS, session 3zy43khma35f, anonymous, client 127.0.0.1:41254] (mod_stats_influx:on_stun_query/1:76)
2026-09-17 20:42:33.542414+00:00 [debug] Calling mod_stats_prometheus:handle_event/2 [TLS, session 3zy43khma35f, anonymous, client 127.0.0.1:41254] (eturnal_module:handle_event/2:180)
2026-09-17 20:42:33.542443+00:00 [debug] Observing STUN query for Prometheus [TLS, session 3zy43khma35f, anonymous, client 127.0.0.1:41254] (mod_stats_prometheus:on_stun_query/1:166)
2026-09-17 20:42:33.542493+00:00 [debug] Sending:
#stun{class = response,method = 1,magic = 554869826,
      trid = 56666185107634746042860167069,raw = <<>>,unsupported = [],
      'ALTERNATE-SERVER' = undefined,'CHANNEL-NUMBER' = undefined,
      'DATA' = undefined,'DONT-FRAGMENT' = false,'ERROR-CODE' = undefined,
      'LIFETIME' = undefined,'MAPPED-ADDRESS' = undefined,
      'MESSAGE-INTEGRITY' = undefined,'NONCE' = undefined,'REALM' = undefined,
      'REQUESTED-ADDRESS-FAMILY' = undefined,
      'REQUESTED-TRANSPORT' = undefined,'SOFTWARE' = <<"eturnal">>,
      'UNKNOWN-ATTRIBUTES' = [],'USERNAME' = undefined,
      'XOR-MAPPED-ADDRESS' = {{127,0,0,1},41254},
      'XOR-PEER-ADDRESS' = [],'XOR-RELAYED-ADDRESS' = undefined} (stun:send/3:500)
2026-09-17 20:42:33.542779+00:00 [info] Connection reset by peer [TLS, session 3zy43khma35f, anonymous, client 127.0.0.1:41254] (stun:handle_info/3:206)
2026-09-17 20:42:33.566171+00:00 [info] Accepting connection: 127.0.0.1:35562 -> 127.0.0.1:34781 [TCP|TLS, session ow37l3lmjeko] (stun_acceptor:accept/3:158)
2026-09-17 20:42:33.566291+00:00 [debug] Determined transport protocol: TCP (stun:is_tls_handshake/1:693)
2026-09-17 20:42:33.566596+00:00 [debug] Received:
#stun{class = request,method = 1,magic = 554869826,
      trid = 43864586295413594735760887742,raw = <<>>,unsupported = [],
      'ALTERNATE-SERVER' = undefined,'CHANNEL-NUMBER' = undefined,
      'DATA' = undefined,'DONT-FRAGMENT' = false,'ERROR-CODE' = undefined,
      'LIFETIME' = undefined,'MAPPED-ADDRESS' = undefined,
      'MESSAGE-INTEGRITY' = undefined,'NONCE' = undefined,'REALM' = undefined,
      'REQUESTED-ADDRESS-FAMILY' = undefined,
      'REQUESTED-TRANSPORT' = undefined,'SOFTWARE' = undefined,
      'UNKNOWN-ATTRIBUTES' = [],'USERNAME' = undefined,
      'XOR-MAPPED-ADDRESS' = undefined,'XOR-PEER-ADDRESS' = [],
      'XOR-RELAYED-ADDRESS' = undefined} (stun:process_data/3:457)
2026-09-17 20:42:33.566674+00:00 [debug] Responding to STUN request [TCP, session ow37l3lmjeko, anonymous, client 127.0.0.1:35562] (stun:process/4:357)
2026-09-17 20:42:33.566729+00:00 [debug] Running 'stun_query' hook [TCP, session ow37l3lmjeko, anonymous, client 127.0.0.1:35562] (stun:run_hook/3:747)
2026-09-17 20:42:33.566759+00:00 [debug] Got 'stun_query' event [TCP, session ow37l3lmjeko, anonymous, client 127.0.0.1:35562] (eturnal_module:handle_event/2:177)
2026-09-17 20:42:33.566799+00:00 [debug] Calling mod_log_stun:handle_event/2 [TCP, session ow37l3lmjeko, anonymous, client 127.0.0.1:35562] (eturnal_module:handle_event/2:180)
2026-09-17 20:42:33.566834+00:00 [info] Responding to STUN request [TCP, session ow37l3lmjeko, anonymous, client 127.0.0.1:35562] (mod_log_stun:handle_event/2:44)
2026-09-17 20:42:33.566860+00:00 [debug] Calling mod_stats_influx:handle_event/2 [TCP, session ow37l3lmjeko, anonymous, client 127.0.0.1:35562] (eturnal_module:handle_event/2:180)
2026-09-17 20:42:33.566900+00:00 [debug] Writing STUN query event to InfluxDB [TCP, session ow37l3lmjeko, anonymous, client 127.0.0.1:35562] (mod_stats_influx:on_stun_query/1:76)
2026-09-17 20:42:33.567051+00:00 [debug] Calling mod_stats_prometheus:handle_event/2 [TCP, session ow37l3lmjeko, anonymous, client 127.0.0.1:35562] (eturnal_module:handle_event/2:180)
2026-09-17 20:42:33.567087+00:00 [debug] Observing STUN query for Prometheus [TCP, session ow37l3lmjeko, anonymous, client 127.0.0.1:35562] (mod_stats_prometheus:on_stun_query/1:166)
2026-09-17 20:42:33.567169+00:00 [debug] Sending:
#stun{class = response,method = 1,magic = 554869826,
      trid = 43864586295413594735760887742,raw = <<>>,unsupported = [],
      'ALTERNATE-SERVER' = undefined,'CHANNEL-NUMBER' = undefined,
      'DATA' = undefined,'DONT-FRAGMENT' = false,'ERROR-CODE' = undefined,
      'LIFETIME' = undefined,'MAPPED-ADDRESS' = undefined,
      'MESSAGE-INTEGRITY' = undefined,'NONCE' = undefined,'REALM' = undefined,
      'REQUESTED-ADDRESS-FAMILY' = undefined,
      'REQUESTED-TRANSPORT' = undefined,'SOFTWARE' = <<"eturnal">>,
      'UNKNOWN-ATTRIBUTES' = [],'USERNAME' = undefined,
      'XOR-MAPPED-ADDRESS' = {{127,0,0,1},35562},
      'XOR-PEER-ADDRESS' = [],'XOR-RELAYED-ADDRESS' = undefined} (stun:send/3:500)
2026-09-17 20:42:33.567378+00:00 [info] Connection reset by peer [TCP, session ow37l3lmjeko, anonymous, client 127.0.0.1:35562] (stun:handle_info/3:206)
2026-09-17 20:42:33.590729+00:00 [info] Accepting connection: 127.0.0.1:35578 -> 127.0.0.1:34781 [TCP|TLS, session lw8nax5dr7qw] (stun_acceptor:accept/3:158)
2026-09-17 20:42:33.590858+00:00 [debug] Determined transport protocol: TLS (stun:is_tls_handshake/1:690)
2026-09-17 20:42:34.597939+00:00 [debug] Received:
#stun{class = request,method = 1,magic = 554869826,
      trid = 53656901024054759197962211568,raw = <<>>,unsupported = [],
      'ALTERNATE-SERVER' = undefined,'CHANNEL-NUMBER' = undefined,
      'DATA' = undefined,'DONT-FRAGMENT' = false,'ERROR-CODE' = undefined,
      'LIFETIME' = undefined,'MAPPED-ADDRESS' = undefined,
      'MESSAGE-INTEGRITY' = undefined,'NONCE' = undefined,'REALM' = undefined,
      'REQUESTED-ADDRESS-FAMILY' = undefined,
      'REQUESTED-TRANSPORT' = undefined,'SOFTWARE' = undefined,
      'UNKNOWN-ATTRIBUTES' = [],'USERNAME' = undefined,
      'XOR-MAPPED-ADDRESS' = undefined,'XOR-PEER-ADDRESS' = [],
      'XOR-RELAYED-ADDRESS' = undefined} (stun:process_data/3:457)
2026-09-17 20:42:34.598070+00:00 [debug] Responding to STUN request [TLS, session lw8nax5dr7qw, anonymous, client 127.0.0.1:35578] (stun:process/4:357)
2026-09-17 20:42:34.598146+00:00 [debug] Running 'stun_query' hook [TLS, session lw8nax5dr7qw, anonymous, client 127.0.0.1:35578] (stun:run_hook/3:747)
2026-09-17 20:42:34.598198+00:00 [debug] Got 'stun_query' event [TLS, session lw8nax5dr7qw, anonymous, client 127.0.0.1:35578] (eturnal_module:handle_event/2:177)
2026-09-17 20:42:34.598260+00:00 [debug] Calling mod_log_stun:handle_event/2 [TLS, session lw8nax5dr7qw, anonymous, client 127.0.0.1:35578] (eturnal_module:handle_event/2:180)
2026-09-17 20:42:34.598301+00:00 [info] Responding to STUN request [TLS, session lw8nax5dr7qw, anonymous, client 127.0.0.1:35578] (mod_log_stun:handle_event/2:44)
2026-09-17 20:42:34.598345+00:00 [debug] Calling mod_stats_influx:handle_event/2 [TLS, session lw8nax5dr7qw, anonymous, client 127.0.0.1:35578] (eturnal_module:handle_event/2:180)
2026-09-17 20:42:34.598383+00:00 [debug] Writing STUN query event to InfluxDB [TLS, session lw8nax5dr7qw, anonymous, client 127.0.0.1:35578] (mod_stats_influx:on_stun_query/1:76)
2026-09-17 20:42:34.598567+00:00 [debug] Calling mod_stats_prometheus:handle_event/2 [TLS, session lw8nax5dr7qw, anonymous, client 127.0.0.1:35578] (eturnal_module:handle_event/2:180)
2026-09-17 20:42:34.598605+00:00 [debug] Observing STUN query for Prometheus [TLS, session lw8nax5dr7qw, anonymous, client 127.0.0.1:35578] (mod_stats_prometheus:on_stun_query/1:166)
2026-09-17 20:42:34.598658+00:00 [debug] Sending:
#stun{class = response,method = 1,magic = 554869826,
      trid = 53656901024054759197962211568,raw = <<>>,unsupported = [],
      'ALTERNATE-SERVER' = undefined,'CHANNEL-NUMBER' = undefined,
      'DATA' = undefined,'DONT-FRAGMENT' = false,'ERROR-CODE' = undefined,
      'LIFETIME' = undefined,'MAPPED-ADDRESS' = undefined,
      'MESSAGE-INTEGRITY' = undefined,'NONCE' = undefined,'REALM' = undefined,
      'REQUESTED-ADDRESS-FAMILY' = undefined,
      'REQUESTED-TRANSPORT' = undefined,'SOFTWARE' = <<"eturnal">>,
      'UNKNOWN-ATTRIBUTES' = [],'USERNAME' = undefined,
      'XOR-MAPPED-ADDRESS' = {{127,0,0,1},35578},
      'XOR-PEER-ADDRESS' = [],'XOR-RELAYED-ADDRESS' = undefined} (stun:send/3:500)
2026-09-17 20:42:34.598889+00:00 [info] Connection reset by peer [TLS, session lw8nax5dr7qw, anonymous, client 127.0.0.1:35578] (stun:handle_info/3:206)
2026-09-17 20:42:34.621818+00:00 [debug] No NOTIFY_SOCKET, dropping STOPPING=1 notification (eturnal_systemd:handle_cast/2:99)
2026-09-17 20:42:34.621839+00:00 [debug] Terminating eturnal (shutdown) (eturnal:terminate/2:186)
2026-09-17 20:42:34.622042+00:00 [info] Stopped listening on 127.0.0.1:34780 (udp) (eturnal:stop_listeners/1:442)
2026-09-17 20:42:34.622187+00:00 [info] Stopped listening on 127.0.0.1:34780 (tcp) (eturnal:stop_listeners/1:442)
2026-09-17 20:42:34.622317+00:00 [info] Stopped listening on 127.0.0.1:53490 (tls) (eturnal:stop_listeners/1:442)
2026-09-17 20:42:34.622403+00:00 [info] Stopped listening on 127.0.0.1:34781 (auto) (eturnal:stop_listeners/1:442)
2026-09-17 20:42:34.623085+00:00 [debug] Calling mod_stats_prometheus:stop/1 (eturnal_module:stop/1:163)
2026-09-17 20:42:34.623205+00:00 [debug] Stopping mod_stats_prometheus (mod_stats_prometheus:stop/0:110)
2026-09-17 20:42:34.623466+00:00 [info] Stopped mod_stats_prometheus (eturnal:stop_modules/1:397)
2026-09-17 20:42:34.624509+00:00 [debug] Calling mod_log_stun:stop/1 (eturnal_module:stop/1:163)
2026-09-17 20:42:34.624651+00:00 [debug] Stopping mod_log_stun (mod_log_stun:stop/0:49)
2026-09-17 20:42:34.624724+00:00 [info] Stopped mod_log_stun (eturnal:stop_modules/1:397)
2026-09-17 20:42:34.625618+00:00 [debug] Calling mod_stats_influx:stop/1 (eturnal_module:stop/1:163)
2026-09-17 20:42:34.625687+00:00 [debug] Stopping mod_stats_influx (mod_stats_influx:stop/0:61)
2026-09-17 20:42:34.625732+00:00 [info] Stopped mod_stats_influx (eturnal:stop_modules/1:397)
2026-09-17 20:42:34.625921+00:00 [debug] Removed run/cert.pem (eturnal:clean_run_dir/0:875)
2026-09-17 20:42:34.626034+00:00 [debug] Terminating eturnal_systemd (shutdown) (eturnal_systemd:terminate/2:125)
2026-09-17 20:42:34.626157+00:00 [notice] Stopping eturnal 1.12.3 on Erlang/OTP 29 (ERTS 17.1) (eturnal_app:stop/1:53)
