2026-09-17 20:33:02.741538+00:00 [notice] Starting eturnal 1.12.3 on Erlang/OTP 29 (ERTS 17.1) (eturnal_app:start/2:34)
2026-09-17 20:33:02.741698+00:00 [debug] Starting supervisor: eturnal_sup (eturnal_sup:start_link/0:31)
2026-09-17 20:33:02.741806+00:00 [debug] Configuring eturnal_sup supervisor: [#{id => systemd,
                                       start =>
                                           {eturnal_systemd,start_link,[]}},
                                     #{id => eturnal,
                                       start => {eturnal,start_link,[]}}] (eturnal_sup:init/1:39)
2026-09-17 20:33:02.744207+00:00 [info] Got no NOTIFY_SOCKET, notifications disabled (eturnal_systemd:init/1:86)
2026-09-17 20:33:02.744348+00:00 [debug] PROGRESS REPORT:
    supervisor: {local,eturnal_sup}
    started: [{pid,<0.960.0>},
              {id,systemd},
              {mfargs,{eturnal_systemd,start_link,[]}},
              {restart_type,permanent},
              {significant,false},
              {shutdown,5000},
              {child_type,worker}]
 (supervisor:report_progress/3:2323)
2026-09-17 20:33:02.744480+00:00 [info] Relay IPv4 address: 127.0.0.1 (port range: 49152-65535) (eturnal:log_relay_addresses/0:349)
2026-09-17 20:33:02.744602+00:00 [info] Relay IPv6 address not configured (eturnal:log_relay_addresses/0:359)
2026-09-17 20:33:02.752253+00:00 [info] Cannot determine control query port: noport (eturnal:log_control_listener/0:373)
2026-09-17 20:33:02.752613+00:00 [debug] Using run directory run (eturnal:ensure_run_dir/0:863)
2026-09-17 20:33:02.752746+00:00 [debug] TURN configuration seems fine (eturnal:check_turn_config/0:603)
2026-09-17 20:33:02.752878+00:00 [warning] TLS enabled without 'tls_crt_file', creating self-signed certificate (eturnal:check_pem_file/0:809)
2026-09-17 20:33:03.360676+00:00 [debug] Calling mod_stats_prometheus:start/0 (eturnal_module:start/1:143)
2026-09-17 20:33:03.360914+00:00 [debug] Starting mod_stats_prometheus (mod_stats_prometheus:start/0:56)
2026-09-17 20:33:03.375077+00:00 [debug] PROGRESS REPORT:
    application: prometheus
    started_at: nonode@nohost
 (application_controller:info_started/2:2154)
2026-09-17 20:33:03.375936+00:00 [debug] PROGRESS REPORT:
    application: accept
    started_at: nonode@nohost
 (application_controller:info_started/2:2154)
2026-09-17 20:33:03.388701+00:00 [debug] PROGRESS REPORT:
    application: prometheus_httpd
    started_at: nonode@nohost
 (application_controller:info_started/2:2154)
2026-09-17 20:33:03.388768+00:00 [debug] Dependency prometheus_httpd was available already (eturnal_module:ensure_dep/2:284)
2026-09-17 20:33:03.421388+00:00 [debug] PROGRESS REPORT:
    supervisor: {local,httpd_instance_sup__127_0_0_1__9081default}
    started: [{pid,<0.980.0>},
              {id,{httpd_connection_sup,{127,0,0,1},9081,default}},
              {mfargs,{httpd_connection_sup,start_link,[[{127,0,0,1},9081]]}},
              {restart_type,permanent},
              {significant,false},
              {shutdown,5000},
              {child_type,supervisor}]
 (supervisor:report_progress/3:2323)
2026-09-17 20:33:03.423590+00:00 [debug] PROGRESS REPORT:
    supervisor: {local,httpd_instance_sup__127_0_0_1__9081default}
    started: [{pid,<0.981.0>},
              {id,{httpd_misc_sup,{127,0,0,1},9081,default}},
              {mfargs,{httpd_misc_sup,start_link,[{127,0,0,1},9081,default]}},
              {restart_type,permanent},
              {significant,false},
              {shutdown,infinity},
              {child_type,supervisor}]
 (supervisor:report_progress/3:2323)
2026-09-17 20:33:03.429674+00:00 [debug] PROGRESS REPORT:
    supervisor: {local,httpd_instance_sup__127_0_0_1__9081default}
    started: [{pid,<0.982.0>},
              {id,{httpd_manager,{127,0,0,1},9081,default}},
              {mfargs,
                  {httpd_manager,start_link,
                      [undefined,
                       [{bind_address,{127,0,0,1}},
                        {socket_type,ip_comm},
                        {port,9081},
                        {server_root,"run/mod_stats_prometheus/doc"},
                        {document_root,"run/mod_stats_prometheus/doc"},
                        {server_name,"Prometheus Exporter"},
                        {modules,[prometheus_httpd]}],
                       15000]}},
              {restart_type,permanent},
              {significant,false},
              {shutdown,4000},
              {child_type,worker}]
 (supervisor:report_progress/3:2323)
2026-09-17 20:33:03.447820+00:00 [debug] PROGRESS REPORT:
    supervisor: {local,httpd_acceptor_sup__127_0_0_1__9081default}
    started: [{pid,<0.984.0>},
              {id,{httpd_acceptor_sup,{127,0,0,1},9081,default}},
              {mfargs,{httpd_acceptor,start_link,
                                      [httpd__127_0_0_1__9081default,ip_comm,
                                       {127,0,0,1},
                                       9081,inet,
                                       httpd_conf__127_0_0_1__9081default,
                                       15000]}},
              {restart_type,transient},
              {significant,false},
              {shutdown,brutal_kill},
              {child_type,worker}]
 (supervisor:report_progress/3:2323)
2026-09-17 20:33:03.447992+00:00 [debug] PROGRESS REPORT:
    supervisor: {local,httpd_instance_sup__127_0_0_1__9081default}
    started: [{pid,<0.983.0>},
              {id,{httpd_acceptor_sup,{127,0,0,1},9081,default}},
              {mfargs,
                  {httpd_acceptor_sup,start_link,
                      [[{127,0,0,1},
                        9081,
                        [{bind_address,{127,0,0,1}},
                         {socket_type,ip_comm},
                         {port,9081},
                         {server_root,"run/mod_stats_prometheus/doc"},
                         {document_root,"run/mod_stats_prometheus/doc"},
                         {server_name,"Prometheus Exporter"},
                         {modules,[prometheus_httpd]}],
                        15000,undefined]]}},
              {restart_type,permanent},
              {significant,false},
              {shutdown,infinity},
              {child_type,supervisor}]
 (supervisor:report_progress/3:2323)
2026-09-17 20:33:03.448226+00:00 [debug] PROGRESS REPORT:
    supervisor: {local,httpd_sup}
    started: [{pid,<0.979.0>},
              {id,{httpd_instance_sup,{127,0,0,1},9081,default}},
              {mfargs,
                  {httpd_instance_sup,start_link,
                      [[{bind_address,{127,0,0,1}},
                        {socket_type,ip_comm},
                        {port,9081},
                        {server_root,"run/mod_stats_prometheus/doc"},
                        {document_root,"run/mod_stats_prometheus/doc"},
                        {server_name,"Prometheus Exporter"},
                        {modules,[prometheus_httpd]}],
                       15000,[]]}},
              {restart_type,permanent},
              {significant,false},
              {shutdown,infinity},
              {child_type,supervisor}]
 (supervisor:report_progress/3:2333)
2026-09-17 20:33:03.448407+00:00 [info] Started mod_stats_prometheus (eturnal:start_modules/0:384)
2026-09-17 20:33:03.448533+00:00 [debug] Calling mod_log_stun:start/0 (eturnal_module:start/1:143)
2026-09-17 20:33:03.448625+00:00 [debug] Starting mod_log_stun (mod_log_stun:start/0:38)
2026-09-17 20:33:03.448745+00:00 [info] Started mod_log_stun (eturnal:start_modules/0:384)
2026-09-17 20:33:03.448830+00:00 [debug] Calling mod_stats_influx:start/0 (eturnal_module:start/1:143)
2026-09-17 20:33:03.449015+00:00 [debug] Starting mod_stats_influx (mod_stats_influx:start/0:37)
2026-09-17 20:33:03.451997+00:00 [debug] PROGRESS REPORT:
    application: ulitos
    started_at: nonode@nohost
 (application_controller:info_started/2:2154)
2026-09-17 20:33:03.453013+00:00 [debug] PROGRESS REPORT:
    application: poolboy
    started_at: nonode@nohost
 (application_controller:info_started/2:2154)
2026-09-17 20:33:03.453731+00:00 [info]     msg: Starting application: influx_udp (influx_udp_app:start/2:10)
2026-09-17 20:33:03.456231+00:00 [debug] PROGRESS REPORT:
    supervisor: {local,influx_udp_sup}
    started: [{pid,<0.995.0>},
              {id,influx_udp},
              {mfargs,{influx_udp,start_link,[]}},
              {restart_type,permanent},
              {significant,false},
              {shutdown,5000},
              {child_type,worker}]
 (supervisor:report_progress/3:2323)
2026-09-17 20:33:03.456402+00:00 [debug] PROGRESS REPORT:
    application: influx_udp
    started_at: nonode@nohost
 (application_controller:info_started/2:2154)
2026-09-17 20:33:03.456479+00:00 [debug] Dependency influx_udp was available already (eturnal_module:ensure_dep/2:284)
2026-09-17 20:33:03.458456+00:00 [info]     options: #{port => 8089,host => "localhost",pool_size => 1,
               max_overflow => 1}
    msg: Start clients pool
    host: {127,0,0,1} (influx_udp:start_pool_/2:239)
2026-09-17 20:33:03.465167+00:00 [info]     port: 47788
    msg: Open UDP socket on port (influx_udp_worker:init/1:43)
2026-09-17 20:33:03.465407+00:00 [debug] PROGRESS REPORT:
    supervisor: {local,influx_udp_sup}
    started: [{pid,<0.998.0>},
              {id,stats_influx_pool},
              {mfargs,
                  {poolboy,start_link,
                      [[{name,{local,stats_influx_pool}},
                        {worker_module,influx_udp_worker},
                        {size,1},
                        {max_overflow,1}],
                       [{options,
                            #{port => 8089,
                              host => {127,0,0,1},
                              pool_size => 1,max_overflow => 1}}]]}},
              {restart_type,permanent},
              {significant,false},
              {shutdown,5000},
              {child_type,worker}]
 (supervisor:report_progress/3:2333)
2026-09-17 20:33:03.465812+00:00 [info] Started mod_stats_influx (eturnal:start_modules/0:384)
2026-09-17 20:33:03.466154+00:00 [debug] Starting listener 127.0.0.1:34780 (udp) with options:
[{use_turn,true},
 {auth_type,user},
 {turn_ipv4_address,{127,0,0,1}},
 {turn_min_port,49152},
 {turn_max_port,65535},
 {turn_max_allocations,10},
 {turn_max_permissions,10},
 {shaper,100000},
 {auth_realm,<<"eturnal.net">>},
 {server_name,<<"eturnal">>},
 {auth_fun,fun eturnal:get_password/2},
 {hook_fun,fun eturnal:run_hook/2},
 {turn_blacklist_clients,[{{127,0,0,1},8}]},
 {turn_blacklist_peers,[{{10,0,0,0},8},
                        {{100,64,0,0},10},
                        {{127,0,0,0},8},
                        {{169,254,0,0},16},
                        {{172,16,0,0},12},
                        {{192,0,0,0},24},
                        {{192,0,2,0},24},
                        {{192,88,99,0},24},
                        {{192,168,0,0},16},
                        {{198,18,0,0},15},
                        {{198,51,100,0},24},
                        {{203,0,113,0},24},
                        {{224,0,0,0},4},
                        {{240,0,0,0},4},
                        {{0,0,0,0,0,0,0,1},128},
                        {{100,65435,0,0,0,0,0,0},96},
                        {{256,0,0,0,0,0,0,0},64},
                        {{8193,3512,0,0,0,0,0,0},32},
                        {{64512,0,0,0,0,0,0,0},7},
                        {{65152,0,0,0,0,0,0,0},10},
                        {{65280,0,0,0,0,0,0,0},8}]},
 {turn_whitelist_clients,[{{127,0,0,1},32}]},
 {turn_whitelist_peers,[{{127,0,0,1},32},
                        {{203,0,113,113},32},
                        {{8193,3512,0,0,0,0,0,0},64}]}] (eturnal:start_listeners/0:419)
2026-09-17 20:33:03.479562+00:00 [info] Listening on 127.0.0.1:34780 (udp) (STUN/TURN) (eturnal:start_listeners/0:426)
2026-09-17 20:33:03.479691+00:00 [debug] Starting listener 127.0.0.1:34780 (tcp) with options:
[{use_turn,false},
 {auth_type,anonymous},
 {turn_ipv4_address,{127,0,0,1}},
 {turn_min_port,49152},
 {turn_max_port,65535},
 {turn_max_allocations,10},
 {turn_max_permissions,10},
 {shaper,100000},
 {auth_realm,<<"eturnal.net">>},
 {server_name,<<"eturnal">>},
 {auth_fun,fun eturnal:get_password/2},
 {hook_fun,fun eturnal:run_hook/2},
 {turn_blacklist_clients,[{{127,0,0,1},8}]},
 {turn_blacklist_peers,[{{10,0,0,0},8},
                        {{100,64,0,0},10},
                        {{127,0,0,0},8},
                        {{169,254,0,0},16},
                        {{172,16,0,0},12},
                        {{192,0,0,0},24},
                        {{192,0,2,0},24},
                        {{192,88,99,0},24},
                        {{192,168,0,0},16},
                        {{198,18,0,0},15},
                        {{198,51,100,0},24},
                        {{203,0,113,0},24},
                        {{224,0,0,0},4},
                        {{240,0,0,0},4},
                        {{0,0,0,0,0,0,0,1},128},
                        {{100,65435,0,0,0,0,0,0},96},
                        {{256,0,0,0,0,0,0,0},64},
                        {{8193,3512,0,0,0,0,0,0},32},
                        {{64512,0,0,0,0,0,0,0},7},
                        {{65152,0,0,0,0,0,0,0},10},
                        {{65280,0,0,0,0,0,0,0},8}]},
 {turn_whitelist_clients,[{{127,0,0,1},32}]},
 {turn_whitelist_peers,[{{127,0,0,1},32},
                        {{203,0,113,113},32},
                        {{8193,3512,0,0,0,0,0,0},64}]}] (eturnal:start_listeners/0:419)
2026-09-17 20:33:03.480372+00:00 [info] Listening on 127.0.0.1:34780 (tcp) (STUN only) (eturnal:start_listeners/0:426)
2026-09-17 20:33:03.480484+00:00 [debug] Starting listener 127.0.0.1:53490 (tls) with options:
[{use_turn,false},
 {auth_type,anonymous},
 {tls,true},
 {certfile,<<"run/cert.pem">>},
 {ciphers,<<"HIGH:!aNULL:@STRENGTH">>},
 {protocol_options,<<"no_tlsv1|no_tlsv1_1|cipher_server_preference">>},
 {turn_ipv4_address,{127,0,0,1}},
 {turn_min_port,49152},
 {turn_max_port,65535},
 {turn_max_allocations,10},
 {turn_max_permissions,10},
 {shaper,100000},
 {auth_realm,<<"eturnal.net">>},
 {server_name,<<"eturnal">>},
 {auth_fun,fun eturnal:get_password/2},
 {hook_fun,fun eturnal:run_hook/2},
 {turn_blacklist_clients,[{{127,0,0,1},8}]},
 {turn_blacklist_peers,[{{10,0,0,0},8},
                        {{100,64,0,0},10},
                        {{127,0,0,0},8},
                        {{169,254,0,0},16},
                        {{172,16,0,0},12},
                        {{192,0,0,0},24},
                        {{192,0,2,0},24},
                        {{192,88,99,0},24},
                        {{192,168,0,0},16},
                        {{198,18,0,0},15},
                        {{198,51,100,0},24},
                        {{203,0,113,0},24},
                        {{224,0,0,0},4},
                        {{240,0,0,0},4},
                        {{0,0,0,0,0,0,0,1},128},
                        {{100,65435,0,0,0,0,0,0},96},
                        {{256,0,0,0,0,0,0,0},64},
                        {{8193,3512,0,0,0,0,0,0},32},
                        {{64512,0,0,0,0,0,0,0},7},
                        {{65152,0,0,0,0,0,0,0},10},
                        {{65280,0,0,0,0,0,0,0},8}]},
 {turn_whitelist_clients,[{{127,0,0,1},32}]},
 {turn_whitelist_peers,[{{127,0,0,1},32},
                        {{203,0,113,113},32},
                        {{8193,3512,0,0,0,0,0,0},64}]}] (eturnal:start_listeners/0:419)
2026-09-17 20:33:03.481069+00:00 [info] Listening on 127.0.0.1:53490 (tls) (STUN only) (eturnal:start_listeners/0:426)
2026-09-17 20:33:03.481222+00:00 [debug] Starting listener 127.0.0.1:34781 (auto) with options:
[{use_turn,false},
 {auth_type,anonymous},
 {tls,optional},
 {certfile,<<"run/cert.pem">>},
 {ciphers,<<"HIGH:!aNULL:@STRENGTH">>},
 {protocol_options,<<"no_tlsv1|no_tlsv1_1|cipher_server_preference">>},
 {turn_ipv4_address,{127,0,0,1}},
 {turn_min_port,49152},
 {turn_max_port,65535},
 {turn_max_allocations,10},
 {turn_max_permissions,10},
 {shaper,100000},
 {auth_realm,<<"eturnal.net">>},
 {server_name,<<"eturnal">>},
 {auth_fun,fun eturnal:get_password/2},
 {hook_fun,fun eturnal:run_hook/2},
 {turn_blacklist_clients,[{{127,0,0,1},8}]},
 {turn_blacklist_peers,[{{10,0,0,0},8},
                        {{100,64,0,0},10},
                        {{127,0,0,0},8},
                        {{169,254,0,0},16},
                        {{172,16,0,0},12},
                        {{192,0,0,0},24},
                        {{192,0,2,0},24},
                        {{192,88,99,0},24},
                        {{192,168,0,0},16},
                        {{198,18,0,0},15},
                        {{198,51,100,0},24},
                        {{203,0,113,0},24},
                        {{224,0,0,0},4},
                        {{240,0,0,0},4},
                        {{0,0,0,0,0,0,0,1},128},
                        {{100,65435,0,0,0,0,0,0},96},
                        {{256,0,0,0,0,0,0,0},64},
                        {{8193,3512,0,0,0,0,0,0},32},
                        {{64512,0,0,0,0,0,0,0},7},
                        {{65152,0,0,0,0,0,0,0},10},
                        {{65280,0,0,0,0,0,0,0},8}]},
 {turn_whitelist_clients,[{{127,0,0,1},32}]},
 {turn_whitelist_peers,[{{127,0,0,1},32},
                        {{203,0,113,113},32},
                        {{8193,3512,0,0,0,0,0,0},64}]}] (eturnal:start_listeners/0:419)
2026-09-17 20:33:03.493173+00:00 [info] Listening on 127.0.0.1:34781 (auto) (STUN only) (eturnal:start_listeners/0:426)
2026-09-17 20:33:03.493324+00:00 [debug] Started 3 modules (eturnal:init/1:105)
2026-09-17 20:33:03.493418+00:00 [debug] Started 4 listeners (eturnal:init/1:106)
2026-09-17 20:33:03.493529+00:00 [debug] PROGRESS REPORT:
    supervisor: {local,eturnal_sup}
    started: [{pid,<0.962.0>},
              {id,eturnal},
              {mfargs,{eturnal,start_link,[]}},
              {restart_type,permanent},
              {significant,false},
              {shutdown,5000},
              {child_type,worker}]
 (supervisor:report_progress/3:2323)
2026-09-17 20:33:03.493644+00:00 [debug] No NOTIFY_SOCKET, dropping READY=1 notification (eturnal_systemd:handle_cast/2:99)
2026-09-17 20:33:03.493659+00:00 [debug] PROGRESS REPORT:
    application: eturnal
    started_at: nonode@nohost
 (application_controller:info_started/2:2154)
2026-09-17 20:33:03.520136+00:00 [debug] Handling API call: get_status() (eturnal_ctl:get_status/0:109)
2026-09-17 20:33:03.520255+00:00 [debug] eturnal call (get_status) returned ok (eturnal_ctl:call/1:439)
2026-09-17 20:33:03.543193+00:00 [debug] Handling API call: get_info() (eturnal_ctl:get_info/0:119)
2026-09-17 20:33:03.543789+00:00 [debug] eturnal call (get_info) returned {ok,
                                  {eturnal_node_info,<<"1.12.3">>,
                                   {"29","17.1"},
                                   2827,0,180,86971518,1,56942088}} (eturnal_ctl:call/1:442)
2026-09-17 20:33:03.567150+00:00 [debug] Handling API call: get_sessions() (eturnal_ctl:get_sessions/0:95)
2026-09-17 20:33:03.591236+00:00 [debug] Handling API call: get_sessions("alice") (eturnal_ctl:get_sessions/1:100)
2026-09-17 20:33:03.591507+00:00 [debug] Handling API call: get_sessions("1256900400:alice") (eturnal_ctl:get_sessions/1:100)
2026-09-17 20:33:03.591768+00:00 [debug] Handling API call: get_sessions(alice) (eturnal_ctl:get_sessions/1:100)
2026-09-17 20:33:03.591898+00:00 [debug] Cannot convert user name to binary: alice (eturnal_ctl:with_username/2:201)
2026-09-17 20:33:03.615618+00:00 [debug] Handling API call: disconnect("alice") (eturnal_ctl:disconnect/1:168)
2026-09-17 20:33:03.615890+00:00 [debug] Handling API call: disconnect(alice) (eturnal_ctl:disconnect/1:168)
2026-09-17 20:33:03.616000+00:00 [debug] Cannot convert user name to binary: alice (eturnal_ctl:with_username/2:201)
2026-09-17 20:33:03.639214+00:00 [debug] Handling API call: get_credentials("2009-10-30 11:00:00Z", []) (eturnal_ctl:get_credentials/2:60)
2026-09-17 20:33:03.639404+00:00 [debug] eturnal call ({get_password,<<"1256900400">>}) returned {ok,
                                                         <<"uEKlpcME7MNMMVRV8rUFPCTIFEs=">>} (eturnal_ctl:call/1:442)
2026-09-17 20:33:03.644955+00:00 [debug] Handling API call: get_credentials("86400", "alice") (eturnal_ctl:get_credentials/2:60)
2026-09-17 20:33:03.645144+00:00 [debug] eturnal call ({get_password,<<"1789763583:alice">>}) returned {ok,
                                                               <<"CfpgVCdFtB9iDqytkgPIyeP1/GE=">>} (eturnal_ctl:call/1:442)
2026-09-17 20:33:03.645280+00:00 [debug] Handling API call: get_password("1789763583:alice") (eturnal_ctl:get_password/1:79)
2026-09-17 20:33:03.645417+00:00 [debug] eturnal call ({get_password,<<"1789763583:alice">>}) returned {ok,
                                                               <<"CfpgVCdFtB9iDqytkgPIyeP1/GE=">>} (eturnal_ctl:call/1:442)
2026-09-17 20:33:03.645611+00:00 [debug] Handling API call: get_credentials("86400s", "alice") (eturnal_ctl:get_credentials/2:60)
2026-09-17 20:33:03.645749+00:00 [debug] eturnal call ({get_password,<<"1789763583:alice">>}) returned {ok,
                                                               <<"CfpgVCdFtB9iDqytkgPIyeP1/GE=">>} (eturnal_ctl:call/1:442)
2026-09-17 20:33:03.645880+00:00 [debug] Handling API call: get_password("1789763583:alice") (eturnal_ctl:get_password/1:79)
2026-09-17 20:33:03.645991+00:00 [debug] eturnal call ({get_password,<<"1789763583:alice">>}) returned {ok,
                                                               <<"CfpgVCdFtB9iDqytkgPIyeP1/GE=">>} (eturnal_ctl:call/1:442)
2026-09-17 20:33:03.646188+00:00 [debug] Handling API call: get_credentials("1440m", "alice") (eturnal_ctl:get_credentials/2:60)
2026-09-17 20:33:03.646333+00:00 [debug] eturnal call ({get_password,<<"1789763583:alice">>}) returned {ok,
                                                               <<"CfpgVCdFtB9iDqytkgPIyeP1/GE=">>} (eturnal_ctl:call/1:442)
2026-09-17 20:33:03.646461+00:00 [debug] Handling API call: get_password("1789763583:alice") (eturnal_ctl:get_password/1:79)
2026-09-17 20:33:03.646582+00:00 [debug] eturnal call ({get_password,<<"1789763583:alice">>}) returned {ok,
                                                               <<"CfpgVCdFtB9iDqytkgPIyeP1/GE=">>} (eturnal_ctl:call/1:442)
2026-09-17 20:33:03.646750+00:00 [debug] Handling API call: get_credentials("24h", "alice") (eturnal_ctl:get_credentials/2:60)
2026-09-17 20:33:03.646897+00:00 [debug] eturnal call ({get_password,<<"1789763583:alice">>}) returned {ok,
                                                               <<"CfpgVCdFtB9iDqytkgPIyeP1/GE=">>} (eturnal_ctl:call/1:442)
2026-09-17 20:33:03.647014+00:00 [debug] Handling API call: get_password("1789763583:alice") (eturnal_ctl:get_password/1:79)
2026-09-17 20:33:03.647160+00:00 [debug] eturnal call ({get_password,<<"1789763583:alice">>}) returned {ok,
                                                               <<"CfpgVCdFtB9iDqytkgPIyeP1/GE=">>} (eturnal_ctl:call/1:442)
2026-09-17 20:33:03.647323+00:00 [debug] Handling API call: get_credentials("1d", "alice") (eturnal_ctl:get_credentials/2:60)
2026-09-17 20:33:03.647445+00:00 [debug] eturnal call ({get_password,<<"1789763583:alice">>}) returned {ok,
                                                               <<"CfpgVCdFtB9iDqytkgPIyeP1/GE=">>} (eturnal_ctl:call/1:442)
2026-09-17 20:33:03.647588+00:00 [debug] Handling API call: get_password("1789763583:alice") (eturnal_ctl:get_password/1:79)
2026-09-17 20:33:03.647692+00:00 [debug] eturnal call ({get_password,<<"1789763583:alice">>}) returned {ok,
                                                               <<"CfpgVCdFtB9iDqytkgPIyeP1/GE=">>} (eturnal_ctl:call/1:442)
2026-09-17 20:33:03.647853+00:00 [debug] Handling API call: get_password("Invalid") (eturnal_ctl:get_password/1:79)
2026-09-17 20:33:03.647961+00:00 [debug] eturnal call ({get_password,<<"Invalid">>}) returned {error,no_credentials} (eturnal_ctl:call/1:445)
2026-09-17 20:33:03.648078+00:00 [debug] Handling API call: get_credentials("Invalid", []) (eturnal_ctl:get_credentials/2:60)
2026-09-17 20:33:03.648200+00:00 [debug] Invalid argument(s): "Invalid":[] (eturnal_ctl:get_credentials/2:73)
2026-09-17 20:33:03.648290+00:00 [debug] Handling API call: get_password(invalid) (eturnal_ctl:get_password/1:79)
2026-09-17 20:33:03.648382+00:00 [debug] Cannot convert user name to binary: invalid (eturnal_ctl:with_username/2:201)
2026-09-17 20:33:03.648471+00:00 [debug] Handling API call: get_credentials(invalid, []) (eturnal_ctl:get_credentials/2:60)
2026-09-17 20:33:03.648583+00:00 [debug] Invalid argument(s): invalid:[] (eturnal_ctl:get_credentials/2:73)
2026-09-17 20:33:03.648673+00:00 [debug] Handling API call: get_password([invalid]) (eturnal_ctl:get_password/1:79)
2026-09-17 20:33:03.648760+00:00 [debug] Cannot convert user name to binary: [invalid] (eturnal_ctl:with_username/2:201)
2026-09-17 20:33:03.648848+00:00 [debug] Handling API call: get_credentials([invalid], []) (eturnal_ctl:get_credentials/2:60)
2026-09-17 20:33:03.648948+00:00 [debug] Invalid argument(s): [invalid]:[] (eturnal_ctl:get_credentials/2:73)
2026-09-17 20:33:03.649115+00:00 [debug] Handling API call: get_credentials(1256900400, invalid) (eturnal_ctl:get_credentials/2:60)
2026-09-17 20:33:03.649233+00:00 [debug] Invalid argument(s): 1256900400:invalid (eturnal_ctl:get_credentials/2:73)
2026-09-17 20:33:03.649370+00:00 [debug] Handling API call: get_password("alice") (eturnal_ctl:get_password/1:79)
2026-09-17 20:33:03.649475+00:00 [debug] eturnal call ({get_password,<<"alice">>}) returned {ok,<<"l0vesBob">>} (eturnal_ctl:call/1:442)
2026-09-17 20:33:03.673278+00:00 [debug] Handling API call: set_loglevel(debug) (eturnal_ctl:set_loglevel/1:149)
2026-09-17 20:33:03.673472+00:00 [debug] eturnal call ({set_loglevel,debug}) returned ok (eturnal_ctl:call/1:439)
2026-09-17 20:33:03.673648+00:00 [debug] Handling API call: get_loglevel() (eturnal_ctl:get_loglevel/0:139)
2026-09-17 20:33:03.673755+00:00 [debug] eturnal call (get_loglevel) returned {ok,debug} (eturnal_ctl:call/1:442)
2026-09-17 20:33:03.673909+00:00 [debug] Handling API call: set_loglevel(invalid) (eturnal_ctl:set_loglevel/1:149)
2026-09-17 20:33:03.673992+00:00 [debug] Invalid log level: invalid (eturnal_ctl:set_loglevel/1:159)
2026-09-17 20:33:03.674171+00:00 [debug] Handling API call: get_loglevel() (eturnal_ctl:get_loglevel/0:139)
2026-09-17 20:33:03.674262+00:00 [debug] eturnal call (get_loglevel) returned {ok,debug} (eturnal_ctl:call/1:442)
2026-09-17 20:33:03.697268+00:00 [debug] Handling API call: get_version() (eturnal_ctl:get_version/0:129)
2026-09-17 20:33:03.697414+00:00 [debug] eturnal call (get_version) returned {ok,<<"1.12.3">>} (eturnal_ctl:call/1:442)
2026-09-17 20:33:03.721268+00:00 [debug] Handling API call: reload() (eturnal_ctl:reload/0:179)
2026-09-17 20:33:03.723241+00:00 [debug] Calling mod_log_stun:options/0 (eturnal_module:options/1:192)
2026-09-17 20:33:03.723383+00:00 [debug] Calling mod_stats_influx:options/0 (eturnal_module:options/1:192)
2026-09-17 20:33:03.723476+00:00 [debug] Calling mod_stats_prometheus:options/0 (eturnal_module:options/1:192)
2026-09-17 20:33:03.724026+00:00 [info] Reloading configuration (eturnal:reload/1:627)
2026-09-17 20:33:03.724175+00:00 [warning] TLS enabled without 'tls_crt_file', creating self-signed certificate (eturnal:check_pem_file/0:809)
2026-09-17 20:33:04.781546+00:00 [info] Using new TLS certificate (eturnal:reload/1:631)
2026-09-17 20:33:04.782433+00:00 [debug] Calling mod_stats_prometheus:stop/1 (eturnal_module:stop/1:163)
2026-09-17 20:33:04.782578+00:00 [debug] Stopping mod_stats_prometheus (mod_stats_prometheus:stop/0:110)
2026-09-17 20:33:04.782910+00:00 [info] Stopped mod_stats_prometheus (eturnal:stop_modules/1:397)
2026-09-17 20:33:04.783896+00:00 [debug] Calling mod_log_stun:stop/1 (eturnal_module:stop/1:163)
2026-09-17 20:33:04.784034+00:00 [debug] Stopping mod_log_stun (mod_log_stun:stop/0:49)
2026-09-17 20:33:04.784181+00:00 [info] Stopped mod_log_stun (eturnal:stop_modules/1:397)
2026-09-17 20:33:04.784578+00:00 [debug] Calling mod_stats_influx:stop/1 (eturnal_module:stop/1:163)
2026-09-17 20:33:04.784780+00:00 [debug] Stopping mod_stats_influx (mod_stats_influx:stop/0:61)
2026-09-17 20:33:04.784877+00:00 [info] Stopped mod_stats_influx (eturnal:stop_modules/1:397)
2026-09-17 20:33:04.784967+00:00 [debug] Calling mod_stats_prometheus:start/0 (eturnal_module:start/1:143)
2026-09-17 20:33:04.785072+00:00 [debug] Starting mod_stats_prometheus (mod_stats_prometheus:start/0:56)
2026-09-17 20:33:04.785223+00:00 [debug] Dependency prometheus_httpd was available already (eturnal_module:ensure_dep/2:284)
2026-09-17 20:33:04.785743+00:00 [debug] PROGRESS REPORT:
    supervisor: {local,httpd_instance_sup__127_0_0_1__9081default}
    started: [{pid,<0.1128.0>},
              {id,{httpd_connection_sup,{127,0,0,1},9081,default}},
              {mfargs,{httpd_connection_sup,start_link,[[{127,0,0,1},9081]]}},
              {restart_type,permanent},
              {significant,false},
              {shutdown,5000},
              {child_type,supervisor}]
 (supervisor:report_progress/3:2323)
2026-09-17 20:33:04.785887+00:00 [debug] PROGRESS REPORT:
    supervisor: {local,httpd_instance_sup__127_0_0_1__9081default}
    started: [{pid,<0.1129.0>},
              {id,{httpd_misc_sup,{127,0,0,1},9081,default}},
              {mfargs,{httpd_misc_sup,start_link,[{127,0,0,1},9081,default]}},
              {restart_type,permanent},
              {significant,false},
              {shutdown,infinity},
              {child_type,supervisor}]
 (supervisor:report_progress/3:2323)
2026-09-17 20:33:04.786171+00:00 [debug] PROGRESS REPORT:
    supervisor: {local,httpd_instance_sup__127_0_0_1__9081default}
    started: [{pid,<0.1130.0>},
              {id,{httpd_manager,{127,0,0,1},9081,default}},
              {mfargs,
                  {httpd_manager,start_link,
                      [undefined,
                       [{bind_address,{127,0,0,1}},
                        {socket_type,ip_comm},
                        {port,9081},
                        {server_root,"run/mod_stats_prometheus/doc"},
                        {document_root,"run/mod_stats_prometheus/doc"},
                        {server_name,"Prometheus Exporter"},
                        {modules,[prometheus_httpd]}],
                       15000]}},
              {restart_type,permanent},
              {significant,false},
              {shutdown,4000},
              {child_type,worker}]
 (supervisor:report_progress/3:2323)
2026-09-17 20:33:04.786482+00:00 [debug] PROGRESS REPORT:
    supervisor: {local,httpd_acceptor_sup__127_0_0_1__9081default}
    started: [{pid,<0.1132.0>},
              {id,{httpd_acceptor_sup,{127,0,0,1},9081,default}},
              {mfargs,{httpd_acceptor,start_link,
                                      [httpd__127_0_0_1__9081default,ip_comm,
                                       {127,0,0,1},
                                       9081,inet,
                                       httpd_conf__127_0_0_1__9081default,
                                       15000]}},
              {restart_type,transient},
              {significant,false},
              {shutdown,brutal_kill},
              {child_type,worker}]
 (supervisor:report_progress/3:2323)
2026-09-17 20:33:04.786626+00:00 [debug] PROGRESS REPORT:
    supervisor: {local,httpd_instance_sup__127_0_0_1__9081default}
    started: [{pid,<0.1131.0>},
              {id,{httpd_acceptor_sup,{127,0,0,1},9081,default}},
              {mfargs,
                  {httpd_acceptor_sup,start_link,
                      [[{127,0,0,1},
                        9081,
                        [{bind_address,{127,0,0,1}},
                         {socket_type,ip_comm},
                         {port,9081},
                         {server_root,"run/mod_stats_prometheus/doc"},
                         {document_root,"run/mod_stats_prometheus/doc"},
                         {server_name,"Prometheus Exporter"},
                         {modules,[prometheus_httpd]}],
                        15000,undefined]]}},
              {restart_type,permanent},
              {significant,false},
              {shutdown,infinity},
              {child_type,supervisor}]
 (supervisor:report_progress/3:2323)
2026-09-17 20:33:04.786793+00:00 [debug] PROGRESS REPORT:
    supervisor: {local,httpd_sup}
    started: [{pid,<0.1127.0>},
              {id,{httpd_instance_sup,{127,0,0,1},9081,default}},
              {mfargs,
                  {httpd_instance_sup,start_link,
                      [[{bind_address,{127,0,0,1}},
                        {socket_type,ip_comm},
                        {port,9081},
                        {server_root,"run/mod_stats_prometheus/doc"},
                        {document_root,"run/mod_stats_prometheus/doc"},
                        {server_name,"Prometheus Exporter"},
                        {modules,[prometheus_httpd]}],
                       15000,[]]}},
              {restart_type,permanent},
              {significant,false},
              {shutdown,infinity},
              {child_type,supervisor}]
 (supervisor:report_progress/3:2333)
2026-09-17 20:33:04.787268+00:00 [info] Started mod_stats_prometheus (eturnal:start_modules/0:384)
2026-09-17 20:33:04.787411+00:00 [debug] Calling mod_log_stun:start/0 (eturnal_module:start/1:143)
2026-09-17 20:33:04.787532+00:00 [debug] Starting mod_log_stun (mod_log_stun:start/0:38)
2026-09-17 20:33:04.788525+00:00 [info] Started mod_log_stun (eturnal:start_modules/0:384)
2026-09-17 20:33:04.788656+00:00 [debug] Calling mod_stats_influx:start/0 (eturnal_module:start/1:143)
2026-09-17 20:33:04.788799+00:00 [debug] Starting mod_stats_influx (mod_stats_influx:start/0:37)
2026-09-17 20:33:04.788916+00:00 [debug] Dependency influx_udp was available already (eturnal_module:ensure_dep/2:284)
2026-09-17 20:33:04.789730+00:00 [info]     options: #{port => 8089,host => "localhost",pool_size => 1,
               max_overflow => 1}
    msg: Start clients pool
    host: {127,0,0,1} (influx_udp:start_pool_/2:239)
2026-09-17 20:33:04.790902+00:00 [info] Started mod_stats_influx (eturnal:start_modules/0:384)
2026-09-17 20:33:04.791143+00:00 [debug] Restarted modules (eturnal:reload/1:639)
2026-09-17 20:33:04.791304+00:00 [debug] eturnal call (reload) returned ok (eturnal_ctl:call/1:439)
2026-09-17 20:33:04.791668+00:00 [debug] Handling API call: reload() (eturnal_ctl:reload/0:179)
2026-09-17 20:33:04.793847+00:00 [debug] Calling mod_log_stun:options/0 (eturnal_module:options/1:192)
2026-09-17 20:33:04.793985+00:00 [debug] Calling mod_stats_influx:options/0 (eturnal_module:options/1:192)
2026-09-17 20:33:04.794144+00:00 [debug] Calling mod_stats_prometheus:options/0 (eturnal_module:options/1:192)
2026-09-17 20:33:04.794791+00:00 [info] Reloading configuration (eturnal:reload/1:627)
2026-09-17 20:33:04.795013+00:00 [debug] Keeping PEM file (run/cert.pem) (eturnal:check_pem_file/0:806)
2026-09-17 20:33:04.795179+00:00 [debug] TLS certificate unchanged (eturnal:reload/1:633)
2026-09-17 20:33:04.797204+00:00 [debug] Calling mod_stats_prometheus:stop/1 (eturnal_module:stop/1:163)
2026-09-17 20:33:04.797306+00:00 [debug] Stopping mod_stats_prometheus (mod_stats_prometheus:stop/0:110)
2026-09-17 20:33:04.797513+00:00 [info] Stopped mod_stats_prometheus (eturnal:stop_modules/1:397)
2026-09-17 20:33:04.798052+00:00 [debug] Calling mod_log_stun:stop/1 (eturnal_module:stop/1:163)
2026-09-17 20:33:04.798189+00:00 [debug] Stopping mod_log_stun (mod_log_stun:stop/0:49)
2026-09-17 20:33:04.798238+00:00 [info] Stopped mod_log_stun (eturnal:stop_modules/1:397)
2026-09-17 20:33:04.799812+00:00 [debug] Calling mod_stats_influx:stop/1 (eturnal_module:stop/1:163)
2026-09-17 20:33:04.799934+00:00 [debug] Stopping mod_stats_influx (mod_stats_influx:stop/0:61)
2026-09-17 20:33:04.800127+00:00 [info] Stopped mod_stats_influx (eturnal:stop_modules/1:397)
2026-09-17 20:33:04.800241+00:00 [debug] Calling mod_stats_prometheus:start/0 (eturnal_module:start/1:143)
2026-09-17 20:33:04.800367+00:00 [debug] Starting mod_stats_prometheus (mod_stats_prometheus:start/0:56)
2026-09-17 20:33:04.800467+00:00 [debug] Dependency prometheus_httpd was available already (eturnal_module:ensure_dep/2:284)
2026-09-17 20:33:04.801061+00:00 [debug] PROGRESS REPORT:
    supervisor: {local,httpd_instance_sup__127_0_0_1__9081default}
    started: [{pid,<0.1164.0>},
              {id,{httpd_connection_sup,{127,0,0,1},9081,default}},
              {mfargs,{httpd_connection_sup,start_link,[[{127,0,0,1},9081]]}},
              {restart_type,permanent},
              {significant,false},
              {shutdown,5000},
              {child_type,supervisor}]
 (supervisor:report_progress/3:2323)
2026-09-17 20:33:04.801292+00:00 [debug] PROGRESS REPORT:
    supervisor: {local,httpd_instance_sup__127_0_0_1__9081default}
    started: [{pid,<0.1165.0>},
              {id,{httpd_misc_sup,{127,0,0,1},9081,default}},
              {mfargs,{httpd_misc_sup,start_link,[{127,0,0,1},9081,default]}},
              {restart_type,permanent},
              {significant,false},
              {shutdown,infinity},
              {child_type,supervisor}]
 (supervisor:report_progress/3:2323)
2026-09-17 20:33:04.801639+00:00 [debug] PROGRESS REPORT:
    supervisor: {local,httpd_instance_sup__127_0_0_1__9081default}
    started: [{pid,<0.1166.0>},
              {id,{httpd_manager,{127,0,0,1},9081,default}},
              {mfargs,
                  {httpd_manager,start_link,
                      [undefined,
                       [{bind_address,{127,0,0,1}},
                        {socket_type,ip_comm},
                        {port,9081},
                        {server_root,"run/mod_stats_prometheus/doc"},
                        {document_root,"run/mod_stats_prometheus/doc"},
                        {server_name,"Prometheus Exporter"},
                        {modules,[prometheus_httpd]}],
                       15000]}},
              {restart_type,permanent},
              {significant,false},
              {shutdown,4000},
              {child_type,worker}]
 (supervisor:report_progress/3:2323)
2026-09-17 20:33:04.802000+00:00 [debug] PROGRESS REPORT:
    supervisor: {local,httpd_acceptor_sup__127_0_0_1__9081default}
    started: [{pid,<0.1168.0>},
              {id,{httpd_acceptor_sup,{127,0,0,1},9081,default}},
              {mfargs,{httpd_acceptor,start_link,
                                      [httpd__127_0_0_1__9081default,ip_comm,
                                       {127,0,0,1},
                                       9081,inet,
                                       httpd_conf__127_0_0_1__9081default,
                                       15000]}},
              {restart_type,transient},
              {significant,false},
              {shutdown,brutal_kill},
              {child_type,worker}]
 (supervisor:report_progress/3:2323)
2026-09-17 20:33:04.802182+00:00 [debug] PROGRESS REPORT:
    supervisor: {local,httpd_instance_sup__127_0_0_1__9081default}
    started: [{pid,<0.1167.0>},
              {id,{httpd_acceptor_sup,{127,0,0,1},9081,default}},
              {mfargs,
                  {httpd_acceptor_sup,start_link,
                      [[{127,0,0,1},
                        9081,
                        [{bind_address,{127,0,0,1}},
                         {socket_type,ip_comm},
                         {port,9081},
                         {server_root,"run/mod_stats_prometheus/doc"},
                         {document_root,"run/mod_stats_prometheus/doc"},
                         {server_name,"Prometheus Exporter"},
                         {modules,[prometheus_httpd]}],
                        15000,undefined]]}},
              {restart_type,permanent},
              {significant,false},
              {shutdown,infinity},
              {child_type,supervisor}]
 (supervisor:report_progress/3:2323)
2026-09-17 20:33:04.802314+00:00 [debug] PROGRESS REPORT:
    supervisor: {local,httpd_sup}
    started: [{pid,<0.1163.0>},
              {id,{httpd_instance_sup,{127,0,0,1},9081,default}},
              {mfargs,
                  {httpd_instance_sup,start_link,
                      [[{bind_address,{127,0,0,1}},
                        {socket_type,ip_comm},
                        {port,9081},
                        {server_root,"run/mod_stats_prometheus/doc"},
                        {document_root,"run/mod_stats_prometheus/doc"},
                        {server_name,"Prometheus Exporter"},
                        {modules,[prometheus_httpd]}],
                       15000,[]]}},
              {restart_type,permanent},
              {significant,false},
              {shutdown,infinity},
              {child_type,supervisor}]
 (supervisor:report_progress/3:2333)
2026-09-17 20:33:04.803648+00:00 [info] Started mod_stats_prometheus (eturnal:start_modules/0:384)
2026-09-17 20:33:04.803765+00:00 [debug] Calling mod_log_stun:start/0 (eturnal_module:start/1:143)
2026-09-17 20:33:04.803862+00:00 [debug] Starting mod_log_stun (mod_log_stun:start/0:38)
2026-09-17 20:33:04.805147+00:00 [info] Started mod_log_stun (eturnal:start_modules/0:384)
2026-09-17 20:33:04.805278+00:00 [debug] Calling mod_stats_influx:start/0 (eturnal_module:start/1:143)
2026-09-17 20:33:04.805392+00:00 [debug] Starting mod_stats_influx (mod_stats_influx:start/0:37)
2026-09-17 20:33:04.805505+00:00 [debug] Dependency influx_udp was available already (eturnal_module:ensure_dep/2:284)
2026-09-17 20:33:04.805780+00:00 [info]     options: #{port => 8089,host => "localhost",pool_size => 1,
               max_overflow => 1}
    msg: Start clients pool
    host: {127,0,0,1} (influx_udp:start_pool_/2:239)
2026-09-17 20:33:04.807610+00:00 [info] Started mod_stats_influx (eturnal:start_modules/0:384)
2026-09-17 20:33:04.807700+00:00 [debug] Restarted modules (eturnal:reload/1:639)
2026-09-17 20:33:04.807811+00:00 [debug] eturnal call (reload) returned ok (eturnal_ctl:call/1:439)
2026-09-17 20:33:04.833501+00:00 [info] Accepting connection: 127.0.0.1:52404 -> 127.0.0.1:34780 [TCP, session jc6qcq424vp6] (stun_acceptor:accept/3:158)
2026-09-17 20:33:04.856554+00:00 [info] Accepting connection: 127.0.0.1:52924 -> 127.0.0.1:53490 [TLS, session 7z1hy90xigx5] (stun_acceptor:accept/3:158)
2026-09-17 20:33:04.884632+00:00 [debug] Received:
#stun{class = request,method = 3,magic = 554869826,
      trid = 14775298515022552486955652061,raw = <<>>,unsupported = [],
      'ALTERNATE-SERVER' = undefined,'CHANNEL-NUMBER' = undefined,
      'DATA' = undefined,'DONT-FRAGMENT' = false,'ERROR-CODE' = undefined,
      'LIFETIME' = undefined,'MAPPED-ADDRESS' = undefined,
      'MESSAGE-INTEGRITY' = undefined,'NONCE' = undefined,'REALM' = undefined,
      'REQUESTED-ADDRESS-FAMILY' = undefined,
      'REQUESTED-TRANSPORT' = undefined,'SOFTWARE' = undefined,
      'UNKNOWN-ATTRIBUTES' = [],'USERNAME' = undefined,
      'XOR-MAPPED-ADDRESS' = undefined,'XOR-PEER-ADDRESS' = [],
      'XOR-RELAYED-ADDRESS' = undefined} (stun:udp_recv/5:146)
2026-09-17 20:33:04.884777+00:00 [debug] Sending:
#stun{class = error,method = 3,magic = 554869826,
      trid = 14775298515022552486955652061,raw = <<>>,unsupported = [],
      'ALTERNATE-SERVER' = undefined,'CHANNEL-NUMBER' = undefined,
      'DATA' = undefined,'DONT-FRAGMENT' = false,
      'ERROR-CODE' = {401,<<"Unauthorized">>},
      'LIFETIME' = undefined,'MAPPED-ADDRESS' = undefined,
      'MESSAGE-INTEGRITY' = undefined,'NONCE' = <<"656365632">>,
      'REALM' = <<"eturnal.net">>,'REQUESTED-ADDRESS-FAMILY' = undefined,
      'REQUESTED-TRANSPORT' = undefined,'SOFTWARE' = <<"eturnal">>,
      'UNKNOWN-ATTRIBUTES' = [],'USERNAME' = undefined,
      'XOR-MAPPED-ADDRESS' = undefined,'XOR-PEER-ADDRESS' = [],
      'XOR-RELAYED-ADDRESS' = undefined} (stun:send/3:500)
2026-09-17 20:33:04.885075+00:00 [debug] Received:
#stun{class = request,method = 3,magic = 554869826,
      trid = 70548420199355689124177746935,
      raw = <<0,3,0,76,33,18,164,66,227,244,73,18,71,48,132,252,42,81,155,247,
              0,25,0,4,17,0,0,0,0,6,0,5,97,108,105,99,101,0,0,0,0,20,0,11,101,
              116,117,114,110,97,108,46,110,101,116,0,0,21,0,9,54,53,54,51,54,
              53,54,51,50,0,0,0>>,
      unsupported = [],'ALTERNATE-SERVER' = undefined,
      'CHANNEL-NUMBER' = undefined,'DATA' = undefined,'DONT-FRAGMENT' = false,
      'ERROR-CODE' = undefined,'LIFETIME' = undefined,
      'MAPPED-ADDRESS' = undefined,
      'MESSAGE-INTEGRITY' = <<229,243,180,26,187,57,7,213,242,137,146,56,116,
                              26,48,244,159,238,46,87>>,
      'NONCE' = <<"656365632">>,'REALM' = <<"eturnal.net">>,
      'REQUESTED-ADDRESS-FAMILY' = undefined,'REQUESTED-TRANSPORT' = udp,
      'SOFTWARE' = undefined,'UNKNOWN-ATTRIBUTES' = [],
      'USERNAME' = <<"alice">>,'XOR-MAPPED-ADDRESS' = undefined,
      'XOR-PEER-ADDRESS' = [],'XOR-RELAYED-ADDRESS' = undefined} (stun:udp_recv/5:146)
2026-09-17 20:33:04.885243+00:00 [debug] Looking up password for: alice [UDP, session fyytq3oq9v32, user alice, client 127.0.0.1:35123] (eturnal:get_password/2:259)
2026-09-17 20:33:04.885317+00:00 [info] Accepting long-term STUN/TURN authentication [UDP, session fyytq3oq9v32, user alice, client 127.0.0.1:35123] (stun:process/2:289)
2026-09-17 20:33:04.888550+00:00 [debug] Running 'turn_session_start' hook [UDP, session fyytq3oq9v32, user alice, client 127.0.0.1:35123] (turn:run_hook/3:753)
2026-09-17 20:33:04.888626+00:00 [debug] Got 'turn_session_start' event [UDP, session fyytq3oq9v32, user alice, client 127.0.0.1:35123] (eturnal_module:handle_event/2:177)
2026-09-17 20:33:04.888674+00:00 [debug] Calling mod_stats_prometheus:handle_event/2 [UDP, session fyytq3oq9v32, user alice, client 127.0.0.1:35123] (eturnal_module:handle_event/2:180)
2026-09-17 20:33:04.888736+00:00 [debug] Observing started TURN session fyytq3oq9v32 for Prometheus [UDP, session fyytq3oq9v32, user alice, client 127.0.0.1:35123] (mod_stats_prometheus:on_turn_session_start/1:174)
2026-09-17 20:33:04.888933+00:00 [notice] Creating TURN allocation (lifetime: 599 seconds) [UDP, session fyytq3oq9v32, user alice, client 127.0.0.1:35123, relay 127.0.0.1:49252] (turn:wait_for_allocate/2:226)
2026-09-17 20:33:04.889062+00:00 [debug] Sending:
#stun{class = response,method = 3,magic = 554869826,
      trid = 70548420199355689124177746935,raw = <<>>,unsupported = [],
      'ALTERNATE-SERVER' = undefined,'CHANNEL-NUMBER' = undefined,
      'DATA' = undefined,'DONT-FRAGMENT' = false,'ERROR-CODE' = undefined,
      'LIFETIME' = 599,'MAPPED-ADDRESS' = undefined,
      'MESSAGE-INTEGRITY' = undefined,'NONCE' = undefined,'REALM' = undefined,
      'REQUESTED-ADDRESS-FAMILY' = undefined,
      'REQUESTED-TRANSPORT' = undefined,'SOFTWARE' = <<"eturnal">>,
      'UNKNOWN-ATTRIBUTES' = [],'USERNAME' = undefined,
      'XOR-MAPPED-ADDRESS' = {{127,0,0,1},35123},
      'XOR-PEER-ADDRESS' = [],
      'XOR-RELAYED-ADDRESS' = {{127,0,0,1},49252}} (turn:send/2:549)
2026-09-17 20:33:04.889373+00:00 [debug] Received:
#stun{class = request,method = 4,magic = 554869826,
      trid = 3638922809094887407686961166,
      raw = <<0,4,0,76,33,18,164,66,11,194,11,224,193,162,140,229,242,26,200,
              14,0,6,0,5,97,108,105,99,101,0,0,0,0,20,0,11,101,116,117,114,110,
              97,108,46,110,101,116,0,0,21,0,9,54,53,54,51,54,53,54,51,50,0,0,
              0,0,13,0,4,0,0,0,0>>,
      unsupported = [],'ALTERNATE-SERVER' = undefined,
      'CHANNEL-NUMBER' = undefined,'DATA' = undefined,'DONT-FRAGMENT' = false,
      'ERROR-CODE' = undefined,'LIFETIME' = 0,'MAPPED-ADDRESS' = undefined,
      'MESSAGE-INTEGRITY' = <<213,68,131,32,173,238,148,36,180,163,223,199,48,
                              26,143,92,38,7,52,136>>,
      'NONCE' = <<"656365632">>,'REALM' = <<"eturnal.net">>,
      'REQUESTED-ADDRESS-FAMILY' = undefined,
      'REQUESTED-TRANSPORT' = undefined,'SOFTWARE' = undefined,
      'UNKNOWN-ATTRIBUTES' = [],'USERNAME' = <<"alice">>,
      'XOR-MAPPED-ADDRESS' = undefined,'XOR-PEER-ADDRESS' = [],
      'XOR-RELAYED-ADDRESS' = undefined} (stun:udp_recv/5:146)
2026-09-17 20:33:04.889501+00:00 [debug] Looking up password for: alice [UDP, session pu21776sa4h7, user alice, client 127.0.0.1:35123] (eturnal:get_password/2:259)
2026-09-17 20:33:04.889574+00:00 [info] Accepting long-term STUN/TURN authentication [UDP, session pu21776sa4h7, user alice, client 127.0.0.1:35123] (stun:process/2:289)
2026-09-17 20:33:04.889619+00:00 [info] Client requested closing the TURN session [UDP, session fyytq3oq9v32, user alice, client 127.0.0.1:35123, relay 127.0.0.1:49252] (turn:active/2:285)
2026-09-17 20:33:04.889700+00:00 [debug] Sending:
#stun{class = response,method = 4,magic = 554869826,
      trid = 3638922809094887407686961166,raw = <<>>,unsupported = [],
      'ALTERNATE-SERVER' = undefined,'CHANNEL-NUMBER' = undefined,
      'DATA' = undefined,'DONT-FRAGMENT' = false,'ERROR-CODE' = undefined,
      'LIFETIME' = 0,'MAPPED-ADDRESS' = undefined,
      'MESSAGE-INTEGRITY' = undefined,'NONCE' = undefined,'REALM' = undefined,
      'REQUESTED-ADDRESS-FAMILY' = undefined,
      'REQUESTED-TRANSPORT' = undefined,'SOFTWARE' = <<"eturnal">>,
      'UNKNOWN-ATTRIBUTES' = [],'USERNAME' = undefined,
      'XOR-MAPPED-ADDRESS' = undefined,'XOR-PEER-ADDRESS' = [],
      'XOR-RELAYED-ADDRESS' = undefined} (turn:send/2:549)
2026-09-17 20:33:04.889823+00:00 [info] Deleting TURN allocation [UDP, session fyytq3oq9v32, user alice, client 127.0.0.1:35123, relay 127.0.0.1:49252] (turn:terminate/3:482)
2026-09-17 20:33:04.889874+00:00 [notice] Relayed 0 KiB (in 0 B / 0 packets, out 0 B / 0 packets), duration: 0 seconds [UDP, session fyytq3oq9v32, user alice, client 127.0.0.1:35123, relay 127.0.0.1:49252] (turn:terminate/3:489)
2026-09-17 20:33:04.889936+00:00 [debug] Running 'turn_session_stop' hook [UDP, session fyytq3oq9v32, user alice, client 127.0.0.1:35123, relay 127.0.0.1:49252] (turn:run_hook/3:753)
2026-09-17 20:33:04.889992+00:00 [debug] Got 'turn_session_stop' event [UDP, session fyytq3oq9v32, user alice, client 127.0.0.1:35123, relay 127.0.0.1:49252] (eturnal_module:handle_event/2:177)
2026-09-17 20:33:04.890057+00:00 [debug] Calling mod_stats_influx:handle_event/2 [UDP, session fyytq3oq9v32, user alice, client 127.0.0.1:35123, relay 127.0.0.1:49252] (eturnal_module:handle_event/2:180)
2026-09-17 20:33:04.890138+00:00 [debug] Writing stats of TURN session fyytq3oq9v32 to InfluxDB [UDP, session fyytq3oq9v32, user alice, client 127.0.0.1:35123, relay 127.0.0.1:49252] (mod_stats_influx:on_turn_session_stop/1:87)
2026-09-17 20:33:04.890143+00:00 [debug] Received:
#stun{class = request,method = 3,magic = 554869826,
      trid = 29521271458995481978887966251,raw = <<>>,unsupported = [],
      'ALTERNATE-SERVER' = undefined,'CHANNEL-NUMBER' = undefined,
      'DATA' = undefined,'DONT-FRAGMENT' = false,'ERROR-CODE' = undefined,
      'LIFETIME' = undefined,'MAPPED-ADDRESS' = undefined,
      'MESSAGE-INTEGRITY' = undefined,'NONCE' = undefined,'REALM' = undefined,
      'REQUESTED-ADDRESS-FAMILY' = undefined,
      'REQUESTED-TRANSPORT' = undefined,'SOFTWARE' = undefined,
      'UNKNOWN-ATTRIBUTES' = [],'USERNAME' = undefined,
      'XOR-MAPPED-ADDRESS' = undefined,'XOR-PEER-ADDRESS' = [],
      'XOR-RELAYED-ADDRESS' = undefined} (stun:udp_recv/5:146)
2026-09-17 20:33:04.890276+00:00 [debug] Sending:
#stun{class = error,method = 3,magic = 554869826,
      trid = 29521271458995481978887966251,raw = <<>>,unsupported = [],
      'ALTERNATE-SERVER' = undefined,'CHANNEL-NUMBER' = undefined,
      'DATA' = undefined,'DONT-FRAGMENT' = false,
      'ERROR-CODE' = {401,<<"Unauthorized">>},
      'LIFETIME' = undefined,'MAPPED-ADDRESS' = undefined,
      'MESSAGE-INTEGRITY' = undefined,'NONCE' = <<"3723173791">>,
      'REALM' = <<"eturnal.net">>,'REQUESTED-ADDRESS-FAMILY' = undefined,
      'REQUESTED-TRANSPORT' = undefined,'SOFTWARE' = <<"eturnal">>,
      'UNKNOWN-ATTRIBUTES' = [],'USERNAME' = undefined,
      'XOR-MAPPED-ADDRESS' = undefined,'XOR-PEER-ADDRESS' = [],
      'XOR-RELAYED-ADDRESS' = undefined} (stun:send/3:500)
2026-09-17 20:33:04.890571+00:00 [debug] Received:
#stun{class = request,method = 3,magic = 554869826,
      trid = 71304835228564624044097142803,
      raw = <<0,3,0,80,33,18,164,66,230,101,250,47,45,49,98,13,92,254,0,19,0,
              25,0,4,17,0,0,0,0,6,0,10,50,49,52,53,57,49,51,50,48,48,0,0,0,20,
              0,11,101,116,117,114,110,97,108,46,110,101,116,0,0,21,0,10,51,55,
              50,51,49,55,51,55,57,49,0,0>>,
      unsupported = [],'ALTERNATE-SERVER' = undefined,
      'CHANNEL-NUMBER' = undefined,'DATA' = undefined,'DONT-FRAGMENT' = false,
      'ERROR-CODE' = undefined,'LIFETIME' = undefined,
      'MAPPED-ADDRESS' = undefined,
      'MESSAGE-INTEGRITY' = <<165,186,159,220,130,43,206,223,194,4,7,200,19,
                              127,15,209,234,250,202,113>>,
      'NONCE' = <<"3723173791">>,'REALM' = <<"eturnal.net">>,
      'REQUESTED-ADDRESS-FAMILY' = undefined,'REQUESTED-TRANSPORT' = udp,
      'SOFTWARE' = undefined,'UNKNOWN-ATTRIBUTES' = [],
      'USERNAME' = <<"2145913200">>,'XOR-MAPPED-ADDRESS' = undefined,
      'XOR-PEER-ADDRESS' = [],'XOR-RELAYED-ADDRESS' = undefined} (stun:udp_recv/5:146)
2026-09-17 20:33:04.890676+00:00 [debug] Deriving password for: 2145913200 [UDP, session m0lx507pc5cz, user 2145913200, client 127.0.0.1:41465] (eturnal:get_password/2:245)
2026-09-17 20:33:04.890863+00:00 [info] Accepting long-term STUN/TURN authentication [UDP, session m0lx507pc5cz, user 2145913200, client 127.0.0.1:41465] (stun:process/2:289)
2026-09-17 20:33:04.890967+00:00 [debug] Running 'turn_session_start' hook [UDP, session m0lx507pc5cz, user 2145913200, client 127.0.0.1:41465] (turn:run_hook/3:753)
2026-09-17 20:33:04.891028+00:00 [debug] Got 'turn_session_start' event [UDP, session m0lx507pc5cz, user 2145913200, client 127.0.0.1:41465] (eturnal_module:handle_event/2:177)
2026-09-17 20:33:04.891070+00:00 [debug] Calling mod_stats_prometheus:handle_event/2 [UDP, session m0lx507pc5cz, user 2145913200, client 127.0.0.1:41465] (eturnal_module:handle_event/2:180)
2026-09-17 20:33:04.891164+00:00 [debug] Observing started TURN session m0lx507pc5cz for Prometheus [UDP, session m0lx507pc5cz, user 2145913200, client 127.0.0.1:41465] (mod_stats_prometheus:on_turn_session_start/1:174)
2026-09-17 20:33:04.891376+00:00 [notice] Creating TURN allocation (lifetime: 600 seconds) [UDP, session m0lx507pc5cz, user 2145913200, client 127.0.0.1:41465, relay 127.0.0.1:50502] (turn:wait_for_allocate/2:226)
2026-09-17 20:33:04.891498+00:00 [debug] Sending:
#stun{class = response,method = 3,magic = 554869826,
      trid = 71304835228564624044097142803,raw = <<>>,unsupported = [],
      'ALTERNATE-SERVER' = undefined,'CHANNEL-NUMBER' = undefined,
      'DATA' = undefined,'DONT-FRAGMENT' = false,'ERROR-CODE' = undefined,
      'LIFETIME' = 600,'MAPPED-ADDRESS' = undefined,
      'MESSAGE-INTEGRITY' = undefined,'NONCE' = undefined,'REALM' = undefined,
      'REQUESTED-ADDRESS-FAMILY' = undefined,
      'REQUESTED-TRANSPORT' = undefined,'SOFTWARE' = <<"eturnal">>,
      'UNKNOWN-ATTRIBUTES' = [],'USERNAME' = undefined,
      'XOR-MAPPED-ADDRESS' = {{127,0,0,1},41465},
      'XOR-PEER-ADDRESS' = [],
      'XOR-RELAYED-ADDRESS' = {{127,0,0,1},50502}} (turn:send/2:549)
2026-09-17 20:33:04.891844+00:00 [debug] Received:
#stun{class = request,method = 4,magic = 554869826,
      trid = 28374973825423405582487196224,
      raw = <<0,4,0,80,33,18,164,66,91,175,58,109,73,131,232,250,121,117,18,64,
              0,6,0,10,50,49,52,53,57,49,51,50,48,48,0,0,0,20,0,11,101,116,117,
              114,110,97,108,46,110,101,116,0,0,21,0,10,51,55,50,51,49,55,51,
              55,57,49,0,0,0,13,0,4,0,0,0,0>>,
      unsupported = [],'ALTERNATE-SERVER' = undefined,
      'CHANNEL-NUMBER' = undefined,'DATA' = undefined,'DONT-FRAGMENT' = false,
      'ERROR-CODE' = undefined,'LIFETIME' = 0,'MAPPED-ADDRESS' = undefined,
      'MESSAGE-INTEGRITY' = <<127,24,188,219,125,227,219,100,225,255,242,34,
                              127,92,139,161,205,43,211,161>>,
      'NONCE' = <<"3723173791">>,'REALM' = <<"eturnal.net">>,
      'REQUESTED-ADDRESS-FAMILY' = undefined,
      'REQUESTED-TRANSPORT' = undefined,'SOFTWARE' = undefined,
      'UNKNOWN-ATTRIBUTES' = [],'USERNAME' = <<"2145913200">>,
      'XOR-MAPPED-ADDRESS' = undefined,'XOR-PEER-ADDRESS' = [],
      'XOR-RELAYED-ADDRESS' = undefined} (stun:udp_recv/5:146)
2026-09-17 20:33:04.891963+00:00 [debug] Deriving password for: 2145913200 [UDP, session tsgondjef14a, user 2145913200, client 127.0.0.1:41465] (eturnal:get_password/2:245)
2026-09-17 20:33:04.892051+00:00 [info] Accepting long-term STUN/TURN authentication [UDP, session tsgondjef14a, user 2145913200, client 127.0.0.1:41465] (stun:process/2:289)
2026-09-17 20:33:04.892129+00:00 [info] Client requested closing the TURN session [UDP, session m0lx507pc5cz, user 2145913200, client 127.0.0.1:41465, relay 127.0.0.1:50502] (turn:active/2:285)
2026-09-17 20:33:04.892253+00:00 [debug] Sending:
#stun{class = response,method = 4,magic = 554869826,
      trid = 28374973825423405582487196224,raw = <<>>,unsupported = [],
      'ALTERNATE-SERVER' = undefined,'CHANNEL-NUMBER' = undefined,
      'DATA' = undefined,'DONT-FRAGMENT' = false,'ERROR-CODE' = undefined,
      'LIFETIME' = 0,'MAPPED-ADDRESS' = undefined,
      'MESSAGE-INTEGRITY' = undefined,'NONCE' = undefined,'REALM' = undefined,
      'REQUESTED-ADDRESS-FAMILY' = undefined,
      'REQUESTED-TRANSPORT' = undefined,'SOFTWARE' = <<"eturnal">>,
      'UNKNOWN-ATTRIBUTES' = [],'USERNAME' = undefined,
      'XOR-MAPPED-ADDRESS' = undefined,'XOR-PEER-ADDRESS' = [],
      'XOR-RELAYED-ADDRESS' = undefined} (turn:send/2:549)
2026-09-17 20:33:04.892411+00:00 [info] Deleting TURN allocation [UDP, session m0lx507pc5cz, user 2145913200, client 127.0.0.1:41465, relay 127.0.0.1:50502] (turn:terminate/3:482)
2026-09-17 20:33:04.892507+00:00 [debug] Calling mod_stats_prometheus:handle_event/2 [UDP, session fyytq3oq9v32, user alice, client 127.0.0.1:35123, relay 127.0.0.1:49252] (eturnal_module:handle_event/2:180)
2026-09-17 20:33:04.892480+00:00 [notice] Relayed 0 KiB (in 0 B / 0 packets, out 0 B / 0 packets), duration: 0 seconds [UDP, session m0lx507pc5cz, user 2145913200, client 127.0.0.1:41465, relay 127.0.0.1:50502] (turn:terminate/3:489)
2026-09-17 20:33:04.892579+00:00 [debug] Observing stopped TURN session fyytq3oq9v32 for Prometheus [UDP, session fyytq3oq9v32, user alice, client 127.0.0.1:35123, relay 127.0.0.1:49252] (mod_stats_prometheus:on_turn_session_stop/1:187)
2026-09-17 20:33:04.892587+00:00 [debug] Running 'turn_session_stop' hook [UDP, session m0lx507pc5cz, user 2145913200, client 127.0.0.1:41465, relay 127.0.0.1:50502] (turn:run_hook/3:753)
2026-09-17 20:33:04.892663+00:00 [debug] Got 'turn_session_stop' event [UDP, session m0lx507pc5cz, user 2145913200, client 127.0.0.1:41465, relay 127.0.0.1:50502] (eturnal_module:handle_event/2:177)
2026-09-17 20:33:04.892698+00:00 [debug] Calling mod_stats_influx:handle_event/2 [UDP, session m0lx507pc5cz, user 2145913200, client 127.0.0.1:41465, relay 127.0.0.1:50502] (eturnal_module:handle_event/2:180)
2026-09-17 20:33:04.892735+00:00 [debug] Writing stats of TURN session m0lx507pc5cz to InfluxDB [UDP, session m0lx507pc5cz, user 2145913200, client 127.0.0.1:41465, relay 127.0.0.1:50502] (mod_stats_influx:on_turn_session_stop/1:87)
2026-09-17 20:33:04.892880+00:00 [debug] Calling mod_stats_prometheus:handle_event/2 [UDP, session m0lx507pc5cz, user 2145913200, client 127.0.0.1:41465, relay 127.0.0.1:50502] (eturnal_module:handle_event/2:180)
2026-09-17 20:33:04.892930+00:00 [debug] Observing stopped TURN session m0lx507pc5cz for Prometheus [UDP, session m0lx507pc5cz, user 2145913200, client 127.0.0.1:41465, relay 127.0.0.1:50502] (mod_stats_prometheus:on_turn_session_stop/1:187)
2026-09-17 20:33:04.916361+00:00 [debug] Received:
#stun{class = request,method = 1,magic = 554869826,
      trid = 37611462172663194913528425617,raw = <<>>,unsupported = [],
      'ALTERNATE-SERVER' = undefined,'CHANNEL-NUMBER' = undefined,
      'DATA' = undefined,'DONT-FRAGMENT' = false,'ERROR-CODE' = undefined,
      'LIFETIME' = undefined,'MAPPED-ADDRESS' = undefined,
      'MESSAGE-INTEGRITY' = undefined,'NONCE' = undefined,'REALM' = undefined,
      'REQUESTED-ADDRESS-FAMILY' = undefined,
      'REQUESTED-TRANSPORT' = undefined,'SOFTWARE' = undefined,
      'UNKNOWN-ATTRIBUTES' = [],'USERNAME' = undefined,
      'XOR-MAPPED-ADDRESS' = undefined,'XOR-PEER-ADDRESS' = [],
      'XOR-RELAYED-ADDRESS' = undefined} (stun:udp_recv/5:146)
2026-09-17 20:33:04.916443+00:00 [debug] Responding to STUN request [UDP, session i8ha6aqcuh63, anonymous, client 127.0.0.1:54366] (stun:process/4:357)
2026-09-17 20:33:04.916469+00:00 [debug] Running 'stun_query' hook [UDP, session i8ha6aqcuh63, anonymous, client 127.0.0.1:54366] (stun:run_hook/3:747)
2026-09-17 20:33:04.916494+00:00 [debug] Got 'stun_query' event [UDP, session i8ha6aqcuh63, anonymous, client 127.0.0.1:54366] (eturnal_module:handle_event/2:177)
2026-09-17 20:33:04.916543+00:00 [debug] Calling mod_log_stun:handle_event/2 [UDP, session i8ha6aqcuh63, anonymous, client 127.0.0.1:54366] (eturnal_module:handle_event/2:180)
2026-09-17 20:33:04.916591+00:00 [info] Responding to STUN request [UDP, session i8ha6aqcuh63, anonymous, client 127.0.0.1:54366] (mod_log_stun:handle_event/2:44)
2026-09-17 20:33:04.916626+00:00 [debug] Calling mod_stats_influx:handle_event/2 [UDP, session i8ha6aqcuh63, anonymous, client 127.0.0.1:54366] (eturnal_module:handle_event/2:180)
2026-09-17 20:33:04.916656+00:00 [debug] Writing STUN query event to InfluxDB [UDP, session i8ha6aqcuh63, anonymous, client 127.0.0.1:54366] (mod_stats_influx:on_stun_query/1:76)
2026-09-17 20:33:04.916781+00:00 [debug] Calling mod_stats_prometheus:handle_event/2 [UDP, session i8ha6aqcuh63, anonymous, client 127.0.0.1:54366] (eturnal_module:handle_event/2:180)
2026-09-17 20:33:04.916846+00:00 [debug] Observing STUN query for Prometheus [UDP, session i8ha6aqcuh63, anonymous, client 127.0.0.1:54366] (mod_stats_prometheus:on_stun_query/1:166)
2026-09-17 20:33:04.916923+00:00 [debug] Sending:
#stun{class = response,method = 1,magic = 554869826,
      trid = 37611462172663194913528425617,raw = <<>>,unsupported = [],
      'ALTERNATE-SERVER' = undefined,'CHANNEL-NUMBER' = undefined,
      'DATA' = undefined,'DONT-FRAGMENT' = false,'ERROR-CODE' = undefined,
      'LIFETIME' = undefined,'MAPPED-ADDRESS' = undefined,
      'MESSAGE-INTEGRITY' = undefined,'NONCE' = undefined,'REALM' = undefined,
      'REQUESTED-ADDRESS-FAMILY' = undefined,
      'REQUESTED-TRANSPORT' = undefined,'SOFTWARE' = <<"eturnal">>,
      'UNKNOWN-ATTRIBUTES' = [],'USERNAME' = undefined,
      'XOR-MAPPED-ADDRESS' = {{127,0,0,1},54366},
      'XOR-PEER-ADDRESS' = [],'XOR-RELAYED-ADDRESS' = undefined} (stun:send/3:500)
2026-09-17 20:33:04.940623+00:00 [info] Accepting connection: 127.0.0.1:52420 -> 127.0.0.1:34780 [TCP, session 9wcs5t0v14cr] (stun_acceptor:accept/3:158)
2026-09-17 20:33:04.940846+00:00 [debug] Received:
#stun{class = request,method = 1,magic = 554869826,
      trid = 72050572898338329333455014278,raw = <<>>,unsupported = [],
      'ALTERNATE-SERVER' = undefined,'CHANNEL-NUMBER' = undefined,
      'DATA' = undefined,'DONT-FRAGMENT' = false,'ERROR-CODE' = undefined,
      'LIFETIME' = undefined,'MAPPED-ADDRESS' = undefined,
      'MESSAGE-INTEGRITY' = undefined,'NONCE' = undefined,'REALM' = undefined,
      'REQUESTED-ADDRESS-FAMILY' = undefined,
      'REQUESTED-TRANSPORT' = undefined,'SOFTWARE' = undefined,
      'UNKNOWN-ATTRIBUTES' = [],'USERNAME' = undefined,
      'XOR-MAPPED-ADDRESS' = undefined,'XOR-PEER-ADDRESS' = [],
      'XOR-RELAYED-ADDRESS' = undefined} (stun:process_data/3:457)
2026-09-17 20:33:04.940914+00:00 [debug] Responding to STUN request [TCP, session 9wcs5t0v14cr, anonymous, client 127.0.0.1:52420] (stun:process/4:357)
2026-09-17 20:33:04.940957+00:00 [debug] Running 'stun_query' hook [TCP, session 9wcs5t0v14cr, anonymous, client 127.0.0.1:52420] (stun:run_hook/3:747)
2026-09-17 20:33:04.940986+00:00 [debug] Got 'stun_query' event [TCP, session 9wcs5t0v14cr, anonymous, client 127.0.0.1:52420] (eturnal_module:handle_event/2:177)
2026-09-17 20:33:04.941011+00:00 [debug] Calling mod_log_stun:handle_event/2 [TCP, session 9wcs5t0v14cr, anonymous, client 127.0.0.1:52420] (eturnal_module:handle_event/2:180)
2026-09-17 20:33:04.941037+00:00 [info] Responding to STUN request [TCP, session 9wcs5t0v14cr, anonymous, client 127.0.0.1:52420] (mod_log_stun:handle_event/2:44)
2026-09-17 20:33:04.941063+00:00 [debug] Calling mod_stats_influx:handle_event/2 [TCP, session 9wcs5t0v14cr, anonymous, client 127.0.0.1:52420] (eturnal_module:handle_event/2:180)
2026-09-17 20:33:04.941120+00:00 [debug] Writing STUN query event to InfluxDB [TCP, session 9wcs5t0v14cr, anonymous, client 127.0.0.1:52420] (mod_stats_influx:on_stun_query/1:76)
2026-09-17 20:33:04.941278+00:00 [debug] Calling mod_stats_prometheus:handle_event/2 [TCP, session 9wcs5t0v14cr, anonymous, client 127.0.0.1:52420] (eturnal_module:handle_event/2:180)
2026-09-17 20:33:04.941359+00:00 [debug] Observing STUN query for Prometheus [TCP, session 9wcs5t0v14cr, anonymous, client 127.0.0.1:52420] (mod_stats_prometheus:on_stun_query/1:166)
2026-09-17 20:33:04.941459+00:00 [debug] Sending:
#stun{class = response,method = 1,magic = 554869826,
      trid = 72050572898338329333455014278,raw = <<>>,unsupported = [],
      'ALTERNATE-SERVER' = undefined,'CHANNEL-NUMBER' = undefined,
      'DATA' = undefined,'DONT-FRAGMENT' = false,'ERROR-CODE' = undefined,
      'LIFETIME' = undefined,'MAPPED-ADDRESS' = undefined,
      'MESSAGE-INTEGRITY' = undefined,'NONCE' = undefined,'REALM' = undefined,
      'REQUESTED-ADDRESS-FAMILY' = undefined,
      'REQUESTED-TRANSPORT' = undefined,'SOFTWARE' = <<"eturnal">>,
      'UNKNOWN-ATTRIBUTES' = [],'USERNAME' = undefined,
      'XOR-MAPPED-ADDRESS' = {{127,0,0,1},52420},
      'XOR-PEER-ADDRESS' = [],'XOR-RELAYED-ADDRESS' = undefined} (stun:send/3:500)
2026-09-17 20:33:04.942873+00:00 [info] Connection reset by peer [TCP, session 9wcs5t0v14cr, anonymous, client 127.0.0.1:52420] (stun:handle_info/3:206)
2026-09-17 20:33:04.965801+00:00 [info] Accepting connection: 127.0.0.1:52928 -> 127.0.0.1:53490 [TLS, session 2izqfagiiyo4] (stun_acceptor:accept/3:158)
2026-09-17 20:33:05.975215+00:00 [debug] Received:
#stun{class = request,method = 1,magic = 554869826,
      trid = 32840415077551141371047518762,raw = <<>>,unsupported = [],
      'ALTERNATE-SERVER' = undefined,'CHANNEL-NUMBER' = undefined,
      'DATA' = undefined,'DONT-FRAGMENT' = false,'ERROR-CODE' = undefined,
      'LIFETIME' = undefined,'MAPPED-ADDRESS' = undefined,
      'MESSAGE-INTEGRITY' = undefined,'NONCE' = undefined,'REALM' = undefined,
      'REQUESTED-ADDRESS-FAMILY' = undefined,
      'REQUESTED-TRANSPORT' = undefined,'SOFTWARE' = undefined,
      'UNKNOWN-ATTRIBUTES' = [],'USERNAME' = undefined,
      'XOR-MAPPED-ADDRESS' = undefined,'XOR-PEER-ADDRESS' = [],
      'XOR-RELAYED-ADDRESS' = undefined} (stun:process_data/3:457)
2026-09-17 20:33:05.975383+00:00 [debug] Responding to STUN request [TLS, session 2izqfagiiyo4, anonymous, client 127.0.0.1:52928] (stun:process/4:357)
2026-09-17 20:33:05.975463+00:00 [debug] Running 'stun_query' hook [TLS, session 2izqfagiiyo4, anonymous, client 127.0.0.1:52928] (stun:run_hook/3:747)
2026-09-17 20:33:05.975509+00:00 [debug] Got 'stun_query' event [TLS, session 2izqfagiiyo4, anonymous, client 127.0.0.1:52928] (eturnal_module:handle_event/2:177)
2026-09-17 20:33:05.975586+00:00 [debug] Calling mod_log_stun:handle_event/2 [TLS, session 2izqfagiiyo4, anonymous, client 127.0.0.1:52928] (eturnal_module:handle_event/2:180)
2026-09-17 20:33:05.975635+00:00 [info] Responding to STUN request [TLS, session 2izqfagiiyo4, anonymous, client 127.0.0.1:52928] (mod_log_stun:handle_event/2:44)
2026-09-17 20:33:05.975684+00:00 [debug] Calling mod_stats_influx:handle_event/2 [TLS, session 2izqfagiiyo4, anonymous, client 127.0.0.1:52928] (eturnal_module:handle_event/2:180)
2026-09-17 20:33:05.975720+00:00 [debug] Writing STUN query event to InfluxDB [TLS, session 2izqfagiiyo4, anonymous, client 127.0.0.1:52928] (mod_stats_influx:on_stun_query/1:76)
2026-09-17 20:33:05.975895+00:00 [debug] Calling mod_stats_prometheus:handle_event/2 [TLS, session 2izqfagiiyo4, anonymous, client 127.0.0.1:52928] (eturnal_module:handle_event/2:180)
2026-09-17 20:33:05.975936+00:00 [debug] Observing STUN query for Prometheus [TLS, session 2izqfagiiyo4, anonymous, client 127.0.0.1:52928] (mod_stats_prometheus:on_stun_query/1:166)
2026-09-17 20:33:05.976037+00:00 [debug] Sending:
#stun{class = response,method = 1,magic = 554869826,
      trid = 32840415077551141371047518762,raw = <<>>,unsupported = [],
      'ALTERNATE-SERVER' = undefined,'CHANNEL-NUMBER' = undefined,
      'DATA' = undefined,'DONT-FRAGMENT' = false,'ERROR-CODE' = undefined,
      'LIFETIME' = undefined,'MAPPED-ADDRESS' = undefined,
      'MESSAGE-INTEGRITY' = undefined,'NONCE' = undefined,'REALM' = undefined,
      'REQUESTED-ADDRESS-FAMILY' = undefined,
      'REQUESTED-TRANSPORT' = undefined,'SOFTWARE' = <<"eturnal">>,
      'UNKNOWN-ATTRIBUTES' = [],'USERNAME' = undefined,
      'XOR-MAPPED-ADDRESS' = {{127,0,0,1},52928},
      'XOR-PEER-ADDRESS' = [],'XOR-RELAYED-ADDRESS' = undefined} (stun:send/3:500)
2026-09-17 20:33:05.976407+00:00 [info] Connection reset by peer [TLS, session 2izqfagiiyo4, anonymous, client 127.0.0.1:52928] (stun:handle_info/3:206)
2026-09-17 20:33:06.001001+00:00 [info] Accepting connection: 127.0.0.1:44294 -> 127.0.0.1:34781 [TCP|TLS, session auzvrxs1iwpc] (stun_acceptor:accept/3:158)
2026-09-17 20:33:06.001145+00:00 [debug] Determined transport protocol: TCP (stun:is_tls_handshake/1:693)
2026-09-17 20:33:06.001370+00:00 [debug] Received:
#stun{class = request,method = 1,magic = 554869826,
      trid = 78402895301494025150016887142,raw = <<>>,unsupported = [],
      'ALTERNATE-SERVER' = undefined,'CHANNEL-NUMBER' = undefined,
      'DATA' = undefined,'DONT-FRAGMENT' = false,'ERROR-CODE' = undefined,
      'LIFETIME' = undefined,'MAPPED-ADDRESS' = undefined,
      'MESSAGE-INTEGRITY' = undefined,'NONCE' = undefined,'REALM' = undefined,
      'REQUESTED-ADDRESS-FAMILY' = undefined,
      'REQUESTED-TRANSPORT' = undefined,'SOFTWARE' = undefined,
      'UNKNOWN-ATTRIBUTES' = [],'USERNAME' = undefined,
      'XOR-MAPPED-ADDRESS' = undefined,'XOR-PEER-ADDRESS' = [],
      'XOR-RELAYED-ADDRESS' = undefined} (stun:process_data/3:457)
2026-09-17 20:33:06.001473+00:00 [debug] Responding to STUN request [TCP, session auzvrxs1iwpc, anonymous, client 127.0.0.1:44294] (stun:process/4:357)
2026-09-17 20:33:06.001523+00:00 [debug] Running 'stun_query' hook [TCP, session auzvrxs1iwpc, anonymous, client 127.0.0.1:44294] (stun:run_hook/3:747)
2026-09-17 20:33:06.001558+00:00 [debug] Got 'stun_query' event [TCP, session auzvrxs1iwpc, anonymous, client 127.0.0.1:44294] (eturnal_module:handle_event/2:177)
2026-09-17 20:33:06.001605+00:00 [debug] Calling mod_log_stun:handle_event/2 [TCP, session auzvrxs1iwpc, anonymous, client 127.0.0.1:44294] (eturnal_module:handle_event/2:180)
2026-09-17 20:33:06.001649+00:00 [info] Responding to STUN request [TCP, session auzvrxs1iwpc, anonymous, client 127.0.0.1:44294] (mod_log_stun:handle_event/2:44)
2026-09-17 20:33:06.001687+00:00 [debug] Calling mod_stats_influx:handle_event/2 [TCP, session auzvrxs1iwpc, anonymous, client 127.0.0.1:44294] (eturnal_module:handle_event/2:180)
2026-09-17 20:33:06.001717+00:00 [debug] Writing STUN query event to InfluxDB [TCP, session auzvrxs1iwpc, anonymous, client 127.0.0.1:44294] (mod_stats_influx:on_stun_query/1:76)
2026-09-17 20:33:06.001856+00:00 [debug] Calling mod_stats_prometheus:handle_event/2 [TCP, session auzvrxs1iwpc, anonymous, client 127.0.0.1:44294] (eturnal_module:handle_event/2:180)
2026-09-17 20:33:06.001900+00:00 [debug] Observing STUN query for Prometheus [TCP, session auzvrxs1iwpc, anonymous, client 127.0.0.1:44294] (mod_stats_prometheus:on_stun_query/1:166)
2026-09-17 20:33:06.001989+00:00 [debug] Sending:
#stun{class = response,method = 1,magic = 554869826,
      trid = 78402895301494025150016887142,raw = <<>>,unsupported = [],
      'ALTERNATE-SERVER' = undefined,'CHANNEL-NUMBER' = undefined,
      'DATA' = undefined,'DONT-FRAGMENT' = false,'ERROR-CODE' = undefined,
      'LIFETIME' = undefined,'MAPPED-ADDRESS' = undefined,
      'MESSAGE-INTEGRITY' = undefined,'NONCE' = undefined,'REALM' = undefined,
      'REQUESTED-ADDRESS-FAMILY' = undefined,
      'REQUESTED-TRANSPORT' = undefined,'SOFTWARE' = <<"eturnal">>,
      'UNKNOWN-ATTRIBUTES' = [],'USERNAME' = undefined,
      'XOR-MAPPED-ADDRESS' = {{127,0,0,1},44294},
      'XOR-PEER-ADDRESS' = [],'XOR-RELAYED-ADDRESS' = undefined} (stun:send/3:500)
2026-09-17 20:33:06.002958+00:00 [info] Connection reset by peer [TCP, session auzvrxs1iwpc, anonymous, client 127.0.0.1:44294] (stun:handle_info/3:206)
2026-09-17 20:33:06.025783+00:00 [info] Accepting connection: 127.0.0.1:44306 -> 127.0.0.1:34781 [TCP|TLS, session oj4ahce696w6] (stun_acceptor:accept/3:158)
2026-09-17 20:33:06.025923+00:00 [debug] Determined transport protocol: TLS (stun:is_tls_handshake/1:690)
2026-09-17 20:33:07.035251+00:00 [debug] Received:
#stun{class = request,method = 1,magic = 554869826,
      trid = 36708629231680349475234515896,raw = <<>>,unsupported = [],
      'ALTERNATE-SERVER' = undefined,'CHANNEL-NUMBER' = undefined,
      'DATA' = undefined,'DONT-FRAGMENT' = false,'ERROR-CODE' = undefined,
      'LIFETIME' = undefined,'MAPPED-ADDRESS' = undefined,
      'MESSAGE-INTEGRITY' = undefined,'NONCE' = undefined,'REALM' = undefined,
      'REQUESTED-ADDRESS-FAMILY' = undefined,
      'REQUESTED-TRANSPORT' = undefined,'SOFTWARE' = undefined,
      'UNKNOWN-ATTRIBUTES' = [],'USERNAME' = undefined,
      'XOR-MAPPED-ADDRESS' = undefined,'XOR-PEER-ADDRESS' = [],
      'XOR-RELAYED-ADDRESS' = undefined} (stun:process_data/3:457)
2026-09-17 20:33:07.035391+00:00 [debug] Responding to STUN request [TLS, session oj4ahce696w6, anonymous, client 127.0.0.1:44306] (stun:process/4:357)
2026-09-17 20:33:07.035480+00:00 [debug] Running 'stun_query' hook [TLS, session oj4ahce696w6, anonymous, client 127.0.0.1:44306] (stun:run_hook/3:747)
2026-09-17 20:33:07.035542+00:00 [debug] Got 'stun_query' event [TLS, session oj4ahce696w6, anonymous, client 127.0.0.1:44306] (eturnal_module:handle_event/2:177)
2026-09-17 20:33:07.035598+00:00 [debug] Calling mod_log_stun:handle_event/2 [TLS, session oj4ahce696w6, anonymous, client 127.0.0.1:44306] (eturnal_module:handle_event/2:180)
2026-09-17 20:33:07.035643+00:00 [info] Responding to STUN request [TLS, session oj4ahce696w6, anonymous, client 127.0.0.1:44306] (mod_log_stun:handle_event/2:44)
2026-09-17 20:33:07.035695+00:00 [debug] Calling mod_stats_influx:handle_event/2 [TLS, session oj4ahce696w6, anonymous, client 127.0.0.1:44306] (eturnal_module:handle_event/2:180)
2026-09-17 20:33:07.035735+00:00 [debug] Writing STUN query event to InfluxDB [TLS, session oj4ahce696w6, anonymous, client 127.0.0.1:44306] (mod_stats_influx:on_stun_query/1:76)
2026-09-17 20:33:07.035941+00:00 [debug] Calling mod_stats_prometheus:handle_event/2 [TLS, session oj4ahce696w6, anonymous, client 127.0.0.1:44306] (eturnal_module:handle_event/2:180)
2026-09-17 20:33:07.035998+00:00 [debug] Observing STUN query for Prometheus [TLS, session oj4ahce696w6, anonymous, client 127.0.0.1:44306] (mod_stats_prometheus:on_stun_query/1:166)
2026-09-17 20:33:07.036120+00:00 [debug] Sending:
#stun{class = response,method = 1,magic = 554869826,
      trid = 36708629231680349475234515896,raw = <<>>,unsupported = [],
      'ALTERNATE-SERVER' = undefined,'CHANNEL-NUMBER' = undefined,
      'DATA' = undefined,'DONT-FRAGMENT' = false,'ERROR-CODE' = undefined,
      'LIFETIME' = undefined,'MAPPED-ADDRESS' = undefined,
      'MESSAGE-INTEGRITY' = undefined,'NONCE' = undefined,'REALM' = undefined,
      'REQUESTED-ADDRESS-FAMILY' = undefined,
      'REQUESTED-TRANSPORT' = undefined,'SOFTWARE' = <<"eturnal">>,
      'UNKNOWN-ATTRIBUTES' = [],'USERNAME' = undefined,
      'XOR-MAPPED-ADDRESS' = {{127,0,0,1},44306},
      'XOR-PEER-ADDRESS' = [],'XOR-RELAYED-ADDRESS' = undefined} (stun:send/3:500)
2026-09-17 20:33:07.036388+00:00 [info] Connection reset by peer [TLS, session oj4ahce696w6, anonymous, client 127.0.0.1:44306] (stun:handle_info/3:206)
2026-09-17 20:33:07.060962+00:00 [debug] No NOTIFY_SOCKET, dropping STOPPING=1 notification (eturnal_systemd:handle_cast/2:99)
2026-09-17 20:33:07.060998+00:00 [debug] Terminating eturnal (shutdown) (eturnal:terminate/2:186)
2026-09-17 20:33:07.061215+00:00 [info] Stopped listening on 127.0.0.1:34780 (udp) (eturnal:stop_listeners/1:442)
2026-09-17 20:33:07.061394+00:00 [info] Stopped listening on 127.0.0.1:34780 (tcp) (eturnal:stop_listeners/1:442)
2026-09-17 20:33:07.061586+00:00 [info] Stopped listening on 127.0.0.1:53490 (tls) (eturnal:stop_listeners/1:442)
2026-09-17 20:33:07.061757+00:00 [info] Stopped listening on 127.0.0.1:34781 (auto) (eturnal:stop_listeners/1:442)
2026-09-17 20:33:07.062484+00:00 [debug] Calling mod_stats_prometheus:stop/1 (eturnal_module:stop/1:163)
2026-09-17 20:33:07.062638+00:00 [debug] Stopping mod_stats_prometheus (mod_stats_prometheus:stop/0:110)
2026-09-17 20:33:07.062900+00:00 [info] Stopped mod_stats_prometheus (eturnal:stop_modules/1:397)
2026-09-17 20:33:07.063976+00:00 [debug] Calling mod_log_stun:stop/1 (eturnal_module:stop/1:163)
2026-09-17 20:33:07.064076+00:00 [debug] Stopping mod_log_stun (mod_log_stun:stop/0:49)
2026-09-17 20:33:07.064185+00:00 [info] Stopped mod_log_stun (eturnal:stop_modules/1:397)
2026-09-17 20:33:07.065585+00:00 [debug] Calling mod_stats_influx:stop/1 (eturnal_module:stop/1:163)
2026-09-17 20:33:07.065724+00:00 [debug] Stopping mod_stats_influx (mod_stats_influx:stop/0:61)
2026-09-17 20:33:07.065812+00:00 [info] Stopped mod_stats_influx (eturnal:stop_modules/1:397)
2026-09-17 20:33:07.066165+00:00 [debug] Removed run/cert.pem (eturnal:clean_run_dir/0:875)
2026-09-17 20:33:07.066312+00:00 [debug] Terminating eturnal_systemd (shutdown) (eturnal_systemd:terminate/2:125)
2026-09-17 20:33:07.066473+00:00 [notice] Stopping eturnal 1.12.3 on Erlang/OTP 29 (ERTS 17.1) (eturnal_app:stop/1:53)
