2026-09-17 20:44:47.174719+00:00 [notice] Starting eturnal 1.12.3 on Erlang/OTP 29 (ERTS 17.1) (eturnal_app:start/2:34)
2026-09-17 20:44:47.174854+00:00 [debug] Starting supervisor: eturnal_sup (eturnal_sup:start_link/0:31)
2026-09-17 20:44:47.174921+00:00 [debug] Configuring eturnal_sup supervisor: [#{id => systemd,
                                       start =>
                                           {eturnal_systemd,start_link,[]}},
                                     #{id => eturnal,
                                       start => {eturnal,start_link,[]}}] (eturnal_sup:init/1:39)
2026-09-17 20:44:47.175576+00:00 [info] Got no NOTIFY_SOCKET, notifications disabled (eturnal_systemd:init/1:86)
2026-09-17 20:44:47.175655+00:00 [debug] PROGRESS REPORT:
    supervisor: {local,eturnal_sup}
    started: [{pid,<0.960.0>},
              {id,systemd},
              {mfargs,{eturnal_systemd,start_link,[]}},
              {restart_type,permanent},
              {significant,false},
              {shutdown,5000},
              {child_type,worker}]
 (supervisor:report_progress/3:2323)
2026-09-17 20:44:47.175735+00:00 [info] Relay IPv4 address: 127.0.0.1 (port range: 49152-65535) (eturnal:log_relay_addresses/0:349)
2026-09-17 20:44:47.175793+00:00 [info] Relay IPv6 address not configured (eturnal:log_relay_addresses/0:359)
2026-09-17 20:44:47.194297+00:00 [info] Cannot determine control query port: noport (eturnal:log_control_listener/0:373)
2026-09-17 20:44:47.194583+00:00 [debug] Using run directory run (eturnal:ensure_run_dir/0:863)
2026-09-17 20:44:47.194648+00:00 [debug] TURN configuration seems fine (eturnal:check_turn_config/0:603)
2026-09-17 20:44:47.194702+00:00 [warning] TLS enabled without 'tls_crt_file', creating self-signed certificate (eturnal:check_pem_file/0:809)
2026-09-17 20:44:47.666613+00:00 [debug] Calling mod_stats_prometheus:start/0 (eturnal_module:start/1:143)
2026-09-17 20:44:47.666828+00:00 [debug] Starting mod_stats_prometheus (mod_stats_prometheus:start/0:56)
2026-09-17 20:44:47.672651+00:00 [debug] PROGRESS REPORT:
    application: prometheus
    started_at: nonode@nohost
 (application_controller:info_started/2:2154)
2026-09-17 20:44:47.673052+00:00 [debug] PROGRESS REPORT:
    application: accept
    started_at: nonode@nohost
 (application_controller:info_started/2:2154)
2026-09-17 20:44:47.677475+00:00 [debug] Dependency prometheus_httpd was available already (eturnal_module:ensure_dep/2:284)
2026-09-17 20:44:47.677475+00:00 [debug] PROGRESS REPORT:
    application: prometheus_httpd
    started_at: nonode@nohost
 (application_controller:info_started/2:2154)
2026-09-17 20:44:47.686552+00:00 [debug] PROGRESS REPORT:
    supervisor: {local,httpd_instance_sup__127_0_0_1__9081default}
    started: [{pid,<0.980.0>},
              {id,{httpd_connection_sup,{127,0,0,1},9081,default}},
              {mfargs,{httpd_connection_sup,start_link,[[{127,0,0,1},9081]]}},
              {restart_type,permanent},
              {significant,false},
              {shutdown,5000},
              {child_type,supervisor}]
 (supervisor:report_progress/3:2323)
2026-09-17 20:44:47.687554+00:00 [debug] PROGRESS REPORT:
    supervisor: {local,httpd_instance_sup__127_0_0_1__9081default}
    started: [{pid,<0.981.0>},
              {id,{httpd_misc_sup,{127,0,0,1},9081,default}},
              {mfargs,{httpd_misc_sup,start_link,[{127,0,0,1},9081,default]}},
              {restart_type,permanent},
              {significant,false},
              {shutdown,infinity},
              {child_type,supervisor}]
 (supervisor:report_progress/3:2323)
2026-09-17 20:44:47.688871+00:00 [debug] PROGRESS REPORT:
    supervisor: {local,httpd_instance_sup__127_0_0_1__9081default}
    started: [{pid,<0.982.0>},
              {id,{httpd_manager,{127,0,0,1},9081,default}},
              {mfargs,
                  {httpd_manager,start_link,
                      [undefined,
                       [{bind_address,{127,0,0,1}},
                        {socket_type,ip_comm},
                        {port,9081},
                        {server_root,"run/mod_stats_prometheus/doc"},
                        {document_root,"run/mod_stats_prometheus/doc"},
                        {server_name,"Prometheus Exporter"},
                        {modules,[prometheus_httpd]}],
                       15000]}},
              {restart_type,permanent},
              {significant,false},
              {shutdown,4000},
              {child_type,worker}]
 (supervisor:report_progress/3:2323)
2026-09-17 20:44:47.693492+00:00 [debug] PROGRESS REPORT:
    supervisor: {local,httpd_acceptor_sup__127_0_0_1__9081default}
    started: [{pid,<0.984.0>},
              {id,{httpd_acceptor_sup,{127,0,0,1},9081,default}},
              {mfargs,{httpd_acceptor,start_link,
                                      [httpd__127_0_0_1__9081default,ip_comm,
                                       {127,0,0,1},
                                       9081,inet,
                                       httpd_conf__127_0_0_1__9081default,
                                       15000]}},
              {restart_type,transient},
              {significant,false},
              {shutdown,brutal_kill},
              {child_type,worker}]
 (supervisor:report_progress/3:2323)
2026-09-17 20:44:47.693605+00:00 [debug] PROGRESS REPORT:
    supervisor: {local,httpd_instance_sup__127_0_0_1__9081default}
    started: [{pid,<0.983.0>},
              {id,{httpd_acceptor_sup,{127,0,0,1},9081,default}},
              {mfargs,
                  {httpd_acceptor_sup,start_link,
                      [[{127,0,0,1},
                        9081,
                        [{bind_address,{127,0,0,1}},
                         {socket_type,ip_comm},
                         {port,9081},
                         {server_root,"run/mod_stats_prometheus/doc"},
                         {document_root,"run/mod_stats_prometheus/doc"},
                         {server_name,"Prometheus Exporter"},
                         {modules,[prometheus_httpd]}],
                        15000,undefined]]}},
              {restart_type,permanent},
              {significant,false},
              {shutdown,infinity},
              {child_type,supervisor}]
 (supervisor:report_progress/3:2323)
2026-09-17 20:44:47.693680+00:00 [debug] PROGRESS REPORT:
    supervisor: {local,httpd_sup}
    started: [{pid,<0.979.0>},
              {id,{httpd_instance_sup,{127,0,0,1},9081,default}},
              {mfargs,
                  {httpd_instance_sup,start_link,
                      [[{bind_address,{127,0,0,1}},
                        {socket_type,ip_comm},
                        {port,9081},
                        {server_root,"run/mod_stats_prometheus/doc"},
                        {document_root,"run/mod_stats_prometheus/doc"},
                        {server_name,"Prometheus Exporter"},
                        {modules,[prometheus_httpd]}],
                       15000,[]]}},
              {restart_type,permanent},
              {significant,false},
              {shutdown,infinity},
              {child_type,supervisor}]
 (supervisor:report_progress/3:2333)
2026-09-17 20:44:47.693805+00:00 [info] Started mod_stats_prometheus (eturnal:start_modules/0:384)
2026-09-17 20:44:47.693870+00:00 [debug] Calling mod_log_stun:start/0 (eturnal_module:start/1:143)
2026-09-17 20:44:47.693932+00:00 [debug] Starting mod_log_stun (mod_log_stun:start/0:38)
2026-09-17 20:44:47.693999+00:00 [info] Started mod_log_stun (eturnal:start_modules/0:384)
2026-09-17 20:44:47.694031+00:00 [debug] Calling mod_stats_influx:start/0 (eturnal_module:start/1:143)
2026-09-17 20:44:47.694121+00:00 [debug] Starting mod_stats_influx (mod_stats_influx:start/0:37)
2026-09-17 20:44:47.696573+00:00 [debug] PROGRESS REPORT:
    application: ulitos
    started_at: nonode@nohost
 (application_controller:info_started/2:2154)
2026-09-17 20:44:47.697029+00:00 [debug] PROGRESS REPORT:
    application: poolboy
    started_at: nonode@nohost
 (application_controller:info_started/2:2154)
2026-09-17 20:44:47.697581+00:00 [info]     msg: Starting application: influx_udp (influx_udp_app:start/2:10)
2026-09-17 20:44:47.698570+00:00 [debug] PROGRESS REPORT:
    supervisor: {local,influx_udp_sup}
    started: [{pid,<0.995.0>},
              {id,influx_udp},
              {mfargs,{influx_udp,start_link,[]}},
              {restart_type,permanent},
              {significant,false},
              {shutdown,5000},
              {child_type,worker}]
 (supervisor:report_progress/3:2323)
2026-09-17 20:44:47.698655+00:00 [debug] PROGRESS REPORT:
    application: influx_udp
    started_at: nonode@nohost
 (application_controller:info_started/2:2154)
2026-09-17 20:44:47.698685+00:00 [debug] Dependency influx_udp was available already (eturnal_module:ensure_dep/2:284)
2026-09-17 20:44:47.699886+00:00 [info]     options: #{port => 8089,host => "localhost",pool_size => 1,
               max_overflow => 1}
    msg: Start clients pool
    host: {127,0,0,1} (influx_udp:start_pool_/2:239)
2026-09-17 20:44:47.703627+00:00 [info]     port: 52175
    msg: Open UDP socket on port (influx_udp_worker:init/1:43)
2026-09-17 20:44:47.703734+00:00 [debug] PROGRESS REPORT:
    supervisor: {local,influx_udp_sup}
    started: [{pid,<0.998.0>},
              {id,stats_influx_pool},
              {mfargs,
                  {poolboy,start_link,
                      [[{name,{local,stats_influx_pool}},
                        {worker_module,influx_udp_worker},
                        {size,1},
                        {max_overflow,1}],
                       [{options,
                            #{port => 8089,
                              host => {127,0,0,1},
                              pool_size => 1,max_overflow => 1}}]]}},
              {restart_type,permanent},
              {significant,false},
              {shutdown,5000},
              {child_type,worker}]
 (supervisor:report_progress/3:2333)
2026-09-17 20:44:47.703955+00:00 [info] Started mod_stats_influx (eturnal:start_modules/0:384)
2026-09-17 20:44:47.704130+00:00 [debug] Starting listener 127.0.0.1:34780 (udp) with options:
[{use_turn,true},
 {auth_type,user},
 {turn_ipv4_address,{127,0,0,1}},
 {turn_min_port,49152},
 {turn_max_port,65535},
 {turn_max_allocations,10},
 {turn_max_permissions,10},
 {shaper,100000},
 {auth_realm,<<"eturnal.net">>},
 {server_name,<<"eturnal">>},
 {auth_fun,fun eturnal:get_password/2},
 {hook_fun,fun eturnal:run_hook/2},
 {turn_blacklist_clients,[{{127,0,0,1},8}]},
 {turn_blacklist_peers,[{{10,0,0,0},8},
                        {{100,64,0,0},10},
                        {{127,0,0,0},8},
                        {{169,254,0,0},16},
                        {{172,16,0,0},12},
                        {{192,0,0,0},24},
                        {{192,0,2,0},24},
                        {{192,88,99,0},24},
                        {{192,168,0,0},16},
                        {{198,18,0,0},15},
                        {{198,51,100,0},24},
                        {{203,0,113,0},24},
                        {{224,0,0,0},4},
                        {{240,0,0,0},4},
                        {{0,0,0,0,0,0,0,1},128},
                        {{100,65435,0,0,0,0,0,0},96},
                        {{256,0,0,0,0,0,0,0},64},
                        {{8193,3512,0,0,0,0,0,0},32},
                        {{64512,0,0,0,0,0,0,0},7},
                        {{65152,0,0,0,0,0,0,0},10},
                        {{65280,0,0,0,0,0,0,0},8}]},
 {turn_whitelist_clients,[{{127,0,0,1},32}]},
 {turn_whitelist_peers,[{{127,0,0,1},32},
                        {{203,0,113,113},32},
                        {{8193,3512,0,0,0,0,0,0},64}]}] (eturnal:start_listeners/0:419)
2026-09-17 20:44:47.709037+00:00 [info] Listening on 127.0.0.1:34780 (udp) (STUN/TURN) (eturnal:start_listeners/0:426)
2026-09-17 20:44:47.709130+00:00 [debug] Starting listener 127.0.0.1:34780 (tcp) with options:
[{use_turn,false},
 {auth_type,anonymous},
 {turn_ipv4_address,{127,0,0,1}},
 {turn_min_port,49152},
 {turn_max_port,65535},
 {turn_max_allocations,10},
 {turn_max_permissions,10},
 {shaper,100000},
 {auth_realm,<<"eturnal.net">>},
 {server_name,<<"eturnal">>},
 {auth_fun,fun eturnal:get_password/2},
 {hook_fun,fun eturnal:run_hook/2},
 {turn_blacklist_clients,[{{127,0,0,1},8}]},
 {turn_blacklist_peers,[{{10,0,0,0},8},
                        {{100,64,0,0},10},
                        {{127,0,0,0},8},
                        {{169,254,0,0},16},
                        {{172,16,0,0},12},
                        {{192,0,0,0},24},
                        {{192,0,2,0},24},
                        {{192,88,99,0},24},
                        {{192,168,0,0},16},
                        {{198,18,0,0},15},
                        {{198,51,100,0},24},
                        {{203,0,113,0},24},
                        {{224,0,0,0},4},
                        {{240,0,0,0},4},
                        {{0,0,0,0,0,0,0,1},128},
                        {{100,65435,0,0,0,0,0,0},96},
                        {{256,0,0,0,0,0,0,0},64},
                        {{8193,3512,0,0,0,0,0,0},32},
                        {{64512,0,0,0,0,0,0,0},7},
                        {{65152,0,0,0,0,0,0,0},10},
                        {{65280,0,0,0,0,0,0,0},8}]},
 {turn_whitelist_clients,[{{127,0,0,1},32}]},
 {turn_whitelist_peers,[{{127,0,0,1},32},
                        {{203,0,113,113},32},
                        {{8193,3512,0,0,0,0,0,0},64}]}] (eturnal:start_listeners/0:419)
2026-09-17 20:44:47.709510+00:00 [info] Listening on 127.0.0.1:34780 (tcp) (STUN only) (eturnal:start_listeners/0:426)
2026-09-17 20:44:47.709577+00:00 [debug] Starting listener 127.0.0.1:53490 (tls) with options:
[{use_turn,false},
 {auth_type,anonymous},
 {tls,true},
 {certfile,<<"run/cert.pem">>},
 {ciphers,<<"HIGH:!aNULL:@STRENGTH">>},
 {protocol_options,<<"no_tlsv1|no_tlsv1_1|cipher_server_preference">>},
 {turn_ipv4_address,{127,0,0,1}},
 {turn_min_port,49152},
 {turn_max_port,65535},
 {turn_max_allocations,10},
 {turn_max_permissions,10},
 {shaper,100000},
 {auth_realm,<<"eturnal.net">>},
 {server_name,<<"eturnal">>},
 {auth_fun,fun eturnal:get_password/2},
 {hook_fun,fun eturnal:run_hook/2},
 {turn_blacklist_clients,[{{127,0,0,1},8}]},
 {turn_blacklist_peers,[{{10,0,0,0},8},
                        {{100,64,0,0},10},
                        {{127,0,0,0},8},
                        {{169,254,0,0},16},
                        {{172,16,0,0},12},
                        {{192,0,0,0},24},
                        {{192,0,2,0},24},
                        {{192,88,99,0},24},
                        {{192,168,0,0},16},
                        {{198,18,0,0},15},
                        {{198,51,100,0},24},
                        {{203,0,113,0},24},
                        {{224,0,0,0},4},
                        {{240,0,0,0},4},
                        {{0,0,0,0,0,0,0,1},128},
                        {{100,65435,0,0,0,0,0,0},96},
                        {{256,0,0,0,0,0,0,0},64},
                        {{8193,3512,0,0,0,0,0,0},32},
                        {{64512,0,0,0,0,0,0,0},7},
                        {{65152,0,0,0,0,0,0,0},10},
                        {{65280,0,0,0,0,0,0,0},8}]},
 {turn_whitelist_clients,[{{127,0,0,1},32}]},
 {turn_whitelist_peers,[{{127,0,0,1},32},
                        {{203,0,113,113},32},
                        {{8193,3512,0,0,0,0,0,0},64}]}] (eturnal:start_listeners/0:419)
2026-09-17 20:44:47.709907+00:00 [info] Listening on 127.0.0.1:53490 (tls) (STUN only) (eturnal:start_listeners/0:426)
2026-09-17 20:44:47.709976+00:00 [debug] Starting listener 127.0.0.1:34781 (auto) with options:
[{use_turn,false},
 {auth_type,anonymous},
 {tls,optional},
 {certfile,<<"run/cert.pem">>},
 {ciphers,<<"HIGH:!aNULL:@STRENGTH">>},
 {protocol_options,<<"no_tlsv1|no_tlsv1_1|cipher_server_preference">>},
 {turn_ipv4_address,{127,0,0,1}},
 {turn_min_port,49152},
 {turn_max_port,65535},
 {turn_max_allocations,10},
 {turn_max_permissions,10},
 {shaper,100000},
 {auth_realm,<<"eturnal.net">>},
 {server_name,<<"eturnal">>},
 {auth_fun,fun eturnal:get_password/2},
 {hook_fun,fun eturnal:run_hook/2},
 {turn_blacklist_clients,[{{127,0,0,1},8}]},
 {turn_blacklist_peers,[{{10,0,0,0},8},
                        {{100,64,0,0},10},
                        {{127,0,0,0},8},
                        {{169,254,0,0},16},
                        {{172,16,0,0},12},
                        {{192,0,0,0},24},
                        {{192,0,2,0},24},
                        {{192,88,99,0},24},
                        {{192,168,0,0},16},
                        {{198,18,0,0},15},
                        {{198,51,100,0},24},
                        {{203,0,113,0},24},
                        {{224,0,0,0},4},
                        {{240,0,0,0},4},
                        {{0,0,0,0,0,0,0,1},128},
                        {{100,65435,0,0,0,0,0,0},96},
                        {{256,0,0,0,0,0,0,0},64},
                        {{8193,3512,0,0,0,0,0,0},32},
                        {{64512,0,0,0,0,0,0,0},7},
                        {{65152,0,0,0,0,0,0,0},10},
                        {{65280,0,0,0,0,0,0,0},8}]},
 {turn_whitelist_clients,[{{127,0,0,1},32}]},
 {turn_whitelist_peers,[{{127,0,0,1},32},
                        {{203,0,113,113},32},
                        {{8193,3512,0,0,0,0,0,0},64}]}] (eturnal:start_listeners/0:419)
2026-09-17 20:44:47.716516+00:00 [info] Listening on 127.0.0.1:34781 (auto) (STUN only) (eturnal:start_listeners/0:426)
2026-09-17 20:44:47.716620+00:00 [debug] Started 3 modules (eturnal:init/1:105)
2026-09-17 20:44:47.716655+00:00 [debug] Started 4 listeners (eturnal:init/1:106)
2026-09-17 20:44:47.716686+00:00 [debug] PROGRESS REPORT:
    supervisor: {local,eturnal_sup}
    started: [{pid,<0.962.0>},
              {id,eturnal},
              {mfargs,{eturnal,start_link,[]}},
              {restart_type,permanent},
              {significant,false},
              {shutdown,5000},
              {child_type,worker}]
 (supervisor:report_progress/3:2323)
2026-09-17 20:44:47.716758+00:00 [debug] PROGRESS REPORT:
    application: eturnal
    started_at: nonode@nohost
 (application_controller:info_started/2:2154)
2026-09-17 20:44:47.716753+00:00 [debug] No NOTIFY_SOCKET, dropping READY=1 notification (eturnal_systemd:handle_cast/2:99)
2026-09-17 20:44:47.740028+00:00 [debug] Handling API call: get_status() (eturnal_ctl:get_status/0:109)
2026-09-17 20:44:47.740122+00:00 [debug] eturnal call (get_status) returned ok (eturnal_ctl:call/1:439)
2026-09-17 20:44:47.762041+00:00 [debug] Handling API call: get_info() (eturnal_ctl:get_info/0:119)
2026-09-17 20:44:47.762541+00:00 [debug] eturnal call (get_info) returned {ok,
                                  {eturnal_node_info,<<"1.12.3">>,
                                   {"29","17.1"},
                                   1717,0,180,86432464,1,56803632}} (eturnal_ctl:call/1:442)
2026-09-17 20:44:47.785018+00:00 [debug] Handling API call: get_sessions() (eturnal_ctl:get_sessions/0:95)
2026-09-17 20:44:47.807126+00:00 [debug] Handling API call: get_sessions("alice") (eturnal_ctl:get_sessions/1:100)
2026-09-17 20:44:47.807292+00:00 [debug] Handling API call: get_sessions("1256900400:alice") (eturnal_ctl:get_sessions/1:100)
2026-09-17 20:44:47.807408+00:00 [debug] Handling API call: get_sessions(alice) (eturnal_ctl:get_sessions/1:100)
2026-09-17 20:44:47.807453+00:00 [debug] Cannot convert user name to binary: alice (eturnal_ctl:with_username/2:201)
2026-09-17 20:44:47.829987+00:00 [debug] Handling API call: disconnect("alice") (eturnal_ctl:disconnect/1:168)
2026-09-17 20:44:47.830102+00:00 [debug] Handling API call: disconnect(alice) (eturnal_ctl:disconnect/1:168)
2026-09-17 20:44:47.830142+00:00 [debug] Cannot convert user name to binary: alice (eturnal_ctl:with_username/2:201)
2026-09-17 20:44:47.851953+00:00 [debug] Handling API call: get_credentials("2009-10-30 11:00:00Z", []) (eturnal_ctl:get_credentials/2:60)
2026-09-17 20:44:47.852118+00:00 [debug] eturnal call ({get_password,<<"1256900400">>}) returned {ok,
                                                         <<"uEKlpcME7MNMMVRV8rUFPCTIFEs=">>} (eturnal_ctl:call/1:442)
2026-09-17 20:44:47.853852+00:00 [debug] Handling API call: get_credentials("86400", "alice") (eturnal_ctl:get_credentials/2:60)
2026-09-17 20:44:47.853948+00:00 [debug] eturnal call ({get_password,<<"1789764287:alice">>}) returned {ok,
                                                               <<"B+jxEM3vqsm++MiU7wngR6So/Lk=">>} (eturnal_ctl:call/1:442)
2026-09-17 20:44:47.854017+00:00 [debug] Handling API call: get_password("1789764287:alice") (eturnal_ctl:get_password/1:79)
2026-09-17 20:44:47.854084+00:00 [debug] eturnal call ({get_password,<<"1789764287:alice">>}) returned {ok,
                                                               <<"B+jxEM3vqsm++MiU7wngR6So/Lk=">>} (eturnal_ctl:call/1:442)
2026-09-17 20:44:47.854176+00:00 [debug] Handling API call: get_credentials("86400s", "alice") (eturnal_ctl:get_credentials/2:60)
2026-09-17 20:44:47.854254+00:00 [debug] eturnal call ({get_password,<<"1789764287:alice">>}) returned {ok,
                                                               <<"B+jxEM3vqsm++MiU7wngR6So/Lk=">>} (eturnal_ctl:call/1:442)
2026-09-17 20:44:47.854308+00:00 [debug] Handling API call: get_password("1789764287:alice") (eturnal_ctl:get_password/1:79)
2026-09-17 20:44:47.854348+00:00 [debug] eturnal call ({get_password,<<"1789764287:alice">>}) returned {ok,
                                                               <<"B+jxEM3vqsm++MiU7wngR6So/Lk=">>} (eturnal_ctl:call/1:442)
2026-09-17 20:44:47.854407+00:00 [debug] Handling API call: get_credentials("1440m", "alice") (eturnal_ctl:get_credentials/2:60)
2026-09-17 20:44:47.854450+00:00 [debug] eturnal call ({get_password,<<"1789764287:alice">>}) returned {ok,
                                                               <<"B+jxEM3vqsm++MiU7wngR6So/Lk=">>} (eturnal_ctl:call/1:442)
2026-09-17 20:44:47.854492+00:00 [debug] Handling API call: get_password("1789764287:alice") (eturnal_ctl:get_password/1:79)
2026-09-17 20:44:47.854533+00:00 [debug] eturnal call ({get_password,<<"1789764287:alice">>}) returned {ok,
                                                               <<"B+jxEM3vqsm++MiU7wngR6So/Lk=">>} (eturnal_ctl:call/1:442)
2026-09-17 20:44:47.854599+00:00 [debug] Handling API call: get_credentials("24h", "alice") (eturnal_ctl:get_credentials/2:60)
2026-09-17 20:44:47.854642+00:00 [debug] eturnal call ({get_password,<<"1789764287:alice">>}) returned {ok,
                                                               <<"B+jxEM3vqsm++MiU7wngR6So/Lk=">>} (eturnal_ctl:call/1:442)
2026-09-17 20:44:47.854676+00:00 [debug] Handling API call: get_password("1789764287:alice") (eturnal_ctl:get_password/1:79)
2026-09-17 20:44:47.854705+00:00 [debug] eturnal call ({get_password,<<"1789764287:alice">>}) returned {ok,
                                                               <<"B+jxEM3vqsm++MiU7wngR6So/Lk=">>} (eturnal_ctl:call/1:442)
2026-09-17 20:44:47.854745+00:00 [debug] Handling API call: get_credentials("1d", "alice") (eturnal_ctl:get_credentials/2:60)
2026-09-17 20:44:47.854812+00:00 [debug] eturnal call ({get_password,<<"1789764287:alice">>}) returned {ok,
                                                               <<"B+jxEM3vqsm++MiU7wngR6So/Lk=">>} (eturnal_ctl:call/1:442)
2026-09-17 20:44:47.854877+00:00 [debug] Handling API call: get_password("1789764287:alice") (eturnal_ctl:get_password/1:79)
2026-09-17 20:44:47.854915+00:00 [debug] eturnal call ({get_password,<<"1789764287:alice">>}) returned {ok,
                                                               <<"B+jxEM3vqsm++MiU7wngR6So/Lk=">>} (eturnal_ctl:call/1:442)
2026-09-17 20:44:47.854973+00:00 [debug] Handling API call: get_password("Invalid") (eturnal_ctl:get_password/1:79)
2026-09-17 20:44:47.855022+00:00 [debug] eturnal call ({get_password,<<"Invalid">>}) returned {error,no_credentials} (eturnal_ctl:call/1:445)
2026-09-17 20:44:47.855059+00:00 [debug] Handling API call: get_credentials("Invalid", []) (eturnal_ctl:get_credentials/2:60)
2026-09-17 20:44:47.855097+00:00 [debug] Invalid argument(s): "Invalid":[] (eturnal_ctl:get_credentials/2:73)
2026-09-17 20:44:47.855134+00:00 [debug] Handling API call: get_password(invalid) (eturnal_ctl:get_password/1:79)
2026-09-17 20:44:47.855171+00:00 [debug] Cannot convert user name to binary: invalid (eturnal_ctl:with_username/2:201)
2026-09-17 20:44:47.855209+00:00 [debug] Handling API call: get_credentials(invalid, []) (eturnal_ctl:get_credentials/2:60)
2026-09-17 20:44:47.855261+00:00 [debug] Invalid argument(s): invalid:[] (eturnal_ctl:get_credentials/2:73)
2026-09-17 20:44:47.855306+00:00 [debug] Handling API call: get_password([invalid]) (eturnal_ctl:get_password/1:79)
2026-09-17 20:44:47.855342+00:00 [debug] Cannot convert user name to binary: [invalid] (eturnal_ctl:with_username/2:201)
2026-09-17 20:44:47.855374+00:00 [debug] Handling API call: get_credentials([invalid], []) (eturnal_ctl:get_credentials/2:60)
2026-09-17 20:44:47.855414+00:00 [debug] Invalid argument(s): [invalid]:[] (eturnal_ctl:get_credentials/2:73)
2026-09-17 20:44:47.855477+00:00 [debug] Handling API call: get_credentials(1256900400, invalid) (eturnal_ctl:get_credentials/2:60)
2026-09-17 20:44:47.855522+00:00 [debug] Invalid argument(s): 1256900400:invalid (eturnal_ctl:get_credentials/2:73)
2026-09-17 20:44:47.855574+00:00 [debug] Handling API call: get_password("alice") (eturnal_ctl:get_password/1:79)
2026-09-17 20:44:47.855612+00:00 [debug] eturnal call ({get_password,<<"alice">>}) returned {ok,<<"l0vesBob">>} (eturnal_ctl:call/1:442)
2026-09-17 20:44:47.878024+00:00 [debug] Handling API call: set_loglevel(debug) (eturnal_ctl:set_loglevel/1:149)
2026-09-17 20:44:47.878174+00:00 [debug] eturnal call ({set_loglevel,debug}) returned ok (eturnal_ctl:call/1:439)
2026-09-17 20:44:47.878275+00:00 [debug] Handling API call: get_loglevel() (eturnal_ctl:get_loglevel/0:139)
2026-09-17 20:44:47.878319+00:00 [debug] eturnal call (get_loglevel) returned {ok,debug} (eturnal_ctl:call/1:442)
2026-09-17 20:44:47.878393+00:00 [debug] Handling API call: set_loglevel(invalid) (eturnal_ctl:set_loglevel/1:149)
2026-09-17 20:44:47.878426+00:00 [debug] Invalid log level: invalid (eturnal_ctl:set_loglevel/1:159)
2026-09-17 20:44:47.878483+00:00 [debug] Handling API call: get_loglevel() (eturnal_ctl:get_loglevel/0:139)
2026-09-17 20:44:47.878516+00:00 [debug] eturnal call (get_loglevel) returned {ok,debug} (eturnal_ctl:call/1:442)
2026-09-17 20:44:47.900919+00:00 [debug] Handling API call: get_version() (eturnal_ctl:get_version/0:129)
2026-09-17 20:44:47.901026+00:00 [debug] eturnal call (get_version) returned {ok,<<"1.12.3">>} (eturnal_ctl:call/1:442)
2026-09-17 20:44:47.923128+00:00 [debug] Handling API call: reload() (eturnal_ctl:reload/0:179)
2026-09-17 20:44:47.924471+00:00 [debug] Calling mod_log_stun:options/0 (eturnal_module:options/1:192)
2026-09-17 20:44:47.924554+00:00 [debug] Calling mod_stats_influx:options/0 (eturnal_module:options/1:192)
2026-09-17 20:44:47.924609+00:00 [debug] Calling mod_stats_prometheus:options/0 (eturnal_module:options/1:192)
2026-09-17 20:44:47.924942+00:00 [info] Reloading configuration (eturnal:reload/1:627)
2026-09-17 20:44:47.924996+00:00 [warning] TLS enabled without 'tls_crt_file', creating self-signed certificate (eturnal:check_pem_file/0:809)
2026-09-17 20:44:48.867057+00:00 [info] Using new TLS certificate (eturnal:reload/1:631)
2026-09-17 20:44:48.867820+00:00 [debug] Calling mod_stats_prometheus:stop/1 (eturnal_module:stop/1:163)
2026-09-17 20:44:48.867895+00:00 [debug] Stopping mod_stats_prometheus (mod_stats_prometheus:stop/0:110)
2026-09-17 20:44:48.868102+00:00 [info] Stopped mod_stats_prometheus (eturnal:stop_modules/1:397)
2026-09-17 20:44:48.868637+00:00 [debug] Calling mod_log_stun:stop/1 (eturnal_module:stop/1:163)
2026-09-17 20:44:48.868678+00:00 [debug] Stopping mod_log_stun (mod_log_stun:stop/0:49)
2026-09-17 20:44:48.868711+00:00 [info] Stopped mod_log_stun (eturnal:stop_modules/1:397)
2026-09-17 20:44:48.869022+00:00 [debug] Calling mod_stats_influx:stop/1 (eturnal_module:stop/1:163)
2026-09-17 20:44:48.869099+00:00 [debug] Stopping mod_stats_influx (mod_stats_influx:stop/0:61)
2026-09-17 20:44:48.869156+00:00 [info] Stopped mod_stats_influx (eturnal:stop_modules/1:397)
2026-09-17 20:44:48.869202+00:00 [debug] Calling mod_stats_prometheus:start/0 (eturnal_module:start/1:143)
2026-09-17 20:44:48.869255+00:00 [debug] Starting mod_stats_prometheus (mod_stats_prometheus:start/0:56)
2026-09-17 20:44:48.869300+00:00 [debug] Dependency prometheus_httpd was available already (eturnal_module:ensure_dep/2:284)
2026-09-17 20:44:48.869626+00:00 [debug] PROGRESS REPORT:
    supervisor: {local,httpd_instance_sup__127_0_0_1__9081default}
    started: [{pid,<0.1128.0>},
              {id,{httpd_connection_sup,{127,0,0,1},9081,default}},
              {mfargs,{httpd_connection_sup,start_link,[[{127,0,0,1},9081]]}},
              {restart_type,permanent},
              {significant,false},
              {shutdown,5000},
              {child_type,supervisor}]
 (supervisor:report_progress/3:2323)
2026-09-17 20:44:48.869718+00:00 [debug] PROGRESS REPORT:
    supervisor: {local,httpd_instance_sup__127_0_0_1__9081default}
    started: [{pid,<0.1129.0>},
              {id,{httpd_misc_sup,{127,0,0,1},9081,default}},
              {mfargs,{httpd_misc_sup,start_link,[{127,0,0,1},9081,default]}},
              {restart_type,permanent},
              {significant,false},
              {shutdown,infinity},
              {child_type,supervisor}]
 (supervisor:report_progress/3:2323)
2026-09-17 20:44:48.869844+00:00 [debug] PROGRESS REPORT:
    supervisor: {local,httpd_instance_sup__127_0_0_1__9081default}
    started: [{pid,<0.1130.0>},
              {id,{httpd_manager,{127,0,0,1},9081,default}},
              {mfargs,
                  {httpd_manager,start_link,
                      [undefined,
                       [{bind_address,{127,0,0,1}},
                        {socket_type,ip_comm},
                        {port,9081},
                        {server_root,"run/mod_stats_prometheus/doc"},
                        {document_root,"run/mod_stats_prometheus/doc"},
                        {server_name,"Prometheus Exporter"},
                        {modules,[prometheus_httpd]}],
                       15000]}},
              {restart_type,permanent},
              {significant,false},
              {shutdown,4000},
              {child_type,worker}]
 (supervisor:report_progress/3:2323)
2026-09-17 20:44:48.870080+00:00 [debug] PROGRESS REPORT:
    supervisor: {local,httpd_acceptor_sup__127_0_0_1__9081default}
    started: [{pid,<0.1132.0>},
              {id,{httpd_acceptor_sup,{127,0,0,1},9081,default}},
              {mfargs,{httpd_acceptor,start_link,
                                      [httpd__127_0_0_1__9081default,ip_comm,
                                       {127,0,0,1},
                                       9081,inet,
                                       httpd_conf__127_0_0_1__9081default,
                                       15000]}},
              {restart_type,transient},
              {significant,false},
              {shutdown,brutal_kill},
              {child_type,worker}]
 (supervisor:report_progress/3:2323)
2026-09-17 20:44:48.870151+00:00 [debug] PROGRESS REPORT:
    supervisor: {local,httpd_instance_sup__127_0_0_1__9081default}
    started: [{pid,<0.1131.0>},
              {id,{httpd_acceptor_sup,{127,0,0,1},9081,default}},
              {mfargs,
                  {httpd_acceptor_sup,start_link,
                      [[{127,0,0,1},
                        9081,
                        [{bind_address,{127,0,0,1}},
                         {socket_type,ip_comm},
                         {port,9081},
                         {server_root,"run/mod_stats_prometheus/doc"},
                         {document_root,"run/mod_stats_prometheus/doc"},
                         {server_name,"Prometheus Exporter"},
                         {modules,[prometheus_httpd]}],
                        15000,undefined]]}},
              {restart_type,permanent},
              {significant,false},
              {shutdown,infinity},
              {child_type,supervisor}]
 (supervisor:report_progress/3:2323)
2026-09-17 20:44:48.870211+00:00 [debug] PROGRESS REPORT:
    supervisor: {local,httpd_sup}
    started: [{pid,<0.1127.0>},
              {id,{httpd_instance_sup,{127,0,0,1},9081,default}},
              {mfargs,
                  {httpd_instance_sup,start_link,
                      [[{bind_address,{127,0,0,1}},
                        {socket_type,ip_comm},
                        {port,9081},
                        {server_root,"run/mod_stats_prometheus/doc"},
                        {document_root,"run/mod_stats_prometheus/doc"},
                        {server_name,"Prometheus Exporter"},
                        {modules,[prometheus_httpd]}],
                       15000,[]]}},
              {restart_type,permanent},
              {significant,false},
              {shutdown,infinity},
              {child_type,supervisor}]
 (supervisor:report_progress/3:2333)
2026-09-17 20:44:48.871004+00:00 [info] Started mod_stats_prometheus (eturnal:start_modules/0:384)
2026-09-17 20:44:48.871066+00:00 [debug] Calling mod_log_stun:start/0 (eturnal_module:start/1:143)
2026-09-17 20:44:48.871238+00:00 [debug] Starting mod_log_stun (mod_log_stun:start/0:38)
2026-09-17 20:44:48.871348+00:00 [info] Started mod_log_stun (eturnal:start_modules/0:384)
2026-09-17 20:44:48.871400+00:00 [debug] Calling mod_stats_influx:start/0 (eturnal_module:start/1:143)
2026-09-17 20:44:48.871449+00:00 [debug] Starting mod_stats_influx (mod_stats_influx:start/0:37)
2026-09-17 20:44:48.871483+00:00 [debug] Dependency influx_udp was available already (eturnal_module:ensure_dep/2:284)
2026-09-17 20:44:48.872394+00:00 [info]     options: #{port => 8089,host => "localhost",pool_size => 1,
               max_overflow => 1}
    msg: Start clients pool
    host: {127,0,0,1} (influx_udp:start_pool_/2:239)
2026-09-17 20:44:48.874406+00:00 [info] Started mod_stats_influx (eturnal:start_modules/0:384)
2026-09-17 20:44:48.874480+00:00 [debug] Restarted modules (eturnal:reload/1:639)
2026-09-17 20:44:48.874557+00:00 [debug] eturnal call (reload) returned ok (eturnal_ctl:call/1:439)
2026-09-17 20:44:48.874697+00:00 [debug] Handling API call: reload() (eturnal_ctl:reload/0:179)
2026-09-17 20:44:48.876081+00:00 [debug] Calling mod_log_stun:options/0 (eturnal_module:options/1:192)
2026-09-17 20:44:48.876148+00:00 [debug] Calling mod_stats_influx:options/0 (eturnal_module:options/1:192)
2026-09-17 20:44:48.876190+00:00 [debug] Calling mod_stats_prometheus:options/0 (eturnal_module:options/1:192)
2026-09-17 20:44:48.876521+00:00 [info] Reloading configuration (eturnal:reload/1:627)
2026-09-17 20:44:48.876581+00:00 [debug] Keeping PEM file (run/cert.pem) (eturnal:check_pem_file/0:806)
2026-09-17 20:44:48.876627+00:00 [debug] TLS certificate unchanged (eturnal:reload/1:633)
2026-09-17 20:44:48.877344+00:00 [debug] Calling mod_stats_prometheus:stop/1 (eturnal_module:stop/1:163)
2026-09-17 20:44:48.877408+00:00 [debug] Stopping mod_stats_prometheus (mod_stats_prometheus:stop/0:110)
2026-09-17 20:44:48.877641+00:00 [info] Stopped mod_stats_prometheus (eturnal:stop_modules/1:397)
2026-09-17 20:44:48.877992+00:00 [debug] Calling mod_log_stun:stop/1 (eturnal_module:stop/1:163)
2026-09-17 20:44:48.878067+00:00 [debug] Stopping mod_log_stun (mod_log_stun:stop/0:49)
2026-09-17 20:44:48.878095+00:00 [info] Stopped mod_log_stun (eturnal:stop_modules/1:397)
2026-09-17 20:44:48.878253+00:00 [debug] Calling mod_stats_influx:stop/1 (eturnal_module:stop/1:163)
2026-09-17 20:44:48.878299+00:00 [debug] Stopping mod_stats_influx (mod_stats_influx:stop/0:61)
2026-09-17 20:44:48.878353+00:00 [info] Stopped mod_stats_influx (eturnal:stop_modules/1:397)
2026-09-17 20:44:48.878415+00:00 [debug] Calling mod_stats_prometheus:start/0 (eturnal_module:start/1:143)
2026-09-17 20:44:48.878459+00:00 [debug] Starting mod_stats_prometheus (mod_stats_prometheus:start/0:56)
2026-09-17 20:44:48.878526+00:00 [debug] Dependency prometheus_httpd was available already (eturnal_module:ensure_dep/2:284)
2026-09-17 20:44:48.878886+00:00 [debug] PROGRESS REPORT:
    supervisor: {local,httpd_instance_sup__127_0_0_1__9081default}
    started: [{pid,<0.1164.0>},
              {id,{httpd_connection_sup,{127,0,0,1},9081,default}},
              {mfargs,{httpd_connection_sup,start_link,[[{127,0,0,1},9081]]}},
              {restart_type,permanent},
              {significant,false},
              {shutdown,5000},
              {child_type,supervisor}]
 (supervisor:report_progress/3:2323)
2026-09-17 20:44:48.878985+00:00 [debug] PROGRESS REPORT:
    supervisor: {local,httpd_instance_sup__127_0_0_1__9081default}
    started: [{pid,<0.1165.0>},
              {id,{httpd_misc_sup,{127,0,0,1},9081,default}},
              {mfargs,{httpd_misc_sup,start_link,[{127,0,0,1},9081,default]}},
              {restart_type,permanent},
              {significant,false},
              {shutdown,infinity},
              {child_type,supervisor}]
 (supervisor:report_progress/3:2323)
2026-09-17 20:44:48.879133+00:00 [debug] PROGRESS REPORT:
    supervisor: {local,httpd_instance_sup__127_0_0_1__9081default}
    started: [{pid,<0.1166.0>},
              {id,{httpd_manager,{127,0,0,1},9081,default}},
              {mfargs,
                  {httpd_manager,start_link,
                      [undefined,
                       [{bind_address,{127,0,0,1}},
                        {socket_type,ip_comm},
                        {port,9081},
                        {server_root,"run/mod_stats_prometheus/doc"},
                        {document_root,"run/mod_stats_prometheus/doc"},
                        {server_name,"Prometheus Exporter"},
                        {modules,[prometheus_httpd]}],
                       15000]}},
              {restart_type,permanent},
              {significant,false},
              {shutdown,4000},
              {child_type,worker}]
 (supervisor:report_progress/3:2323)
2026-09-17 20:44:48.879351+00:00 [debug] PROGRESS REPORT:
    supervisor: {local,httpd_acceptor_sup__127_0_0_1__9081default}
    started: [{pid,<0.1168.0>},
              {id,{httpd_acceptor_sup,{127,0,0,1},9081,default}},
              {mfargs,{httpd_acceptor,start_link,
                                      [httpd__127_0_0_1__9081default,ip_comm,
                                       {127,0,0,1},
                                       9081,inet,
                                       httpd_conf__127_0_0_1__9081default,
                                       15000]}},
              {restart_type,transient},
              {significant,false},
              {shutdown,brutal_kill},
              {child_type,worker}]
 (supervisor:report_progress/3:2323)
2026-09-17 20:44:48.879425+00:00 [debug] PROGRESS REPORT:
    supervisor: {local,httpd_instance_sup__127_0_0_1__9081default}
    started: [{pid,<0.1167.0>},
              {id,{httpd_acceptor_sup,{127,0,0,1},9081,default}},
              {mfargs,
                  {httpd_acceptor_sup,start_link,
                      [[{127,0,0,1},
                        9081,
                        [{bind_address,{127,0,0,1}},
                         {socket_type,ip_comm},
                         {port,9081},
                         {server_root,"run/mod_stats_prometheus/doc"},
                         {document_root,"run/mod_stats_prometheus/doc"},
                         {server_name,"Prometheus Exporter"},
                         {modules,[prometheus_httpd]}],
                        15000,undefined]]}},
              {restart_type,permanent},
              {significant,false},
              {shutdown,infinity},
              {child_type,supervisor}]
 (supervisor:report_progress/3:2323)
2026-09-17 20:44:48.879481+00:00 [debug] PROGRESS REPORT:
    supervisor: {local,httpd_sup}
    started: [{pid,<0.1163.0>},
              {id,{httpd_instance_sup,{127,0,0,1},9081,default}},
              {mfargs,
                  {httpd_instance_sup,start_link,
                      [[{bind_address,{127,0,0,1}},
                        {socket_type,ip_comm},
                        {port,9081},
                        {server_root,"run/mod_stats_prometheus/doc"},
                        {document_root,"run/mod_stats_prometheus/doc"},
                        {server_name,"Prometheus Exporter"},
                        {modules,[prometheus_httpd]}],
                       15000,[]]}},
              {restart_type,permanent},
              {significant,false},
              {shutdown,infinity},
              {child_type,supervisor}]
 (supervisor:report_progress/3:2333)
2026-09-17 20:44:48.880585+00:00 [info] Started mod_stats_prometheus (eturnal:start_modules/0:384)
2026-09-17 20:44:48.880657+00:00 [debug] Calling mod_log_stun:start/0 (eturnal_module:start/1:143)
2026-09-17 20:44:48.880698+00:00 [debug] Starting mod_log_stun (mod_log_stun:start/0:38)
2026-09-17 20:44:48.881618+00:00 [info] Started mod_log_stun (eturnal:start_modules/0:384)
2026-09-17 20:44:48.881706+00:00 [debug] Calling mod_stats_influx:start/0 (eturnal_module:start/1:143)
2026-09-17 20:44:48.881759+00:00 [debug] Starting mod_stats_influx (mod_stats_influx:start/0:37)
2026-09-17 20:44:48.881819+00:00 [debug] Dependency influx_udp was available already (eturnal_module:ensure_dep/2:284)
2026-09-17 20:44:48.882048+00:00 [info]     options: #{port => 8089,host => "localhost",pool_size => 1,
               max_overflow => 1}
    msg: Start clients pool
    host: {127,0,0,1} (influx_udp:start_pool_/2:239)
2026-09-17 20:44:48.882755+00:00 [info] Started mod_stats_influx (eturnal:start_modules/0:384)
2026-09-17 20:44:48.882802+00:00 [debug] Restarted modules (eturnal:reload/1:639)
2026-09-17 20:44:48.882852+00:00 [debug] eturnal call (reload) returned ok (eturnal_ctl:call/1:439)
2026-09-17 20:44:48.905572+00:00 [info] Accepting connection: 127.0.0.1:34918 -> 127.0.0.1:34780 [TCP, session w0eqpmwt7q3j] (stun_acceptor:accept/3:158)
2026-09-17 20:44:48.928253+00:00 [info] Accepting connection: 127.0.0.1:37604 -> 127.0.0.1:53490 [TLS, session 1v1owiowd26t] (stun_acceptor:accept/3:158)
2026-09-17 20:44:48.953988+00:00 [debug] Received:
#stun{class = request,method = 3,magic = 554869826,
      trid = 52390544727042033240145981088,raw = <<>>,unsupported = [],
      'ALTERNATE-SERVER' = undefined,'CHANNEL-NUMBER' = undefined,
      'DATA' = undefined,'DONT-FRAGMENT' = false,'ERROR-CODE' = undefined,
      'LIFETIME' = undefined,'MAPPED-ADDRESS' = undefined,
      'MESSAGE-INTEGRITY' = undefined,'NONCE' = undefined,'REALM' = undefined,
      'REQUESTED-ADDRESS-FAMILY' = undefined,
      'REQUESTED-TRANSPORT' = undefined,'SOFTWARE' = undefined,
      'UNKNOWN-ATTRIBUTES' = [],'USERNAME' = undefined,
      'XOR-MAPPED-ADDRESS' = undefined,'XOR-PEER-ADDRESS' = [],
      'XOR-RELAYED-ADDRESS' = undefined} (stun:udp_recv/5:146)
2026-09-17 20:44:48.954098+00:00 [debug] Sending:
#stun{class = error,method = 3,magic = 554869826,
      trid = 52390544727042033240145981088,raw = <<>>,unsupported = [],
      'ALTERNATE-SERVER' = undefined,'CHANNEL-NUMBER' = undefined,
      'DATA' = undefined,'DONT-FRAGMENT' = false,
      'ERROR-CODE' = {401,<<"Unauthorized">>},
      'LIFETIME' = undefined,'MAPPED-ADDRESS' = undefined,
      'MESSAGE-INTEGRITY' = undefined,'NONCE' = <<"1762482287">>,
      'REALM' = <<"eturnal.net">>,'REQUESTED-ADDRESS-FAMILY' = undefined,
      'REQUESTED-TRANSPORT' = undefined,'SOFTWARE' = <<"eturnal">>,
      'UNKNOWN-ATTRIBUTES' = [],'USERNAME' = undefined,
      'XOR-MAPPED-ADDRESS' = undefined,'XOR-PEER-ADDRESS' = [],
      'XOR-RELAYED-ADDRESS' = undefined} (stun:send/3:500)
2026-09-17 20:44:48.954290+00:00 [debug] Received:
#stun{class = request,method = 3,magic = 554869826,
      trid = 246764828674362207372806945,
      raw = <<0,3,0,76,33,18,164,66,0,204,30,124,42,198,68,201,79,87,139,33,0,
              25,0,4,17,0,0,0,0,6,0,5,97,108,105,99,101,0,0,0,0,20,0,11,101,
              116,117,114,110,97,108,46,110,101,116,0,0,21,0,10,49,55,54,50,52,
              56,50,50,56,55,0,0>>,
      unsupported = [],'ALTERNATE-SERVER' = undefined,
      'CHANNEL-NUMBER' = undefined,'DATA' = undefined,'DONT-FRAGMENT' = false,
      'ERROR-CODE' = undefined,'LIFETIME' = undefined,
      'MAPPED-ADDRESS' = undefined,
      'MESSAGE-INTEGRITY' = <<156,32,45,142,55,77,173,60,91,23,2,110,144,201,
                              53,11,239,18,216,33>>,
      'NONCE' = <<"1762482287">>,'REALM' = <<"eturnal.net">>,
      'REQUESTED-ADDRESS-FAMILY' = undefined,'REQUESTED-TRANSPORT' = udp,
      'SOFTWARE' = undefined,'UNKNOWN-ATTRIBUTES' = [],
      'USERNAME' = <<"alice">>,'XOR-MAPPED-ADDRESS' = undefined,
      'XOR-PEER-ADDRESS' = [],'XOR-RELAYED-ADDRESS' = undefined} (stun:udp_recv/5:146)
2026-09-17 20:44:48.954370+00:00 [debug] Looking up password for: alice [UDP, session 8p85y5n708fq, user alice, client 127.0.0.1:55795] (eturnal:get_password/2:259)
2026-09-17 20:44:48.954411+00:00 [info] Accepting long-term STUN/TURN authentication [UDP, session 8p85y5n708fq, user alice, client 127.0.0.1:55795] (stun:process/2:289)
2026-09-17 20:44:48.955757+00:00 [debug] Running 'turn_session_start' hook [UDP, session 8p85y5n708fq, user alice, client 127.0.0.1:55795] (turn:run_hook/3:753)
2026-09-17 20:44:48.955801+00:00 [debug] Got 'turn_session_start' event [UDP, session 8p85y5n708fq, user alice, client 127.0.0.1:55795] (eturnal_module:handle_event/2:177)
2026-09-17 20:44:48.955825+00:00 [debug] Calling mod_stats_prometheus:handle_event/2 [UDP, session 8p85y5n708fq, user alice, client 127.0.0.1:55795] (eturnal_module:handle_event/2:180)
2026-09-17 20:44:48.955862+00:00 [debug] Observing started TURN session 8p85y5n708fq for Prometheus [UDP, session 8p85y5n708fq, user alice, client 127.0.0.1:55795] (mod_stats_prometheus:on_turn_session_start/1:174)
2026-09-17 20:44:48.956001+00:00 [notice] Creating TURN allocation (lifetime: 600 seconds) [UDP, session 8p85y5n708fq, user alice, client 127.0.0.1:55795, relay 127.0.0.1:53536] (turn:wait_for_allocate/2:226)
2026-09-17 20:44:48.956087+00:00 [debug] Sending:
#stun{class = response,method = 3,magic = 554869826,
      trid = 246764828674362207372806945,raw = <<>>,unsupported = [],
      'ALTERNATE-SERVER' = undefined,'CHANNEL-NUMBER' = undefined,
      'DATA' = undefined,'DONT-FRAGMENT' = false,'ERROR-CODE' = undefined,
      'LIFETIME' = 600,'MAPPED-ADDRESS' = undefined,
      'MESSAGE-INTEGRITY' = undefined,'NONCE' = undefined,'REALM' = undefined,
      'REQUESTED-ADDRESS-FAMILY' = undefined,
      'REQUESTED-TRANSPORT' = undefined,'SOFTWARE' = <<"eturnal">>,
      'UNKNOWN-ATTRIBUTES' = [],'USERNAME' = undefined,
      'XOR-MAPPED-ADDRESS' = {{127,0,0,1},55795},
      'XOR-PEER-ADDRESS' = [],
      'XOR-RELAYED-ADDRESS' = {{127,0,0,1},53536}} (turn:send/2:549)
2026-09-17 20:44:48.956247+00:00 [debug] Received:
#stun{class = request,method = 4,magic = 554869826,
      trid = 5476595833584980938486469350,
      raw = <<0,4,0,76,33,18,164,66,17,178,34,71,7,167,49,144,109,32,82,230,0,
              6,0,5,97,108,105,99,101,0,0,0,0,20,0,11,101,116,117,114,110,97,
              108,46,110,101,116,0,0,21,0,10,49,55,54,50,52,56,50,50,56,55,0,0,
              0,13,0,4,0,0,0,0>>,
      unsupported = [],'ALTERNATE-SERVER' = undefined,
      'CHANNEL-NUMBER' = undefined,'DATA' = undefined,'DONT-FRAGMENT' = false,
      'ERROR-CODE' = undefined,'LIFETIME' = 0,'MAPPED-ADDRESS' = undefined,
      'MESSAGE-INTEGRITY' = <<33,192,223,187,124,46,19,148,206,36,173,0,122,5,
                              84,44,214,32,2,235>>,
      'NONCE' = <<"1762482287">>,'REALM' = <<"eturnal.net">>,
      'REQUESTED-ADDRESS-FAMILY' = undefined,
      'REQUESTED-TRANSPORT' = undefined,'SOFTWARE' = undefined,
      'UNKNOWN-ATTRIBUTES' = [],'USERNAME' = <<"alice">>,
      'XOR-MAPPED-ADDRESS' = undefined,'XOR-PEER-ADDRESS' = [],
      'XOR-RELAYED-ADDRESS' = undefined} (stun:udp_recv/5:146)
2026-09-17 20:44:48.956323+00:00 [debug] Looking up password for: alice [UDP, session 8wt9z7uoas4l, user alice, client 127.0.0.1:55795] (eturnal:get_password/2:259)
2026-09-17 20:44:48.956349+00:00 [info] Accepting long-term STUN/TURN authentication [UDP, session 8wt9z7uoas4l, user alice, client 127.0.0.1:55795] (stun:process/2:289)
2026-09-17 20:44:48.956369+00:00 [info] Client requested closing the TURN session [UDP, session 8p85y5n708fq, user alice, client 127.0.0.1:55795, relay 127.0.0.1:53536] (turn:active/2:285)
2026-09-17 20:44:48.956422+00:00 [debug] Sending:
#stun{class = response,method = 4,magic = 554869826,
      trid = 5476595833584980938486469350,raw = <<>>,unsupported = [],
      'ALTERNATE-SERVER' = undefined,'CHANNEL-NUMBER' = undefined,
      'DATA' = undefined,'DONT-FRAGMENT' = false,'ERROR-CODE' = undefined,
      'LIFETIME' = 0,'MAPPED-ADDRESS' = undefined,
      'MESSAGE-INTEGRITY' = undefined,'NONCE' = undefined,'REALM' = undefined,
      'REQUESTED-ADDRESS-FAMILY' = undefined,
      'REQUESTED-TRANSPORT' = undefined,'SOFTWARE' = <<"eturnal">>,
      'UNKNOWN-ATTRIBUTES' = [],'USERNAME' = undefined,
      'XOR-MAPPED-ADDRESS' = undefined,'XOR-PEER-ADDRESS' = [],
      'XOR-RELAYED-ADDRESS' = undefined} (turn:send/2:549)
2026-09-17 20:44:48.956483+00:00 [info] Deleting TURN allocation [UDP, session 8p85y5n708fq, user alice, client 127.0.0.1:55795, relay 127.0.0.1:53536] (turn:terminate/3:482)
2026-09-17 20:44:48.956505+00:00 [notice] Relayed 0 KiB (in 0 B / 0 packets, out 0 B / 0 packets), duration: 0 seconds [UDP, session 8p85y5n708fq, user alice, client 127.0.0.1:55795, relay 127.0.0.1:53536] (turn:terminate/3:489)
2026-09-17 20:44:48.956629+00:00 [debug] Received:
#stun{class = request,method = 3,magic = 554869826,
      trid = 78760473900312044430285198651,raw = <<>>,unsupported = [],
      'ALTERNATE-SERVER' = undefined,'CHANNEL-NUMBER' = undefined,
      'DATA' = undefined,'DONT-FRAGMENT' = false,'ERROR-CODE' = undefined,
      'LIFETIME' = undefined,'MAPPED-ADDRESS' = undefined,
      'MESSAGE-INTEGRITY' = undefined,'NONCE' = undefined,'REALM' = undefined,
      'REQUESTED-ADDRESS-FAMILY' = undefined,
      'REQUESTED-TRANSPORT' = undefined,'SOFTWARE' = undefined,
      'UNKNOWN-ATTRIBUTES' = [],'USERNAME' = undefined,
      'XOR-MAPPED-ADDRESS' = undefined,'XOR-PEER-ADDRESS' = [],
      'XOR-RELAYED-ADDRESS' = undefined} (stun:udp_recv/5:146)
2026-09-17 20:44:48.956646+00:00 [debug] Running 'turn_session_stop' hook [UDP, session 8p85y5n708fq, user alice, client 127.0.0.1:55795, relay 127.0.0.1:53536] (turn:run_hook/3:753)
2026-09-17 20:44:48.956673+00:00 [debug] Got 'turn_session_stop' event [UDP, session 8p85y5n708fq, user alice, client 127.0.0.1:55795, relay 127.0.0.1:53536] (eturnal_module:handle_event/2:177)
2026-09-17 20:44:48.956677+00:00 [debug] Sending:
#stun{class = error,method = 3,magic = 554869826,
      trid = 78760473900312044430285198651,raw = <<>>,unsupported = [],
      'ALTERNATE-SERVER' = undefined,'CHANNEL-NUMBER' = undefined,
      'DATA' = undefined,'DONT-FRAGMENT' = false,
      'ERROR-CODE' = {401,<<"Unauthorized">>},
      'LIFETIME' = undefined,'MAPPED-ADDRESS' = undefined,
      'MESSAGE-INTEGRITY' = undefined,'NONCE' = <<"3188257620">>,
      'REALM' = <<"eturnal.net">>,'REQUESTED-ADDRESS-FAMILY' = undefined,
      'REQUESTED-TRANSPORT' = undefined,'SOFTWARE' = <<"eturnal">>,
      'UNKNOWN-ATTRIBUTES' = [],'USERNAME' = undefined,
      'XOR-MAPPED-ADDRESS' = undefined,'XOR-PEER-ADDRESS' = [],
      'XOR-RELAYED-ADDRESS' = undefined} (stun:send/3:500)
2026-09-17 20:44:48.956688+00:00 [debug] Calling mod_stats_influx:handle_event/2 [UDP, session 8p85y5n708fq, user alice, client 127.0.0.1:55795, relay 127.0.0.1:53536] (eturnal_module:handle_event/2:180)
2026-09-17 20:44:48.956708+00:00 [debug] Writing stats of TURN session 8p85y5n708fq to InfluxDB [UDP, session 8p85y5n708fq, user alice, client 127.0.0.1:55795, relay 127.0.0.1:53536] (mod_stats_influx:on_turn_session_stop/1:87)
2026-09-17 20:44:48.956784+00:00 [debug] Received:
#stun{class = request,method = 3,magic = 554869826,
      trid = 49986433168069237578200967603,
      raw = <<0,3,0,80,33,18,164,66,161,131,206,243,199,246,163,175,206,6,233,
              179,0,25,0,4,17,0,0,0,0,6,0,10,50,49,52,53,57,49,51,50,48,48,0,0,
              0,20,0,11,101,116,117,114,110,97,108,46,110,101,116,0,0,21,0,10,
              51,49,56,56,50,53,55,54,50,48,0,0>>,
      unsupported = [],'ALTERNATE-SERVER' = undefined,
      'CHANNEL-NUMBER' = undefined,'DATA' = undefined,'DONT-FRAGMENT' = false,
      'ERROR-CODE' = undefined,'LIFETIME' = undefined,
      'MAPPED-ADDRESS' = undefined,
      'MESSAGE-INTEGRITY' = <<53,47,45,34,31,136,121,127,17,169,153,107,126,
                              112,69,240,174,86,156,163>>,
      'NONCE' = <<"3188257620">>,'REALM' = <<"eturnal.net">>,
      'REQUESTED-ADDRESS-FAMILY' = undefined,'REQUESTED-TRANSPORT' = udp,
      'SOFTWARE' = undefined,'UNKNOWN-ATTRIBUTES' = [],
      'USERNAME' = <<"2145913200">>,'XOR-MAPPED-ADDRESS' = undefined,
      'XOR-PEER-ADDRESS' = [],'XOR-RELAYED-ADDRESS' = undefined} (stun:udp_recv/5:146)
2026-09-17 20:44:48.956845+00:00 [debug] Deriving password for: 2145913200 [UDP, session 18cjp20if5a4, user 2145913200, client 127.0.0.1:50233] (eturnal:get_password/2:245)
2026-09-17 20:44:48.956875+00:00 [info] Accepting long-term STUN/TURN authentication [UDP, session 18cjp20if5a4, user 2145913200, client 127.0.0.1:50233] (stun:process/2:289)
2026-09-17 20:44:48.957003+00:00 [debug] Running 'turn_session_start' hook [UDP, session 18cjp20if5a4, user 2145913200, client 127.0.0.1:50233] (turn:run_hook/3:753)
2026-09-17 20:44:48.957057+00:00 [debug] Got 'turn_session_start' event [UDP, session 18cjp20if5a4, user 2145913200, client 127.0.0.1:50233] (eturnal_module:handle_event/2:177)
2026-09-17 20:44:48.957088+00:00 [debug] Calling mod_stats_prometheus:handle_event/2 [UDP, session 18cjp20if5a4, user 2145913200, client 127.0.0.1:50233] (eturnal_module:handle_event/2:180)
2026-09-17 20:44:48.957137+00:00 [debug] Observing started TURN session 18cjp20if5a4 for Prometheus [UDP, session 18cjp20if5a4, user 2145913200, client 127.0.0.1:50233] (mod_stats_prometheus:on_turn_session_start/1:174)
2026-09-17 20:44:48.957265+00:00 [notice] Creating TURN allocation (lifetime: 600 seconds) [UDP, session 18cjp20if5a4, user 2145913200, client 127.0.0.1:50233, relay 127.0.0.1:49660] (turn:wait_for_allocate/2:226)
2026-09-17 20:44:48.957320+00:00 [debug] Sending:
#stun{class = response,method = 3,magic = 554869826,
      trid = 49986433168069237578200967603,raw = <<>>,unsupported = [],
      'ALTERNATE-SERVER' = undefined,'CHANNEL-NUMBER' = undefined,
      'DATA' = undefined,'DONT-FRAGMENT' = false,'ERROR-CODE' = undefined,
      'LIFETIME' = 600,'MAPPED-ADDRESS' = undefined,
      'MESSAGE-INTEGRITY' = undefined,'NONCE' = undefined,'REALM' = undefined,
      'REQUESTED-ADDRESS-FAMILY' = undefined,
      'REQUESTED-TRANSPORT' = undefined,'SOFTWARE' = <<"eturnal">>,
      'UNKNOWN-ATTRIBUTES' = [],'USERNAME' = undefined,
      'XOR-MAPPED-ADDRESS' = {{127,0,0,1},50233},
      'XOR-PEER-ADDRESS' = [],
      'XOR-RELAYED-ADDRESS' = {{127,0,0,1},49660}} (turn:send/2:549)
2026-09-17 20:44:48.957463+00:00 [debug] Received:
#stun{class = request,method = 4,magic = 554869826,
      trid = 9660392736702910882538870274,
      raw = <<0,4,0,80,33,18,164,66,31,54,227,187,156,29,111,254,150,252,86,2,
              0,6,0,10,50,49,52,53,57,49,51,50,48,48,0,0,0,20,0,11,101,116,117,
              114,110,97,108,46,110,101,116,0,0,21,0,10,51,49,56,56,50,53,55,
              54,50,48,0,0,0,13,0,4,0,0,0,0>>,
      unsupported = [],'ALTERNATE-SERVER' = undefined,
      'CHANNEL-NUMBER' = undefined,'DATA' = undefined,'DONT-FRAGMENT' = false,
      'ERROR-CODE' = undefined,'LIFETIME' = 0,'MAPPED-ADDRESS' = undefined,
      'MESSAGE-INTEGRITY' = <<164,85,104,129,246,26,242,245,226,228,140,106,
                              231,6,138,111,78,57,158,5>>,
      'NONCE' = <<"3188257620">>,'REALM' = <<"eturnal.net">>,
      'REQUESTED-ADDRESS-FAMILY' = undefined,
      'REQUESTED-TRANSPORT' = undefined,'SOFTWARE' = undefined,
      'UNKNOWN-ATTRIBUTES' = [],'USERNAME' = <<"2145913200">>,
      'XOR-MAPPED-ADDRESS' = undefined,'XOR-PEER-ADDRESS' = [],
      'XOR-RELAYED-ADDRESS' = undefined} (stun:udp_recv/5:146)
2026-09-17 20:44:48.957514+00:00 [debug] Deriving password for: 2145913200 [UDP, session s02z5ar08q5o, user 2145913200, client 127.0.0.1:50233] (eturnal:get_password/2:245)
2026-09-17 20:44:48.957543+00:00 [info] Accepting long-term STUN/TURN authentication [UDP, session s02z5ar08q5o, user 2145913200, client 127.0.0.1:50233] (stun:process/2:289)
2026-09-17 20:44:48.957560+00:00 [info] Client requested closing the TURN session [UDP, session 18cjp20if5a4, user 2145913200, client 127.0.0.1:50233, relay 127.0.0.1:49660] (turn:active/2:285)
2026-09-17 20:44:48.957599+00:00 [debug] Sending:
#stun{class = response,method = 4,magic = 554869826,
      trid = 9660392736702910882538870274,raw = <<>>,unsupported = [],
      'ALTERNATE-SERVER' = undefined,'CHANNEL-NUMBER' = undefined,
      'DATA' = undefined,'DONT-FRAGMENT' = false,'ERROR-CODE' = undefined,
      'LIFETIME' = 0,'MAPPED-ADDRESS' = undefined,
      'MESSAGE-INTEGRITY' = undefined,'NONCE' = undefined,'REALM' = undefined,
      'REQUESTED-ADDRESS-FAMILY' = undefined,
      'REQUESTED-TRANSPORT' = undefined,'SOFTWARE' = <<"eturnal">>,
      'UNKNOWN-ATTRIBUTES' = [],'USERNAME' = undefined,
      'XOR-MAPPED-ADDRESS' = undefined,'XOR-PEER-ADDRESS' = [],
      'XOR-RELAYED-ADDRESS' = undefined} (turn:send/2:549)
2026-09-17 20:44:48.957657+00:00 [info] Deleting TURN allocation [UDP, session 18cjp20if5a4, user 2145913200, client 127.0.0.1:50233, relay 127.0.0.1:49660] (turn:terminate/3:482)
2026-09-17 20:44:48.957673+00:00 [notice] Relayed 0 KiB (in 0 B / 0 packets, out 0 B / 0 packets), duration: 0 seconds [UDP, session 18cjp20if5a4, user 2145913200, client 127.0.0.1:50233, relay 127.0.0.1:49660] (turn:terminate/3:489)
2026-09-17 20:44:48.957689+00:00 [debug] Running 'turn_session_stop' hook [UDP, session 18cjp20if5a4, user 2145913200, client 127.0.0.1:50233, relay 127.0.0.1:49660] (turn:run_hook/3:753)
2026-09-17 20:44:48.957725+00:00 [debug] Got 'turn_session_stop' event [UDP, session 18cjp20if5a4, user 2145913200, client 127.0.0.1:50233, relay 127.0.0.1:49660] (eturnal_module:handle_event/2:177)
2026-09-17 20:44:48.957762+00:00 [debug] Calling mod_stats_influx:handle_event/2 [UDP, session 18cjp20if5a4, user 2145913200, client 127.0.0.1:50233, relay 127.0.0.1:49660] (eturnal_module:handle_event/2:180)
2026-09-17 20:44:48.957801+00:00 [debug] Writing stats of TURN session 18cjp20if5a4 to InfluxDB [UDP, session 18cjp20if5a4, user 2145913200, client 127.0.0.1:50233, relay 127.0.0.1:49660] (mod_stats_influx:on_turn_session_stop/1:87)
2026-09-17 20:44:48.957853+00:00 [debug] Calling mod_stats_prometheus:handle_event/2 [UDP, session 8p85y5n708fq, user alice, client 127.0.0.1:55795, relay 127.0.0.1:53536] (eturnal_module:handle_event/2:180)
2026-09-17 20:44:48.957881+00:00 [debug] Calling mod_stats_prometheus:handle_event/2 [UDP, session 18cjp20if5a4, user 2145913200, client 127.0.0.1:50233, relay 127.0.0.1:49660] (eturnal_module:handle_event/2:180)
2026-09-17 20:44:48.957890+00:00 [debug] Observing stopped TURN session 8p85y5n708fq for Prometheus [UDP, session 8p85y5n708fq, user alice, client 127.0.0.1:55795, relay 127.0.0.1:53536] (mod_stats_prometheus:on_turn_session_stop/1:187)
2026-09-17 20:44:48.957915+00:00 [debug] Observing stopped TURN session 18cjp20if5a4 for Prometheus [UDP, session 18cjp20if5a4, user 2145913200, client 127.0.0.1:50233, relay 127.0.0.1:49660] (mod_stats_prometheus:on_turn_session_stop/1:187)
2026-09-17 20:44:48.980332+00:00 [debug] Received:
#stun{class = request,method = 1,magic = 554869826,
      trid = 26585690042497989009456637516,raw = <<>>,unsupported = [],
      'ALTERNATE-SERVER' = undefined,'CHANNEL-NUMBER' = undefined,
      'DATA' = undefined,'DONT-FRAGMENT' = false,'ERROR-CODE' = undefined,
      'LIFETIME' = undefined,'MAPPED-ADDRESS' = undefined,
      'MESSAGE-INTEGRITY' = undefined,'NONCE' = undefined,'REALM' = undefined,
      'REQUESTED-ADDRESS-FAMILY' = undefined,
      'REQUESTED-TRANSPORT' = undefined,'SOFTWARE' = undefined,
      'UNKNOWN-ATTRIBUTES' = [],'USERNAME' = undefined,
      'XOR-MAPPED-ADDRESS' = undefined,'XOR-PEER-ADDRESS' = [],
      'XOR-RELAYED-ADDRESS' = undefined} (stun:udp_recv/5:146)
2026-09-17 20:44:48.980401+00:00 [debug] Responding to STUN request [UDP, session 9yl1ih4qs720, anonymous, client 127.0.0.1:53649] (stun:process/4:357)
2026-09-17 20:44:48.980435+00:00 [debug] Running 'stun_query' hook [UDP, session 9yl1ih4qs720, anonymous, client 127.0.0.1:53649] (stun:run_hook/3:747)
2026-09-17 20:44:48.980456+00:00 [debug] Got 'stun_query' event [UDP, session 9yl1ih4qs720, anonymous, client 127.0.0.1:53649] (eturnal_module:handle_event/2:177)
2026-09-17 20:44:48.980477+00:00 [debug] Calling mod_log_stun:handle_event/2 [UDP, session 9yl1ih4qs720, anonymous, client 127.0.0.1:53649] (eturnal_module:handle_event/2:180)
2026-09-17 20:44:48.980501+00:00 [info] Responding to STUN request [UDP, session 9yl1ih4qs720, anonymous, client 127.0.0.1:53649] (mod_log_stun:handle_event/2:44)
2026-09-17 20:44:48.980519+00:00 [debug] Calling mod_stats_influx:handle_event/2 [UDP, session 9yl1ih4qs720, anonymous, client 127.0.0.1:53649] (eturnal_module:handle_event/2:180)
2026-09-17 20:44:48.980541+00:00 [debug] Writing STUN query event to InfluxDB [UDP, session 9yl1ih4qs720, anonymous, client 127.0.0.1:53649] (mod_stats_influx:on_stun_query/1:76)
2026-09-17 20:44:48.980641+00:00 [debug] Calling mod_stats_prometheus:handle_event/2 [UDP, session 9yl1ih4qs720, anonymous, client 127.0.0.1:53649] (eturnal_module:handle_event/2:180)
2026-09-17 20:44:48.980669+00:00 [debug] Observing STUN query for Prometheus [UDP, session 9yl1ih4qs720, anonymous, client 127.0.0.1:53649] (mod_stats_prometheus:on_stun_query/1:166)
2026-09-17 20:44:48.980718+00:00 [debug] Sending:
#stun{class = response,method = 1,magic = 554869826,
      trid = 26585690042497989009456637516,raw = <<>>,unsupported = [],
      'ALTERNATE-SERVER' = undefined,'CHANNEL-NUMBER' = undefined,
      'DATA' = undefined,'DONT-FRAGMENT' = false,'ERROR-CODE' = undefined,
      'LIFETIME' = undefined,'MAPPED-ADDRESS' = undefined,
      'MESSAGE-INTEGRITY' = undefined,'NONCE' = undefined,'REALM' = undefined,
      'REQUESTED-ADDRESS-FAMILY' = undefined,
      'REQUESTED-TRANSPORT' = undefined,'SOFTWARE' = <<"eturnal">>,
      'UNKNOWN-ATTRIBUTES' = [],'USERNAME' = undefined,
      'XOR-MAPPED-ADDRESS' = {{127,0,0,1},53649},
      'XOR-PEER-ADDRESS' = [],'XOR-RELAYED-ADDRESS' = undefined} (stun:send/3:500)
2026-09-17 20:44:49.003488+00:00 [info] Accepting connection: 127.0.0.1:34928 -> 127.0.0.1:34780 [TCP, session xqcujyf3ywwo] (stun_acceptor:accept/3:158)
2026-09-17 20:44:49.003698+00:00 [debug] Received:
#stun{class = request,method = 1,magic = 554869826,
      trid = 43013989056126596515293622894,raw = <<>>,unsupported = [],
      'ALTERNATE-SERVER' = undefined,'CHANNEL-NUMBER' = undefined,
      'DATA' = undefined,'DONT-FRAGMENT' = false,'ERROR-CODE' = undefined,
      'LIFETIME' = undefined,'MAPPED-ADDRESS' = undefined,
      'MESSAGE-INTEGRITY' = undefined,'NONCE' = undefined,'REALM' = undefined,
      'REQUESTED-ADDRESS-FAMILY' = undefined,
      'REQUESTED-TRANSPORT' = undefined,'SOFTWARE' = undefined,
      'UNKNOWN-ATTRIBUTES' = [],'USERNAME' = undefined,
      'XOR-MAPPED-ADDRESS' = undefined,'XOR-PEER-ADDRESS' = [],
      'XOR-RELAYED-ADDRESS' = undefined} (stun:process_data/3:457)
2026-09-17 20:44:49.003736+00:00 [debug] Responding to STUN request [TCP, session xqcujyf3ywwo, anonymous, client 127.0.0.1:34928] (stun:process/4:357)
2026-09-17 20:44:49.003763+00:00 [debug] Running 'stun_query' hook [TCP, session xqcujyf3ywwo, anonymous, client 127.0.0.1:34928] (stun:run_hook/3:747)
2026-09-17 20:44:49.003788+00:00 [debug] Got 'stun_query' event [TCP, session xqcujyf3ywwo, anonymous, client 127.0.0.1:34928] (eturnal_module:handle_event/2:177)
2026-09-17 20:44:49.003802+00:00 [debug] Calling mod_log_stun:handle_event/2 [TCP, session xqcujyf3ywwo, anonymous, client 127.0.0.1:34928] (eturnal_module:handle_event/2:180)
2026-09-17 20:44:49.003819+00:00 [info] Responding to STUN request [TCP, session xqcujyf3ywwo, anonymous, client 127.0.0.1:34928] (mod_log_stun:handle_event/2:44)
2026-09-17 20:44:49.003833+00:00 [debug] Calling mod_stats_influx:handle_event/2 [TCP, session xqcujyf3ywwo, anonymous, client 127.0.0.1:34928] (eturnal_module:handle_event/2:180)
2026-09-17 20:44:49.003851+00:00 [debug] Writing STUN query event to InfluxDB [TCP, session xqcujyf3ywwo, anonymous, client 127.0.0.1:34928] (mod_stats_influx:on_stun_query/1:76)
2026-09-17 20:44:49.003951+00:00 [debug] Calling mod_stats_prometheus:handle_event/2 [TCP, session xqcujyf3ywwo, anonymous, client 127.0.0.1:34928] (eturnal_module:handle_event/2:180)
2026-09-17 20:44:49.003975+00:00 [debug] Observing STUN query for Prometheus [TCP, session xqcujyf3ywwo, anonymous, client 127.0.0.1:34928] (mod_stats_prometheus:on_stun_query/1:166)
2026-09-17 20:44:49.004028+00:00 [debug] Sending:
#stun{class = response,method = 1,magic = 554869826,
      trid = 43013989056126596515293622894,raw = <<>>,unsupported = [],
      'ALTERNATE-SERVER' = undefined,'CHANNEL-NUMBER' = undefined,
      'DATA' = undefined,'DONT-FRAGMENT' = false,'ERROR-CODE' = undefined,
      'LIFETIME' = undefined,'MAPPED-ADDRESS' = undefined,
      'MESSAGE-INTEGRITY' = undefined,'NONCE' = undefined,'REALM' = undefined,
      'REQUESTED-ADDRESS-FAMILY' = undefined,
      'REQUESTED-TRANSPORT' = undefined,'SOFTWARE' = <<"eturnal">>,
      'UNKNOWN-ATTRIBUTES' = [],'USERNAME' = undefined,
      'XOR-MAPPED-ADDRESS' = {{127,0,0,1},34928},
      'XOR-PEER-ADDRESS' = [],'XOR-RELAYED-ADDRESS' = undefined} (stun:send/3:500)
2026-09-17 20:44:49.005658+00:00 [info] Connection reset by peer [TCP, session xqcujyf3ywwo, anonymous, client 127.0.0.1:34928] (stun:handle_info/3:206)
2026-09-17 20:44:49.026734+00:00 [info] Accepting connection: 127.0.0.1:37608 -> 127.0.0.1:53490 [TLS, session t4pux4qudzfy] (stun_acceptor:accept/3:158)
2026-09-17 20:44:50.032970+00:00 [debug] Received:
#stun{class = request,method = 1,magic = 554869826,
      trid = 35849652488963081697863913264,raw = <<>>,unsupported = [],
      'ALTERNATE-SERVER' = undefined,'CHANNEL-NUMBER' = undefined,
      'DATA' = undefined,'DONT-FRAGMENT' = false,'ERROR-CODE' = undefined,
      'LIFETIME' = undefined,'MAPPED-ADDRESS' = undefined,
      'MESSAGE-INTEGRITY' = undefined,'NONCE' = undefined,'REALM' = undefined,
      'REQUESTED-ADDRESS-FAMILY' = undefined,
      'REQUESTED-TRANSPORT' = undefined,'SOFTWARE' = undefined,
      'UNKNOWN-ATTRIBUTES' = [],'USERNAME' = undefined,
      'XOR-MAPPED-ADDRESS' = undefined,'XOR-PEER-ADDRESS' = [],
      'XOR-RELAYED-ADDRESS' = undefined} (stun:process_data/3:457)
2026-09-17 20:44:50.033103+00:00 [debug] Responding to STUN request [TLS, session t4pux4qudzfy, anonymous, client 127.0.0.1:37608] (stun:process/4:357)
2026-09-17 20:44:50.033127+00:00 [debug] Running 'stun_query' hook [TLS, session t4pux4qudzfy, anonymous, client 127.0.0.1:37608] (stun:run_hook/3:747)
2026-09-17 20:44:50.033156+00:00 [debug] Got 'stun_query' event [TLS, session t4pux4qudzfy, anonymous, client 127.0.0.1:37608] (eturnal_module:handle_event/2:177)
2026-09-17 20:44:50.033185+00:00 [debug] Calling mod_log_stun:handle_event/2 [TLS, session t4pux4qudzfy, anonymous, client 127.0.0.1:37608] (eturnal_module:handle_event/2:180)
2026-09-17 20:44:50.033205+00:00 [info] Responding to STUN request [TLS, session t4pux4qudzfy, anonymous, client 127.0.0.1:37608] (mod_log_stun:handle_event/2:44)
2026-09-17 20:44:50.033246+00:00 [debug] Calling mod_stats_influx:handle_event/2 [TLS, session t4pux4qudzfy, anonymous, client 127.0.0.1:37608] (eturnal_module:handle_event/2:180)
2026-09-17 20:44:50.033282+00:00 [debug] Writing STUN query event to InfluxDB [TLS, session t4pux4qudzfy, anonymous, client 127.0.0.1:37608] (mod_stats_influx:on_stun_query/1:76)
2026-09-17 20:44:50.033445+00:00 [debug] Calling mod_stats_prometheus:handle_event/2 [TLS, session t4pux4qudzfy, anonymous, client 127.0.0.1:37608] (eturnal_module:handle_event/2:180)
2026-09-17 20:44:50.033499+00:00 [debug] Observing STUN query for Prometheus [TLS, session t4pux4qudzfy, anonymous, client 127.0.0.1:37608] (mod_stats_prometheus:on_stun_query/1:166)
2026-09-17 20:44:50.033555+00:00 [debug] Sending:
#stun{class = response,method = 1,magic = 554869826,
      trid = 35849652488963081697863913264,raw = <<>>,unsupported = [],
      'ALTERNATE-SERVER' = undefined,'CHANNEL-NUMBER' = undefined,
      'DATA' = undefined,'DONT-FRAGMENT' = false,'ERROR-CODE' = undefined,
      'LIFETIME' = undefined,'MAPPED-ADDRESS' = undefined,
      'MESSAGE-INTEGRITY' = undefined,'NONCE' = undefined,'REALM' = undefined,
      'REQUESTED-ADDRESS-FAMILY' = undefined,
      'REQUESTED-TRANSPORT' = undefined,'SOFTWARE' = <<"eturnal">>,
      'UNKNOWN-ATTRIBUTES' = [],'USERNAME' = undefined,
      'XOR-MAPPED-ADDRESS' = {{127,0,0,1},37608},
      'XOR-PEER-ADDRESS' = [],'XOR-RELAYED-ADDRESS' = undefined} (stun:send/3:500)
2026-09-17 20:44:50.033815+00:00 [info] Connection reset by peer [TLS, session t4pux4qudzfy, anonymous, client 127.0.0.1:37608] (stun:handle_info/3:206)
2026-09-17 20:44:50.057051+00:00 [info] Accepting connection: 127.0.0.1:42522 -> 127.0.0.1:34781 [TCP|TLS, session bz0qrw7r5kb7] (stun_acceptor:accept/3:158)
2026-09-17 20:44:50.057151+00:00 [debug] Determined transport protocol: TCP (stun:is_tls_handshake/1:693)
2026-09-17 20:44:50.057322+00:00 [debug] Received:
#stun{class = request,method = 1,magic = 554869826,
      trid = 34968335862861158135620816270,raw = <<>>,unsupported = [],
      'ALTERNATE-SERVER' = undefined,'CHANNEL-NUMBER' = undefined,
      'DATA' = undefined,'DONT-FRAGMENT' = false,'ERROR-CODE' = undefined,
      'LIFETIME' = undefined,'MAPPED-ADDRESS' = undefined,
      'MESSAGE-INTEGRITY' = undefined,'NONCE' = undefined,'REALM' = undefined,
      'REQUESTED-ADDRESS-FAMILY' = undefined,
      'REQUESTED-TRANSPORT' = undefined,'SOFTWARE' = undefined,
      'UNKNOWN-ATTRIBUTES' = [],'USERNAME' = undefined,
      'XOR-MAPPED-ADDRESS' = undefined,'XOR-PEER-ADDRESS' = [],
      'XOR-RELAYED-ADDRESS' = undefined} (stun:process_data/3:457)
2026-09-17 20:44:50.057395+00:00 [debug] Responding to STUN request [TCP, session bz0qrw7r5kb7, anonymous, client 127.0.0.1:42522] (stun:process/4:357)
2026-09-17 20:44:50.057423+00:00 [debug] Running 'stun_query' hook [TCP, session bz0qrw7r5kb7, anonymous, client 127.0.0.1:42522] (stun:run_hook/3:747)
2026-09-17 20:44:50.057442+00:00 [debug] Got 'stun_query' event [TCP, session bz0qrw7r5kb7, anonymous, client 127.0.0.1:42522] (eturnal_module:handle_event/2:177)
2026-09-17 20:44:50.057468+00:00 [debug] Calling mod_log_stun:handle_event/2 [TCP, session bz0qrw7r5kb7, anonymous, client 127.0.0.1:42522] (eturnal_module:handle_event/2:180)
2026-09-17 20:44:50.057490+00:00 [info] Responding to STUN request [TCP, session bz0qrw7r5kb7, anonymous, client 127.0.0.1:42522] (mod_log_stun:handle_event/2:44)
2026-09-17 20:44:50.057509+00:00 [debug] Calling mod_stats_influx:handle_event/2 [TCP, session bz0qrw7r5kb7, anonymous, client 127.0.0.1:42522] (eturnal_module:handle_event/2:180)
2026-09-17 20:44:50.057527+00:00 [debug] Writing STUN query event to InfluxDB [TCP, session bz0qrw7r5kb7, anonymous, client 127.0.0.1:42522] (mod_stats_influx:on_stun_query/1:76)
2026-09-17 20:44:50.057642+00:00 [debug] Calling mod_stats_prometheus:handle_event/2 [TCP, session bz0qrw7r5kb7, anonymous, client 127.0.0.1:42522] (eturnal_module:handle_event/2:180)
2026-09-17 20:44:50.057662+00:00 [debug] Observing STUN query for Prometheus [TCP, session bz0qrw7r5kb7, anonymous, client 127.0.0.1:42522] (mod_stats_prometheus:on_stun_query/1:166)
2026-09-17 20:44:50.057704+00:00 [debug] Sending:
#stun{class = response,method = 1,magic = 554869826,
      trid = 34968335862861158135620816270,raw = <<>>,unsupported = [],
      'ALTERNATE-SERVER' = undefined,'CHANNEL-NUMBER' = undefined,
      'DATA' = undefined,'DONT-FRAGMENT' = false,'ERROR-CODE' = undefined,
      'LIFETIME' = undefined,'MAPPED-ADDRESS' = undefined,
      'MESSAGE-INTEGRITY' = undefined,'NONCE' = undefined,'REALM' = undefined,
      'REQUESTED-ADDRESS-FAMILY' = undefined,
      'REQUESTED-TRANSPORT' = undefined,'SOFTWARE' = <<"eturnal">>,
      'UNKNOWN-ATTRIBUTES' = [],'USERNAME' = undefined,
      'XOR-MAPPED-ADDRESS' = {{127,0,0,1},42522},
      'XOR-PEER-ADDRESS' = [],'XOR-RELAYED-ADDRESS' = undefined} (stun:send/3:500)
2026-09-17 20:44:50.058745+00:00 [info] Connection reset by peer [TCP, session bz0qrw7r5kb7, anonymous, client 127.0.0.1:42522] (stun:handle_info/3:206)
2026-09-17 20:44:50.080314+00:00 [info] Accepting connection: 127.0.0.1:42534 -> 127.0.0.1:34781 [TCP|TLS, session fuqjbfq8m61u] (stun_acceptor:accept/3:158)
2026-09-17 20:44:50.080493+00:00 [debug] Determined transport protocol: TLS (stun:is_tls_handshake/1:690)
2026-09-17 20:44:51.086028+00:00 [debug] Received:
#stun{class = request,method = 1,magic = 554869826,
      trid = 11630403138964380690145858502,raw = <<>>,unsupported = [],
      'ALTERNATE-SERVER' = undefined,'CHANNEL-NUMBER' = undefined,
      'DATA' = undefined,'DONT-FRAGMENT' = false,'ERROR-CODE' = undefined,
      'LIFETIME' = undefined,'MAPPED-ADDRESS' = undefined,
      'MESSAGE-INTEGRITY' = undefined,'NONCE' = undefined,'REALM' = undefined,
      'REQUESTED-ADDRESS-FAMILY' = undefined,
      'REQUESTED-TRANSPORT' = undefined,'SOFTWARE' = undefined,
      'UNKNOWN-ATTRIBUTES' = [],'USERNAME' = undefined,
      'XOR-MAPPED-ADDRESS' = undefined,'XOR-PEER-ADDRESS' = [],
      'XOR-RELAYED-ADDRESS' = undefined} (stun:process_data/3:457)
2026-09-17 20:44:51.086139+00:00 [debug] Responding to STUN request [TLS, session fuqjbfq8m61u, anonymous, client 127.0.0.1:42534] (stun:process/4:357)
2026-09-17 20:44:51.086216+00:00 [debug] Running 'stun_query' hook [TLS, session fuqjbfq8m61u, anonymous, client 127.0.0.1:42534] (stun:run_hook/3:747)
2026-09-17 20:44:51.086295+00:00 [debug] Got 'stun_query' event [TLS, session fuqjbfq8m61u, anonymous, client 127.0.0.1:42534] (eturnal_module:handle_event/2:177)
2026-09-17 20:44:51.086330+00:00 [debug] Calling mod_log_stun:handle_event/2 [TLS, session fuqjbfq8m61u, anonymous, client 127.0.0.1:42534] (eturnal_module:handle_event/2:180)
2026-09-17 20:44:51.086352+00:00 [info] Responding to STUN request [TLS, session fuqjbfq8m61u, anonymous, client 127.0.0.1:42534] (mod_log_stun:handle_event/2:44)
2026-09-17 20:44:51.086375+00:00 [debug] Calling mod_stats_influx:handle_event/2 [TLS, session fuqjbfq8m61u, anonymous, client 127.0.0.1:42534] (eturnal_module:handle_event/2:180)
2026-09-17 20:44:51.086393+00:00 [debug] Writing STUN query event to InfluxDB [TLS, session fuqjbfq8m61u, anonymous, client 127.0.0.1:42534] (mod_stats_influx:on_stun_query/1:76)
2026-09-17 20:44:51.086546+00:00 [debug] Calling mod_stats_prometheus:handle_event/2 [TLS, session fuqjbfq8m61u, anonymous, client 127.0.0.1:42534] (eturnal_module:handle_event/2:180)
2026-09-17 20:44:51.086570+00:00 [debug] Observing STUN query for Prometheus [TLS, session fuqjbfq8m61u, anonymous, client 127.0.0.1:42534] (mod_stats_prometheus:on_stun_query/1:166)
2026-09-17 20:44:51.086618+00:00 [debug] Sending:
#stun{class = response,method = 1,magic = 554869826,
      trid = 11630403138964380690145858502,raw = <<>>,unsupported = [],
      'ALTERNATE-SERVER' = undefined,'CHANNEL-NUMBER' = undefined,
      'DATA' = undefined,'DONT-FRAGMENT' = false,'ERROR-CODE' = undefined,
      'LIFETIME' = undefined,'MAPPED-ADDRESS' = undefined,
      'MESSAGE-INTEGRITY' = undefined,'NONCE' = undefined,'REALM' = undefined,
      'REQUESTED-ADDRESS-FAMILY' = undefined,
      'REQUESTED-TRANSPORT' = undefined,'SOFTWARE' = <<"eturnal">>,
      'UNKNOWN-ATTRIBUTES' = [],'USERNAME' = undefined,
      'XOR-MAPPED-ADDRESS' = {{127,0,0,1},42534},
      'XOR-PEER-ADDRESS' = [],'XOR-RELAYED-ADDRESS' = undefined} (stun:send/3:500)
2026-09-17 20:44:51.086780+00:00 [info] Connection reset by peer [TLS, session fuqjbfq8m61u, anonymous, client 127.0.0.1:42534] (stun:handle_info/3:206)
2026-09-17 20:44:51.110052+00:00 [debug] Terminating eturnal (shutdown) (eturnal:terminate/2:186)
2026-09-17 20:44:51.110038+00:00 [debug] No NOTIFY_SOCKET, dropping STOPPING=1 notification (eturnal_systemd:handle_cast/2:99)
2026-09-17 20:44:51.110172+00:00 [info] Stopped listening on 127.0.0.1:34780 (udp) (eturnal:stop_listeners/1:442)
2026-09-17 20:44:51.110282+00:00 [info] Stopped listening on 127.0.0.1:34780 (tcp) (eturnal:stop_listeners/1:442)
2026-09-17 20:44:51.110348+00:00 [info] Stopped listening on 127.0.0.1:53490 (tls) (eturnal:stop_listeners/1:442)
2026-09-17 20:44:51.110439+00:00 [info] Stopped listening on 127.0.0.1:34781 (auto) (eturnal:stop_listeners/1:442)
2026-09-17 20:44:51.110915+00:00 [debug] Calling mod_stats_prometheus:stop/1 (eturnal_module:stop/1:163)
2026-09-17 20:44:51.110963+00:00 [debug] Stopping mod_stats_prometheus (mod_stats_prometheus:stop/0:110)
2026-09-17 20:44:51.111136+00:00 [info] Stopped mod_stats_prometheus (eturnal:stop_modules/1:397)
2026-09-17 20:44:51.111768+00:00 [debug] Calling mod_log_stun:stop/1 (eturnal_module:stop/1:163)
2026-09-17 20:44:51.111855+00:00 [debug] Stopping mod_log_stun (mod_log_stun:stop/0:49)
2026-09-17 20:44:51.112015+00:00 [info] Stopped mod_log_stun (eturnal:stop_modules/1:397)
2026-09-17 20:44:51.112516+00:00 [debug] Calling mod_stats_influx:stop/1 (eturnal_module:stop/1:163)
2026-09-17 20:44:51.112572+00:00 [debug] Stopping mod_stats_influx (mod_stats_influx:stop/0:61)
2026-09-17 20:44:51.112609+00:00 [info] Stopped mod_stats_influx (eturnal:stop_modules/1:397)
2026-09-17 20:44:51.112736+00:00 [debug] Removed run/cert.pem (eturnal:clean_run_dir/0:875)
2026-09-17 20:44:51.112793+00:00 [debug] Terminating eturnal_systemd (shutdown) (eturnal_systemd:terminate/2:125)
2026-09-17 20:44:51.112891+00:00 [notice] Stopping eturnal 1.12.3 on Erlang/OTP 29 (ERTS 17.1) (eturnal_app:stop/1:53)
