2026-09-16 18:41:15.484770+00:00 [notice] Starting eturnal 1.12.2 on Erlang/OTP 29 (ERTS 17.1) (eturnal_app:start/2:34)
2026-09-16 18:41:15.484945+00:00 [debug] Starting supervisor: eturnal_sup (eturnal_sup:start_link/0:31)
2026-09-16 18:41:15.485054+00:00 [debug] Configuring eturnal_sup supervisor: [#{id => systemd,
                                       start =>
                                           {eturnal_systemd,start_link,[]}},
                                     #{id => eturnal,
                                       start => {eturnal,start_link,[]}}] (eturnal_sup:init/1:39)
2026-09-16 18:41:15.486196+00:00 [info] Got no NOTIFY_SOCKET, notifications disabled (eturnal_systemd:init/1:86)
2026-09-16 18:41:15.486343+00:00 [debug] PROGRESS REPORT:
    supervisor: {local,eturnal_sup}
    started: [{pid,<0.960.0>},
              {id,systemd},
              {mfargs,{eturnal_systemd,start_link,[]}},
              {restart_type,permanent},
              {significant,false},
              {shutdown,5000},
              {child_type,worker}]
 (supervisor:report_progress/3:2323)
2026-09-16 18:41:15.486461+00:00 [info] Relay IPv4 address: 127.0.0.1 (port range: 49152-65535) (eturnal:log_relay_addresses/0:349)
2026-09-16 18:41:15.486575+00:00 [info] Relay IPv6 address not configured (eturnal:log_relay_addresses/0:359)
2026-09-16 18:41:15.495855+00:00 [info] Cannot determine control query port: noport (eturnal:log_control_listener/0:373)
2026-09-16 18:41:15.496158+00:00 [debug] Using run directory run (eturnal:ensure_run_dir/0:863)
2026-09-16 18:41:15.496271+00:00 [debug] TURN configuration seems fine (eturnal:check_turn_config/0:603)
2026-09-16 18:41:15.496386+00:00 [warning] TLS enabled without 'tls_crt_file', creating self-signed certificate (eturnal:check_pem_file/0:809)
2026-09-16 18:41:18.971384+00:00 [debug] Calling mod_stats_prometheus:start/0 (eturnal_module:start/1:143)
2026-09-16 18:41:18.971744+00:00 [debug] Starting mod_stats_prometheus (mod_stats_prometheus:start/0:56)
2026-09-16 18:41:18.980423+00:00 [debug] PROGRESS REPORT:
    application: prometheus
    started_at: nonode@nohost
 (application_controller:info_started/2:2154)
2026-09-16 18:41:18.981339+00:00 [debug] PROGRESS REPORT:
    application: accept
    started_at: nonode@nohost
 (application_controller:info_started/2:2154)
2026-09-16 18:41:18.993740+00:00 [debug] PROGRESS REPORT:
    application: prometheus_httpd
    started_at: nonode@nohost
 (application_controller:info_started/2:2154)
2026-09-16 18:41:18.993741+00:00 [debug] Dependency prometheus_httpd was available already (eturnal_module:ensure_dep/2:284)
2026-09-16 18:41:19.015222+00:00 [debug] PROGRESS REPORT:
    supervisor: {local,httpd_instance_sup__127_0_0_1__9081default}
    started: [{pid,<0.980.0>},
              {id,{httpd_connection_sup,{127,0,0,1},9081,default}},
              {mfargs,{httpd_connection_sup,start_link,[[{127,0,0,1},9081]]}},
              {restart_type,permanent},
              {significant,false},
              {shutdown,5000},
              {child_type,supervisor}]
 (supervisor:report_progress/3:2323)
2026-09-16 18:41:19.017543+00:00 [debug] PROGRESS REPORT:
    supervisor: {local,httpd_instance_sup__127_0_0_1__9081default}
    started: [{pid,<0.981.0>},
              {id,{httpd_misc_sup,{127,0,0,1},9081,default}},
              {mfargs,{httpd_misc_sup,start_link,[{127,0,0,1},9081,default]}},
              {restart_type,permanent},
              {significant,false},
              {shutdown,infinity},
              {child_type,supervisor}]
 (supervisor:report_progress/3:2323)
2026-09-16 18:41:19.020627+00:00 [debug] PROGRESS REPORT:
    supervisor: {local,httpd_instance_sup__127_0_0_1__9081default}
    started: [{pid,<0.982.0>},
              {id,{httpd_manager,{127,0,0,1},9081,default}},
              {mfargs,
                  {httpd_manager,start_link,
                      [undefined,
                       [{bind_address,{127,0,0,1}},
                        {socket_type,ip_comm},
                        {port,9081},
                        {server_root,"run/mod_stats_prometheus/doc"},
                        {document_root,"run/mod_stats_prometheus/doc"},
                        {server_name,"Prometheus Exporter"},
                        {modules,[prometheus_httpd]}],
                       15000]}},
              {restart_type,permanent},
              {significant,false},
              {shutdown,4000},
              {child_type,worker}]
 (supervisor:report_progress/3:2323)
2026-09-16 18:41:19.037634+00:00 [debug] PROGRESS REPORT:
    supervisor: {local,httpd_acceptor_sup__127_0_0_1__9081default}
    started: [{pid,<0.984.0>},
              {id,{httpd_acceptor_sup,{127,0,0,1},9081,default}},
              {mfargs,{httpd_acceptor,start_link,
                                      [httpd__127_0_0_1__9081default,ip_comm,
                                       {127,0,0,1},
                                       9081,inet,
                                       httpd_conf__127_0_0_1__9081default,
                                       15000]}},
              {restart_type,transient},
              {significant,false},
              {shutdown,brutal_kill},
              {child_type,worker}]
 (supervisor:report_progress/3:2323)
2026-09-16 18:41:19.037835+00:00 [debug] PROGRESS REPORT:
    supervisor: {local,httpd_instance_sup__127_0_0_1__9081default}
    started: [{pid,<0.983.0>},
              {id,{httpd_acceptor_sup,{127,0,0,1},9081,default}},
              {mfargs,
                  {httpd_acceptor_sup,start_link,
                      [[{127,0,0,1},
                        9081,
                        [{bind_address,{127,0,0,1}},
                         {socket_type,ip_comm},
                         {port,9081},
                         {server_root,"run/mod_stats_prometheus/doc"},
                         {document_root,"run/mod_stats_prometheus/doc"},
                         {server_name,"Prometheus Exporter"},
                         {modules,[prometheus_httpd]}],
                        15000,undefined]]}},
              {restart_type,permanent},
              {significant,false},
              {shutdown,infinity},
              {child_type,supervisor}]
 (supervisor:report_progress/3:2323)
2026-09-16 18:41:19.038023+00:00 [debug] PROGRESS REPORT:
    supervisor: {local,httpd_sup}
    started: [{pid,<0.979.0>},
              {id,{httpd_instance_sup,{127,0,0,1},9081,default}},
              {mfargs,
                  {httpd_instance_sup,start_link,
                      [[{bind_address,{127,0,0,1}},
                        {socket_type,ip_comm},
                        {port,9081},
                        {server_root,"run/mod_stats_prometheus/doc"},
                        {document_root,"run/mod_stats_prometheus/doc"},
                        {server_name,"Prometheus Exporter"},
                        {modules,[prometheus_httpd]}],
                       15000,[]]}},
              {restart_type,permanent},
              {significant,false},
              {shutdown,infinity},
              {child_type,supervisor}]
 (supervisor:report_progress/3:2333)
2026-09-16 18:41:19.038185+00:00 [info] Started mod_stats_prometheus (eturnal:start_modules/0:384)
2026-09-16 18:41:19.038287+00:00 [debug] Calling mod_log_stun:start/0 (eturnal_module:start/1:143)
2026-09-16 18:41:19.038403+00:00 [debug] Starting mod_log_stun (mod_log_stun:start/0:38)
2026-09-16 18:41:19.038532+00:00 [info] Started mod_log_stun (eturnal:start_modules/0:384)
2026-09-16 18:41:19.038616+00:00 [debug] Calling mod_stats_influx:start/0 (eturnal_module:start/1:143)
2026-09-16 18:41:19.038937+00:00 [debug] Starting mod_stats_influx (mod_stats_influx:start/0:37)
2026-09-16 18:41:19.044820+00:00 [debug] PROGRESS REPORT:
    application: ulitos
    started_at: nonode@nohost
 (application_controller:info_started/2:2154)
2026-09-16 18:41:19.047459+00:00 [debug] PROGRESS REPORT:
    application: poolboy
    started_at: nonode@nohost
 (application_controller:info_started/2:2154)
2026-09-16 18:41:19.048922+00:00 [info]     msg: Starting application: influx_udp (influx_udp_app:start/2:10)
2026-09-16 18:41:19.051037+00:00 [debug] PROGRESS REPORT:
    supervisor: {local,influx_udp_sup}
    started: [{pid,<0.995.0>},
              {id,influx_udp},
              {mfargs,{influx_udp,start_link,[]}},
              {restart_type,permanent},
              {significant,false},
              {shutdown,5000},
              {child_type,worker}]
 (supervisor:report_progress/3:2323)
2026-09-16 18:41:19.051198+00:00 [debug] Dependency influx_udp was available already (eturnal_module:ensure_dep/2:284)
2026-09-16 18:41:19.051198+00:00 [debug] PROGRESS REPORT:
    application: influx_udp
    started_at: nonode@nohost
 (application_controller:info_started/2:2154)
2026-09-16 18:41:19.053926+00:00 [info]     options: #{port => 8089,host => "localhost",pool_size => 1,
               max_overflow => 1}
    msg: Start clients pool
    host: {127,0,0,1} (influx_udp:start_pool_/2:239)
2026-09-16 18:41:19.062011+00:00 [info]     port: 35303
    msg: Open UDP socket on port (influx_udp_worker:init/1:43)
2026-09-16 18:41:19.062246+00:00 [debug] PROGRESS REPORT:
    supervisor: {local,influx_udp_sup}
    started: [{pid,<0.998.0>},
              {id,stats_influx_pool},
              {mfargs,
                  {poolboy,start_link,
                      [[{name,{local,stats_influx_pool}},
                        {worker_module,influx_udp_worker},
                        {size,1},
                        {max_overflow,1}],
                       [{options,
                            #{port => 8089,
                              host => {127,0,0,1},
                              pool_size => 1,max_overflow => 1}}]]}},
              {restart_type,permanent},
              {significant,false},
              {shutdown,5000},
              {child_type,worker}]
 (supervisor:report_progress/3:2333)
2026-09-16 18:41:19.062407+00:00 [info] Started mod_stats_influx (eturnal:start_modules/0:384)
2026-09-16 18:41:19.062538+00:00 [debug] Starting listener 127.0.0.1:34780 (udp) with options:
[{use_turn,true},
 {auth_type,user},
 {turn_ipv4_address,{127,0,0,1}},
 {turn_min_port,49152},
 {turn_max_port,65535},
 {turn_max_allocations,10},
 {turn_max_permissions,10},
 {shaper,100000},
 {auth_realm,<<"eturnal.net">>},
 {server_name,<<"eturnal">>},
 {auth_fun,fun eturnal:get_password/2},
 {hook_fun,fun eturnal:run_hook/2},
 {turn_blacklist_clients,[{{127,0,0,1},8}]},
 {turn_blacklist_peers,[{{10,0,0,0},8},
                        {{100,64,0,0},10},
                        {{127,0,0,0},8},
                        {{169,254,0,0},16},
                        {{172,16,0,0},12},
                        {{192,0,0,0},24},
                        {{192,0,2,0},24},
                        {{192,88,99,0},24},
                        {{192,168,0,0},16},
                        {{198,18,0,0},15},
                        {{198,51,100,0},24},
                        {{203,0,113,0},24},
                        {{224,0,0,0},4},
                        {{240,0,0,0},4},
                        {{0,0,0,0,0,0,0,1},128},
                        {{100,65435,0,0,0,0,0,0},96},
                        {{256,0,0,0,0,0,0,0},64},
                        {{8193,3512,0,0,0,0,0,0},32},
                        {{64512,0,0,0,0,0,0,0},7},
                        {{65152,0,0,0,0,0,0,0},10},
                        {{65280,0,0,0,0,0,0,0},8}]},
 {turn_whitelist_clients,[{{127,0,0,1},32}]},
 {turn_whitelist_peers,[{{127,0,0,1},32},
                        {{203,0,113,113},32},
                        {{8193,3512,0,0,0,0,0,0},64}]}] (eturnal:start_listeners/0:419)
2026-09-16 18:41:19.073924+00:00 [info] Listening on 127.0.0.1:34780 (udp) (STUN/TURN) (eturnal:start_listeners/0:426)
2026-09-16 18:41:19.074058+00:00 [debug] Starting listener 127.0.0.1:34780 (tcp) with options:
[{use_turn,false},
 {auth_type,anonymous},
 {turn_ipv4_address,{127,0,0,1}},
 {turn_min_port,49152},
 {turn_max_port,65535},
 {turn_max_allocations,10},
 {turn_max_permissions,10},
 {shaper,100000},
 {auth_realm,<<"eturnal.net">>},
 {server_name,<<"eturnal">>},
 {auth_fun,fun eturnal:get_password/2},
 {hook_fun,fun eturnal:run_hook/2},
 {turn_blacklist_clients,[{{127,0,0,1},8}]},
 {turn_blacklist_peers,[{{10,0,0,0},8},
                        {{100,64,0,0},10},
                        {{127,0,0,0},8},
                        {{169,254,0,0},16},
                        {{172,16,0,0},12},
                        {{192,0,0,0},24},
                        {{192,0,2,0},24},
                        {{192,88,99,0},24},
                        {{192,168,0,0},16},
                        {{198,18,0,0},15},
                        {{198,51,100,0},24},
                        {{203,0,113,0},24},
                        {{224,0,0,0},4},
                        {{240,0,0,0},4},
                        {{0,0,0,0,0,0,0,1},128},
                        {{100,65435,0,0,0,0,0,0},96},
                        {{256,0,0,0,0,0,0,0},64},
                        {{8193,3512,0,0,0,0,0,0},32},
                        {{64512,0,0,0,0,0,0,0},7},
                        {{65152,0,0,0,0,0,0,0},10},
                        {{65280,0,0,0,0,0,0,0},8}]},
 {turn_whitelist_clients,[{{127,0,0,1},32}]},
 {turn_whitelist_peers,[{{127,0,0,1},32},
                        {{203,0,113,113},32},
                        {{8193,3512,0,0,0,0,0,0},64}]}] (eturnal:start_listeners/0:419)
2026-09-16 18:41:19.074705+00:00 [info] Listening on 127.0.0.1:34780 (tcp) (STUN only) (eturnal:start_listeners/0:426)
2026-09-16 18:41:19.074829+00:00 [debug] Starting listener 127.0.0.1:53490 (tls) with options:
[{use_turn,false},
 {auth_type,anonymous},
 {tls,true},
 {certfile,<<"run/cert.pem">>},
 {ciphers,<<"HIGH:!aNULL:@STRENGTH">>},
 {protocol_options,<<"no_tlsv1|no_tlsv1_1|cipher_server_preference">>},
 {turn_ipv4_address,{127,0,0,1}},
 {turn_min_port,49152},
 {turn_max_port,65535},
 {turn_max_allocations,10},
 {turn_max_permissions,10},
 {shaper,100000},
 {auth_realm,<<"eturnal.net">>},
 {server_name,<<"eturnal">>},
 {auth_fun,fun eturnal:get_password/2},
 {hook_fun,fun eturnal:run_hook/2},
 {turn_blacklist_clients,[{{127,0,0,1},8}]},
 {turn_blacklist_peers,[{{10,0,0,0},8},
                        {{100,64,0,0},10},
                        {{127,0,0,0},8},
                        {{169,254,0,0},16},
                        {{172,16,0,0},12},
                        {{192,0,0,0},24},
                        {{192,0,2,0},24},
                        {{192,88,99,0},24},
                        {{192,168,0,0},16},
                        {{198,18,0,0},15},
                        {{198,51,100,0},24},
                        {{203,0,113,0},24},
                        {{224,0,0,0},4},
                        {{240,0,0,0},4},
                        {{0,0,0,0,0,0,0,1},128},
                        {{100,65435,0,0,0,0,0,0},96},
                        {{256,0,0,0,0,0,0,0},64},
                        {{8193,3512,0,0,0,0,0,0},32},
                        {{64512,0,0,0,0,0,0,0},7},
                        {{65152,0,0,0,0,0,0,0},10},
                        {{65280,0,0,0,0,0,0,0},8}]},
 {turn_whitelist_clients,[{{127,0,0,1},32}]},
 {turn_whitelist_peers,[{{127,0,0,1},32},
                        {{203,0,113,113},32},
                        {{8193,3512,0,0,0,0,0,0},64}]}] (eturnal:start_listeners/0:419)
2026-09-16 18:41:19.075438+00:00 [info] Listening on 127.0.0.1:53490 (tls) (STUN only) (eturnal:start_listeners/0:426)
2026-09-16 18:41:19.075538+00:00 [debug] Starting listener 127.0.0.1:34781 (auto) with options:
[{use_turn,false},
 {auth_type,anonymous},
 {tls,optional},
 {certfile,<<"run/cert.pem">>},
 {ciphers,<<"HIGH:!aNULL:@STRENGTH">>},
 {protocol_options,<<"no_tlsv1|no_tlsv1_1|cipher_server_preference">>},
 {turn_ipv4_address,{127,0,0,1}},
 {turn_min_port,49152},
 {turn_max_port,65535},
 {turn_max_allocations,10},
 {turn_max_permissions,10},
 {shaper,100000},
 {auth_realm,<<"eturnal.net">>},
 {server_name,<<"eturnal">>},
 {auth_fun,fun eturnal:get_password/2},
 {hook_fun,fun eturnal:run_hook/2},
 {turn_blacklist_clients,[{{127,0,0,1},8}]},
 {turn_blacklist_peers,[{{10,0,0,0},8},
                        {{100,64,0,0},10},
                        {{127,0,0,0},8},
                        {{169,254,0,0},16},
                        {{172,16,0,0},12},
                        {{192,0,0,0},24},
                        {{192,0,2,0},24},
                        {{192,88,99,0},24},
                        {{192,168,0,0},16},
                        {{198,18,0,0},15},
                        {{198,51,100,0},24},
                        {{203,0,113,0},24},
                        {{224,0,0,0},4},
                        {{240,0,0,0},4},
                        {{0,0,0,0,0,0,0,1},128},
                        {{100,65435,0,0,0,0,0,0},96},
                        {{256,0,0,0,0,0,0,0},64},
                        {{8193,3512,0,0,0,0,0,0},32},
                        {{64512,0,0,0,0,0,0,0},7},
                        {{65152,0,0,0,0,0,0,0},10},
                        {{65280,0,0,0,0,0,0,0},8}]},
 {turn_whitelist_clients,[{{127,0,0,1},32}]},
 {turn_whitelist_peers,[{{127,0,0,1},32},
                        {{203,0,113,113},32},
                        {{8193,3512,0,0,0,0,0,0},64}]}] (eturnal:start_listeners/0:419)
2026-09-16 18:41:19.087603+00:00 [info] Listening on 127.0.0.1:34781 (auto) (STUN only) (eturnal:start_listeners/0:426)
2026-09-16 18:41:19.087779+00:00 [debug] Started 3 modules (eturnal:init/1:105)
2026-09-16 18:41:19.087896+00:00 [debug] Started 4 listeners (eturnal:init/1:106)
2026-09-16 18:41:19.088003+00:00 [debug] PROGRESS REPORT:
    supervisor: {local,eturnal_sup}
    started: [{pid,<0.962.0>},
              {id,eturnal},
              {mfargs,{eturnal,start_link,[]}},
              {restart_type,permanent},
              {significant,false},
              {shutdown,5000},
              {child_type,worker}]
 (supervisor:report_progress/3:2323)
2026-09-16 18:41:19.088101+00:00 [debug] No NOTIFY_SOCKET, dropping READY=1 notification (eturnal_systemd:handle_cast/2:99)
2026-09-16 18:41:19.088118+00:00 [debug] PROGRESS REPORT:
    application: eturnal
    started_at: nonode@nohost
 (application_controller:info_started/2:2154)
2026-09-16 18:41:19.114352+00:00 [debug] Handling API call: get_status() (eturnal_ctl:get_status/0:109)
2026-09-16 18:41:19.114472+00:00 [debug] eturnal call (get_status) returned ok (eturnal_ctl:call/1:439)
2026-09-16 18:41:19.137208+00:00 [debug] Handling API call: get_info() (eturnal_ctl:get_info/0:119)
2026-09-16 18:41:19.137845+00:00 [debug] eturnal call (get_info) returned {ok,
                                  {eturnal_node_info,<<"1.12.2">>,
                                   {"29","17.1"},
                                   5594,0,180,98551710,1,56799744}} (eturnal_ctl:call/1:442)
2026-09-16 18:41:19.160829+00:00 [debug] Handling API call: get_sessions() (eturnal_ctl:get_sessions/0:95)
2026-09-16 18:41:19.184060+00:00 [debug] Handling API call: get_sessions("alice") (eturnal_ctl:get_sessions/1:100)
2026-09-16 18:41:19.184303+00:00 [debug] Handling API call: get_sessions("1256900400:alice") (eturnal_ctl:get_sessions/1:100)
2026-09-16 18:41:19.184480+00:00 [debug] Handling API call: get_sessions(alice) (eturnal_ctl:get_sessions/1:100)
2026-09-16 18:41:19.184564+00:00 [debug] Cannot convert user name to binary: alice (eturnal_ctl:with_username/2:201)
2026-09-16 18:41:19.206850+00:00 [debug] Handling API call: disconnect("alice") (eturnal_ctl:disconnect/1:168)
2026-09-16 18:41:19.207017+00:00 [debug] Handling API call: disconnect(alice) (eturnal_ctl:disconnect/1:168)
2026-09-16 18:41:19.207092+00:00 [debug] Cannot convert user name to binary: alice (eturnal_ctl:with_username/2:201)
2026-09-16 18:41:19.230137+00:00 [debug] Handling API call: get_credentials("2009-10-30 11:00:00Z", []) (eturnal_ctl:get_credentials/2:60)
2026-09-16 18:41:19.230318+00:00 [debug] eturnal call ({get_password,<<"1256900400">>}) returned {ok,
                                                         <<"uEKlpcME7MNMMVRV8rUFPCTIFEs=">>} (eturnal_ctl:call/1:442)
2026-09-16 18:41:19.234097+00:00 [debug] Handling API call: get_credentials("86400", "alice") (eturnal_ctl:get_credentials/2:60)
2026-09-16 18:41:19.234270+00:00 [debug] eturnal call ({get_password,<<"1789670479:alice">>}) returned {ok,
                                                               <<"F1OY8m/Dv/sICxFzqIJKIqaVX38=">>} (eturnal_ctl:call/1:442)
2026-09-16 18:41:19.234403+00:00 [debug] Handling API call: get_password("1789670479:alice") (eturnal_ctl:get_password/1:79)
2026-09-16 18:41:19.234515+00:00 [debug] eturnal call ({get_password,<<"1789670479:alice">>}) returned {ok,
                                                               <<"F1OY8m/Dv/sICxFzqIJKIqaVX38=">>} (eturnal_ctl:call/1:442)
2026-09-16 18:41:19.234631+00:00 [debug] Handling API call: get_credentials("86400s", "alice") (eturnal_ctl:get_credentials/2:60)
2026-09-16 18:41:19.234753+00:00 [debug] eturnal call ({get_password,<<"1789670479:alice">>}) returned {ok,
                                                               <<"F1OY8m/Dv/sICxFzqIJKIqaVX38=">>} (eturnal_ctl:call/1:442)
2026-09-16 18:41:19.234842+00:00 [debug] Handling API call: get_password("1789670479:alice") (eturnal_ctl:get_password/1:79)
2026-09-16 18:41:19.234904+00:00 [debug] eturnal call ({get_password,<<"1789670479:alice">>}) returned {ok,
                                                               <<"F1OY8m/Dv/sICxFzqIJKIqaVX38=">>} (eturnal_ctl:call/1:442)
2026-09-16 18:41:19.234994+00:00 [debug] Handling API call: get_credentials("1440m", "alice") (eturnal_ctl:get_credentials/2:60)
2026-09-16 18:41:19.235064+00:00 [debug] eturnal call ({get_password,<<"1789670479:alice">>}) returned {ok,
                                                               <<"F1OY8m/Dv/sICxFzqIJKIqaVX38=">>} (eturnal_ctl:call/1:442)
2026-09-16 18:41:19.235133+00:00 [debug] Handling API call: get_password("1789670479:alice") (eturnal_ctl:get_password/1:79)
2026-09-16 18:41:19.235242+00:00 [debug] eturnal call ({get_password,<<"1789670479:alice">>}) returned {ok,
                                                               <<"F1OY8m/Dv/sICxFzqIJKIqaVX38=">>} (eturnal_ctl:call/1:442)
2026-09-16 18:41:19.235402+00:00 [debug] Handling API call: get_credentials("24h", "alice") (eturnal_ctl:get_credentials/2:60)
2026-09-16 18:41:19.235486+00:00 [debug] eturnal call ({get_password,<<"1789670479:alice">>}) returned {ok,
                                                               <<"F1OY8m/Dv/sICxFzqIJKIqaVX38=">>} (eturnal_ctl:call/1:442)
2026-09-16 18:41:19.235556+00:00 [debug] Handling API call: get_password("1789670479:alice") (eturnal_ctl:get_password/1:79)
2026-09-16 18:41:19.235616+00:00 [debug] eturnal call ({get_password,<<"1789670479:alice">>}) returned {ok,
                                                               <<"F1OY8m/Dv/sICxFzqIJKIqaVX38=">>} (eturnal_ctl:call/1:442)
2026-09-16 18:41:19.235728+00:00 [debug] Handling API call: get_credentials("1d", "alice") (eturnal_ctl:get_credentials/2:60)
2026-09-16 18:41:19.235802+00:00 [debug] eturnal call ({get_password,<<"1789670479:alice">>}) returned {ok,
                                                               <<"F1OY8m/Dv/sICxFzqIJKIqaVX38=">>} (eturnal_ctl:call/1:442)
2026-09-16 18:41:19.235882+00:00 [debug] Handling API call: get_password("1789670479:alice") (eturnal_ctl:get_password/1:79)
2026-09-16 18:41:19.235985+00:00 [debug] eturnal call ({get_password,<<"1789670479:alice">>}) returned {ok,
                                                               <<"F1OY8m/Dv/sICxFzqIJKIqaVX38=">>} (eturnal_ctl:call/1:442)
2026-09-16 18:41:19.236087+00:00 [debug] Handling API call: get_password("Invalid") (eturnal_ctl:get_password/1:79)
2026-09-16 18:41:19.236171+00:00 [debug] eturnal call ({get_password,<<"Invalid">>}) returned {error,no_credentials} (eturnal_ctl:call/1:445)
2026-09-16 18:41:19.236243+00:00 [debug] Handling API call: get_credentials("Invalid", []) (eturnal_ctl:get_credentials/2:60)
2026-09-16 18:41:19.236305+00:00 [debug] Invalid argument(s): "Invalid":[] (eturnal_ctl:get_credentials/2:73)
2026-09-16 18:41:19.236356+00:00 [debug] Handling API call: get_password(invalid) (eturnal_ctl:get_password/1:79)
2026-09-16 18:41:19.236399+00:00 [debug] Cannot convert user name to binary: invalid (eturnal_ctl:with_username/2:201)
2026-09-16 18:41:19.236451+00:00 [debug] Handling API call: get_credentials(invalid, []) (eturnal_ctl:get_credentials/2:60)
2026-09-16 18:41:19.236519+00:00 [debug] Invalid argument(s): invalid:[] (eturnal_ctl:get_credentials/2:73)
2026-09-16 18:41:19.236577+00:00 [debug] Handling API call: get_password([invalid]) (eturnal_ctl:get_password/1:79)
2026-09-16 18:41:19.236681+00:00 [debug] Cannot convert user name to binary: [invalid] (eturnal_ctl:with_username/2:201)
2026-09-16 18:41:19.236749+00:00 [debug] Handling API call: get_credentials([invalid], []) (eturnal_ctl:get_credentials/2:60)
2026-09-16 18:41:19.236806+00:00 [debug] Invalid argument(s): [invalid]:[] (eturnal_ctl:get_credentials/2:73)
2026-09-16 18:41:19.236902+00:00 [debug] Handling API call: get_credentials(1256900400, invalid) (eturnal_ctl:get_credentials/2:60)
2026-09-16 18:41:19.237003+00:00 [debug] Invalid argument(s): 1256900400:invalid (eturnal_ctl:get_credentials/2:73)
2026-09-16 18:41:19.237111+00:00 [debug] Handling API call: get_password("alice") (eturnal_ctl:get_password/1:79)
2026-09-16 18:41:19.237205+00:00 [debug] eturnal call ({get_password,<<"alice">>}) returned {ok,<<"l0vesBob">>} (eturnal_ctl:call/1:442)
2026-09-16 18:41:19.259903+00:00 [debug] Handling API call: set_loglevel(debug) (eturnal_ctl:set_loglevel/1:149)
2026-09-16 18:41:19.260029+00:00 [debug] eturnal call ({set_loglevel,debug}) returned ok (eturnal_ctl:call/1:439)
2026-09-16 18:41:19.260172+00:00 [debug] Handling API call: get_loglevel() (eturnal_ctl:get_loglevel/0:139)
2026-09-16 18:41:19.260269+00:00 [debug] eturnal call (get_loglevel) returned {ok,debug} (eturnal_ctl:call/1:442)
2026-09-16 18:41:19.260447+00:00 [debug] Handling API call: set_loglevel(invalid) (eturnal_ctl:set_loglevel/1:149)
2026-09-16 18:41:19.260524+00:00 [debug] Invalid log level: invalid (eturnal_ctl:set_loglevel/1:159)
2026-09-16 18:41:19.260683+00:00 [debug] Handling API call: get_loglevel() (eturnal_ctl:get_loglevel/0:139)
2026-09-16 18:41:19.260754+00:00 [debug] eturnal call (get_loglevel) returned {ok,debug} (eturnal_ctl:call/1:442)
2026-09-16 18:41:19.284256+00:00 [debug] Handling API call: get_version() (eturnal_ctl:get_version/0:129)
2026-09-16 18:41:19.284387+00:00 [debug] eturnal call (get_version) returned {ok,<<"1.12.2">>} (eturnal_ctl:call/1:442)
2026-09-16 18:41:19.307141+00:00 [debug] Handling API call: reload() (eturnal_ctl:reload/0:179)
2026-09-16 18:41:19.309113+00:00 [debug] Calling mod_log_stun:options/0 (eturnal_module:options/1:192)
2026-09-16 18:41:19.309256+00:00 [debug] Calling mod_stats_influx:options/0 (eturnal_module:options/1:192)
2026-09-16 18:41:19.309338+00:00 [debug] Calling mod_stats_prometheus:options/0 (eturnal_module:options/1:192)
2026-09-16 18:41:19.309860+00:00 [info] Reloading configuration (eturnal:reload/1:627)
2026-09-16 18:41:19.309965+00:00 [warning] TLS enabled without 'tls_crt_file', creating self-signed certificate (eturnal:check_pem_file/0:809)
2026-09-16 18:41:21.024457+00:00 [info] Using new TLS certificate (eturnal:reload/1:631)
2026-09-16 18:41:21.025405+00:00 [debug] Calling mod_stats_prometheus:stop/1 (eturnal_module:stop/1:163)
2026-09-16 18:41:21.025535+00:00 [debug] Stopping mod_stats_prometheus (mod_stats_prometheus:stop/0:110)
2026-09-16 18:41:21.025827+00:00 [info] Stopped mod_stats_prometheus (eturnal:stop_modules/1:397)
2026-09-16 18:41:21.027186+00:00 [debug] Calling mod_log_stun:stop/1 (eturnal_module:stop/1:163)
2026-09-16 18:41:21.027346+00:00 [debug] Stopping mod_log_stun (mod_log_stun:stop/0:49)
2026-09-16 18:41:21.027458+00:00 [info] Stopped mod_log_stun (eturnal:stop_modules/1:397)
2026-09-16 18:41:21.027996+00:00 [debug] Calling mod_stats_influx:stop/1 (eturnal_module:stop/1:163)
2026-09-16 18:41:21.028104+00:00 [debug] Stopping mod_stats_influx (mod_stats_influx:stop/0:61)
2026-09-16 18:41:21.028191+00:00 [info] Stopped mod_stats_influx (eturnal:stop_modules/1:397)
2026-09-16 18:41:21.028271+00:00 [debug] Calling mod_stats_prometheus:start/0 (eturnal_module:start/1:143)
2026-09-16 18:41:21.028338+00:00 [debug] Starting mod_stats_prometheus (mod_stats_prometheus:start/0:56)
2026-09-16 18:41:21.028410+00:00 [debug] Dependency prometheus_httpd was available already (eturnal_module:ensure_dep/2:284)
2026-09-16 18:41:21.029173+00:00 [debug] PROGRESS REPORT:
    supervisor: {local,httpd_instance_sup__127_0_0_1__9081default}
    started: [{pid,<0.1128.0>},
              {id,{httpd_connection_sup,{127,0,0,1},9081,default}},
              {mfargs,{httpd_connection_sup,start_link,[[{127,0,0,1},9081]]}},
              {restart_type,permanent},
              {significant,false},
              {shutdown,5000},
              {child_type,supervisor}]
 (supervisor:report_progress/3:2323)
2026-09-16 18:41:21.029363+00:00 [debug] PROGRESS REPORT:
    supervisor: {local,httpd_instance_sup__127_0_0_1__9081default}
    started: [{pid,<0.1129.0>},
              {id,{httpd_misc_sup,{127,0,0,1},9081,default}},
              {mfargs,{httpd_misc_sup,start_link,[{127,0,0,1},9081,default]}},
              {restart_type,permanent},
              {significant,false},
              {shutdown,infinity},
              {child_type,supervisor}]
 (supervisor:report_progress/3:2323)
2026-09-16 18:41:21.029763+00:00 [debug] PROGRESS REPORT:
    supervisor: {local,httpd_instance_sup__127_0_0_1__9081default}
    started: [{pid,<0.1130.0>},
              {id,{httpd_manager,{127,0,0,1},9081,default}},
              {mfargs,
                  {httpd_manager,start_link,
                      [undefined,
                       [{bind_address,{127,0,0,1}},
                        {socket_type,ip_comm},
                        {port,9081},
                        {server_root,"run/mod_stats_prometheus/doc"},
                        {document_root,"run/mod_stats_prometheus/doc"},
                        {server_name,"Prometheus Exporter"},
                        {modules,[prometheus_httpd]}],
                       15000]}},
              {restart_type,permanent},
              {significant,false},
              {shutdown,4000},
              {child_type,worker}]
 (supervisor:report_progress/3:2323)
2026-09-16 18:41:21.030119+00:00 [debug] PROGRESS REPORT:
    supervisor: {local,httpd_acceptor_sup__127_0_0_1__9081default}
    started: [{pid,<0.1132.0>},
              {id,{httpd_acceptor_sup,{127,0,0,1},9081,default}},
              {mfargs,{httpd_acceptor,start_link,
                                      [httpd__127_0_0_1__9081default,ip_comm,
                                       {127,0,0,1},
                                       9081,inet,
                                       httpd_conf__127_0_0_1__9081default,
                                       15000]}},
              {restart_type,transient},
              {significant,false},
              {shutdown,brutal_kill},
              {child_type,worker}]
 (supervisor:report_progress/3:2323)
2026-09-16 18:41:21.030261+00:00 [debug] PROGRESS REPORT:
    supervisor: {local,httpd_instance_sup__127_0_0_1__9081default}
    started: [{pid,<0.1131.0>},
              {id,{httpd_acceptor_sup,{127,0,0,1},9081,default}},
              {mfargs,
                  {httpd_acceptor_sup,start_link,
                      [[{127,0,0,1},
                        9081,
                        [{bind_address,{127,0,0,1}},
                         {socket_type,ip_comm},
                         {port,9081},
                         {server_root,"run/mod_stats_prometheus/doc"},
                         {document_root,"run/mod_stats_prometheus/doc"},
                         {server_name,"Prometheus Exporter"},
                         {modules,[prometheus_httpd]}],
                        15000,undefined]]}},
              {restart_type,permanent},
              {significant,false},
              {shutdown,infinity},
              {child_type,supervisor}]
 (supervisor:report_progress/3:2323)
2026-09-16 18:41:21.030366+00:00 [debug] PROGRESS REPORT:
    supervisor: {local,httpd_sup}
    started: [{pid,<0.1127.0>},
              {id,{httpd_instance_sup,{127,0,0,1},9081,default}},
              {mfargs,
                  {httpd_instance_sup,start_link,
                      [[{bind_address,{127,0,0,1}},
                        {socket_type,ip_comm},
                        {port,9081},
                        {server_root,"run/mod_stats_prometheus/doc"},
                        {document_root,"run/mod_stats_prometheus/doc"},
                        {server_name,"Prometheus Exporter"},
                        {modules,[prometheus_httpd]}],
                       15000,[]]}},
              {restart_type,permanent},
              {significant,false},
              {shutdown,infinity},
              {child_type,supervisor}]
 (supervisor:report_progress/3:2333)
2026-09-16 18:41:21.032056+00:00 [info] Started mod_stats_prometheus (eturnal:start_modules/0:384)
2026-09-16 18:41:21.032187+00:00 [debug] Calling mod_log_stun:start/0 (eturnal_module:start/1:143)
2026-09-16 18:41:21.032300+00:00 [debug] Starting mod_log_stun (mod_log_stun:start/0:38)
2026-09-16 18:41:21.034450+00:00 [info] Started mod_log_stun (eturnal:start_modules/0:384)
2026-09-16 18:41:21.034600+00:00 [debug] Calling mod_stats_influx:start/0 (eturnal_module:start/1:143)
2026-09-16 18:41:21.034784+00:00 [debug] Starting mod_stats_influx (mod_stats_influx:start/0:37)
2026-09-16 18:41:21.034917+00:00 [debug] Dependency influx_udp was available already (eturnal_module:ensure_dep/2:284)
2026-09-16 18:41:21.035259+00:00 [info]     options: #{port => 8089,host => "localhost",pool_size => 1,
               max_overflow => 1}
    msg: Start clients pool
    host: {127,0,0,1} (influx_udp:start_pool_/2:239)
2026-09-16 18:41:21.037128+00:00 [info] Started mod_stats_influx (eturnal:start_modules/0:384)
2026-09-16 18:41:21.037272+00:00 [debug] Restarted modules (eturnal:reload/1:639)
2026-09-16 18:41:21.037371+00:00 [debug] eturnal call (reload) returned ok (eturnal_ctl:call/1:439)
2026-09-16 18:41:21.037625+00:00 [debug] Handling API call: reload() (eturnal_ctl:reload/0:179)
2026-09-16 18:41:21.039794+00:00 [debug] Calling mod_log_stun:options/0 (eturnal_module:options/1:192)
2026-09-16 18:41:21.039911+00:00 [debug] Calling mod_stats_influx:options/0 (eturnal_module:options/1:192)
2026-09-16 18:41:21.039993+00:00 [debug] Calling mod_stats_prometheus:options/0 (eturnal_module:options/1:192)
2026-09-16 18:41:21.040552+00:00 [info] Reloading configuration (eturnal:reload/1:627)
2026-09-16 18:41:21.040762+00:00 [debug] Keeping PEM file (run/cert.pem) (eturnal:check_pem_file/0:806)
2026-09-16 18:41:21.040845+00:00 [debug] TLS certificate unchanged (eturnal:reload/1:633)
2026-09-16 18:41:21.043528+00:00 [debug] Calling mod_stats_prometheus:stop/1 (eturnal_module:stop/1:163)
2026-09-16 18:41:21.043652+00:00 [debug] Stopping mod_stats_prometheus (mod_stats_prometheus:stop/0:110)
2026-09-16 18:41:21.043969+00:00 [info] Stopped mod_stats_prometheus (eturnal:stop_modules/1:397)
2026-09-16 18:41:21.044996+00:00 [debug] Calling mod_log_stun:stop/1 (eturnal_module:stop/1:163)
2026-09-16 18:41:21.045121+00:00 [debug] Stopping mod_log_stun (mod_log_stun:stop/0:49)
2026-09-16 18:41:21.045244+00:00 [info] Stopped mod_log_stun (eturnal:stop_modules/1:397)
2026-09-16 18:41:21.049863+00:00 [debug] Calling mod_stats_influx:stop/1 (eturnal_module:stop/1:163)
2026-09-16 18:41:21.050006+00:00 [debug] Stopping mod_stats_influx (mod_stats_influx:stop/0:61)
2026-09-16 18:41:21.050089+00:00 [info] Stopped mod_stats_influx (eturnal:stop_modules/1:397)
2026-09-16 18:41:21.050270+00:00 [debug] Calling mod_stats_prometheus:start/0 (eturnal_module:start/1:143)
2026-09-16 18:41:21.050350+00:00 [debug] Starting mod_stats_prometheus (mod_stats_prometheus:start/0:56)
2026-09-16 18:41:21.050684+00:00 [debug] Dependency prometheus_httpd was available already (eturnal_module:ensure_dep/2:284)
2026-09-16 18:41:21.051275+00:00 [debug] PROGRESS REPORT:
    supervisor: {local,httpd_instance_sup__127_0_0_1__9081default}
    started: [{pid,<0.1164.0>},
              {id,{httpd_connection_sup,{127,0,0,1},9081,default}},
              {mfargs,{httpd_connection_sup,start_link,[[{127,0,0,1},9081]]}},
              {restart_type,permanent},
              {significant,false},
              {shutdown,5000},
              {child_type,supervisor}]
 (supervisor:report_progress/3:2323)
2026-09-16 18:41:21.051660+00:00 [debug] PROGRESS REPORT:
    supervisor: {local,httpd_instance_sup__127_0_0_1__9081default}
    started: [{pid,<0.1165.0>},
              {id,{httpd_misc_sup,{127,0,0,1},9081,default}},
              {mfargs,{httpd_misc_sup,start_link,[{127,0,0,1},9081,default]}},
              {restart_type,permanent},
              {significant,false},
              {shutdown,infinity},
              {child_type,supervisor}]
 (supervisor:report_progress/3:2323)
2026-09-16 18:41:21.052010+00:00 [debug] PROGRESS REPORT:
    supervisor: {local,httpd_instance_sup__127_0_0_1__9081default}
    started: [{pid,<0.1166.0>},
              {id,{httpd_manager,{127,0,0,1},9081,default}},
              {mfargs,
                  {httpd_manager,start_link,
                      [undefined,
                       [{bind_address,{127,0,0,1}},
                        {socket_type,ip_comm},
                        {port,9081},
                        {server_root,"run/mod_stats_prometheus/doc"},
                        {document_root,"run/mod_stats_prometheus/doc"},
                        {server_name,"Prometheus Exporter"},
                        {modules,[prometheus_httpd]}],
                       15000]}},
              {restart_type,permanent},
              {significant,false},
              {shutdown,4000},
              {child_type,worker}]
 (supervisor:report_progress/3:2323)
2026-09-16 18:41:21.052399+00:00 [debug] PROGRESS REPORT:
    supervisor: {local,httpd_acceptor_sup__127_0_0_1__9081default}
    started: [{pid,<0.1168.0>},
              {id,{httpd_acceptor_sup,{127,0,0,1},9081,default}},
              {mfargs,{httpd_acceptor,start_link,
                                      [httpd__127_0_0_1__9081default,ip_comm,
                                       {127,0,0,1},
                                       9081,inet,
                                       httpd_conf__127_0_0_1__9081default,
                                       15000]}},
              {restart_type,transient},
              {significant,false},
              {shutdown,brutal_kill},
              {child_type,worker}]
 (supervisor:report_progress/3:2323)
2026-09-16 18:41:21.052530+00:00 [debug] PROGRESS REPORT:
    supervisor: {local,httpd_instance_sup__127_0_0_1__9081default}
    started: [{pid,<0.1167.0>},
              {id,{httpd_acceptor_sup,{127,0,0,1},9081,default}},
              {mfargs,
                  {httpd_acceptor_sup,start_link,
                      [[{127,0,0,1},
                        9081,
                        [{bind_address,{127,0,0,1}},
                         {socket_type,ip_comm},
                         {port,9081},
                         {server_root,"run/mod_stats_prometheus/doc"},
                         {document_root,"run/mod_stats_prometheus/doc"},
                         {server_name,"Prometheus Exporter"},
                         {modules,[prometheus_httpd]}],
                        15000,undefined]]}},
              {restart_type,permanent},
              {significant,false},
              {shutdown,infinity},
              {child_type,supervisor}]
 (supervisor:report_progress/3:2323)
2026-09-16 18:41:21.052614+00:00 [debug] PROGRESS REPORT:
    supervisor: {local,httpd_sup}
    started: [{pid,<0.1163.0>},
              {id,{httpd_instance_sup,{127,0,0,1},9081,default}},
              {mfargs,
                  {httpd_instance_sup,start_link,
                      [[{bind_address,{127,0,0,1}},
                        {socket_type,ip_comm},
                        {port,9081},
                        {server_root,"run/mod_stats_prometheus/doc"},
                        {document_root,"run/mod_stats_prometheus/doc"},
                        {server_name,"Prometheus Exporter"},
                        {modules,[prometheus_httpd]}],
                       15000,[]]}},
              {restart_type,permanent},
              {significant,false},
              {shutdown,infinity},
              {child_type,supervisor}]
 (supervisor:report_progress/3:2333)
2026-09-16 18:41:21.053853+00:00 [info] Started mod_stats_prometheus (eturnal:start_modules/0:384)
2026-09-16 18:41:21.053983+00:00 [debug] Calling mod_log_stun:start/0 (eturnal_module:start/1:143)
2026-09-16 18:41:21.054130+00:00 [debug] Starting mod_log_stun (mod_log_stun:start/0:38)
2026-09-16 18:41:21.055167+00:00 [info] Started mod_log_stun (eturnal:start_modules/0:384)
2026-09-16 18:41:21.055272+00:00 [debug] Calling mod_stats_influx:start/0 (eturnal_module:start/1:143)
2026-09-16 18:41:21.055384+00:00 [debug] Starting mod_stats_influx (mod_stats_influx:start/0:37)
2026-09-16 18:41:21.055484+00:00 [debug] Dependency influx_udp was available already (eturnal_module:ensure_dep/2:284)
2026-09-16 18:41:21.056018+00:00 [info]     options: #{port => 8089,host => "localhost",pool_size => 1,
               max_overflow => 1}
    msg: Start clients pool
    host: {127,0,0,1} (influx_udp:start_pool_/2:239)
2026-09-16 18:41:21.056478+00:00 [info] Started mod_stats_influx (eturnal:start_modules/0:384)
2026-09-16 18:41:21.056589+00:00 [debug] Restarted modules (eturnal:reload/1:639)
2026-09-16 18:41:21.056690+00:00 [debug] eturnal call (reload) returned ok (eturnal_ctl:call/1:439)
2026-09-16 18:41:21.082002+00:00 [info] Accepting connection: 127.0.0.1:59260 -> 127.0.0.1:34780 [TCP, session 2wdwhaokurrn] (stun_acceptor:accept/3:158)
2026-09-16 18:41:21.105364+00:00 [info] Accepting connection: 127.0.0.1:44418 -> 127.0.0.1:53490 [TLS, session mzemp9npec1e] (stun_acceptor:accept/3:158)
2026-09-16 18:41:21.134418+00:00 [debug] Received:
#stun{class = request,method = 3,magic = 554869826,
      trid = 3702029697167075019443574614,raw = <<>>,unsupported = [],
      'ALTERNATE-SERVER' = undefined,'CHANNEL-NUMBER' = undefined,
      'DATA' = undefined,'DONT-FRAGMENT' = false,'ERROR-CODE' = undefined,
      'LIFETIME' = undefined,'MAPPED-ADDRESS' = undefined,
      'MESSAGE-INTEGRITY' = undefined,'NONCE' = undefined,'REALM' = undefined,
      'REQUESTED-ADDRESS-FAMILY' = undefined,
      'REQUESTED-TRANSPORT' = undefined,'SOFTWARE' = undefined,
      'UNKNOWN-ATTRIBUTES' = [],'USERNAME' = undefined,
      'XOR-MAPPED-ADDRESS' = undefined,'XOR-PEER-ADDRESS' = [],
      'XOR-RELAYED-ADDRESS' = undefined} (stun:udp_recv/5:146)
2026-09-16 18:41:21.134569+00:00 [debug] Sending:
#stun{class = error,method = 3,magic = 554869826,
      trid = 3702029697167075019443574614,raw = <<>>,unsupported = [],
      'ALTERNATE-SERVER' = undefined,'CHANNEL-NUMBER' = undefined,
      'DATA' = undefined,'DONT-FRAGMENT' = false,
      'ERROR-CODE' = {401,<<"Unauthorized">>},
      'LIFETIME' = undefined,'MAPPED-ADDRESS' = undefined,
      'MESSAGE-INTEGRITY' = undefined,'NONCE' = <<"479049161">>,
      'REALM' = <<"eturnal.net">>,'REQUESTED-ADDRESS-FAMILY' = undefined,
      'REQUESTED-TRANSPORT' = undefined,'SOFTWARE' = <<"eturnal">>,
      'UNKNOWN-ATTRIBUTES' = [],'USERNAME' = undefined,
      'XOR-MAPPED-ADDRESS' = undefined,'XOR-PEER-ADDRESS' = [],
      'XOR-RELAYED-ADDRESS' = undefined} (stun:send/3:500)
2026-09-16 18:41:21.134877+00:00 [debug] Received:
#stun{class = request,method = 3,magic = 554869826,
      trid = 15395646869829753188609809848,
      raw = <<0,3,0,76,33,18,164,66,49,190,251,9,39,138,71,128,251,137,221,184,
              0,25,0,4,17,0,0,0,0,6,0,5,97,108,105,99,101,0,0,0,0,20,0,11,101,
              116,117,114,110,97,108,46,110,101,116,0,0,21,0,9,52,55,57,48,52,
              57,49,54,49,0,0,0>>,
      unsupported = [],'ALTERNATE-SERVER' = undefined,
      'CHANNEL-NUMBER' = undefined,'DATA' = undefined,'DONT-FRAGMENT' = false,
      'ERROR-CODE' = undefined,'LIFETIME' = undefined,
      'MAPPED-ADDRESS' = undefined,
      'MESSAGE-INTEGRITY' = <<102,89,155,184,184,16,187,147,252,184,80,26,198,
                              118,210,72,69,3,209,73>>,
      'NONCE' = <<"479049161">>,'REALM' = <<"eturnal.net">>,
      'REQUESTED-ADDRESS-FAMILY' = undefined,'REQUESTED-TRANSPORT' = udp,
      'SOFTWARE' = undefined,'UNKNOWN-ATTRIBUTES' = [],
      'USERNAME' = <<"alice">>,'XOR-MAPPED-ADDRESS' = undefined,
      'XOR-PEER-ADDRESS' = [],'XOR-RELAYED-ADDRESS' = undefined} (stun:udp_recv/5:146)
2026-09-16 18:41:21.135002+00:00 [debug] Looking up password for: alice [UDP, session 0yv7aas0b9r5, user alice, client 127.0.0.1:53955] (eturnal:get_password/2:259)
2026-09-16 18:41:21.135062+00:00 [info] Accepting long-term STUN/TURN authentication [UDP, session 0yv7aas0b9r5, user alice, client 127.0.0.1:53955] (stun:process/2:289)
2026-09-16 18:41:21.138824+00:00 [debug] Running 'turn_session_start' hook [UDP, session 0yv7aas0b9r5, user alice, client 127.0.0.1:53955] (turn:run_hook/3:753)
2026-09-16 18:41:21.138902+00:00 [debug] Got 'turn_session_start' event [UDP, session 0yv7aas0b9r5, user alice, client 127.0.0.1:53955] (eturnal_module:handle_event/2:177)
2026-09-16 18:41:21.138952+00:00 [debug] Calling mod_stats_prometheus:handle_event/2 [UDP, session 0yv7aas0b9r5, user alice, client 127.0.0.1:53955] (eturnal_module:handle_event/2:180)
2026-09-16 18:41:21.138997+00:00 [debug] Observing started TURN session 0yv7aas0b9r5 for Prometheus [UDP, session 0yv7aas0b9r5, user alice, client 127.0.0.1:53955] (mod_stats_prometheus:on_turn_session_start/1:174)
2026-09-16 18:41:21.139190+00:00 [notice] Creating TURN allocation (lifetime: 599 seconds) [UDP, session 0yv7aas0b9r5, user alice, client 127.0.0.1:53955, relay 127.0.0.1:53871] (turn:wait_for_allocate/2:226)
2026-09-16 18:41:21.139300+00:00 [debug] Sending:
#stun{class = response,method = 3,magic = 554869826,
      trid = 15395646869829753188609809848,raw = <<>>,unsupported = [],
      'ALTERNATE-SERVER' = undefined,'CHANNEL-NUMBER' = undefined,
      'DATA' = undefined,'DONT-FRAGMENT' = false,'ERROR-CODE' = undefined,
      'LIFETIME' = 599,'MAPPED-ADDRESS' = undefined,
      'MESSAGE-INTEGRITY' = undefined,'NONCE' = undefined,'REALM' = undefined,
      'REQUESTED-ADDRESS-FAMILY' = undefined,
      'REQUESTED-TRANSPORT' = undefined,'SOFTWARE' = <<"eturnal">>,
      'UNKNOWN-ATTRIBUTES' = [],'USERNAME' = undefined,
      'XOR-MAPPED-ADDRESS' = {{127,0,0,1},53955},
      'XOR-PEER-ADDRESS' = [],
      'XOR-RELAYED-ADDRESS' = {{127,0,0,1},53871}} (turn:send/2:549)
2026-09-16 18:41:21.139591+00:00 [debug] Received:
#stun{class = request,method = 4,magic = 554869826,
      trid = 41067457055700166678676744158,
      raw = <<0,4,0,76,33,18,164,66,132,178,52,75,233,138,32,168,35,51,167,222,
              0,6,0,5,97,108,105,99,101,0,0,0,0,20,0,11,101,116,117,114,110,97,
              108,46,110,101,116,0,0,21,0,9,52,55,57,48,52,57,49,54,49,0,0,0,0,
              13,0,4,0,0,0,0>>,
      unsupported = [],'ALTERNATE-SERVER' = undefined,
      'CHANNEL-NUMBER' = undefined,'DATA' = undefined,'DONT-FRAGMENT' = false,
      'ERROR-CODE' = undefined,'LIFETIME' = 0,'MAPPED-ADDRESS' = undefined,
      'MESSAGE-INTEGRITY' = <<158,53,47,150,54,2,155,235,108,205,79,243,96,244,
                              76,6,120,115,251,35>>,
      'NONCE' = <<"479049161">>,'REALM' = <<"eturnal.net">>,
      'REQUESTED-ADDRESS-FAMILY' = undefined,
      'REQUESTED-TRANSPORT' = undefined,'SOFTWARE' = undefined,
      'UNKNOWN-ATTRIBUTES' = [],'USERNAME' = <<"alice">>,
      'XOR-MAPPED-ADDRESS' = undefined,'XOR-PEER-ADDRESS' = [],
      'XOR-RELAYED-ADDRESS' = undefined} (stun:udp_recv/5:146)
2026-09-16 18:41:21.139736+00:00 [debug] Looking up password for: alice [UDP, session 1rmzpa6u2zii, user alice, client 127.0.0.1:53955] (eturnal:get_password/2:259)
2026-09-16 18:41:21.139789+00:00 [info] Accepting long-term STUN/TURN authentication [UDP, session 1rmzpa6u2zii, user alice, client 127.0.0.1:53955] (stun:process/2:289)
2026-09-16 18:41:21.139849+00:00 [info] Client requested closing the TURN session [UDP, session 0yv7aas0b9r5, user alice, client 127.0.0.1:53955, relay 127.0.0.1:53871] (turn:active/2:285)
2026-09-16 18:41:21.139934+00:00 [debug] Sending:
#stun{class = response,method = 4,magic = 554869826,
      trid = 41067457055700166678676744158,raw = <<>>,unsupported = [],
      'ALTERNATE-SERVER' = undefined,'CHANNEL-NUMBER' = undefined,
      'DATA' = undefined,'DONT-FRAGMENT' = false,'ERROR-CODE' = undefined,
      'LIFETIME' = 0,'MAPPED-ADDRESS' = undefined,
      'MESSAGE-INTEGRITY' = undefined,'NONCE' = undefined,'REALM' = undefined,
      'REQUESTED-ADDRESS-FAMILY' = undefined,
      'REQUESTED-TRANSPORT' = undefined,'SOFTWARE' = <<"eturnal">>,
      'UNKNOWN-ATTRIBUTES' = [],'USERNAME' = undefined,
      'XOR-MAPPED-ADDRESS' = undefined,'XOR-PEER-ADDRESS' = [],
      'XOR-RELAYED-ADDRESS' = undefined} (turn:send/2:549)
2026-09-16 18:41:21.140040+00:00 [info] Deleting TURN allocation [UDP, session 0yv7aas0b9r5, user alice, client 127.0.0.1:53955, relay 127.0.0.1:53871] (turn:terminate/3:482)
2026-09-16 18:41:21.140101+00:00 [notice] Relayed 0 KiB (in 0 B / 0 packets, out 0 B / 0 packets), duration: 0 seconds [UDP, session 0yv7aas0b9r5, user alice, client 127.0.0.1:53955, relay 127.0.0.1:53871] (turn:terminate/3:489)
2026-09-16 18:41:21.140159+00:00 [debug] Running 'turn_session_stop' hook [UDP, session 0yv7aas0b9r5, user alice, client 127.0.0.1:53955, relay 127.0.0.1:53871] (turn:run_hook/3:753)
2026-09-16 18:41:21.140201+00:00 [debug] Got 'turn_session_stop' event [UDP, session 0yv7aas0b9r5, user alice, client 127.0.0.1:53955, relay 127.0.0.1:53871] (eturnal_module:handle_event/2:177)
2026-09-16 18:41:21.140249+00:00 [debug] Calling mod_stats_influx:handle_event/2 [UDP, session 0yv7aas0b9r5, user alice, client 127.0.0.1:53955, relay 127.0.0.1:53871] (eturnal_module:handle_event/2:180)
2026-09-16 18:41:21.140283+00:00 [debug] Writing stats of TURN session 0yv7aas0b9r5 to InfluxDB [UDP, session 0yv7aas0b9r5, user alice, client 127.0.0.1:53955, relay 127.0.0.1:53871] (mod_stats_influx:on_turn_session_stop/1:87)
2026-09-16 18:41:21.140266+00:00 [debug] Received:
#stun{class = request,method = 3,magic = 554869826,
      trid = 25027807338272137407319427877,raw = <<>>,unsupported = [],
      'ALTERNATE-SERVER' = undefined,'CHANNEL-NUMBER' = undefined,
      'DATA' = undefined,'DONT-FRAGMENT' = false,'ERROR-CODE' = undefined,
      'LIFETIME' = undefined,'MAPPED-ADDRESS' = undefined,
      'MESSAGE-INTEGRITY' = undefined,'NONCE' = undefined,'REALM' = undefined,
      'REQUESTED-ADDRESS-FAMILY' = undefined,
      'REQUESTED-TRANSPORT' = undefined,'SOFTWARE' = undefined,
      'UNKNOWN-ATTRIBUTES' = [],'USERNAME' = undefined,
      'XOR-MAPPED-ADDRESS' = undefined,'XOR-PEER-ADDRESS' = [],
      'XOR-RELAYED-ADDRESS' = undefined} (stun:udp_recv/5:146)
2026-09-16 18:41:21.140389+00:00 [debug] Sending:
#stun{class = error,method = 3,magic = 554869826,
      trid = 25027807338272137407319427877,raw = <<>>,unsupported = [],
      'ALTERNATE-SERVER' = undefined,'CHANNEL-NUMBER' = undefined,
      'DATA' = undefined,'DONT-FRAGMENT' = false,
      'ERROR-CODE' = {401,<<"Unauthorized">>},
      'LIFETIME' = undefined,'MAPPED-ADDRESS' = undefined,
      'MESSAGE-INTEGRITY' = undefined,'NONCE' = <<"1660332332">>,
      'REALM' = <<"eturnal.net">>,'REQUESTED-ADDRESS-FAMILY' = undefined,
      'REQUESTED-TRANSPORT' = undefined,'SOFTWARE' = <<"eturnal">>,
      'UNKNOWN-ATTRIBUTES' = [],'USERNAME' = undefined,
      'XOR-MAPPED-ADDRESS' = undefined,'XOR-PEER-ADDRESS' = [],
      'XOR-RELAYED-ADDRESS' = undefined} (stun:send/3:500)
2026-09-16 18:41:21.140675+00:00 [debug] Received:
#stun{class = request,method = 3,magic = 554869826,
      trid = 65894416143309286278877142949,
      raw = <<0,3,0,80,33,18,164,66,212,234,149,96,220,171,115,110,205,59,223,
              165,0,25,0,4,17,0,0,0,0,6,0,10,50,49,52,53,57,49,51,50,48,48,0,0,
              0,20,0,11,101,116,117,114,110,97,108,46,110,101,116,0,0,21,0,10,
              49,54,54,48,51,51,50,51,51,50,0,0>>,
      unsupported = [],'ALTERNATE-SERVER' = undefined,
      'CHANNEL-NUMBER' = undefined,'DATA' = undefined,'DONT-FRAGMENT' = false,
      'ERROR-CODE' = undefined,'LIFETIME' = undefined,
      'MAPPED-ADDRESS' = undefined,
      'MESSAGE-INTEGRITY' = <<"°¯úÁïâmG[D0ÍÈ2 SÆz1Ö">>,
      'NONCE' = <<"1660332332">>,'REALM' = <<"eturnal.net">>,
      'REQUESTED-ADDRESS-FAMILY' = undefined,'REQUESTED-TRANSPORT' = udp,
      'SOFTWARE' = undefined,'UNKNOWN-ATTRIBUTES' = [],
      'USERNAME' = <<"2145913200">>,'XOR-MAPPED-ADDRESS' = undefined,
      'XOR-PEER-ADDRESS' = [],'XOR-RELAYED-ADDRESS' = undefined} (stun:udp_recv/5:146)
2026-09-16 18:41:21.140794+00:00 [debug] Deriving password for: 2145913200 [UDP, session 8hpq79j29upu, user 2145913200, client 127.0.0.1:47940] (eturnal:get_password/2:245)
2026-09-16 18:41:21.140856+00:00 [info] Accepting long-term STUN/TURN authentication [UDP, session 8hpq79j29upu, user 2145913200, client 127.0.0.1:47940] (stun:process/2:289)
2026-09-16 18:41:21.140955+00:00 [debug] Running 'turn_session_start' hook [UDP, session 8hpq79j29upu, user 2145913200, client 127.0.0.1:47940] (turn:run_hook/3:753)
2026-09-16 18:41:21.141019+00:00 [debug] Got 'turn_session_start' event [UDP, session 8hpq79j29upu, user 2145913200, client 127.0.0.1:47940] (eturnal_module:handle_event/2:177)
2026-09-16 18:41:21.141073+00:00 [debug] Calling mod_stats_prometheus:handle_event/2 [UDP, session 8hpq79j29upu, user 2145913200, client 127.0.0.1:47940] (eturnal_module:handle_event/2:180)
2026-09-16 18:41:21.141123+00:00 [debug] Observing started TURN session 8hpq79j29upu for Prometheus [UDP, session 8hpq79j29upu, user 2145913200, client 127.0.0.1:47940] (mod_stats_prometheus:on_turn_session_start/1:174)
2026-09-16 18:41:21.141315+00:00 [notice] Creating TURN allocation (lifetime: 599 seconds) [UDP, session 8hpq79j29upu, user 2145913200, client 127.0.0.1:47940, relay 127.0.0.1:50989] (turn:wait_for_allocate/2:226)
2026-09-16 18:41:21.141414+00:00 [debug] Sending:
#stun{class = response,method = 3,magic = 554869826,
      trid = 65894416143309286278877142949,raw = <<>>,unsupported = [],
      'ALTERNATE-SERVER' = undefined,'CHANNEL-NUMBER' = undefined,
      'DATA' = undefined,'DONT-FRAGMENT' = false,'ERROR-CODE' = undefined,
      'LIFETIME' = 599,'MAPPED-ADDRESS' = undefined,
      'MESSAGE-INTEGRITY' = undefined,'NONCE' = undefined,'REALM' = undefined,
      'REQUESTED-ADDRESS-FAMILY' = undefined,
      'REQUESTED-TRANSPORT' = undefined,'SOFTWARE' = <<"eturnal">>,
      'UNKNOWN-ATTRIBUTES' = [],'USERNAME' = undefined,
      'XOR-MAPPED-ADDRESS' = {{127,0,0,1},47940},
      'XOR-PEER-ADDRESS' = [],
      'XOR-RELAYED-ADDRESS' = {{127,0,0,1},50989}} (turn:send/2:549)
2026-09-16 18:41:21.141751+00:00 [debug] Received:
#stun{class = request,method = 4,magic = 554869826,
      trid = 42381426202350698085265504562,
      raw = <<0,4,0,80,33,18,164,66,136,241,24,22,20,197,74,186,35,208,249,50,
              0,6,0,10,50,49,52,53,57,49,51,50,48,48,0,0,0,20,0,11,101,116,117,
              114,110,97,108,46,110,101,116,0,0,21,0,10,49,54,54,48,51,51,50,
              51,51,50,0,0,0,13,0,4,0,0,0,0>>,
      unsupported = [],'ALTERNATE-SERVER' = undefined,
      'CHANNEL-NUMBER' = undefined,'DATA' = undefined,'DONT-FRAGMENT' = false,
      'ERROR-CODE' = undefined,'LIFETIME' = 0,'MAPPED-ADDRESS' = undefined,
      'MESSAGE-INTEGRITY' = <<39,33,201,134,184,65,227,173,32,221,206,148,124,
                              26,26,8,174,94,120,234>>,
      'NONCE' = <<"1660332332">>,'REALM' = <<"eturnal.net">>,
      'REQUESTED-ADDRESS-FAMILY' = undefined,
      'REQUESTED-TRANSPORT' = undefined,'SOFTWARE' = undefined,
      'UNKNOWN-ATTRIBUTES' = [],'USERNAME' = <<"2145913200">>,
      'XOR-MAPPED-ADDRESS' = undefined,'XOR-PEER-ADDRESS' = [],
      'XOR-RELAYED-ADDRESS' = undefined} (stun:udp_recv/5:146)
2026-09-16 18:41:21.141864+00:00 [debug] Deriving password for: 2145913200 [UDP, session xsx6v8hlv2l1, user 2145913200, client 127.0.0.1:47940] (eturnal:get_password/2:245)
2026-09-16 18:41:21.141926+00:00 [info] Accepting long-term STUN/TURN authentication [UDP, session xsx6v8hlv2l1, user 2145913200, client 127.0.0.1:47940] (stun:process/2:289)
2026-09-16 18:41:21.142001+00:00 [info] Client requested closing the TURN session [UDP, session 8hpq79j29upu, user 2145913200, client 127.0.0.1:47940, relay 127.0.0.1:50989] (turn:active/2:285)
2026-09-16 18:41:21.142070+00:00 [debug] Sending:
#stun{class = response,method = 4,magic = 554869826,
      trid = 42381426202350698085265504562,raw = <<>>,unsupported = [],
      'ALTERNATE-SERVER' = undefined,'CHANNEL-NUMBER' = undefined,
      'DATA' = undefined,'DONT-FRAGMENT' = false,'ERROR-CODE' = undefined,
      'LIFETIME' = 0,'MAPPED-ADDRESS' = undefined,
      'MESSAGE-INTEGRITY' = undefined,'NONCE' = undefined,'REALM' = undefined,
      'REQUESTED-ADDRESS-FAMILY' = undefined,
      'REQUESTED-TRANSPORT' = undefined,'SOFTWARE' = <<"eturnal">>,
      'UNKNOWN-ATTRIBUTES' = [],'USERNAME' = undefined,
      'XOR-MAPPED-ADDRESS' = undefined,'XOR-PEER-ADDRESS' = [],
      'XOR-RELAYED-ADDRESS' = undefined} (turn:send/2:549)
2026-09-16 18:41:21.142195+00:00 [info] Deleting TURN allocation [UDP, session 8hpq79j29upu, user 2145913200, client 127.0.0.1:47940, relay 127.0.0.1:50989] (turn:terminate/3:482)
2026-09-16 18:41:21.142248+00:00 [notice] Relayed 0 KiB (in 0 B / 0 packets, out 0 B / 0 packets), duration: 0 seconds [UDP, session 8hpq79j29upu, user 2145913200, client 127.0.0.1:47940, relay 127.0.0.1:50989] (turn:terminate/3:489)
2026-09-16 18:41:21.142300+00:00 [debug] Running 'turn_session_stop' hook [UDP, session 8hpq79j29upu, user 2145913200, client 127.0.0.1:47940, relay 127.0.0.1:50989] (turn:run_hook/3:753)
2026-09-16 18:41:21.142365+00:00 [debug] Got 'turn_session_stop' event [UDP, session 8hpq79j29upu, user 2145913200, client 127.0.0.1:47940, relay 127.0.0.1:50989] (eturnal_module:handle_event/2:177)
2026-09-16 18:41:21.142395+00:00 [debug] Calling mod_stats_influx:handle_event/2 [UDP, session 8hpq79j29upu, user 2145913200, client 127.0.0.1:47940, relay 127.0.0.1:50989] (eturnal_module:handle_event/2:180)
2026-09-16 18:41:21.142457+00:00 [debug] Writing stats of TURN session 8hpq79j29upu to InfluxDB [UDP, session 8hpq79j29upu, user 2145913200, client 127.0.0.1:47940, relay 127.0.0.1:50989] (mod_stats_influx:on_turn_session_stop/1:87)
2026-09-16 18:41:21.142698+00:00 [debug] Calling mod_stats_prometheus:handle_event/2 [UDP, session 0yv7aas0b9r5, user alice, client 127.0.0.1:53955, relay 127.0.0.1:53871] (eturnal_module:handle_event/2:180)
2026-09-16 18:41:21.142738+00:00 [debug] Observing stopped TURN session 0yv7aas0b9r5 for Prometheus [UDP, session 0yv7aas0b9r5, user alice, client 127.0.0.1:53955, relay 127.0.0.1:53871] (mod_stats_prometheus:on_turn_session_stop/1:187)
2026-09-16 18:41:21.142762+00:00 [debug] Calling mod_stats_prometheus:handle_event/2 [UDP, session 8hpq79j29upu, user 2145913200, client 127.0.0.1:47940, relay 127.0.0.1:50989] (eturnal_module:handle_event/2:180)
2026-09-16 18:41:21.142848+00:00 [debug] Observing stopped TURN session 8hpq79j29upu for Prometheus [UDP, session 8hpq79j29upu, user 2145913200, client 127.0.0.1:47940, relay 127.0.0.1:50989] (mod_stats_prometheus:on_turn_session_stop/1:187)
2026-09-16 18:41:21.165677+00:00 [debug] Received:
#stun{class = request,method = 1,magic = 554869826,
      trid = 41010383755973014893387624553,raw = <<>>,unsupported = [],
      'ALTERNATE-SERVER' = undefined,'CHANNEL-NUMBER' = undefined,
      'DATA' = undefined,'DONT-FRAGMENT' = false,'ERROR-CODE' = undefined,
      'LIFETIME' = undefined,'MAPPED-ADDRESS' = undefined,
      'MESSAGE-INTEGRITY' = undefined,'NONCE' = undefined,'REALM' = undefined,
      'REQUESTED-ADDRESS-FAMILY' = undefined,
      'REQUESTED-TRANSPORT' = undefined,'SOFTWARE' = undefined,
      'UNKNOWN-ATTRIBUTES' = [],'USERNAME' = undefined,
      'XOR-MAPPED-ADDRESS' = undefined,'XOR-PEER-ADDRESS' = [],
      'XOR-RELAYED-ADDRESS' = undefined} (stun:udp_recv/5:146)
2026-09-16 18:41:21.165770+00:00 [debug] Responding to STUN request [UDP, session li97gaz9iqs9, anonymous, client 127.0.0.1:60552] (stun:process/4:357)
2026-09-16 18:41:21.165797+00:00 [debug] Running 'stun_query' hook [UDP, session li97gaz9iqs9, anonymous, client 127.0.0.1:60552] (stun:run_hook/3:747)
2026-09-16 18:41:21.165827+00:00 [debug] Got 'stun_query' event [UDP, session li97gaz9iqs9, anonymous, client 127.0.0.1:60552] (eturnal_module:handle_event/2:177)
2026-09-16 18:41:21.165864+00:00 [debug] Calling mod_log_stun:handle_event/2 [UDP, session li97gaz9iqs9, anonymous, client 127.0.0.1:60552] (eturnal_module:handle_event/2:180)
2026-09-16 18:41:21.165911+00:00 [info] Responding to STUN request [UDP, session li97gaz9iqs9, anonymous, client 127.0.0.1:60552] (mod_log_stun:handle_event/2:44)
2026-09-16 18:41:21.165952+00:00 [debug] Calling mod_stats_influx:handle_event/2 [UDP, session li97gaz9iqs9, anonymous, client 127.0.0.1:60552] (eturnal_module:handle_event/2:180)
2026-09-16 18:41:21.165984+00:00 [debug] Writing STUN query event to InfluxDB [UDP, session li97gaz9iqs9, anonymous, client 127.0.0.1:60552] (mod_stats_influx:on_stun_query/1:76)
2026-09-16 18:41:21.166132+00:00 [debug] Calling mod_stats_prometheus:handle_event/2 [UDP, session li97gaz9iqs9, anonymous, client 127.0.0.1:60552] (eturnal_module:handle_event/2:180)
2026-09-16 18:41:21.166191+00:00 [debug] Observing STUN query for Prometheus [UDP, session li97gaz9iqs9, anonymous, client 127.0.0.1:60552] (mod_stats_prometheus:on_stun_query/1:166)
2026-09-16 18:41:21.166284+00:00 [debug] Sending:
#stun{class = response,method = 1,magic = 554869826,
      trid = 41010383755973014893387624553,raw = <<>>,unsupported = [],
      'ALTERNATE-SERVER' = undefined,'CHANNEL-NUMBER' = undefined,
      'DATA' = undefined,'DONT-FRAGMENT' = false,'ERROR-CODE' = undefined,
      'LIFETIME' = undefined,'MAPPED-ADDRESS' = undefined,
      'MESSAGE-INTEGRITY' = undefined,'NONCE' = undefined,'REALM' = undefined,
      'REQUESTED-ADDRESS-FAMILY' = undefined,
      'REQUESTED-TRANSPORT' = undefined,'SOFTWARE' = <<"eturnal">>,
      'UNKNOWN-ATTRIBUTES' = [],'USERNAME' = undefined,
      'XOR-MAPPED-ADDRESS' = {{127,0,0,1},60552},
      'XOR-PEER-ADDRESS' = [],'XOR-RELAYED-ADDRESS' = undefined} (stun:send/3:500)
2026-09-16 18:41:21.189415+00:00 [info] Accepting connection: 127.0.0.1:59270 -> 127.0.0.1:34780 [TCP, session lz70u1eclwg5] (stun_acceptor:accept/3:158)
2026-09-16 18:41:21.189713+00:00 [debug] Received:
#stun{class = request,method = 1,magic = 554869826,
      trid = 39781460844580079348361771187,raw = <<>>,unsupported = [],
      'ALTERNATE-SERVER' = undefined,'CHANNEL-NUMBER' = undefined,
      'DATA' = undefined,'DONT-FRAGMENT' = false,'ERROR-CODE' = undefined,
      'LIFETIME' = undefined,'MAPPED-ADDRESS' = undefined,
      'MESSAGE-INTEGRITY' = undefined,'NONCE' = undefined,'REALM' = undefined,
      'REQUESTED-ADDRESS-FAMILY' = undefined,
      'REQUESTED-TRANSPORT' = undefined,'SOFTWARE' = undefined,
      'UNKNOWN-ATTRIBUTES' = [],'USERNAME' = undefined,
      'XOR-MAPPED-ADDRESS' = undefined,'XOR-PEER-ADDRESS' = [],
      'XOR-RELAYED-ADDRESS' = undefined} (stun:process_data/3:457)
2026-09-16 18:41:21.189812+00:00 [debug] Responding to STUN request [TCP, session lz70u1eclwg5, anonymous, client 127.0.0.1:59270] (stun:process/4:357)
2026-09-16 18:41:21.189851+00:00 [debug] Running 'stun_query' hook [TCP, session lz70u1eclwg5, anonymous, client 127.0.0.1:59270] (stun:run_hook/3:747)
2026-09-16 18:41:21.189882+00:00 [debug] Got 'stun_query' event [TCP, session lz70u1eclwg5, anonymous, client 127.0.0.1:59270] (eturnal_module:handle_event/2:177)
2026-09-16 18:41:21.189914+00:00 [debug] Calling mod_log_stun:handle_event/2 [TCP, session lz70u1eclwg5, anonymous, client 127.0.0.1:59270] (eturnal_module:handle_event/2:180)
2026-09-16 18:41:21.189966+00:00 [info] Responding to STUN request [TCP, session lz70u1eclwg5, anonymous, client 127.0.0.1:59270] (mod_log_stun:handle_event/2:44)
2026-09-16 18:41:21.190001+00:00 [debug] Calling mod_stats_influx:handle_event/2 [TCP, session lz70u1eclwg5, anonymous, client 127.0.0.1:59270] (eturnal_module:handle_event/2:180)
2026-09-16 18:41:21.190036+00:00 [debug] Writing STUN query event to InfluxDB [TCP, session lz70u1eclwg5, anonymous, client 127.0.0.1:59270] (mod_stats_influx:on_stun_query/1:76)
2026-09-16 18:41:21.190205+00:00 [debug] Calling mod_stats_prometheus:handle_event/2 [TCP, session lz70u1eclwg5, anonymous, client 127.0.0.1:59270] (eturnal_module:handle_event/2:180)
2026-09-16 18:41:21.190258+00:00 [debug] Observing STUN query for Prometheus [TCP, session lz70u1eclwg5, anonymous, client 127.0.0.1:59270] (mod_stats_prometheus:on_stun_query/1:166)
2026-09-16 18:41:21.190324+00:00 [debug] Sending:
#stun{class = response,method = 1,magic = 554869826,
      trid = 39781460844580079348361771187,raw = <<>>,unsupported = [],
      'ALTERNATE-SERVER' = undefined,'CHANNEL-NUMBER' = undefined,
      'DATA' = undefined,'DONT-FRAGMENT' = false,'ERROR-CODE' = undefined,
      'LIFETIME' = undefined,'MAPPED-ADDRESS' = undefined,
      'MESSAGE-INTEGRITY' = undefined,'NONCE' = undefined,'REALM' = undefined,
      'REQUESTED-ADDRESS-FAMILY' = undefined,
      'REQUESTED-TRANSPORT' = undefined,'SOFTWARE' = <<"eturnal">>,
      'UNKNOWN-ATTRIBUTES' = [],'USERNAME' = undefined,
      'XOR-MAPPED-ADDRESS' = {{127,0,0,1},59270},
      'XOR-PEER-ADDRESS' = [],'XOR-RELAYED-ADDRESS' = undefined} (stun:send/3:500)
2026-09-16 18:41:21.191049+00:00 [info] Connection reset by peer [TCP, session lz70u1eclwg5, anonymous, client 127.0.0.1:59270] (stun:handle_info/3:206)
2026-09-16 18:41:21.215013+00:00 [info] Accepting connection: 127.0.0.1:44424 -> 127.0.0.1:53490 [TLS, session ri7e8xn8xx67] (stun_acceptor:accept/3:158)
2026-09-16 18:41:22.224357+00:00 [debug] Received:
#stun{class = request,method = 1,magic = 554869826,
      trid = 9612154094646390227127429581,raw = <<>>,unsupported = [],
      'ALTERNATE-SERVER' = undefined,'CHANNEL-NUMBER' = undefined,
      'DATA' = undefined,'DONT-FRAGMENT' = false,'ERROR-CODE' = undefined,
      'LIFETIME' = undefined,'MAPPED-ADDRESS' = undefined,
      'MESSAGE-INTEGRITY' = undefined,'NONCE' = undefined,'REALM' = undefined,
      'REQUESTED-ADDRESS-FAMILY' = undefined,
      'REQUESTED-TRANSPORT' = undefined,'SOFTWARE' = undefined,
      'UNKNOWN-ATTRIBUTES' = [],'USERNAME' = undefined,
      'XOR-MAPPED-ADDRESS' = undefined,'XOR-PEER-ADDRESS' = [],
      'XOR-RELAYED-ADDRESS' = undefined} (stun:process_data/3:457)
2026-09-16 18:41:22.224539+00:00 [debug] Responding to STUN request [TLS, session ri7e8xn8xx67, anonymous, client 127.0.0.1:44424] (stun:process/4:357)
2026-09-16 18:41:22.224631+00:00 [debug] Running 'stun_query' hook [TLS, session ri7e8xn8xx67, anonymous, client 127.0.0.1:44424] (stun:run_hook/3:747)
2026-09-16 18:41:22.224696+00:00 [debug] Got 'stun_query' event [TLS, session ri7e8xn8xx67, anonymous, client 127.0.0.1:44424] (eturnal_module:handle_event/2:177)
2026-09-16 18:41:22.224739+00:00 [debug] Calling mod_log_stun:handle_event/2 [TLS, session ri7e8xn8xx67, anonymous, client 127.0.0.1:44424] (eturnal_module:handle_event/2:180)
2026-09-16 18:41:22.224775+00:00 [info] Responding to STUN request [TLS, session ri7e8xn8xx67, anonymous, client 127.0.0.1:44424] (mod_log_stun:handle_event/2:44)
2026-09-16 18:41:22.224802+00:00 [debug] Calling mod_stats_influx:handle_event/2 [TLS, session ri7e8xn8xx67, anonymous, client 127.0.0.1:44424] (eturnal_module:handle_event/2:180)
2026-09-16 18:41:22.224825+00:00 [debug] Writing STUN query event to InfluxDB [TLS, session ri7e8xn8xx67, anonymous, client 127.0.0.1:44424] (mod_stats_influx:on_stun_query/1:76)
2026-09-16 18:41:22.224977+00:00 [debug] Calling mod_stats_prometheus:handle_event/2 [TLS, session ri7e8xn8xx67, anonymous, client 127.0.0.1:44424] (eturnal_module:handle_event/2:180)
2026-09-16 18:41:22.225015+00:00 [debug] Observing STUN query for Prometheus [TLS, session ri7e8xn8xx67, anonymous, client 127.0.0.1:44424] (mod_stats_prometheus:on_stun_query/1:166)
2026-09-16 18:41:22.225097+00:00 [debug] Sending:
#stun{class = response,method = 1,magic = 554869826,
      trid = 9612154094646390227127429581,raw = <<>>,unsupported = [],
      'ALTERNATE-SERVER' = undefined,'CHANNEL-NUMBER' = undefined,
      'DATA' = undefined,'DONT-FRAGMENT' = false,'ERROR-CODE' = undefined,
      'LIFETIME' = undefined,'MAPPED-ADDRESS' = undefined,
      'MESSAGE-INTEGRITY' = undefined,'NONCE' = undefined,'REALM' = undefined,
      'REQUESTED-ADDRESS-FAMILY' = undefined,
      'REQUESTED-TRANSPORT' = undefined,'SOFTWARE' = <<"eturnal">>,
      'UNKNOWN-ATTRIBUTES' = [],'USERNAME' = undefined,
      'XOR-MAPPED-ADDRESS' = {{127,0,0,1},44424},
      'XOR-PEER-ADDRESS' = [],'XOR-RELAYED-ADDRESS' = undefined} (stun:send/3:500)
2026-09-16 18:41:22.225340+00:00 [info] Connection reset by peer [TLS, session ri7e8xn8xx67, anonymous, client 127.0.0.1:44424] (stun:handle_info/3:206)
2026-09-16 18:41:22.249804+00:00 [info] Accepting connection: 127.0.0.1:48288 -> 127.0.0.1:34781 [TCP|TLS, session njb6vn9snxhf] (stun_acceptor:accept/3:158)
2026-09-16 18:41:22.249919+00:00 [debug] Determined transport protocol: TCP (stun:is_tls_handshake/1:693)
2026-09-16 18:41:22.250168+00:00 [debug] Received:
#stun{class = request,method = 1,magic = 554869826,
      trid = 37342161365080024931626991739,raw = <<>>,unsupported = [],
      'ALTERNATE-SERVER' = undefined,'CHANNEL-NUMBER' = undefined,
      'DATA' = undefined,'DONT-FRAGMENT' = false,'ERROR-CODE' = undefined,
      'LIFETIME' = undefined,'MAPPED-ADDRESS' = undefined,
      'MESSAGE-INTEGRITY' = undefined,'NONCE' = undefined,'REALM' = undefined,
      'REQUESTED-ADDRESS-FAMILY' = undefined,
      'REQUESTED-TRANSPORT' = undefined,'SOFTWARE' = undefined,
      'UNKNOWN-ATTRIBUTES' = [],'USERNAME' = undefined,
      'XOR-MAPPED-ADDRESS' = undefined,'XOR-PEER-ADDRESS' = [],
      'XOR-RELAYED-ADDRESS' = undefined} (stun:process_data/3:457)
2026-09-16 18:41:22.250266+00:00 [debug] Responding to STUN request [TCP, session njb6vn9snxhf, anonymous, client 127.0.0.1:48288] (stun:process/4:357)
2026-09-16 18:41:22.250337+00:00 [debug] Running 'stun_query' hook [TCP, session njb6vn9snxhf, anonymous, client 127.0.0.1:48288] (stun:run_hook/3:747)
2026-09-16 18:41:22.250375+00:00 [debug] Got 'stun_query' event [TCP, session njb6vn9snxhf, anonymous, client 127.0.0.1:48288] (eturnal_module:handle_event/2:177)
2026-09-16 18:41:22.250428+00:00 [debug] Calling mod_log_stun:handle_event/2 [TCP, session njb6vn9snxhf, anonymous, client 127.0.0.1:48288] (eturnal_module:handle_event/2:180)
2026-09-16 18:41:22.250474+00:00 [info] Responding to STUN request [TCP, session njb6vn9snxhf, anonymous, client 127.0.0.1:48288] (mod_log_stun:handle_event/2:44)
2026-09-16 18:41:22.250508+00:00 [debug] Calling mod_stats_influx:handle_event/2 [TCP, session njb6vn9snxhf, anonymous, client 127.0.0.1:48288] (eturnal_module:handle_event/2:180)
2026-09-16 18:41:22.250553+00:00 [debug] Writing STUN query event to InfluxDB [TCP, session njb6vn9snxhf, anonymous, client 127.0.0.1:48288] (mod_stats_influx:on_stun_query/1:76)
2026-09-16 18:41:22.250706+00:00 [debug] Calling mod_stats_prometheus:handle_event/2 [TCP, session njb6vn9snxhf, anonymous, client 127.0.0.1:48288] (eturnal_module:handle_event/2:180)
2026-09-16 18:41:22.250749+00:00 [debug] Observing STUN query for Prometheus [TCP, session njb6vn9snxhf, anonymous, client 127.0.0.1:48288] (mod_stats_prometheus:on_stun_query/1:166)
2026-09-16 18:41:22.250855+00:00 [debug] Sending:
#stun{class = response,method = 1,magic = 554869826,
      trid = 37342161365080024931626991739,raw = <<>>,unsupported = [],
      'ALTERNATE-SERVER' = undefined,'CHANNEL-NUMBER' = undefined,
      'DATA' = undefined,'DONT-FRAGMENT' = false,'ERROR-CODE' = undefined,
      'LIFETIME' = undefined,'MAPPED-ADDRESS' = undefined,
      'MESSAGE-INTEGRITY' = undefined,'NONCE' = undefined,'REALM' = undefined,
      'REQUESTED-ADDRESS-FAMILY' = undefined,
      'REQUESTED-TRANSPORT' = undefined,'SOFTWARE' = <<"eturnal">>,
      'UNKNOWN-ATTRIBUTES' = [],'USERNAME' = undefined,
      'XOR-MAPPED-ADDRESS' = {{127,0,0,1},48288},
      'XOR-PEER-ADDRESS' = [],'XOR-RELAYED-ADDRESS' = undefined} (stun:send/3:500)
2026-09-16 18:41:22.252209+00:00 [info] Connection reset by peer [TCP, session njb6vn9snxhf, anonymous, client 127.0.0.1:48288] (stun:handle_info/3:206)
2026-09-16 18:41:22.274443+00:00 [info] Accepting connection: 127.0.0.1:48296 -> 127.0.0.1:34781 [TCP|TLS, session d7eajoju4kmb] (stun_acceptor:accept/3:158)
2026-09-16 18:41:22.274544+00:00 [debug] Determined transport protocol: TLS (stun:is_tls_handshake/1:690)
2026-09-16 18:41:23.284481+00:00 [debug] Received:
#stun{class = request,method = 1,magic = 554869826,
      trid = 62673882993285254558474045865,raw = <<>>,unsupported = [],
      'ALTERNATE-SERVER' = undefined,'CHANNEL-NUMBER' = undefined,
      'DATA' = undefined,'DONT-FRAGMENT' = false,'ERROR-CODE' = undefined,
      'LIFETIME' = undefined,'MAPPED-ADDRESS' = undefined,
      'MESSAGE-INTEGRITY' = undefined,'NONCE' = undefined,'REALM' = undefined,
      'REQUESTED-ADDRESS-FAMILY' = undefined,
      'REQUESTED-TRANSPORT' = undefined,'SOFTWARE' = undefined,
      'UNKNOWN-ATTRIBUTES' = [],'USERNAME' = undefined,
      'XOR-MAPPED-ADDRESS' = undefined,'XOR-PEER-ADDRESS' = [],
      'XOR-RELAYED-ADDRESS' = undefined} (stun:process_data/3:457)
2026-09-16 18:41:23.284621+00:00 [debug] Responding to STUN request [TLS, session d7eajoju4kmb, anonymous, client 127.0.0.1:48296] (stun:process/4:357)
2026-09-16 18:41:23.284741+00:00 [debug] Running 'stun_query' hook [TLS, session d7eajoju4kmb, anonymous, client 127.0.0.1:48296] (stun:run_hook/3:747)
2026-09-16 18:41:23.284789+00:00 [debug] Got 'stun_query' event [TLS, session d7eajoju4kmb, anonymous, client 127.0.0.1:48296] (eturnal_module:handle_event/2:177)
2026-09-16 18:41:23.284849+00:00 [debug] Calling mod_log_stun:handle_event/2 [TLS, session d7eajoju4kmb, anonymous, client 127.0.0.1:48296] (eturnal_module:handle_event/2:180)
2026-09-16 18:41:23.284890+00:00 [info] Responding to STUN request [TLS, session d7eajoju4kmb, anonymous, client 127.0.0.1:48296] (mod_log_stun:handle_event/2:44)
2026-09-16 18:41:23.284945+00:00 [debug] Calling mod_stats_influx:handle_event/2 [TLS, session d7eajoju4kmb, anonymous, client 127.0.0.1:48296] (eturnal_module:handle_event/2:180)
2026-09-16 18:41:23.284994+00:00 [debug] Writing STUN query event to InfluxDB [TLS, session d7eajoju4kmb, anonymous, client 127.0.0.1:48296] (mod_stats_influx:on_stun_query/1:76)
2026-09-16 18:41:23.285211+00:00 [debug] Calling mod_stats_prometheus:handle_event/2 [TLS, session d7eajoju4kmb, anonymous, client 127.0.0.1:48296] (eturnal_module:handle_event/2:180)
2026-09-16 18:41:23.285257+00:00 [debug] Observing STUN query for Prometheus [TLS, session d7eajoju4kmb, anonymous, client 127.0.0.1:48296] (mod_stats_prometheus:on_stun_query/1:166)
2026-09-16 18:41:23.285358+00:00 [debug] Sending:
#stun{class = response,method = 1,magic = 554869826,
      trid = 62673882993285254558474045865,raw = <<>>,unsupported = [],
      'ALTERNATE-SERVER' = undefined,'CHANNEL-NUMBER' = undefined,
      'DATA' = undefined,'DONT-FRAGMENT' = false,'ERROR-CODE' = undefined,
      'LIFETIME' = undefined,'MAPPED-ADDRESS' = undefined,
      'MESSAGE-INTEGRITY' = undefined,'NONCE' = undefined,'REALM' = undefined,
      'REQUESTED-ADDRESS-FAMILY' = undefined,
      'REQUESTED-TRANSPORT' = undefined,'SOFTWARE' = <<"eturnal">>,
      'UNKNOWN-ATTRIBUTES' = [],'USERNAME' = undefined,
      'XOR-MAPPED-ADDRESS' = {{127,0,0,1},48296},
      'XOR-PEER-ADDRESS' = [],'XOR-RELAYED-ADDRESS' = undefined} (stun:send/3:500)
2026-09-16 18:41:23.285627+00:00 [info] Connection reset by peer [TLS, session d7eajoju4kmb, anonymous, client 127.0.0.1:48296] (stun:handle_info/3:206)
2026-09-16 18:41:23.309510+00:00 [debug] Terminating eturnal (shutdown) (eturnal:terminate/2:186)
2026-09-16 18:41:23.309494+00:00 [debug] No NOTIFY_SOCKET, dropping STOPPING=1 notification (eturnal_systemd:handle_cast/2:99)
2026-09-16 18:41:23.309737+00:00 [info] Stopped listening on 127.0.0.1:34780 (udp) (eturnal:stop_listeners/1:442)
2026-09-16 18:41:23.309884+00:00 [info] Stopped listening on 127.0.0.1:34780 (tcp) (eturnal:stop_listeners/1:442)
2026-09-16 18:41:23.310007+00:00 [info] Stopped listening on 127.0.0.1:53490 (tls) (eturnal:stop_listeners/1:442)
2026-09-16 18:41:23.310181+00:00 [info] Stopped listening on 127.0.0.1:34781 (auto) (eturnal:stop_listeners/1:442)
2026-09-16 18:41:23.311125+00:00 [debug] Calling mod_stats_prometheus:stop/1 (eturnal_module:stop/1:163)
2026-09-16 18:41:23.311264+00:00 [debug] Stopping mod_stats_prometheus (mod_stats_prometheus:stop/0:110)
2026-09-16 18:41:23.311533+00:00 [info] Stopped mod_stats_prometheus (eturnal:stop_modules/1:397)
2026-09-16 18:41:23.313017+00:00 [debug] Calling mod_log_stun:stop/1 (eturnal_module:stop/1:163)
2026-09-16 18:41:23.313137+00:00 [debug] Stopping mod_log_stun (mod_log_stun:stop/0:49)
2026-09-16 18:41:23.313213+00:00 [info] Stopped mod_log_stun (eturnal:stop_modules/1:397)
2026-09-16 18:41:23.313991+00:00 [debug] Calling mod_stats_influx:stop/1 (eturnal_module:stop/1:163)
2026-09-16 18:41:23.314095+00:00 [debug] Stopping mod_stats_influx (mod_stats_influx:stop/0:61)
2026-09-16 18:41:23.314162+00:00 [info] Stopped mod_stats_influx (eturnal:stop_modules/1:397)
2026-09-16 18:41:23.314367+00:00 [debug] Removed run/cert.pem (eturnal:clean_run_dir/0:875)
2026-09-16 18:41:23.314497+00:00 [debug] Terminating eturnal_systemd (shutdown) (eturnal_systemd:terminate/2:125)
2026-09-16 18:41:23.314706+00:00 [notice] Stopping eturnal 1.12.2 on Erlang/OTP 29 (ERTS 17.1) (eturnal_app:stop/1:53)
