2026-09-16 16:58:58.323767+00:00 [notice] Starting eturnal 1.12.2 on Erlang/OTP 29 (ERTS 17.1) (eturnal_app:start/2:34)
2026-09-16 16:58:58.323977+00:00 [debug] Starting supervisor: eturnal_sup (eturnal_sup:start_link/0:31)
2026-09-16 16:58:58.324128+00:00 [debug] Configuring eturnal_sup supervisor: [#{id => systemd,
                                       start =>
                                           {eturnal_systemd,start_link,[]}},
                                     #{id => eturnal,
                                       start => {eturnal,start_link,[]}}] (eturnal_sup:init/1:39)
2026-09-16 16:58:58.325755+00:00 [info] Got no NOTIFY_SOCKET, notifications disabled (eturnal_systemd:init/1:86)
2026-09-16 16:58:58.325907+00:00 [debug] PROGRESS REPORT:
    supervisor: {local,eturnal_sup}
    started: [{pid,<0.960.0>},
              {id,systemd},
              {mfargs,{eturnal_systemd,start_link,[]}},
              {restart_type,permanent},
              {significant,false},
              {shutdown,5000},
              {child_type,worker}]
 (supervisor:report_progress/3:2323)
2026-09-16 16:58:58.326059+00:00 [info] Relay IPv4 address: 127.0.0.1 (port range: 49152-65535) (eturnal:log_relay_addresses/0:349)
2026-09-16 16:58:58.326171+00:00 [info] Relay IPv6 address not configured (eturnal:log_relay_addresses/0:359)
2026-09-16 16:58:58.344055+00:00 [info] Cannot determine control query port: noport (eturnal:log_control_listener/0:373)
2026-09-16 16:58:58.344485+00:00 [debug] Using run directory run (eturnal:ensure_run_dir/0:863)
2026-09-16 16:58:58.344604+00:00 [debug] TURN configuration seems fine (eturnal:check_turn_config/0:603)
2026-09-16 16:58:58.344718+00:00 [warning] TLS enabled without 'tls_crt_file', creating self-signed certificate (eturnal:check_pem_file/0:809)
2026-09-16 16:58:59.719145+00:00 [debug] Calling mod_stats_prometheus:start/0 (eturnal_module:start/1:143)
2026-09-16 16:58:59.719468+00:00 [debug] Starting mod_stats_prometheus (mod_stats_prometheus:start/0:56)
2026-09-16 16:58:59.736065+00:00 [debug] PROGRESS REPORT:
    application: prometheus
    started_at: nonode@nohost
 (application_controller:info_started/2:2154)
2026-09-16 16:58:59.736983+00:00 [debug] PROGRESS REPORT:
    application: accept
    started_at: nonode@nohost
 (application_controller:info_started/2:2154)
2026-09-16 16:58:59.746217+00:00 [debug] PROGRESS REPORT:
    application: prometheus_httpd
    started_at: nonode@nohost
 (application_controller:info_started/2:2154)
2026-09-16 16:58:59.746306+00:00 [debug] Dependency prometheus_httpd was available already (eturnal_module:ensure_dep/2:284)
2026-09-16 16:58:59.771917+00:00 [debug] PROGRESS REPORT:
    supervisor: {local,httpd_instance_sup__127_0_0_1__9081default}
    started: [{pid,<0.980.0>},
              {id,{httpd_connection_sup,{127,0,0,1},9081,default}},
              {mfargs,{httpd_connection_sup,start_link,[[{127,0,0,1},9081]]}},
              {restart_type,permanent},
              {significant,false},
              {shutdown,5000},
              {child_type,supervisor}]
 (supervisor:report_progress/3:2323)
2026-09-16 16:58:59.774142+00:00 [debug] PROGRESS REPORT:
    supervisor: {local,httpd_instance_sup__127_0_0_1__9081default}
    started: [{pid,<0.981.0>},
              {id,{httpd_misc_sup,{127,0,0,1},9081,default}},
              {mfargs,{httpd_misc_sup,start_link,[{127,0,0,1},9081,default]}},
              {restart_type,permanent},
              {significant,false},
              {shutdown,infinity},
              {child_type,supervisor}]
 (supervisor:report_progress/3:2323)
2026-09-16 16:58:59.777170+00:00 [debug] PROGRESS REPORT:
    supervisor: {local,httpd_instance_sup__127_0_0_1__9081default}
    started: [{pid,<0.982.0>},
              {id,{httpd_manager,{127,0,0,1},9081,default}},
              {mfargs,
                  {httpd_manager,start_link,
                      [undefined,
                       [{bind_address,{127,0,0,1}},
                        {socket_type,ip_comm},
                        {port,9081},
                        {server_root,"run/mod_stats_prometheus/doc"},
                        {document_root,"run/mod_stats_prometheus/doc"},
                        {server_name,"Prometheus Exporter"},
                        {modules,[prometheus_httpd]}],
                       15000]}},
              {restart_type,permanent},
              {significant,false},
              {shutdown,4000},
              {child_type,worker}]
 (supervisor:report_progress/3:2323)
2026-09-16 16:58:59.792183+00:00 [debug] PROGRESS REPORT:
    supervisor: {local,httpd_acceptor_sup__127_0_0_1__9081default}
    started: [{pid,<0.984.0>},
              {id,{httpd_acceptor_sup,{127,0,0,1},9081,default}},
              {mfargs,{httpd_acceptor,start_link,
                                      [httpd__127_0_0_1__9081default,ip_comm,
                                       {127,0,0,1},
                                       9081,inet,
                                       httpd_conf__127_0_0_1__9081default,
                                       15000]}},
              {restart_type,transient},
              {significant,false},
              {shutdown,brutal_kill},
              {child_type,worker}]
 (supervisor:report_progress/3:2323)
2026-09-16 16:58:59.792416+00:00 [debug] PROGRESS REPORT:
    supervisor: {local,httpd_instance_sup__127_0_0_1__9081default}
    started: [{pid,<0.983.0>},
              {id,{httpd_acceptor_sup,{127,0,0,1},9081,default}},
              {mfargs,
                  {httpd_acceptor_sup,start_link,
                      [[{127,0,0,1},
                        9081,
                        [{bind_address,{127,0,0,1}},
                         {socket_type,ip_comm},
                         {port,9081},
                         {server_root,"run/mod_stats_prometheus/doc"},
                         {document_root,"run/mod_stats_prometheus/doc"},
                         {server_name,"Prometheus Exporter"},
                         {modules,[prometheus_httpd]}],
                        15000,undefined]]}},
              {restart_type,permanent},
              {significant,false},
              {shutdown,infinity},
              {child_type,supervisor}]
 (supervisor:report_progress/3:2323)
2026-09-16 16:58:59.792617+00:00 [debug] PROGRESS REPORT:
    supervisor: {local,httpd_sup}
    started: [{pid,<0.979.0>},
              {id,{httpd_instance_sup,{127,0,0,1},9081,default}},
              {mfargs,
                  {httpd_instance_sup,start_link,
                      [[{bind_address,{127,0,0,1}},
                        {socket_type,ip_comm},
                        {port,9081},
                        {server_root,"run/mod_stats_prometheus/doc"},
                        {document_root,"run/mod_stats_prometheus/doc"},
                        {server_name,"Prometheus Exporter"},
                        {modules,[prometheus_httpd]}],
                       15000,[]]}},
              {restart_type,permanent},
              {significant,false},
              {shutdown,infinity},
              {child_type,supervisor}]
 (supervisor:report_progress/3:2333)
2026-09-16 16:58:59.792855+00:00 [info] Started mod_stats_prometheus (eturnal:start_modules/0:384)
2026-09-16 16:58:59.793018+00:00 [debug] Calling mod_log_stun:start/0 (eturnal_module:start/1:143)
2026-09-16 16:58:59.793178+00:00 [debug] Starting mod_log_stun (mod_log_stun:start/0:38)
2026-09-16 16:58:59.793338+00:00 [info] Started mod_log_stun (eturnal:start_modules/0:384)
2026-09-16 16:58:59.793445+00:00 [debug] Calling mod_stats_influx:start/0 (eturnal_module:start/1:143)
2026-09-16 16:58:59.793762+00:00 [debug] Starting mod_stats_influx (mod_stats_influx:start/0:37)
2026-09-16 16:58:59.796335+00:00 [debug] PROGRESS REPORT:
    application: ulitos
    started_at: nonode@nohost
 (application_controller:info_started/2:2154)
2026-09-16 16:58:59.797408+00:00 [debug] PROGRESS REPORT:
    application: poolboy
    started_at: nonode@nohost
 (application_controller:info_started/2:2154)
2026-09-16 16:58:59.798379+00:00 [info]     msg: Starting application: influx_udp (influx_udp_app:start/2:10)
2026-09-16 16:58:59.801259+00:00 [debug] PROGRESS REPORT:
    supervisor: {local,influx_udp_sup}
    started: [{pid,<0.995.0>},
              {id,influx_udp},
              {mfargs,{influx_udp,start_link,[]}},
              {restart_type,permanent},
              {significant,false},
              {shutdown,5000},
              {child_type,worker}]
 (supervisor:report_progress/3:2323)
2026-09-16 16:58:59.801413+00:00 [debug] PROGRESS REPORT:
    application: influx_udp
    started_at: nonode@nohost
 (application_controller:info_started/2:2154)
2026-09-16 16:58:59.801468+00:00 [debug] Dependency influx_udp was available already (eturnal_module:ensure_dep/2:284)
2026-09-16 16:58:59.804254+00:00 [info]     options: #{port => 8089,host => "localhost",pool_size => 1,
               max_overflow => 1}
    msg: Start clients pool
    host: {127,0,0,1} (influx_udp:start_pool_/2:239)
2026-09-16 16:58:59.811575+00:00 [info]     port: 54137
    msg: Open UDP socket on port (influx_udp_worker:init/1:43)
2026-09-16 16:58:59.811756+00:00 [debug] PROGRESS REPORT:
    supervisor: {local,influx_udp_sup}
    started: [{pid,<0.998.0>},
              {id,stats_influx_pool},
              {mfargs,
                  {poolboy,start_link,
                      [[{name,{local,stats_influx_pool}},
                        {worker_module,influx_udp_worker},
                        {size,1},
                        {max_overflow,1}],
                       [{options,
                            #{port => 8089,
                              host => {127,0,0,1},
                              pool_size => 1,max_overflow => 1}}]]}},
              {restart_type,permanent},
              {significant,false},
              {shutdown,5000},
              {child_type,worker}]
 (supervisor:report_progress/3:2333)
2026-09-16 16:58:59.812142+00:00 [info] Started mod_stats_influx (eturnal:start_modules/0:384)
2026-09-16 16:58:59.812420+00:00 [debug] Starting listener 127.0.0.1:34780 (udp) with options:
[{use_turn,true},
 {auth_type,user},
 {turn_ipv4_address,{127,0,0,1}},
 {turn_min_port,49152},
 {turn_max_port,65535},
 {turn_max_allocations,10},
 {turn_max_permissions,10},
 {shaper,100000},
 {auth_realm,<<"eturnal.net">>},
 {server_name,<<"eturnal">>},
 {auth_fun,fun eturnal:get_password/2},
 {hook_fun,fun eturnal:run_hook/2},
 {turn_blacklist_clients,[{{127,0,0,1},8}]},
 {turn_blacklist_peers,[{{10,0,0,0},8},
                        {{100,64,0,0},10},
                        {{127,0,0,0},8},
                        {{169,254,0,0},16},
                        {{172,16,0,0},12},
                        {{192,0,0,0},24},
                        {{192,0,2,0},24},
                        {{192,88,99,0},24},
                        {{192,168,0,0},16},
                        {{198,18,0,0},15},
                        {{198,51,100,0},24},
                        {{203,0,113,0},24},
                        {{224,0,0,0},4},
                        {{240,0,0,0},4},
                        {{0,0,0,0,0,0,0,1},128},
                        {{100,65435,0,0,0,0,0,0},96},
                        {{256,0,0,0,0,0,0,0},64},
                        {{8193,3512,0,0,0,0,0,0},32},
                        {{64512,0,0,0,0,0,0,0},7},
                        {{65152,0,0,0,0,0,0,0},10},
                        {{65280,0,0,0,0,0,0,0},8}]},
 {turn_whitelist_clients,[{{127,0,0,1},32}]},
 {turn_whitelist_peers,[{{127,0,0,1},32},
                        {{203,0,113,113},32},
                        {{8193,3512,0,0,0,0,0,0},64}]}] (eturnal:start_listeners/0:419)
2026-09-16 16:58:59.824227+00:00 [info] Listening on 127.0.0.1:34780 (udp) (STUN/TURN) (eturnal:start_listeners/0:426)
2026-09-16 16:58:59.824367+00:00 [debug] Starting listener 127.0.0.1:34780 (tcp) with options:
[{use_turn,false},
 {auth_type,anonymous},
 {turn_ipv4_address,{127,0,0,1}},
 {turn_min_port,49152},
 {turn_max_port,65535},
 {turn_max_allocations,10},
 {turn_max_permissions,10},
 {shaper,100000},
 {auth_realm,<<"eturnal.net">>},
 {server_name,<<"eturnal">>},
 {auth_fun,fun eturnal:get_password/2},
 {hook_fun,fun eturnal:run_hook/2},
 {turn_blacklist_clients,[{{127,0,0,1},8}]},
 {turn_blacklist_peers,[{{10,0,0,0},8},
                        {{100,64,0,0},10},
                        {{127,0,0,0},8},
                        {{169,254,0,0},16},
                        {{172,16,0,0},12},
                        {{192,0,0,0},24},
                        {{192,0,2,0},24},
                        {{192,88,99,0},24},
                        {{192,168,0,0},16},
                        {{198,18,0,0},15},
                        {{198,51,100,0},24},
                        {{203,0,113,0},24},
                        {{224,0,0,0},4},
                        {{240,0,0,0},4},
                        {{0,0,0,0,0,0,0,1},128},
                        {{100,65435,0,0,0,0,0,0},96},
                        {{256,0,0,0,0,0,0,0},64},
                        {{8193,3512,0,0,0,0,0,0},32},
                        {{64512,0,0,0,0,0,0,0},7},
                        {{65152,0,0,0,0,0,0,0},10},
                        {{65280,0,0,0,0,0,0,0},8}]},
 {turn_whitelist_clients,[{{127,0,0,1},32}]},
 {turn_whitelist_peers,[{{127,0,0,1},32},
                        {{203,0,113,113},32},
                        {{8193,3512,0,0,0,0,0,0},64}]}] (eturnal:start_listeners/0:419)
2026-09-16 16:58:59.825062+00:00 [info] Listening on 127.0.0.1:34780 (tcp) (STUN only) (eturnal:start_listeners/0:426)
2026-09-16 16:58:59.825175+00:00 [debug] Starting listener 127.0.0.1:53490 (tls) with options:
[{use_turn,false},
 {auth_type,anonymous},
 {tls,true},
 {certfile,<<"run/cert.pem">>},
 {ciphers,<<"HIGH:!aNULL:@STRENGTH">>},
 {protocol_options,<<"no_tlsv1|no_tlsv1_1|cipher_server_preference">>},
 {turn_ipv4_address,{127,0,0,1}},
 {turn_min_port,49152},
 {turn_max_port,65535},
 {turn_max_allocations,10},
 {turn_max_permissions,10},
 {shaper,100000},
 {auth_realm,<<"eturnal.net">>},
 {server_name,<<"eturnal">>},
 {auth_fun,fun eturnal:get_password/2},
 {hook_fun,fun eturnal:run_hook/2},
 {turn_blacklist_clients,[{{127,0,0,1},8}]},
 {turn_blacklist_peers,[{{10,0,0,0},8},
                        {{100,64,0,0},10},
                        {{127,0,0,0},8},
                        {{169,254,0,0},16},
                        {{172,16,0,0},12},
                        {{192,0,0,0},24},
                        {{192,0,2,0},24},
                        {{192,88,99,0},24},
                        {{192,168,0,0},16},
                        {{198,18,0,0},15},
                        {{198,51,100,0},24},
                        {{203,0,113,0},24},
                        {{224,0,0,0},4},
                        {{240,0,0,0},4},
                        {{0,0,0,0,0,0,0,1},128},
                        {{100,65435,0,0,0,0,0,0},96},
                        {{256,0,0,0,0,0,0,0},64},
                        {{8193,3512,0,0,0,0,0,0},32},
                        {{64512,0,0,0,0,0,0,0},7},
                        {{65152,0,0,0,0,0,0,0},10},
                        {{65280,0,0,0,0,0,0,0},8}]},
 {turn_whitelist_clients,[{{127,0,0,1},32}]},
 {turn_whitelist_peers,[{{127,0,0,1},32},
                        {{203,0,113,113},32},
                        {{8193,3512,0,0,0,0,0,0},64}]}] (eturnal:start_listeners/0:419)
2026-09-16 16:58:59.825773+00:00 [info] Listening on 127.0.0.1:53490 (tls) (STUN only) (eturnal:start_listeners/0:426)
2026-09-16 16:58:59.825877+00:00 [debug] Starting listener 127.0.0.1:34781 (auto) with options:
[{use_turn,false},
 {auth_type,anonymous},
 {tls,optional},
 {certfile,<<"run/cert.pem">>},
 {ciphers,<<"HIGH:!aNULL:@STRENGTH">>},
 {protocol_options,<<"no_tlsv1|no_tlsv1_1|cipher_server_preference">>},
 {turn_ipv4_address,{127,0,0,1}},
 {turn_min_port,49152},
 {turn_max_port,65535},
 {turn_max_allocations,10},
 {turn_max_permissions,10},
 {shaper,100000},
 {auth_realm,<<"eturnal.net">>},
 {server_name,<<"eturnal">>},
 {auth_fun,fun eturnal:get_password/2},
 {hook_fun,fun eturnal:run_hook/2},
 {turn_blacklist_clients,[{{127,0,0,1},8}]},
 {turn_blacklist_peers,[{{10,0,0,0},8},
                        {{100,64,0,0},10},
                        {{127,0,0,0},8},
                        {{169,254,0,0},16},
                        {{172,16,0,0},12},
                        {{192,0,0,0},24},
                        {{192,0,2,0},24},
                        {{192,88,99,0},24},
                        {{192,168,0,0},16},
                        {{198,18,0,0},15},
                        {{198,51,100,0},24},
                        {{203,0,113,0},24},
                        {{224,0,0,0},4},
                        {{240,0,0,0},4},
                        {{0,0,0,0,0,0,0,1},128},
                        {{100,65435,0,0,0,0,0,0},96},
                        {{256,0,0,0,0,0,0,0},64},
                        {{8193,3512,0,0,0,0,0,0},32},
                        {{64512,0,0,0,0,0,0,0},7},
                        {{65152,0,0,0,0,0,0,0},10},
                        {{65280,0,0,0,0,0,0,0},8}]},
 {turn_whitelist_clients,[{{127,0,0,1},32}]},
 {turn_whitelist_peers,[{{127,0,0,1},32},
                        {{203,0,113,113},32},
                        {{8193,3512,0,0,0,0,0,0},64}]}] (eturnal:start_listeners/0:419)
2026-09-16 16:58:59.837134+00:00 [info] Listening on 127.0.0.1:34781 (auto) (STUN only) (eturnal:start_listeners/0:426)
2026-09-16 16:58:59.837283+00:00 [debug] Started 3 modules (eturnal:init/1:105)
2026-09-16 16:58:59.837378+00:00 [debug] Started 4 listeners (eturnal:init/1:106)
2026-09-16 16:58:59.837463+00:00 [debug] PROGRESS REPORT:
    supervisor: {local,eturnal_sup}
    started: [{pid,<0.962.0>},
              {id,eturnal},
              {mfargs,{eturnal,start_link,[]}},
              {restart_type,permanent},
              {significant,false},
              {shutdown,5000},
              {child_type,worker}]
 (supervisor:report_progress/3:2323)
2026-09-16 16:58:59.837563+00:00 [debug] No NOTIFY_SOCKET, dropping READY=1 notification (eturnal_systemd:handle_cast/2:99)
2026-09-16 16:58:59.837584+00:00 [debug] PROGRESS REPORT:
    application: eturnal
    started_at: nonode@nohost
 (application_controller:info_started/2:2154)
2026-09-16 16:58:59.864375+00:00 [debug] Handling API call: get_status() (eturnal_ctl:get_status/0:109)
2026-09-16 16:58:59.864531+00:00 [debug] eturnal call (get_status) returned ok (eturnal_ctl:call/1:439)
2026-09-16 16:58:59.887940+00:00 [debug] Handling API call: get_info() (eturnal_ctl:get_info/0:119)
2026-09-16 16:58:59.888633+00:00 [debug] eturnal call (get_info) returned {ok,
                                  {eturnal_node_info,<<"1.12.2">>,
                                   {"29","17.1"},
                                   3557,0,180,89873484,1,56929448}} (eturnal_ctl:call/1:442)
2026-09-16 16:58:59.911908+00:00 [debug] Handling API call: get_sessions() (eturnal_ctl:get_sessions/0:95)
2026-09-16 16:58:59.934921+00:00 [debug] Handling API call: get_sessions("alice") (eturnal_ctl:get_sessions/1:100)
2026-09-16 16:58:59.935212+00:00 [debug] Handling API call: get_sessions("1256900400:alice") (eturnal_ctl:get_sessions/1:100)
2026-09-16 16:58:59.935418+00:00 [debug] Handling API call: get_sessions(alice) (eturnal_ctl:get_sessions/1:100)
2026-09-16 16:58:59.935516+00:00 [debug] Cannot convert user name to binary: alice (eturnal_ctl:with_username/2:201)
2026-09-16 16:58:59.958794+00:00 [debug] Handling API call: disconnect("alice") (eturnal_ctl:disconnect/1:168)
2026-09-16 16:58:59.959054+00:00 [debug] Handling API call: disconnect(alice) (eturnal_ctl:disconnect/1:168)
2026-09-16 16:58:59.959196+00:00 [debug] Cannot convert user name to binary: alice (eturnal_ctl:with_username/2:201)
2026-09-16 16:58:59.982775+00:00 [debug] Handling API call: get_credentials("2009-10-30 11:00:00Z", []) (eturnal_ctl:get_credentials/2:60)
2026-09-16 16:58:59.983026+00:00 [debug] eturnal call ({get_password,<<"1256900400">>}) returned {ok,
                                                         <<"uEKlpcME7MNMMVRV8rUFPCTIFEs=">>} (eturnal_ctl:call/1:442)
2026-09-16 16:58:59.986224+00:00 [debug] Handling API call: get_credentials("86400", "alice") (eturnal_ctl:get_credentials/2:60)
2026-09-16 16:58:59.986382+00:00 [debug] eturnal call ({get_password,<<"1789664339:alice">>}) returned {ok,
                                                               <<"e/vank5FFGEE5y/OLjVFfshLk8Y=">>} (eturnal_ctl:call/1:442)
2026-09-16 16:58:59.986505+00:00 [debug] Handling API call: get_password("1789664339:alice") (eturnal_ctl:get_password/1:79)
2026-09-16 16:58:59.986606+00:00 [debug] eturnal call ({get_password,<<"1789664339:alice">>}) returned {ok,
                                                               <<"e/vank5FFGEE5y/OLjVFfshLk8Y=">>} (eturnal_ctl:call/1:442)
2026-09-16 16:58:59.986763+00:00 [debug] Handling API call: get_credentials("86400s", "alice") (eturnal_ctl:get_credentials/2:60)
2026-09-16 16:58:59.986887+00:00 [debug] eturnal call ({get_password,<<"1789664339:alice">>}) returned {ok,
                                                               <<"e/vank5FFGEE5y/OLjVFfshLk8Y=">>} (eturnal_ctl:call/1:442)
2026-09-16 16:58:59.987024+00:00 [debug] Handling API call: get_password("1789664339:alice") (eturnal_ctl:get_password/1:79)
2026-09-16 16:58:59.987132+00:00 [debug] eturnal call ({get_password,<<"1789664339:alice">>}) returned {ok,
                                                               <<"e/vank5FFGEE5y/OLjVFfshLk8Y=">>} (eturnal_ctl:call/1:442)
2026-09-16 16:58:59.987294+00:00 [debug] Handling API call: get_credentials("1440m", "alice") (eturnal_ctl:get_credentials/2:60)
2026-09-16 16:58:59.987417+00:00 [debug] eturnal call ({get_password,<<"1789664339:alice">>}) returned {ok,
                                                               <<"e/vank5FFGEE5y/OLjVFfshLk8Y=">>} (eturnal_ctl:call/1:442)
2026-09-16 16:58:59.987522+00:00 [debug] Handling API call: get_password("1789664339:alice") (eturnal_ctl:get_password/1:79)
2026-09-16 16:58:59.987612+00:00 [debug] eturnal call ({get_password,<<"1789664339:alice">>}) returned {ok,
                                                               <<"e/vank5FFGEE5y/OLjVFfshLk8Y=">>} (eturnal_ctl:call/1:442)
2026-09-16 16:58:59.987760+00:00 [debug] Handling API call: get_credentials("24h", "alice") (eturnal_ctl:get_credentials/2:60)
2026-09-16 16:58:59.987896+00:00 [debug] eturnal call ({get_password,<<"1789664339:alice">>}) returned {ok,
                                                               <<"e/vank5FFGEE5y/OLjVFfshLk8Y=">>} (eturnal_ctl:call/1:442)
2026-09-16 16:58:59.988024+00:00 [debug] Handling API call: get_password("1789664339:alice") (eturnal_ctl:get_password/1:79)
2026-09-16 16:58:59.988123+00:00 [debug] eturnal call ({get_password,<<"1789664339:alice">>}) returned {ok,
                                                               <<"e/vank5FFGEE5y/OLjVFfshLk8Y=">>} (eturnal_ctl:call/1:442)
2026-09-16 16:58:59.988261+00:00 [debug] Handling API call: get_credentials("1d", "alice") (eturnal_ctl:get_credentials/2:60)
2026-09-16 16:58:59.988379+00:00 [debug] eturnal call ({get_password,<<"1789664339:alice">>}) returned {ok,
                                                               <<"e/vank5FFGEE5y/OLjVFfshLk8Y=">>} (eturnal_ctl:call/1:442)
2026-09-16 16:58:59.988532+00:00 [debug] Handling API call: get_password("1789664339:alice") (eturnal_ctl:get_password/1:79)
2026-09-16 16:58:59.988641+00:00 [debug] eturnal call ({get_password,<<"1789664339:alice">>}) returned {ok,
                                                               <<"e/vank5FFGEE5y/OLjVFfshLk8Y=">>} (eturnal_ctl:call/1:442)
2026-09-16 16:58:59.988788+00:00 [debug] Handling API call: get_password("Invalid") (eturnal_ctl:get_password/1:79)
2026-09-16 16:58:59.988895+00:00 [debug] eturnal call ({get_password,<<"Invalid">>}) returned {error,no_credentials} (eturnal_ctl:call/1:445)
2026-09-16 16:58:59.989022+00:00 [debug] Handling API call: get_credentials("Invalid", []) (eturnal_ctl:get_credentials/2:60)
2026-09-16 16:58:59.989113+00:00 [debug] Invalid argument(s): "Invalid":[] (eturnal_ctl:get_credentials/2:73)
2026-09-16 16:58:59.989190+00:00 [debug] Handling API call: get_password(invalid) (eturnal_ctl:get_password/1:79)
2026-09-16 16:58:59.989269+00:00 [debug] Cannot convert user name to binary: invalid (eturnal_ctl:with_username/2:201)
2026-09-16 16:58:59.989344+00:00 [debug] Handling API call: get_credentials(invalid, []) (eturnal_ctl:get_credentials/2:60)
2026-09-16 16:58:59.989434+00:00 [debug] Invalid argument(s): invalid:[] (eturnal_ctl:get_credentials/2:73)
2026-09-16 16:58:59.989511+00:00 [debug] Handling API call: get_password([invalid]) (eturnal_ctl:get_password/1:79)
2026-09-16 16:58:59.989588+00:00 [debug] Cannot convert user name to binary: [invalid] (eturnal_ctl:with_username/2:201)
2026-09-16 16:58:59.989663+00:00 [debug] Handling API call: get_credentials([invalid], []) (eturnal_ctl:get_credentials/2:60)
2026-09-16 16:58:59.989753+00:00 [debug] Invalid argument(s): [invalid]:[] (eturnal_ctl:get_credentials/2:73)
2026-09-16 16:58:59.989878+00:00 [debug] Handling API call: get_credentials(1256900400, invalid) (eturnal_ctl:get_credentials/2:60)
2026-09-16 16:58:59.989983+00:00 [debug] Invalid argument(s): 1256900400:invalid (eturnal_ctl:get_credentials/2:73)
2026-09-16 16:58:59.990111+00:00 [debug] Handling API call: get_password("alice") (eturnal_ctl:get_password/1:79)
2026-09-16 16:58:59.990195+00:00 [debug] eturnal call ({get_password,<<"alice">>}) returned {ok,<<"l0vesBob">>} (eturnal_ctl:call/1:442)
2026-09-16 16:59:00.013762+00:00 [debug] Handling API call: set_loglevel(debug) (eturnal_ctl:set_loglevel/1:149)
2026-09-16 16:59:00.013994+00:00 [debug] eturnal call ({set_loglevel,debug}) returned ok (eturnal_ctl:call/1:439)
2026-09-16 16:59:00.014173+00:00 [debug] Handling API call: get_loglevel() (eturnal_ctl:get_loglevel/0:139)
2026-09-16 16:59:00.014293+00:00 [debug] eturnal call (get_loglevel) returned {ok,debug} (eturnal_ctl:call/1:442)
2026-09-16 16:59:00.014443+00:00 [debug] Handling API call: set_loglevel(invalid) (eturnal_ctl:set_loglevel/1:149)
2026-09-16 16:59:00.014514+00:00 [debug] Invalid log level: invalid (eturnal_ctl:set_loglevel/1:159)
2026-09-16 16:59:00.014652+00:00 [debug] Handling API call: get_loglevel() (eturnal_ctl:get_loglevel/0:139)
2026-09-16 16:59:00.014726+00:00 [debug] eturnal call (get_loglevel) returned {ok,debug} (eturnal_ctl:call/1:442)
2026-09-16 16:59:00.038043+00:00 [debug] Handling API call: get_version() (eturnal_ctl:get_version/0:129)
2026-09-16 16:59:00.038200+00:00 [debug] eturnal call (get_version) returned {ok,<<"1.12.2">>} (eturnal_ctl:call/1:442)
2026-09-16 16:59:00.062134+00:00 [debug] Handling API call: reload() (eturnal_ctl:reload/0:179)
2026-09-16 16:59:00.064247+00:00 [debug] Calling mod_log_stun:options/0 (eturnal_module:options/1:192)
2026-09-16 16:59:00.064382+00:00 [debug] Calling mod_stats_influx:options/0 (eturnal_module:options/1:192)
2026-09-16 16:59:00.064471+00:00 [debug] Calling mod_stats_prometheus:options/0 (eturnal_module:options/1:192)
2026-09-16 16:59:00.065082+00:00 [info] Reloading configuration (eturnal:reload/1:627)
2026-09-16 16:59:00.065216+00:00 [warning] TLS enabled without 'tls_crt_file', creating self-signed certificate (eturnal:check_pem_file/0:809)
2026-09-16 16:59:00.909754+00:00 [info] Using new TLS certificate (eturnal:reload/1:631)
2026-09-16 16:59:00.910694+00:00 [debug] Calling mod_stats_prometheus:stop/1 (eturnal_module:stop/1:163)
2026-09-16 16:59:00.910844+00:00 [debug] Stopping mod_stats_prometheus (mod_stats_prometheus:stop/0:110)
2026-09-16 16:59:00.911155+00:00 [info] Stopped mod_stats_prometheus (eturnal:stop_modules/1:397)
2026-09-16 16:59:00.912338+00:00 [debug] Calling mod_log_stun:stop/1 (eturnal_module:stop/1:163)
2026-09-16 16:59:00.912416+00:00 [debug] Stopping mod_log_stun (mod_log_stun:stop/0:49)
2026-09-16 16:59:00.912487+00:00 [info] Stopped mod_log_stun (eturnal:stop_modules/1:397)
2026-09-16 16:59:00.917044+00:00 [debug] Calling mod_stats_influx:stop/1 (eturnal_module:stop/1:163)
2026-09-16 16:59:00.917226+00:00 [debug] Stopping mod_stats_influx (mod_stats_influx:stop/0:61)
2026-09-16 16:59:00.917328+00:00 [info] Stopped mod_stats_influx (eturnal:stop_modules/1:397)
2026-09-16 16:59:00.917443+00:00 [debug] Calling mod_stats_prometheus:start/0 (eturnal_module:start/1:143)
2026-09-16 16:59:00.917548+00:00 [debug] Starting mod_stats_prometheus (mod_stats_prometheus:start/0:56)
2026-09-16 16:59:00.917692+00:00 [debug] Dependency prometheus_httpd was available already (eturnal_module:ensure_dep/2:284)
2026-09-16 16:59:00.918421+00:00 [debug] PROGRESS REPORT:
    supervisor: {local,httpd_instance_sup__127_0_0_1__9081default}
    started: [{pid,<0.1127.0>},
              {id,{httpd_connection_sup,{127,0,0,1},9081,default}},
              {mfargs,{httpd_connection_sup,start_link,[[{127,0,0,1},9081]]}},
              {restart_type,permanent},
              {significant,false},
              {shutdown,5000},
              {child_type,supervisor}]
 (supervisor:report_progress/3:2323)
2026-09-16 16:59:00.918587+00:00 [debug] PROGRESS REPORT:
    supervisor: {local,httpd_instance_sup__127_0_0_1__9081default}
    started: [{pid,<0.1129.0>},
              {id,{httpd_misc_sup,{127,0,0,1},9081,default}},
              {mfargs,{httpd_misc_sup,start_link,[{127,0,0,1},9081,default]}},
              {restart_type,permanent},
              {significant,false},
              {shutdown,infinity},
              {child_type,supervisor}]
 (supervisor:report_progress/3:2323)
2026-09-16 16:59:00.918901+00:00 [debug] PROGRESS REPORT:
    supervisor: {local,httpd_instance_sup__127_0_0_1__9081default}
    started: [{pid,<0.1130.0>},
              {id,{httpd_manager,{127,0,0,1},9081,default}},
              {mfargs,
                  {httpd_manager,start_link,
                      [undefined,
                       [{bind_address,{127,0,0,1}},
                        {socket_type,ip_comm},
                        {port,9081},
                        {server_root,"run/mod_stats_prometheus/doc"},
                        {document_root,"run/mod_stats_prometheus/doc"},
                        {server_name,"Prometheus Exporter"},
                        {modules,[prometheus_httpd]}],
                       15000]}},
              {restart_type,permanent},
              {significant,false},
              {shutdown,4000},
              {child_type,worker}]
 (supervisor:report_progress/3:2323)
2026-09-16 16:59:00.919319+00:00 [debug] PROGRESS REPORT:
    supervisor: {local,httpd_acceptor_sup__127_0_0_1__9081default}
    started: [{pid,<0.1132.0>},
              {id,{httpd_acceptor_sup,{127,0,0,1},9081,default}},
              {mfargs,{httpd_acceptor,start_link,
                                      [httpd__127_0_0_1__9081default,ip_comm,
                                       {127,0,0,1},
                                       9081,inet,
                                       httpd_conf__127_0_0_1__9081default,
                                       15000]}},
              {restart_type,transient},
              {significant,false},
              {shutdown,brutal_kill},
              {child_type,worker}]
 (supervisor:report_progress/3:2323)
2026-09-16 16:59:00.919464+00:00 [debug] PROGRESS REPORT:
    supervisor: {local,httpd_instance_sup__127_0_0_1__9081default}
    started: [{pid,<0.1131.0>},
              {id,{httpd_acceptor_sup,{127,0,0,1},9081,default}},
              {mfargs,
                  {httpd_acceptor_sup,start_link,
                      [[{127,0,0,1},
                        9081,
                        [{bind_address,{127,0,0,1}},
                         {socket_type,ip_comm},
                         {port,9081},
                         {server_root,"run/mod_stats_prometheus/doc"},
                         {document_root,"run/mod_stats_prometheus/doc"},
                         {server_name,"Prometheus Exporter"},
                         {modules,[prometheus_httpd]}],
                        15000,undefined]]}},
              {restart_type,permanent},
              {significant,false},
              {shutdown,infinity},
              {child_type,supervisor}]
 (supervisor:report_progress/3:2323)
2026-09-16 16:59:00.919570+00:00 [debug] PROGRESS REPORT:
    supervisor: {local,httpd_sup}
    started: [{pid,<0.1126.0>},
              {id,{httpd_instance_sup,{127,0,0,1},9081,default}},
              {mfargs,
                  {httpd_instance_sup,start_link,
                      [[{bind_address,{127,0,0,1}},
                        {socket_type,ip_comm},
                        {port,9081},
                        {server_root,"run/mod_stats_prometheus/doc"},
                        {document_root,"run/mod_stats_prometheus/doc"},
                        {server_name,"Prometheus Exporter"},
                        {modules,[prometheus_httpd]}],
                       15000,[]]}},
              {restart_type,permanent},
              {significant,false},
              {shutdown,infinity},
              {child_type,supervisor}]
 (supervisor:report_progress/3:2333)
2026-09-16 16:59:00.920930+00:00 [info] Started mod_stats_prometheus (eturnal:start_modules/0:384)
2026-09-16 16:59:00.921117+00:00 [debug] Calling mod_log_stun:start/0 (eturnal_module:start/1:143)
2026-09-16 16:59:00.921256+00:00 [debug] Starting mod_log_stun (mod_log_stun:start/0:38)
2026-09-16 16:59:00.922481+00:00 [info] Started mod_log_stun (eturnal:start_modules/0:384)
2026-09-16 16:59:00.922573+00:00 [debug] Calling mod_stats_influx:start/0 (eturnal_module:start/1:143)
2026-09-16 16:59:00.922663+00:00 [debug] Starting mod_stats_influx (mod_stats_influx:start/0:37)
2026-09-16 16:59:00.922761+00:00 [debug] Dependency influx_udp was available already (eturnal_module:ensure_dep/2:284)
2026-09-16 16:59:00.924021+00:00 [info]     options: #{port => 8089,host => "localhost",pool_size => 1,
               max_overflow => 1}
    msg: Start clients pool
    host: {127,0,0,1} (influx_udp:start_pool_/2:239)
2026-09-16 16:59:00.925449+00:00 [info] Started mod_stats_influx (eturnal:start_modules/0:384)
2026-09-16 16:59:00.925569+00:00 [debug] Restarted modules (eturnal:reload/1:639)
2026-09-16 16:59:00.925690+00:00 [debug] eturnal call (reload) returned ok (eturnal_ctl:call/1:439)
2026-09-16 16:59:00.926088+00:00 [debug] Handling API call: reload() (eturnal_ctl:reload/0:179)
2026-09-16 16:59:00.928213+00:00 [debug] Calling mod_log_stun:options/0 (eturnal_module:options/1:192)
2026-09-16 16:59:00.928358+00:00 [debug] Calling mod_stats_influx:options/0 (eturnal_module:options/1:192)
2026-09-16 16:59:00.928440+00:00 [debug] Calling mod_stats_prometheus:options/0 (eturnal_module:options/1:192)
2026-09-16 16:59:00.929129+00:00 [info] Reloading configuration (eturnal:reload/1:627)
2026-09-16 16:59:00.929320+00:00 [debug] Keeping PEM file (run/cert.pem) (eturnal:check_pem_file/0:806)
2026-09-16 16:59:00.929416+00:00 [debug] TLS certificate unchanged (eturnal:reload/1:633)
2026-09-16 16:59:00.931062+00:00 [debug] Calling mod_stats_prometheus:stop/1 (eturnal_module:stop/1:163)
2026-09-16 16:59:00.931212+00:00 [debug] Stopping mod_stats_prometheus (mod_stats_prometheus:stop/0:110)
2026-09-16 16:59:00.931611+00:00 [info] Stopped mod_stats_prometheus (eturnal:stop_modules/1:397)
2026-09-16 16:59:00.932891+00:00 [debug] Calling mod_log_stun:stop/1 (eturnal_module:stop/1:163)
2026-09-16 16:59:00.933008+00:00 [debug] Stopping mod_log_stun (mod_log_stun:stop/0:49)
2026-09-16 16:59:00.933093+00:00 [info] Stopped mod_log_stun (eturnal:stop_modules/1:397)
2026-09-16 16:59:00.934521+00:00 [debug] Calling mod_stats_influx:stop/1 (eturnal_module:stop/1:163)
2026-09-16 16:59:00.934623+00:00 [debug] Stopping mod_stats_influx (mod_stats_influx:stop/0:61)
2026-09-16 16:59:00.934696+00:00 [info] Stopped mod_stats_influx (eturnal:stop_modules/1:397)
2026-09-16 16:59:00.934762+00:00 [debug] Calling mod_stats_prometheus:start/0 (eturnal_module:start/1:143)
2026-09-16 16:59:00.934862+00:00 [debug] Starting mod_stats_prometheus (mod_stats_prometheus:start/0:56)
2026-09-16 16:59:00.935073+00:00 [debug] Dependency prometheus_httpd was available already (eturnal_module:ensure_dep/2:284)
2026-09-16 16:59:00.935650+00:00 [debug] PROGRESS REPORT:
    supervisor: {local,httpd_instance_sup__127_0_0_1__9081default}
    started: [{pid,<0.1164.0>},
              {id,{httpd_connection_sup,{127,0,0,1},9081,default}},
              {mfargs,{httpd_connection_sup,start_link,[[{127,0,0,1},9081]]}},
              {restart_type,permanent},
              {significant,false},
              {shutdown,5000},
              {child_type,supervisor}]
 (supervisor:report_progress/3:2323)
2026-09-16 16:59:00.935810+00:00 [debug] PROGRESS REPORT:
    supervisor: {local,httpd_instance_sup__127_0_0_1__9081default}
    started: [{pid,<0.1165.0>},
              {id,{httpd_misc_sup,{127,0,0,1},9081,default}},
              {mfargs,{httpd_misc_sup,start_link,[{127,0,0,1},9081,default]}},
              {restart_type,permanent},
              {significant,false},
              {shutdown,infinity},
              {child_type,supervisor}]
 (supervisor:report_progress/3:2323)
2026-09-16 16:59:00.936474+00:00 [debug] PROGRESS REPORT:
    supervisor: {local,httpd_instance_sup__127_0_0_1__9081default}
    started: [{pid,<0.1166.0>},
              {id,{httpd_manager,{127,0,0,1},9081,default}},
              {mfargs,
                  {httpd_manager,start_link,
                      [undefined,
                       [{bind_address,{127,0,0,1}},
                        {socket_type,ip_comm},
                        {port,9081},
                        {server_root,"run/mod_stats_prometheus/doc"},
                        {document_root,"run/mod_stats_prometheus/doc"},
                        {server_name,"Prometheus Exporter"},
                        {modules,[prometheus_httpd]}],
                       15000]}},
              {restart_type,permanent},
              {significant,false},
              {shutdown,4000},
              {child_type,worker}]
 (supervisor:report_progress/3:2323)
2026-09-16 16:59:00.936865+00:00 [debug] PROGRESS REPORT:
    supervisor: {local,httpd_acceptor_sup__127_0_0_1__9081default}
    started: [{pid,<0.1168.0>},
              {id,{httpd_acceptor_sup,{127,0,0,1},9081,default}},
              {mfargs,{httpd_acceptor,start_link,
                                      [httpd__127_0_0_1__9081default,ip_comm,
                                       {127,0,0,1},
                                       9081,inet,
                                       httpd_conf__127_0_0_1__9081default,
                                       15000]}},
              {restart_type,transient},
              {significant,false},
              {shutdown,brutal_kill},
              {child_type,worker}]
 (supervisor:report_progress/3:2323)
2026-09-16 16:59:00.937024+00:00 [debug] PROGRESS REPORT:
    supervisor: {local,httpd_instance_sup__127_0_0_1__9081default}
    started: [{pid,<0.1167.0>},
              {id,{httpd_acceptor_sup,{127,0,0,1},9081,default}},
              {mfargs,
                  {httpd_acceptor_sup,start_link,
                      [[{127,0,0,1},
                        9081,
                        [{bind_address,{127,0,0,1}},
                         {socket_type,ip_comm},
                         {port,9081},
                         {server_root,"run/mod_stats_prometheus/doc"},
                         {document_root,"run/mod_stats_prometheus/doc"},
                         {server_name,"Prometheus Exporter"},
                         {modules,[prometheus_httpd]}],
                        15000,undefined]]}},
              {restart_type,permanent},
              {significant,false},
              {shutdown,infinity},
              {child_type,supervisor}]
 (supervisor:report_progress/3:2323)
2026-09-16 16:59:00.937135+00:00 [debug] PROGRESS REPORT:
    supervisor: {local,httpd_sup}
    started: [{pid,<0.1163.0>},
              {id,{httpd_instance_sup,{127,0,0,1},9081,default}},
              {mfargs,
                  {httpd_instance_sup,start_link,
                      [[{bind_address,{127,0,0,1}},
                        {socket_type,ip_comm},
                        {port,9081},
                        {server_root,"run/mod_stats_prometheus/doc"},
                        {document_root,"run/mod_stats_prometheus/doc"},
                        {server_name,"Prometheus Exporter"},
                        {modules,[prometheus_httpd]}],
                       15000,[]]}},
              {restart_type,permanent},
              {significant,false},
              {shutdown,infinity},
              {child_type,supervisor}]
 (supervisor:report_progress/3:2333)
2026-09-16 16:59:00.939787+00:00 [info] Started mod_stats_prometheus (eturnal:start_modules/0:384)
2026-09-16 16:59:00.939997+00:00 [debug] Calling mod_log_stun:start/0 (eturnal_module:start/1:143)
2026-09-16 16:59:00.940132+00:00 [debug] Starting mod_log_stun (mod_log_stun:start/0:38)
2026-09-16 16:59:00.941419+00:00 [info] Started mod_log_stun (eturnal:start_modules/0:384)
2026-09-16 16:59:00.941550+00:00 [debug] Calling mod_stats_influx:start/0 (eturnal_module:start/1:143)
2026-09-16 16:59:00.941630+00:00 [debug] Starting mod_stats_influx (mod_stats_influx:start/0:37)
2026-09-16 16:59:00.941692+00:00 [debug] Dependency influx_udp was available already (eturnal_module:ensure_dep/2:284)
2026-09-16 16:59:00.941990+00:00 [info]     options: #{port => 8089,host => "localhost",pool_size => 1,
               max_overflow => 1}
    msg: Start clients pool
    host: {127,0,0,1} (influx_udp:start_pool_/2:239)
2026-09-16 16:59:00.944731+00:00 [info] Started mod_stats_influx (eturnal:start_modules/0:384)
2026-09-16 16:59:00.944890+00:00 [debug] Restarted modules (eturnal:reload/1:639)
2026-09-16 16:59:00.945004+00:00 [debug] eturnal call (reload) returned ok (eturnal_ctl:call/1:439)
2026-09-16 16:59:00.972397+00:00 [info] Accepting connection: 127.0.0.1:55466 -> 127.0.0.1:34780 [TCP, session 40tmt471lcwm] (stun_acceptor:accept/3:158)
2026-09-16 16:59:00.997199+00:00 [info] Accepting connection: 127.0.0.1:46154 -> 127.0.0.1:53490 [TLS, session 8dux7iw9zjuu] (stun_acceptor:accept/3:158)
2026-09-16 16:59:01.026888+00:00 [debug] Received:
#stun{class = request,method = 3,magic = 554869826,
      trid = 76506578557131183353338873051,raw = <<>>,unsupported = [],
      'ALTERNATE-SERVER' = undefined,'CHANNEL-NUMBER' = undefined,
      'DATA' = undefined,'DONT-FRAGMENT' = false,'ERROR-CODE' = undefined,
      'LIFETIME' = undefined,'MAPPED-ADDRESS' = undefined,
      'MESSAGE-INTEGRITY' = undefined,'NONCE' = undefined,'REALM' = undefined,
      'REQUESTED-ADDRESS-FAMILY' = undefined,
      'REQUESTED-TRANSPORT' = undefined,'SOFTWARE' = undefined,
      'UNKNOWN-ATTRIBUTES' = [],'USERNAME' = undefined,
      'XOR-MAPPED-ADDRESS' = undefined,'XOR-PEER-ADDRESS' = [],
      'XOR-RELAYED-ADDRESS' = undefined} (stun:udp_recv/5:146)
2026-09-16 16:59:01.027057+00:00 [debug] Sending:
#stun{class = error,method = 3,magic = 554869826,
      trid = 76506578557131183353338873051,raw = <<>>,unsupported = [],
      'ALTERNATE-SERVER' = undefined,'CHANNEL-NUMBER' = undefined,
      'DATA' = undefined,'DONT-FRAGMENT' = false,
      'ERROR-CODE' = {401,<<"Unauthorized">>},
      'LIFETIME' = undefined,'MAPPED-ADDRESS' = undefined,
      'MESSAGE-INTEGRITY' = undefined,'NONCE' = <<"521529721">>,
      'REALM' = <<"eturnal.net">>,'REQUESTED-ADDRESS-FAMILY' = undefined,
      'REQUESTED-TRANSPORT' = undefined,'SOFTWARE' = <<"eturnal">>,
      'UNKNOWN-ATTRIBUTES' = [],'USERNAME' = undefined,
      'XOR-MAPPED-ADDRESS' = undefined,'XOR-PEER-ADDRESS' = [],
      'XOR-RELAYED-ADDRESS' = undefined} (stun:send/3:500)
2026-09-16 16:59:01.027371+00:00 [debug] Received:
#stun{class = request,method = 3,magic = 554869826,
      trid = 23328992237926101044252536103,
      raw = <<0,3,0,76,33,18,164,66,75,97,74,67,80,22,196,253,252,94,109,39,0,
              25,0,4,17,0,0,0,0,6,0,5,97,108,105,99,101,0,0,0,0,20,0,11,101,
              116,117,114,110,97,108,46,110,101,116,0,0,21,0,9,53,50,49,53,50,
              57,55,50,49,0,0,0>>,
      unsupported = [],'ALTERNATE-SERVER' = undefined,
      'CHANNEL-NUMBER' = undefined,'DATA' = undefined,'DONT-FRAGMENT' = false,
      'ERROR-CODE' = undefined,'LIFETIME' = undefined,
      'MAPPED-ADDRESS' = undefined,
      'MESSAGE-INTEGRITY' = <<67,149,152,219,248,0,69,132,159,92,160,189,60,7,
                              205,95,66,6,34,237>>,
      'NONCE' = <<"521529721">>,'REALM' = <<"eturnal.net">>,
      'REQUESTED-ADDRESS-FAMILY' = undefined,'REQUESTED-TRANSPORT' = udp,
      'SOFTWARE' = undefined,'UNKNOWN-ATTRIBUTES' = [],
      'USERNAME' = <<"alice">>,'XOR-MAPPED-ADDRESS' = undefined,
      'XOR-PEER-ADDRESS' = [],'XOR-RELAYED-ADDRESS' = undefined} (stun:udp_recv/5:146)
2026-09-16 16:59:01.027485+00:00 [debug] Looking up password for: alice [UDP, session 69gisk9q2um9, user alice, client 127.0.0.1:52190] (eturnal:get_password/2:259)
2026-09-16 16:59:01.027549+00:00 [info] Accepting long-term STUN/TURN authentication [UDP, session 69gisk9q2um9, user alice, client 127.0.0.1:52190] (stun:process/2:289)
2026-09-16 16:59:01.031352+00:00 [debug] Running 'turn_session_start' hook [UDP, session 69gisk9q2um9, user alice, client 127.0.0.1:52190] (turn:run_hook/3:753)
2026-09-16 16:59:01.031430+00:00 [debug] Got 'turn_session_start' event [UDP, session 69gisk9q2um9, user alice, client 127.0.0.1:52190] (eturnal_module:handle_event/2:177)
2026-09-16 16:59:01.031493+00:00 [debug] Calling mod_stats_prometheus:handle_event/2 [UDP, session 69gisk9q2um9, user alice, client 127.0.0.1:52190] (eturnal_module:handle_event/2:180)
2026-09-16 16:59:01.031552+00:00 [debug] Observing started TURN session 69gisk9q2um9 for Prometheus [UDP, session 69gisk9q2um9, user alice, client 127.0.0.1:52190] (mod_stats_prometheus:on_turn_session_start/1:174)
2026-09-16 16:59:01.031865+00:00 [notice] Creating TURN allocation (lifetime: 599 seconds) [UDP, session 69gisk9q2um9, user alice, client 127.0.0.1:52190, relay 127.0.0.1:50136] (turn:wait_for_allocate/2:226)
2026-09-16 16:59:01.032004+00:00 [debug] Sending:
#stun{class = response,method = 3,magic = 554869826,
      trid = 23328992237926101044252536103,raw = <<>>,unsupported = [],
      'ALTERNATE-SERVER' = undefined,'CHANNEL-NUMBER' = undefined,
      'DATA' = undefined,'DONT-FRAGMENT' = false,'ERROR-CODE' = undefined,
      'LIFETIME' = 599,'MAPPED-ADDRESS' = undefined,
      'MESSAGE-INTEGRITY' = undefined,'NONCE' = undefined,'REALM' = undefined,
      'REQUESTED-ADDRESS-FAMILY' = undefined,
      'REQUESTED-TRANSPORT' = undefined,'SOFTWARE' = <<"eturnal">>,
      'UNKNOWN-ATTRIBUTES' = [],'USERNAME' = undefined,
      'XOR-MAPPED-ADDRESS' = {{127,0,0,1},52190},
      'XOR-PEER-ADDRESS' = [],
      'XOR-RELAYED-ADDRESS' = {{127,0,0,1},50136}} (turn:send/2:549)
2026-09-16 16:59:01.032319+00:00 [debug] Received:
#stun{class = request,method = 4,magic = 554869826,
      trid = 64018068731163025229277902576,
      raw = <<0,4,0,76,33,18,164,66,206,218,129,91,213,41,130,18,127,149,54,
              240,0,6,0,5,97,108,105,99,101,0,0,0,0,20,0,11,101,116,117,114,
              110,97,108,46,110,101,116,0,0,21,0,9,53,50,49,53,50,57,55,50,49,
              0,0,0,0,13,0,4,0,0,0,0>>,
      unsupported = [],'ALTERNATE-SERVER' = undefined,
      'CHANNEL-NUMBER' = undefined,'DATA' = undefined,'DONT-FRAGMENT' = false,
      'ERROR-CODE' = undefined,'LIFETIME' = 0,'MAPPED-ADDRESS' = undefined,
      'MESSAGE-INTEGRITY' = <<201,74,140,112,73,92,17,249,33,113,151,118,80,
                              204,154,146,48,49,17,249>>,
      'NONCE' = <<"521529721">>,'REALM' = <<"eturnal.net">>,
      'REQUESTED-ADDRESS-FAMILY' = undefined,
      'REQUESTED-TRANSPORT' = undefined,'SOFTWARE' = undefined,
      'UNKNOWN-ATTRIBUTES' = [],'USERNAME' = <<"alice">>,
      'XOR-MAPPED-ADDRESS' = undefined,'XOR-PEER-ADDRESS' = [],
      'XOR-RELAYED-ADDRESS' = undefined} (stun:udp_recv/5:146)
2026-09-16 16:59:01.032450+00:00 [debug] Looking up password for: alice [UDP, session 1092h4lwb5by, user alice, client 127.0.0.1:52190] (eturnal:get_password/2:259)
2026-09-16 16:59:01.032571+00:00 [info] Accepting long-term STUN/TURN authentication [UDP, session 1092h4lwb5by, user alice, client 127.0.0.1:52190] (stun:process/2:289)
2026-09-16 16:59:01.032623+00:00 [info] Client requested closing the TURN session [UDP, session 69gisk9q2um9, user alice, client 127.0.0.1:52190, relay 127.0.0.1:50136] (turn:active/2:285)
2026-09-16 16:59:01.032683+00:00 [debug] Sending:
#stun{class = response,method = 4,magic = 554869826,
      trid = 64018068731163025229277902576,raw = <<>>,unsupported = [],
      'ALTERNATE-SERVER' = undefined,'CHANNEL-NUMBER' = undefined,
      'DATA' = undefined,'DONT-FRAGMENT' = false,'ERROR-CODE' = undefined,
      'LIFETIME' = 0,'MAPPED-ADDRESS' = undefined,
      'MESSAGE-INTEGRITY' = undefined,'NONCE' = undefined,'REALM' = undefined,
      'REQUESTED-ADDRESS-FAMILY' = undefined,
      'REQUESTED-TRANSPORT' = undefined,'SOFTWARE' = <<"eturnal">>,
      'UNKNOWN-ATTRIBUTES' = [],'USERNAME' = undefined,
      'XOR-MAPPED-ADDRESS' = undefined,'XOR-PEER-ADDRESS' = [],
      'XOR-RELAYED-ADDRESS' = undefined} (turn:send/2:549)
2026-09-16 16:59:01.032780+00:00 [info] Deleting TURN allocation [UDP, session 69gisk9q2um9, user alice, client 127.0.0.1:52190, relay 127.0.0.1:50136] (turn:terminate/3:482)
2026-09-16 16:59:01.032815+00:00 [notice] Relayed 0 KiB (in 0 B / 0 packets, out 0 B / 0 packets), duration: 0 seconds [UDP, session 69gisk9q2um9, user alice, client 127.0.0.1:52190, relay 127.0.0.1:50136] (turn:terminate/3:489)
2026-09-16 16:59:01.032851+00:00 [debug] Running 'turn_session_stop' hook [UDP, session 69gisk9q2um9, user alice, client 127.0.0.1:52190, relay 127.0.0.1:50136] (turn:run_hook/3:753)
2026-09-16 16:59:01.032875+00:00 [debug] Got 'turn_session_stop' event [UDP, session 69gisk9q2um9, user alice, client 127.0.0.1:52190, relay 127.0.0.1:50136] (eturnal_module:handle_event/2:177)
2026-09-16 16:59:01.032919+00:00 [debug] Calling mod_stats_influx:handle_event/2 [UDP, session 69gisk9q2um9, user alice, client 127.0.0.1:52190, relay 127.0.0.1:50136] (eturnal_module:handle_event/2:180)
2026-09-16 16:59:01.032974+00:00 [debug] Writing stats of TURN session 69gisk9q2um9 to InfluxDB [UDP, session 69gisk9q2um9, user alice, client 127.0.0.1:52190, relay 127.0.0.1:50136] (mod_stats_influx:on_turn_session_stop/1:87)
2026-09-16 16:59:01.033036+00:00 [debug] Received:
#stun{class = request,method = 3,magic = 554869826,
      trid = 67837295480561267274787474366,raw = <<>>,unsupported = [],
      'ALTERNATE-SERVER' = undefined,'CHANNEL-NUMBER' = undefined,
      'DATA' = undefined,'DONT-FRAGMENT' = false,'ERROR-CODE' = undefined,
      'LIFETIME' = undefined,'MAPPED-ADDRESS' = undefined,
      'MESSAGE-INTEGRITY' = undefined,'NONCE' = undefined,'REALM' = undefined,
      'REQUESTED-ADDRESS-FAMILY' = undefined,
      'REQUESTED-TRANSPORT' = undefined,'SOFTWARE' = undefined,
      'UNKNOWN-ATTRIBUTES' = [],'USERNAME' = undefined,
      'XOR-MAPPED-ADDRESS' = undefined,'XOR-PEER-ADDRESS' = [],
      'XOR-RELAYED-ADDRESS' = undefined} (stun:udp_recv/5:146)
2026-09-16 16:59:01.033180+00:00 [debug] Sending:
#stun{class = error,method = 3,magic = 554869826,
      trid = 67837295480561267274787474366,raw = <<>>,unsupported = [],
      'ALTERNATE-SERVER' = undefined,'CHANNEL-NUMBER' = undefined,
      'DATA' = undefined,'DONT-FRAGMENT' = false,
      'ERROR-CODE' = {401,<<"Unauthorized">>},
      'LIFETIME' = undefined,'MAPPED-ADDRESS' = undefined,
      'MESSAGE-INTEGRITY' = undefined,'NONCE' = <<"2215418065">>,
      'REALM' = <<"eturnal.net">>,'REQUESTED-ADDRESS-FAMILY' = undefined,
      'REQUESTED-TRANSPORT' = undefined,'SOFTWARE' = <<"eturnal">>,
      'UNKNOWN-ATTRIBUTES' = [],'USERNAME' = undefined,
      'XOR-MAPPED-ADDRESS' = undefined,'XOR-PEER-ADDRESS' = [],
      'XOR-RELAYED-ADDRESS' = undefined} (stun:send/3:500)
2026-09-16 16:59:01.033483+00:00 [debug] Received:
#stun{class = request,method = 3,magic = 554869826,
      trid = 4334568014000177101004402236,
      raw = <<0,3,0,80,33,18,164,66,14,1,120,122,224,213,140,231,82,236,238,60,
              0,25,0,4,17,0,0,0,0,6,0,10,50,49,52,53,57,49,51,50,48,48,0,0,0,
              20,0,11,101,116,117,114,110,97,108,46,110,101,116,0,0,21,0,10,50,
              50,49,53,52,49,56,48,54,53,0,0>>,
      unsupported = [],'ALTERNATE-SERVER' = undefined,
      'CHANNEL-NUMBER' = undefined,'DATA' = undefined,'DONT-FRAGMENT' = false,
      'ERROR-CODE' = undefined,'LIFETIME' = undefined,
      'MAPPED-ADDRESS' = undefined,
      'MESSAGE-INTEGRITY' = <<43,244,163,169,187,24,77,137,206,126,159,204,216,
                              45,187,184,236,227,242,205>>,
      'NONCE' = <<"2215418065">>,'REALM' = <<"eturnal.net">>,
      'REQUESTED-ADDRESS-FAMILY' = undefined,'REQUESTED-TRANSPORT' = udp,
      'SOFTWARE' = undefined,'UNKNOWN-ATTRIBUTES' = [],
      'USERNAME' = <<"2145913200">>,'XOR-MAPPED-ADDRESS' = undefined,
      'XOR-PEER-ADDRESS' = [],'XOR-RELAYED-ADDRESS' = undefined} (stun:udp_recv/5:146)
2026-09-16 16:59:01.033598+00:00 [debug] Deriving password for: 2145913200 [UDP, session 4svq5u3lxg5v, user 2145913200, client 127.0.0.1:32908] (eturnal:get_password/2:245)
2026-09-16 16:59:01.033654+00:00 [info] Accepting long-term STUN/TURN authentication [UDP, session 4svq5u3lxg5v, user 2145913200, client 127.0.0.1:32908] (stun:process/2:289)
2026-09-16 16:59:01.033768+00:00 [debug] Running 'turn_session_start' hook [UDP, session 4svq5u3lxg5v, user 2145913200, client 127.0.0.1:32908] (turn:run_hook/3:753)
2026-09-16 16:59:01.033834+00:00 [debug] Got 'turn_session_start' event [UDP, session 4svq5u3lxg5v, user 2145913200, client 127.0.0.1:32908] (eturnal_module:handle_event/2:177)
2026-09-16 16:59:01.033896+00:00 [debug] Calling mod_stats_prometheus:handle_event/2 [UDP, session 4svq5u3lxg5v, user 2145913200, client 127.0.0.1:32908] (eturnal_module:handle_event/2:180)
2026-09-16 16:59:01.033992+00:00 [debug] Observing started TURN session 4svq5u3lxg5v for Prometheus [UDP, session 4svq5u3lxg5v, user 2145913200, client 127.0.0.1:32908] (mod_stats_prometheus:on_turn_session_start/1:174)
2026-09-16 16:59:01.034177+00:00 [notice] Creating TURN allocation (lifetime: 600 seconds) [UDP, session 4svq5u3lxg5v, user 2145913200, client 127.0.0.1:32908, relay 127.0.0.1:50083] (turn:wait_for_allocate/2:226)
2026-09-16 16:59:01.034330+00:00 [debug] Sending:
#stun{class = response,method = 3,magic = 554869826,
      trid = 4334568014000177101004402236,raw = <<>>,unsupported = [],
      'ALTERNATE-SERVER' = undefined,'CHANNEL-NUMBER' = undefined,
      'DATA' = undefined,'DONT-FRAGMENT' = false,'ERROR-CODE' = undefined,
      'LIFETIME' = 600,'MAPPED-ADDRESS' = undefined,
      'MESSAGE-INTEGRITY' = undefined,'NONCE' = undefined,'REALM' = undefined,
      'REQUESTED-ADDRESS-FAMILY' = undefined,
      'REQUESTED-TRANSPORT' = undefined,'SOFTWARE' = <<"eturnal">>,
      'UNKNOWN-ATTRIBUTES' = [],'USERNAME' = undefined,
      'XOR-MAPPED-ADDRESS' = {{127,0,0,1},32908},
      'XOR-PEER-ADDRESS' = [],
      'XOR-RELAYED-ADDRESS' = {{127,0,0,1},50083}} (turn:send/2:549)
2026-09-16 16:59:01.035163+00:00 [debug] Received:
#stun{class = request,method = 4,magic = 554869826,
      trid = 22682728651961936139085993878,
      raw = <<0,4,0,80,33,18,164,66,73,74,182,160,30,41,55,169,7,32,215,150,0,
              6,0,10,50,49,52,53,57,49,51,50,48,48,0,0,0,20,0,11,101,116,117,
              114,110,97,108,46,110,101,116,0,0,21,0,10,50,50,49,53,52,49,56,
              48,54,53,0,0,0,13,0,4,0,0,0,0>>,
      unsupported = [],'ALTERNATE-SERVER' = undefined,
      'CHANNEL-NUMBER' = undefined,'DATA' = undefined,'DONT-FRAGMENT' = false,
      'ERROR-CODE' = undefined,'LIFETIME' = 0,'MAPPED-ADDRESS' = undefined,
      'MESSAGE-INTEGRITY' = <<54,31,68,97,160,64,14,244,183,156,64,47,62,3,226,
                              170,212,48,55,223>>,
      'NONCE' = <<"2215418065">>,'REALM' = <<"eturnal.net">>,
      'REQUESTED-ADDRESS-FAMILY' = undefined,
      'REQUESTED-TRANSPORT' = undefined,'SOFTWARE' = undefined,
      'UNKNOWN-ATTRIBUTES' = [],'USERNAME' = <<"2145913200">>,
      'XOR-MAPPED-ADDRESS' = undefined,'XOR-PEER-ADDRESS' = [],
      'XOR-RELAYED-ADDRESS' = undefined} (stun:udp_recv/5:146)
2026-09-16 16:59:01.035263+00:00 [debug] Deriving password for: 2145913200 [UDP, session ltvfxduq9h87, user 2145913200, client 127.0.0.1:32908] (eturnal:get_password/2:245)
2026-09-16 16:59:01.035317+00:00 [info] Accepting long-term STUN/TURN authentication [UDP, session ltvfxduq9h87, user 2145913200, client 127.0.0.1:32908] (stun:process/2:289)
2026-09-16 16:59:01.035396+00:00 [info] Client requested closing the TURN session [UDP, session 4svq5u3lxg5v, user 2145913200, client 127.0.0.1:32908, relay 127.0.0.1:50083] (turn:active/2:285)
2026-09-16 16:59:01.035507+00:00 [debug] Sending:
#stun{class = response,method = 4,magic = 554869826,
      trid = 22682728651961936139085993878,raw = <<>>,unsupported = [],
      'ALTERNATE-SERVER' = undefined,'CHANNEL-NUMBER' = undefined,
      'DATA' = undefined,'DONT-FRAGMENT' = false,'ERROR-CODE' = undefined,
      'LIFETIME' = 0,'MAPPED-ADDRESS' = undefined,
      'MESSAGE-INTEGRITY' = undefined,'NONCE' = undefined,'REALM' = undefined,
      'REQUESTED-ADDRESS-FAMILY' = undefined,
      'REQUESTED-TRANSPORT' = undefined,'SOFTWARE' = <<"eturnal">>,
      'UNKNOWN-ATTRIBUTES' = [],'USERNAME' = undefined,
      'XOR-MAPPED-ADDRESS' = undefined,'XOR-PEER-ADDRESS' = [],
      'XOR-RELAYED-ADDRESS' = undefined} (turn:send/2:549)
2026-09-16 16:59:01.035595+00:00 [debug] Calling mod_stats_prometheus:handle_event/2 [UDP, session 69gisk9q2um9, user alice, client 127.0.0.1:52190, relay 127.0.0.1:50136] (eturnal_module:handle_event/2:180)
2026-09-16 16:59:01.035647+00:00 [debug] Observing stopped TURN session 69gisk9q2um9 for Prometheus [UDP, session 69gisk9q2um9, user alice, client 127.0.0.1:52190, relay 127.0.0.1:50136] (mod_stats_prometheus:on_turn_session_stop/1:187)
2026-09-16 16:59:01.035651+00:00 [info] Deleting TURN allocation [UDP, session 4svq5u3lxg5v, user 2145913200, client 127.0.0.1:32908, relay 127.0.0.1:50083] (turn:terminate/3:482)
2026-09-16 16:59:01.035732+00:00 [notice] Relayed 0 KiB (in 0 B / 0 packets, out 0 B / 0 packets), duration: 0 seconds [UDP, session 4svq5u3lxg5v, user 2145913200, client 127.0.0.1:32908, relay 127.0.0.1:50083] (turn:terminate/3:489)
2026-09-16 16:59:01.035819+00:00 [debug] Running 'turn_session_stop' hook [UDP, session 4svq5u3lxg5v, user 2145913200, client 127.0.0.1:32908, relay 127.0.0.1:50083] (turn:run_hook/3:753)
2026-09-16 16:59:01.035865+00:00 [debug] Got 'turn_session_stop' event [UDP, session 4svq5u3lxg5v, user 2145913200, client 127.0.0.1:32908, relay 127.0.0.1:50083] (eturnal_module:handle_event/2:177)
2026-09-16 16:59:01.035911+00:00 [debug] Calling mod_stats_influx:handle_event/2 [UDP, session 4svq5u3lxg5v, user 2145913200, client 127.0.0.1:32908, relay 127.0.0.1:50083] (eturnal_module:handle_event/2:180)
2026-09-16 16:59:01.035976+00:00 [debug] Writing stats of TURN session 4svq5u3lxg5v to InfluxDB [UDP, session 4svq5u3lxg5v, user 2145913200, client 127.0.0.1:32908, relay 127.0.0.1:50083] (mod_stats_influx:on_turn_session_stop/1:87)
2026-09-16 16:59:01.036114+00:00 [debug] Calling mod_stats_prometheus:handle_event/2 [UDP, session 4svq5u3lxg5v, user 2145913200, client 127.0.0.1:32908, relay 127.0.0.1:50083] (eturnal_module:handle_event/2:180)
2026-09-16 16:59:01.036162+00:00 [debug] Observing stopped TURN session 4svq5u3lxg5v for Prometheus [UDP, session 4svq5u3lxg5v, user 2145913200, client 127.0.0.1:32908, relay 127.0.0.1:50083] (mod_stats_prometheus:on_turn_session_stop/1:187)
2026-09-16 16:59:01.059497+00:00 [debug] Received:
#stun{class = request,method = 1,magic = 554869826,
      trid = 31830329284077517864899540662,raw = <<>>,unsupported = [],
      'ALTERNATE-SERVER' = undefined,'CHANNEL-NUMBER' = undefined,
      'DATA' = undefined,'DONT-FRAGMENT' = false,'ERROR-CODE' = undefined,
      'LIFETIME' = undefined,'MAPPED-ADDRESS' = undefined,
      'MESSAGE-INTEGRITY' = undefined,'NONCE' = undefined,'REALM' = undefined,
      'REQUESTED-ADDRESS-FAMILY' = undefined,
      'REQUESTED-TRANSPORT' = undefined,'SOFTWARE' = undefined,
      'UNKNOWN-ATTRIBUTES' = [],'USERNAME' = undefined,
      'XOR-MAPPED-ADDRESS' = undefined,'XOR-PEER-ADDRESS' = [],
      'XOR-RELAYED-ADDRESS' = undefined} (stun:udp_recv/5:146)
2026-09-16 16:59:01.059604+00:00 [debug] Responding to STUN request [UDP, session deyzfo6gq7qe, anonymous, client 127.0.0.1:48588] (stun:process/4:357)
2026-09-16 16:59:01.059658+00:00 [debug] Running 'stun_query' hook [UDP, session deyzfo6gq7qe, anonymous, client 127.0.0.1:48588] (stun:run_hook/3:744)
2026-09-16 16:59:01.059712+00:00 [debug] Got 'stun_query' event [UDP, session deyzfo6gq7qe, anonymous, client 127.0.0.1:48588] (eturnal_module:handle_event/2:177)
2026-09-16 16:59:01.059758+00:00 [debug] Calling mod_log_stun:handle_event/2 [UDP, session deyzfo6gq7qe, anonymous, client 127.0.0.1:48588] (eturnal_module:handle_event/2:180)
2026-09-16 16:59:01.059804+00:00 [info] Responding to STUN request [UDP, session deyzfo6gq7qe, anonymous, client 127.0.0.1:48588] (mod_log_stun:handle_event/2:44)
2026-09-16 16:59:01.059843+00:00 [debug] Calling mod_stats_influx:handle_event/2 [UDP, session deyzfo6gq7qe, anonymous, client 127.0.0.1:48588] (eturnal_module:handle_event/2:180)
2026-09-16 16:59:01.059887+00:00 [debug] Writing STUN query event to InfluxDB [UDP, session deyzfo6gq7qe, anonymous, client 127.0.0.1:48588] (mod_stats_influx:on_stun_query/1:76)
2026-09-16 16:59:01.060063+00:00 [debug] Calling mod_stats_prometheus:handle_event/2 [UDP, session deyzfo6gq7qe, anonymous, client 127.0.0.1:48588] (eturnal_module:handle_event/2:180)
2026-09-16 16:59:01.060127+00:00 [debug] Observing STUN query for Prometheus [UDP, session deyzfo6gq7qe, anonymous, client 127.0.0.1:48588] (mod_stats_prometheus:on_stun_query/1:166)
2026-09-16 16:59:01.060268+00:00 [debug] Sending:
#stun{class = response,method = 1,magic = 554869826,
      trid = 31830329284077517864899540662,raw = <<>>,unsupported = [],
      'ALTERNATE-SERVER' = undefined,'CHANNEL-NUMBER' = undefined,
      'DATA' = undefined,'DONT-FRAGMENT' = false,'ERROR-CODE' = undefined,
      'LIFETIME' = undefined,'MAPPED-ADDRESS' = undefined,
      'MESSAGE-INTEGRITY' = undefined,'NONCE' = undefined,'REALM' = undefined,
      'REQUESTED-ADDRESS-FAMILY' = undefined,
      'REQUESTED-TRANSPORT' = undefined,'SOFTWARE' = <<"eturnal">>,
      'UNKNOWN-ATTRIBUTES' = [],'USERNAME' = undefined,
      'XOR-MAPPED-ADDRESS' = {{127,0,0,1},48588},
      'XOR-PEER-ADDRESS' = [],'XOR-RELAYED-ADDRESS' = undefined} (stun:send/3:500)
2026-09-16 16:59:01.084799+00:00 [info] Accepting connection: 127.0.0.1:55476 -> 127.0.0.1:34780 [TCP, session dod8gq0pvu3i] (stun_acceptor:accept/3:158)
2026-09-16 16:59:01.085063+00:00 [debug] Received:
#stun{class = request,method = 1,magic = 554869826,
      trid = 61205510878428078359618604649,raw = <<>>,unsupported = [],
      'ALTERNATE-SERVER' = undefined,'CHANNEL-NUMBER' = undefined,
      'DATA' = undefined,'DONT-FRAGMENT' = false,'ERROR-CODE' = undefined,
      'LIFETIME' = undefined,'MAPPED-ADDRESS' = undefined,
      'MESSAGE-INTEGRITY' = undefined,'NONCE' = undefined,'REALM' = undefined,
      'REQUESTED-ADDRESS-FAMILY' = undefined,
      'REQUESTED-TRANSPORT' = undefined,'SOFTWARE' = undefined,
      'UNKNOWN-ATTRIBUTES' = [],'USERNAME' = undefined,
      'XOR-MAPPED-ADDRESS' = undefined,'XOR-PEER-ADDRESS' = [],
      'XOR-RELAYED-ADDRESS' = undefined} (stun:process_data/3:457)
2026-09-16 16:59:01.085166+00:00 [debug] Responding to STUN request [TCP, session dod8gq0pvu3i, anonymous, client 127.0.0.1:55476] (stun:process/4:357)
2026-09-16 16:59:01.085234+00:00 [debug] Running 'stun_query' hook [TCP, session dod8gq0pvu3i, anonymous, client 127.0.0.1:55476] (stun:run_hook/3:744)
2026-09-16 16:59:01.085272+00:00 [debug] Got 'stun_query' event [TCP, session dod8gq0pvu3i, anonymous, client 127.0.0.1:55476] (eturnal_module:handle_event/2:177)
2026-09-16 16:59:01.085309+00:00 [debug] Calling mod_log_stun:handle_event/2 [TCP, session dod8gq0pvu3i, anonymous, client 127.0.0.1:55476] (eturnal_module:handle_event/2:180)
2026-09-16 16:59:01.085346+00:00 [info] Responding to STUN request [TCP, session dod8gq0pvu3i, anonymous, client 127.0.0.1:55476] (mod_log_stun:handle_event/2:44)
2026-09-16 16:59:01.085379+00:00 [debug] Calling mod_stats_influx:handle_event/2 [TCP, session dod8gq0pvu3i, anonymous, client 127.0.0.1:55476] (eturnal_module:handle_event/2:180)
2026-09-16 16:59:01.085411+00:00 [debug] Writing STUN query event to InfluxDB [TCP, session dod8gq0pvu3i, anonymous, client 127.0.0.1:55476] (mod_stats_influx:on_stun_query/1:76)
2026-09-16 16:59:01.085571+00:00 [debug] Calling mod_stats_prometheus:handle_event/2 [TCP, session dod8gq0pvu3i, anonymous, client 127.0.0.1:55476] (eturnal_module:handle_event/2:180)
2026-09-16 16:59:01.085623+00:00 [debug] Observing STUN query for Prometheus [TCP, session dod8gq0pvu3i, anonymous, client 127.0.0.1:55476] (mod_stats_prometheus:on_stun_query/1:166)
2026-09-16 16:59:01.085714+00:00 [debug] Sending:
#stun{class = response,method = 1,magic = 554869826,
      trid = 61205510878428078359618604649,raw = <<>>,unsupported = [],
      'ALTERNATE-SERVER' = undefined,'CHANNEL-NUMBER' = undefined,
      'DATA' = undefined,'DONT-FRAGMENT' = false,'ERROR-CODE' = undefined,
      'LIFETIME' = undefined,'MAPPED-ADDRESS' = undefined,
      'MESSAGE-INTEGRITY' = undefined,'NONCE' = undefined,'REALM' = undefined,
      'REQUESTED-ADDRESS-FAMILY' = undefined,
      'REQUESTED-TRANSPORT' = undefined,'SOFTWARE' = <<"eturnal">>,
      'UNKNOWN-ATTRIBUTES' = [],'USERNAME' = undefined,
      'XOR-MAPPED-ADDRESS' = {{127,0,0,1},55476},
      'XOR-PEER-ADDRESS' = [],'XOR-RELAYED-ADDRESS' = undefined} (stun:send/3:500)
2026-09-16 16:59:01.086814+00:00 [info] Connection reset by peer [TCP, session dod8gq0pvu3i, anonymous, client 127.0.0.1:55476] (stun:handle_info/3:206)
2026-09-16 16:59:01.108981+00:00 [info] Accepting connection: 127.0.0.1:46156 -> 127.0.0.1:53490 [TLS, session 691lob4sy3ig] (stun_acceptor:accept/3:158)
2026-09-16 16:59:02.118905+00:00 [debug] Received:
#stun{class = request,method = 1,magic = 554869826,
      trid = 38315973889751122265552393165,raw = <<>>,unsupported = [],
      'ALTERNATE-SERVER' = undefined,'CHANNEL-NUMBER' = undefined,
      'DATA' = undefined,'DONT-FRAGMENT' = false,'ERROR-CODE' = undefined,
      'LIFETIME' = undefined,'MAPPED-ADDRESS' = undefined,
      'MESSAGE-INTEGRITY' = undefined,'NONCE' = undefined,'REALM' = undefined,
      'REQUESTED-ADDRESS-FAMILY' = undefined,
      'REQUESTED-TRANSPORT' = undefined,'SOFTWARE' = undefined,
      'UNKNOWN-ATTRIBUTES' = [],'USERNAME' = undefined,
      'XOR-MAPPED-ADDRESS' = undefined,'XOR-PEER-ADDRESS' = [],
      'XOR-RELAYED-ADDRESS' = undefined} (stun:process_data/3:457)
2026-09-16 16:59:02.119087+00:00 [debug] Responding to STUN request [TLS, session 691lob4sy3ig, anonymous, client 127.0.0.1:46156] (stun:process/4:357)
2026-09-16 16:59:02.119174+00:00 [debug] Running 'stun_query' hook [TLS, session 691lob4sy3ig, anonymous, client 127.0.0.1:46156] (stun:run_hook/3:744)
2026-09-16 16:59:02.119215+00:00 [debug] Got 'stun_query' event [TLS, session 691lob4sy3ig, anonymous, client 127.0.0.1:46156] (eturnal_module:handle_event/2:177)
2026-09-16 16:59:02.119287+00:00 [debug] Calling mod_log_stun:handle_event/2 [TLS, session 691lob4sy3ig, anonymous, client 127.0.0.1:46156] (eturnal_module:handle_event/2:180)
2026-09-16 16:59:02.119347+00:00 [info] Responding to STUN request [TLS, session 691lob4sy3ig, anonymous, client 127.0.0.1:46156] (mod_log_stun:handle_event/2:44)
2026-09-16 16:59:02.119383+00:00 [debug] Calling mod_stats_influx:handle_event/2 [TLS, session 691lob4sy3ig, anonymous, client 127.0.0.1:46156] (eturnal_module:handle_event/2:180)
2026-09-16 16:59:02.119430+00:00 [debug] Writing STUN query event to InfluxDB [TLS, session 691lob4sy3ig, anonymous, client 127.0.0.1:46156] (mod_stats_influx:on_stun_query/1:76)
2026-09-16 16:59:02.119609+00:00 [debug] Calling mod_stats_prometheus:handle_event/2 [TLS, session 691lob4sy3ig, anonymous, client 127.0.0.1:46156] (eturnal_module:handle_event/2:180)
2026-09-16 16:59:02.119642+00:00 [debug] Observing STUN query for Prometheus [TLS, session 691lob4sy3ig, anonymous, client 127.0.0.1:46156] (mod_stats_prometheus:on_stun_query/1:166)
2026-09-16 16:59:02.119743+00:00 [debug] Sending:
#stun{class = response,method = 1,magic = 554869826,
      trid = 38315973889751122265552393165,raw = <<>>,unsupported = [],
      'ALTERNATE-SERVER' = undefined,'CHANNEL-NUMBER' = undefined,
      'DATA' = undefined,'DONT-FRAGMENT' = false,'ERROR-CODE' = undefined,
      'LIFETIME' = undefined,'MAPPED-ADDRESS' = undefined,
      'MESSAGE-INTEGRITY' = undefined,'NONCE' = undefined,'REALM' = undefined,
      'REQUESTED-ADDRESS-FAMILY' = undefined,
      'REQUESTED-TRANSPORT' = undefined,'SOFTWARE' = <<"eturnal">>,
      'UNKNOWN-ATTRIBUTES' = [],'USERNAME' = undefined,
      'XOR-MAPPED-ADDRESS' = {{127,0,0,1},46156},
      'XOR-PEER-ADDRESS' = [],'XOR-RELAYED-ADDRESS' = undefined} (stun:send/3:500)
2026-09-16 16:59:02.120185+00:00 [info] Connection reset by peer [TLS, session 691lob4sy3ig, anonymous, client 127.0.0.1:46156] (stun:handle_info/3:206)
2026-09-16 16:59:02.144344+00:00 [info] Accepting connection: 127.0.0.1:47740 -> 127.0.0.1:34781 [TCP|TLS, session njf2jh07knlk] (stun_acceptor:accept/3:158)
2026-09-16 16:59:02.144491+00:00 [debug] Determined transport protocol: TCP (stun:is_tls_handshake/1:690)
2026-09-16 16:59:02.144754+00:00 [debug] Received:
#stun{class = request,method = 1,magic = 554869826,
      trid = 44573586711687354493994465602,raw = <<>>,unsupported = [],
      'ALTERNATE-SERVER' = undefined,'CHANNEL-NUMBER' = undefined,
      'DATA' = undefined,'DONT-FRAGMENT' = false,'ERROR-CODE' = undefined,
      'LIFETIME' = undefined,'MAPPED-ADDRESS' = undefined,
      'MESSAGE-INTEGRITY' = undefined,'NONCE' = undefined,'REALM' = undefined,
      'REQUESTED-ADDRESS-FAMILY' = undefined,
      'REQUESTED-TRANSPORT' = undefined,'SOFTWARE' = undefined,
      'UNKNOWN-ATTRIBUTES' = [],'USERNAME' = undefined,
      'XOR-MAPPED-ADDRESS' = undefined,'XOR-PEER-ADDRESS' = [],
      'XOR-RELAYED-ADDRESS' = undefined} (stun:process_data/3:457)
2026-09-16 16:59:02.144851+00:00 [debug] Responding to STUN request [TCP, session njf2jh07knlk, anonymous, client 127.0.0.1:47740] (stun:process/4:357)
2026-09-16 16:59:02.144893+00:00 [debug] Running 'stun_query' hook [TCP, session njf2jh07knlk, anonymous, client 127.0.0.1:47740] (stun:run_hook/3:744)
2026-09-16 16:59:02.144970+00:00 [debug] Got 'stun_query' event [TCP, session njf2jh07knlk, anonymous, client 127.0.0.1:47740] (eturnal_module:handle_event/2:177)
2026-09-16 16:59:02.145016+00:00 [debug] Calling mod_log_stun:handle_event/2 [TCP, session njf2jh07knlk, anonymous, client 127.0.0.1:47740] (eturnal_module:handle_event/2:180)
2026-09-16 16:59:02.145056+00:00 [info] Responding to STUN request [TCP, session njf2jh07knlk, anonymous, client 127.0.0.1:47740] (mod_log_stun:handle_event/2:44)
2026-09-16 16:59:02.145090+00:00 [debug] Calling mod_stats_influx:handle_event/2 [TCP, session njf2jh07knlk, anonymous, client 127.0.0.1:47740] (eturnal_module:handle_event/2:180)
2026-09-16 16:59:02.145118+00:00 [debug] Writing STUN query event to InfluxDB [TCP, session njf2jh07knlk, anonymous, client 127.0.0.1:47740] (mod_stats_influx:on_stun_query/1:76)
2026-09-16 16:59:02.145305+00:00 [debug] Calling mod_stats_prometheus:handle_event/2 [TCP, session njf2jh07knlk, anonymous, client 127.0.0.1:47740] (eturnal_module:handle_event/2:180)
2026-09-16 16:59:02.145354+00:00 [debug] Observing STUN query for Prometheus [TCP, session njf2jh07knlk, anonymous, client 127.0.0.1:47740] (mod_stats_prometheus:on_stun_query/1:166)
2026-09-16 16:59:02.145422+00:00 [debug] Sending:
#stun{class = response,method = 1,magic = 554869826,
      trid = 44573586711687354493994465602,raw = <<>>,unsupported = [],
      'ALTERNATE-SERVER' = undefined,'CHANNEL-NUMBER' = undefined,
      'DATA' = undefined,'DONT-FRAGMENT' = false,'ERROR-CODE' = undefined,
      'LIFETIME' = undefined,'MAPPED-ADDRESS' = undefined,
      'MESSAGE-INTEGRITY' = undefined,'NONCE' = undefined,'REALM' = undefined,
      'REQUESTED-ADDRESS-FAMILY' = undefined,
      'REQUESTED-TRANSPORT' = undefined,'SOFTWARE' = <<"eturnal">>,
      'UNKNOWN-ATTRIBUTES' = [],'USERNAME' = undefined,
      'XOR-MAPPED-ADDRESS' = {{127,0,0,1},47740},
      'XOR-PEER-ADDRESS' = [],'XOR-RELAYED-ADDRESS' = undefined} (stun:send/3:500)
2026-09-16 16:59:02.146620+00:00 [info] Connection reset by peer [TCP, session njf2jh07knlk, anonymous, client 127.0.0.1:47740] (stun:handle_info/3:206)
2026-09-16 16:59:02.169132+00:00 [info] Accepting connection: 127.0.0.1:47744 -> 127.0.0.1:34781 [TCP|TLS, session bgvgjbepuurn] (stun_acceptor:accept/3:158)
2026-09-16 16:59:02.169519+00:00 [debug] Determined transport protocol: TLS (stun:is_tls_handshake/1:687)
2026-09-16 16:59:03.178883+00:00 [debug] Received:
#stun{class = request,method = 1,magic = 554869826,
      trid = 12427879972321795017520102077,raw = <<>>,unsupported = [],
      'ALTERNATE-SERVER' = undefined,'CHANNEL-NUMBER' = undefined,
      'DATA' = undefined,'DONT-FRAGMENT' = false,'ERROR-CODE' = undefined,
      'LIFETIME' = undefined,'MAPPED-ADDRESS' = undefined,
      'MESSAGE-INTEGRITY' = undefined,'NONCE' = undefined,'REALM' = undefined,
      'REQUESTED-ADDRESS-FAMILY' = undefined,
      'REQUESTED-TRANSPORT' = undefined,'SOFTWARE' = undefined,
      'UNKNOWN-ATTRIBUTES' = [],'USERNAME' = undefined,
      'XOR-MAPPED-ADDRESS' = undefined,'XOR-PEER-ADDRESS' = [],
      'XOR-RELAYED-ADDRESS' = undefined} (stun:process_data/3:457)
2026-09-16 16:59:03.179052+00:00 [debug] Responding to STUN request [TLS, session bgvgjbepuurn, anonymous, client 127.0.0.1:47744] (stun:process/4:357)
2026-09-16 16:59:03.179122+00:00 [debug] Running 'stun_query' hook [TLS, session bgvgjbepuurn, anonymous, client 127.0.0.1:47744] (stun:run_hook/3:744)
2026-09-16 16:59:03.179199+00:00 [debug] Got 'stun_query' event [TLS, session bgvgjbepuurn, anonymous, client 127.0.0.1:47744] (eturnal_module:handle_event/2:177)
2026-09-16 16:59:03.179250+00:00 [debug] Calling mod_log_stun:handle_event/2 [TLS, session bgvgjbepuurn, anonymous, client 127.0.0.1:47744] (eturnal_module:handle_event/2:180)
2026-09-16 16:59:03.179291+00:00 [info] Responding to STUN request [TLS, session bgvgjbepuurn, anonymous, client 127.0.0.1:47744] (mod_log_stun:handle_event/2:44)
2026-09-16 16:59:03.179331+00:00 [debug] Calling mod_stats_influx:handle_event/2 [TLS, session bgvgjbepuurn, anonymous, client 127.0.0.1:47744] (eturnal_module:handle_event/2:180)
2026-09-16 16:59:03.179356+00:00 [debug] Writing STUN query event to InfluxDB [TLS, session bgvgjbepuurn, anonymous, client 127.0.0.1:47744] (mod_stats_influx:on_stun_query/1:76)
2026-09-16 16:59:03.179560+00:00 [debug] Calling mod_stats_prometheus:handle_event/2 [TLS, session bgvgjbepuurn, anonymous, client 127.0.0.1:47744] (eturnal_module:handle_event/2:180)
2026-09-16 16:59:03.179616+00:00 [debug] Observing STUN query for Prometheus [TLS, session bgvgjbepuurn, anonymous, client 127.0.0.1:47744] (mod_stats_prometheus:on_stun_query/1:166)
2026-09-16 16:59:03.179692+00:00 [debug] Sending:
#stun{class = response,method = 1,magic = 554869826,
      trid = 12427879972321795017520102077,raw = <<>>,unsupported = [],
      'ALTERNATE-SERVER' = undefined,'CHANNEL-NUMBER' = undefined,
      'DATA' = undefined,'DONT-FRAGMENT' = false,'ERROR-CODE' = undefined,
      'LIFETIME' = undefined,'MAPPED-ADDRESS' = undefined,
      'MESSAGE-INTEGRITY' = undefined,'NONCE' = undefined,'REALM' = undefined,
      'REQUESTED-ADDRESS-FAMILY' = undefined,
      'REQUESTED-TRANSPORT' = undefined,'SOFTWARE' = <<"eturnal">>,
      'UNKNOWN-ATTRIBUTES' = [],'USERNAME' = undefined,
      'XOR-MAPPED-ADDRESS' = {{127,0,0,1},47744},
      'XOR-PEER-ADDRESS' = [],'XOR-RELAYED-ADDRESS' = undefined} (stun:send/3:500)
2026-09-16 16:59:03.180025+00:00 [info] Connection reset by peer [TLS, session bgvgjbepuurn, anonymous, client 127.0.0.1:47744] (stun:handle_info/3:206)
2026-09-16 16:59:03.204154+00:00 [debug] Terminating eturnal (shutdown) (eturnal:terminate/2:186)
2026-09-16 16:59:03.204132+00:00 [debug] No NOTIFY_SOCKET, dropping STOPPING=1 notification (eturnal_systemd:handle_cast/2:99)
2026-09-16 16:59:03.204346+00:00 [info] Stopped listening on 127.0.0.1:34780 (udp) (eturnal:stop_listeners/1:442)
2026-09-16 16:59:03.204489+00:00 [info] Stopped listening on 127.0.0.1:34780 (tcp) (eturnal:stop_listeners/1:442)
2026-09-16 16:59:03.204601+00:00 [info] Stopped listening on 127.0.0.1:53490 (tls) (eturnal:stop_listeners/1:442)
2026-09-16 16:59:03.204721+00:00 [info] Stopped listening on 127.0.0.1:34781 (auto) (eturnal:stop_listeners/1:442)
2026-09-16 16:59:03.207558+00:00 [debug] Calling mod_stats_prometheus:stop/1 (eturnal_module:stop/1:163)
2026-09-16 16:59:03.207903+00:00 [debug] Stopping mod_stats_prometheus (mod_stats_prometheus:stop/0:110)
2026-09-16 16:59:03.208370+00:00 [info] Stopped mod_stats_prometheus (eturnal:stop_modules/1:397)
2026-09-16 16:59:03.210150+00:00 [debug] Calling mod_log_stun:stop/1 (eturnal_module:stop/1:163)
2026-09-16 16:59:03.210413+00:00 [debug] Stopping mod_log_stun (mod_log_stun:stop/0:49)
2026-09-16 16:59:03.210498+00:00 [info] Stopped mod_log_stun (eturnal:stop_modules/1:397)
2026-09-16 16:59:03.212309+00:00 [debug] Calling mod_stats_influx:stop/1 (eturnal_module:stop/1:163)
2026-09-16 16:59:03.212420+00:00 [debug] Stopping mod_stats_influx (mod_stats_influx:stop/0:61)
2026-09-16 16:59:03.212558+00:00 [info] Stopped mod_stats_influx (eturnal:stop_modules/1:397)
2026-09-16 16:59:03.212995+00:00 [debug] Removed run/cert.pem (eturnal:clean_run_dir/0:875)
2026-09-16 16:59:03.213153+00:00 [debug] Terminating eturnal_systemd (shutdown) (eturnal_systemd:terminate/2:125)
2026-09-16 16:59:03.213410+00:00 [notice] Stopping eturnal 1.12.2 on Erlang/OTP 29 (ERTS 17.1) (eturnal_app:stop/1:53)
