=== Suite started at 2026-09-17 16:18:04
=== Starting test, 19 test cases
=cases         19
=user          runner
=host          nohost
=hosts         nohost 
=emulator_vsn  17.1
=emulator      beam
=otp_release   29
=started       2026-09-17 16:18:04
=case          eturnal_SUITE:init_per_suite
=logfile       eturnal_suite.init_per_suite.html
=started       2026-09-17 16:18:04
=ended         2026-09-17 16:18:04
=result        ok
=elapsed       0.000002s
=case          eturnal_SUITE:start_eturnal
=logfile       eturnal_suite.start_eturnal.html
=started       2026-09-17 16:18:04
=ended         2026-09-17 16:18:06
=result        ok
=elapsed       1.678000s
=case          eturnal_SUITE:check_status
=logfile       eturnal_suite.check_status.html
=started       2026-09-17 16:18:06
=ended         2026-09-17 16:18:06
=result        ok
=elapsed       0.000189s
=case          eturnal_SUITE:check_info
=logfile       eturnal_suite.check_info.html
=started       2026-09-17 16:18:06
=ended         2026-09-17 16:18:06
=result        ok
=elapsed       0.000636s
=case          eturnal_SUITE:check_all_sessions
=logfile       eturnal_suite.check_all_sessions.html
=started       2026-09-17 16:18:06
=ended         2026-09-17 16:18:06
=result        ok
=elapsed       0.000137s
=case          eturnal_SUITE:check_user_sessions
=logfile       eturnal_suite.check_user_sessions.html
=started       2026-09-17 16:18:06
=ended         2026-09-17 16:18:06
=result        ok
=elapsed       0.000325s
=case          eturnal_SUITE:check_disconnect
=logfile       eturnal_suite.check_disconnect.html
=started       2026-09-17 16:18:06
=ended         2026-09-17 16:18:06
=result        ok
=elapsed       0.000211s
=case          eturnal_SUITE:check_credentials
=logfile       eturnal_suite.check_credentials.html
=started       2026-09-17 16:18:06
=ended         2026-09-17 16:18:06
=result        ok
=elapsed       0.003472s
=case          eturnal_SUITE:check_loglevel
=logfile       eturnal_suite.check_loglevel.html
=started       2026-09-17 16:18:06
=ended         2026-09-17 16:18:06
=result        ok
=elapsed       0.000476s
=case          eturnal_SUITE:check_version
=logfile       eturnal_suite.check_version.html
=started       2026-09-17 16:18:06
=ended         2026-09-17 16:18:06
=result        ok
=elapsed       0.000229s
=case          eturnal_SUITE:reload
=logfile       eturnal_suite.reload.html
=started       2026-09-17 16:18:06
=ended         2026-09-17 16:18:08
=result        ok
=elapsed       1.755124s
=case          eturnal_SUITE:connect_tcp
=logfile       eturnal_suite.connect_tcp.html
=started       2026-09-17 16:18:08
=ended         2026-09-17 16:18:08
=result        ok
=elapsed       0.000193s
=case          eturnal_SUITE:connect_tls
=logfile       eturnal_suite.connect_tls.html
=started       2026-09-17 16:18:08
=ended         2026-09-17 16:18:08
=result        ok
=elapsed       0.000587s
=case          eturnal_SUITE:turn_udp
=logfile       eturnal_suite.turn_udp.html
=started       2026-09-17 16:18:08
=ended         2026-09-17 16:18:08
=result        ok
=elapsed       0.005779s
=case          eturnal_SUITE:stun_udp
=logfile       eturnal_suite.stun_udp.html
=started       2026-09-17 16:18:08
=ended         2026-09-17 16:18:08
=result        ok
=elapsed       0.000562s
=case          eturnal_SUITE:stun_tcp
=logfile       eturnal_suite.stun_tcp.html
=started       2026-09-17 16:18:08
=ended         2026-09-17 16:18:08
=result        ok
=elapsed       0.000977s
=case          eturnal_SUITE:stun_tls
=logfile       eturnal_suite.stun_tls.html
=started       2026-09-17 16:18:08
=ended         2026-09-17 16:18:09
=result        ok
=elapsed       1.007371s
=case          eturnal_SUITE:stun_tcp_auto
=logfile       eturnal_suite.stun_tcp_auto.html
=started       2026-09-17 16:18:09
=ended         2026-09-17 16:18:09
=result        ok
=elapsed       0.001035s
=case          eturnal_SUITE:stun_tls_auto
=logfile       eturnal_suite.stun_tls_auto.html
=started       2026-09-17 16:18:09
=ended         2026-09-17 16:18:10
=result        ok
=elapsed       1.006998s
=case          eturnal_SUITE:stop_eturnal
=logfile       eturnal_suite.stop_eturnal.html
=started       2026-09-17 16:18:10
=ended         2026-09-17 16:18:10
=result        ok
=elapsed       0.004326s
=case          eturnal_SUITE:end_per_suite
=logfile       eturnal_suite.end_per_suite.html
=started       2026-09-17 16:18:10
=ended         2026-09-17 16:18:10
=result        ok
=elapsed       0.000000s
=group_time    5.907s
=== TEST COMPLETE, 19 ok, 0 failed of 19 test cases

=finished      2026-09-17 16:18:10
=failed        0
=successful    19
=user_skipped  0
=auto_skipped  0
=elapsed_time  5938315
