2026-09-16 16:54:33.430403+00:00 [notice] Starting eturnal 1.12.2 on Erlang/OTP 29 (ERTS 17.1) (eturnal_app:start/2:34)
2026-09-16 16:54:33.430505+00:00 [debug] Starting supervisor: eturnal_sup (eturnal_sup:start_link/0:31)
2026-09-16 16:54:33.430566+00:00 [debug] Configuring eturnal_sup supervisor: [#{id => systemd,
                                       start =>
                                           {eturnal_systemd,start_link,[]}},
                                     #{id => eturnal,
                                       start => {eturnal,start_link,[]}}] (eturnal_sup:init/1:39)
2026-09-16 16:54:33.431163+00:00 [info] Got no NOTIFY_SOCKET, notifications disabled (eturnal_systemd:init/1:86)
2026-09-16 16:54:33.431255+00:00 [debug] PROGRESS REPORT:
    supervisor: {local,eturnal_sup}
    started: [{pid,<0.960.0>},
              {id,systemd},
              {mfargs,{eturnal_systemd,start_link,[]}},
              {restart_type,permanent},
              {significant,false},
              {shutdown,5000},
              {child_type,worker}]
 (supervisor:report_progress/3:2323)
2026-09-16 16:54:33.431345+00:00 [info] Relay IPv4 address: 127.0.0.1 (port range: 49152-65535) (eturnal:log_relay_addresses/0:349)
2026-09-16 16:54:33.431411+00:00 [info] Relay IPv6 address not configured (eturnal:log_relay_addresses/0:359)
2026-09-16 16:54:33.450597+00:00 [info] Cannot determine control query port: noport (eturnal:log_control_listener/0:373)
2026-09-16 16:54:33.450783+00:00 [debug] Using run directory run (eturnal:ensure_run_dir/0:863)
2026-09-16 16:54:33.450842+00:00 [debug] TURN configuration seems fine (eturnal:check_turn_config/0:603)
2026-09-16 16:54:33.450890+00:00 [warning] TLS enabled without 'tls_crt_file', creating self-signed certificate (eturnal:check_pem_file/0:809)
2026-09-16 16:54:35.052081+00:00 [debug] Calling mod_stats_prometheus:start/0 (eturnal_module:start/1:143)
2026-09-16 16:54:35.052209+00:00 [debug] Starting mod_stats_prometheus (mod_stats_prometheus:start/0:56)
2026-09-16 16:54:35.057303+00:00 [debug] PROGRESS REPORT:
    application: prometheus
    started_at: nonode@nohost
 (application_controller:info_started/2:2154)
2026-09-16 16:54:35.057699+00:00 [debug] PROGRESS REPORT:
    application: accept
    started_at: nonode@nohost
 (application_controller:info_started/2:2154)
2026-09-16 16:54:35.061559+00:00 [debug] PROGRESS REPORT:
    application: prometheus_httpd
    started_at: nonode@nohost
 (application_controller:info_started/2:2154)
2026-09-16 16:54:35.061595+00:00 [debug] Dependency prometheus_httpd was available already (eturnal_module:ensure_dep/2:284)
2026-09-16 16:54:35.070232+00:00 [debug] PROGRESS REPORT:
    supervisor: {local,httpd_instance_sup__127_0_0_1__9081default}
    started: [{pid,<0.980.0>},
              {id,{httpd_connection_sup,{127,0,0,1},9081,default}},
              {mfargs,{httpd_connection_sup,start_link,[[{127,0,0,1},9081]]}},
              {restart_type,permanent},
              {significant,false},
              {shutdown,5000},
              {child_type,supervisor}]
 (supervisor:report_progress/3:2323)
2026-09-16 16:54:35.071115+00:00 [debug] PROGRESS REPORT:
    supervisor: {local,httpd_instance_sup__127_0_0_1__9081default}
    started: [{pid,<0.981.0>},
              {id,{httpd_misc_sup,{127,0,0,1},9081,default}},
              {mfargs,{httpd_misc_sup,start_link,[{127,0,0,1},9081,default]}},
              {restart_type,permanent},
              {significant,false},
              {shutdown,infinity},
              {child_type,supervisor}]
 (supervisor:report_progress/3:2323)
2026-09-16 16:54:35.072380+00:00 [debug] PROGRESS REPORT:
    supervisor: {local,httpd_instance_sup__127_0_0_1__9081default}
    started: [{pid,<0.982.0>},
              {id,{httpd_manager,{127,0,0,1},9081,default}},
              {mfargs,
                  {httpd_manager,start_link,
                      [undefined,
                       [{bind_address,{127,0,0,1}},
                        {socket_type,ip_comm},
                        {port,9081},
                        {server_root,"run/mod_stats_prometheus/doc"},
                        {document_root,"run/mod_stats_prometheus/doc"},
                        {server_name,"Prometheus Exporter"},
                        {modules,[prometheus_httpd]}],
                       15000]}},
              {restart_type,permanent},
              {significant,false},
              {shutdown,4000},
              {child_type,worker}]
 (supervisor:report_progress/3:2323)
2026-09-16 16:54:35.076908+00:00 [debug] PROGRESS REPORT:
    supervisor: {local,httpd_acceptor_sup__127_0_0_1__9081default}
    started: [{pid,<0.984.0>},
              {id,{httpd_acceptor_sup,{127,0,0,1},9081,default}},
              {mfargs,{httpd_acceptor,start_link,
                                      [httpd__127_0_0_1__9081default,ip_comm,
                                       {127,0,0,1},
                                       9081,inet,
                                       httpd_conf__127_0_0_1__9081default,
                                       15000]}},
              {restart_type,transient},
              {significant,false},
              {shutdown,brutal_kill},
              {child_type,worker}]
 (supervisor:report_progress/3:2323)
2026-09-16 16:54:35.077002+00:00 [debug] PROGRESS REPORT:
    supervisor: {local,httpd_instance_sup__127_0_0_1__9081default}
    started: [{pid,<0.983.0>},
              {id,{httpd_acceptor_sup,{127,0,0,1},9081,default}},
              {mfargs,
                  {httpd_acceptor_sup,start_link,
                      [[{127,0,0,1},
                        9081,
                        [{bind_address,{127,0,0,1}},
                         {socket_type,ip_comm},
                         {port,9081},
                         {server_root,"run/mod_stats_prometheus/doc"},
                         {document_root,"run/mod_stats_prometheus/doc"},
                         {server_name,"Prometheus Exporter"},
                         {modules,[prometheus_httpd]}],
                        15000,undefined]]}},
              {restart_type,permanent},
              {significant,false},
              {shutdown,infinity},
              {child_type,supervisor}]
 (supervisor:report_progress/3:2323)
2026-09-16 16:54:35.077096+00:00 [debug] PROGRESS REPORT:
    supervisor: {local,httpd_sup}
    started: [{pid,<0.979.0>},
              {id,{httpd_instance_sup,{127,0,0,1},9081,default}},
              {mfargs,
                  {httpd_instance_sup,start_link,
                      [[{bind_address,{127,0,0,1}},
                        {socket_type,ip_comm},
                        {port,9081},
                        {server_root,"run/mod_stats_prometheus/doc"},
                        {document_root,"run/mod_stats_prometheus/doc"},
                        {server_name,"Prometheus Exporter"},
                        {modules,[prometheus_httpd]}],
                       15000,[]]}},
              {restart_type,permanent},
              {significant,false},
              {shutdown,infinity},
              {child_type,supervisor}]
 (supervisor:report_progress/3:2333)
2026-09-16 16:54:35.077174+00:00 [info] Started mod_stats_prometheus (eturnal:start_modules/0:384)
2026-09-16 16:54:35.077227+00:00 [debug] Calling mod_log_stun:start/0 (eturnal_module:start/1:143)
2026-09-16 16:54:35.077293+00:00 [debug] Starting mod_log_stun (mod_log_stun:start/0:38)
2026-09-16 16:54:35.077373+00:00 [info] Started mod_log_stun (eturnal:start_modules/0:384)
2026-09-16 16:54:35.077419+00:00 [debug] Calling mod_stats_influx:start/0 (eturnal_module:start/1:143)
2026-09-16 16:54:35.077551+00:00 [debug] Starting mod_stats_influx (mod_stats_influx:start/0:37)
2026-09-16 16:54:35.078639+00:00 [debug] PROGRESS REPORT:
    application: ulitos
    started_at: nonode@nohost
 (application_controller:info_started/2:2154)
2026-09-16 16:54:35.079101+00:00 [debug] PROGRESS REPORT:
    application: poolboy
    started_at: nonode@nohost
 (application_controller:info_started/2:2154)
2026-09-16 16:54:35.079473+00:00 [info]     msg: Starting application: influx_udp (influx_udp_app:start/2:10)
2026-09-16 16:54:35.080276+00:00 [debug] PROGRESS REPORT:
    supervisor: {local,influx_udp_sup}
    started: [{pid,<0.995.0>},
              {id,influx_udp},
              {mfargs,{influx_udp,start_link,[]}},
              {restart_type,permanent},
              {significant,false},
              {shutdown,5000},
              {child_type,worker}]
 (supervisor:report_progress/3:2323)
2026-09-16 16:54:35.080367+00:00 [debug] PROGRESS REPORT:
    application: influx_udp
    started_at: nonode@nohost
 (application_controller:info_started/2:2154)
2026-09-16 16:54:35.080392+00:00 [debug] Dependency influx_udp was available already (eturnal_module:ensure_dep/2:284)
2026-09-16 16:54:35.081230+00:00 [info]     options: #{port => 8089,host => "localhost",pool_size => 1,
               max_overflow => 1}
    msg: Start clients pool
    host: {127,0,0,1} (influx_udp:start_pool_/2:239)
2026-09-16 16:54:35.085426+00:00 [info]     port: 58410
    msg: Open UDP socket on port (influx_udp_worker:init/1:43)
2026-09-16 16:54:35.085530+00:00 [debug] PROGRESS REPORT:
    supervisor: {local,influx_udp_sup}
    started: [{pid,<0.998.0>},
              {id,stats_influx_pool},
              {mfargs,
                  {poolboy,start_link,
                      [[{name,{local,stats_influx_pool}},
                        {worker_module,influx_udp_worker},
                        {size,1},
                        {max_overflow,1}],
                       [{options,
                            #{port => 8089,
                              host => {127,0,0,1},
                              pool_size => 1,max_overflow => 1}}]]}},
              {restart_type,permanent},
              {significant,false},
              {shutdown,5000},
              {child_type,worker}]
 (supervisor:report_progress/3:2333)
2026-09-16 16:54:35.085628+00:00 [info] Started mod_stats_influx (eturnal:start_modules/0:384)
2026-09-16 16:54:35.085863+00:00 [debug] Starting listener 127.0.0.1:34780 (udp) with options:
[{use_turn,true},
 {auth_type,user},
 {turn_ipv4_address,{127,0,0,1}},
 {turn_min_port,49152},
 {turn_max_port,65535},
 {turn_max_allocations,10},
 {turn_max_permissions,10},
 {shaper,100000},
 {auth_realm,<<"eturnal.net">>},
 {server_name,<<"eturnal">>},
 {auth_fun,fun eturnal:get_password/2},
 {hook_fun,fun eturnal:run_hook/2},
 {turn_blacklist_clients,[{{127,0,0,1},8}]},
 {turn_blacklist_peers,[{{10,0,0,0},8},
                        {{100,64,0,0},10},
                        {{127,0,0,0},8},
                        {{169,254,0,0},16},
                        {{172,16,0,0},12},
                        {{192,0,0,0},24},
                        {{192,0,2,0},24},
                        {{192,88,99,0},24},
                        {{192,168,0,0},16},
                        {{198,18,0,0},15},
                        {{198,51,100,0},24},
                        {{203,0,113,0},24},
                        {{224,0,0,0},4},
                        {{240,0,0,0},4},
                        {{0,0,0,0,0,0,0,1},128},
                        {{100,65435,0,0,0,0,0,0},96},
                        {{256,0,0,0,0,0,0,0},64},
                        {{8193,3512,0,0,0,0,0,0},32},
                        {{64512,0,0,0,0,0,0,0},7},
                        {{65152,0,0,0,0,0,0,0},10},
                        {{65280,0,0,0,0,0,0,0},8}]},
 {turn_whitelist_clients,[{{127,0,0,1},32}]},
 {turn_whitelist_peers,[{{127,0,0,1},32},
                        {{203,0,113,113},32},
                        {{8193,3512,0,0,0,0,0,0},64}]}] (eturnal:start_listeners/0:419)
2026-09-16 16:54:35.091209+00:00 [info] Listening on 127.0.0.1:34780 (udp) (STUN/TURN) (eturnal:start_listeners/0:426)
2026-09-16 16:54:35.091324+00:00 [debug] Starting listener 127.0.0.1:34780 (tcp) with options:
[{use_turn,false},
 {auth_type,anonymous},
 {turn_ipv4_address,{127,0,0,1}},
 {turn_min_port,49152},
 {turn_max_port,65535},
 {turn_max_allocations,10},
 {turn_max_permissions,10},
 {shaper,100000},
 {auth_realm,<<"eturnal.net">>},
 {server_name,<<"eturnal">>},
 {auth_fun,fun eturnal:get_password/2},
 {hook_fun,fun eturnal:run_hook/2},
 {turn_blacklist_clients,[{{127,0,0,1},8}]},
 {turn_blacklist_peers,[{{10,0,0,0},8},
                        {{100,64,0,0},10},
                        {{127,0,0,0},8},
                        {{169,254,0,0},16},
                        {{172,16,0,0},12},
                        {{192,0,0,0},24},
                        {{192,0,2,0},24},
                        {{192,88,99,0},24},
                        {{192,168,0,0},16},
                        {{198,18,0,0},15},
                        {{198,51,100,0},24},
                        {{203,0,113,0},24},
                        {{224,0,0,0},4},
                        {{240,0,0,0},4},
                        {{0,0,0,0,0,0,0,1},128},
                        {{100,65435,0,0,0,0,0,0},96},
                        {{256,0,0,0,0,0,0,0},64},
                        {{8193,3512,0,0,0,0,0,0},32},
                        {{64512,0,0,0,0,0,0,0},7},
                        {{65152,0,0,0,0,0,0,0},10},
                        {{65280,0,0,0,0,0,0,0},8}]},
 {turn_whitelist_clients,[{{127,0,0,1},32}]},
 {turn_whitelist_peers,[{{127,0,0,1},32},
                        {{203,0,113,113},32},
                        {{8193,3512,0,0,0,0,0,0},64}]}] (eturnal:start_listeners/0:419)
2026-09-16 16:54:35.091741+00:00 [info] Listening on 127.0.0.1:34780 (tcp) (STUN only) (eturnal:start_listeners/0:426)
2026-09-16 16:54:35.091808+00:00 [debug] Starting listener 127.0.0.1:53490 (tls) with options:
[{use_turn,false},
 {auth_type,anonymous},
 {tls,true},
 {certfile,<<"run/cert.pem">>},
 {ciphers,<<"HIGH:!aNULL:@STRENGTH">>},
 {protocol_options,<<"no_tlsv1|no_tlsv1_1|cipher_server_preference">>},
 {turn_ipv4_address,{127,0,0,1}},
 {turn_min_port,49152},
 {turn_max_port,65535},
 {turn_max_allocations,10},
 {turn_max_permissions,10},
 {shaper,100000},
 {auth_realm,<<"eturnal.net">>},
 {server_name,<<"eturnal">>},
 {auth_fun,fun eturnal:get_password/2},
 {hook_fun,fun eturnal:run_hook/2},
 {turn_blacklist_clients,[{{127,0,0,1},8}]},
 {turn_blacklist_peers,[{{10,0,0,0},8},
                        {{100,64,0,0},10},
                        {{127,0,0,0},8},
                        {{169,254,0,0},16},
                        {{172,16,0,0},12},
                        {{192,0,0,0},24},
                        {{192,0,2,0},24},
                        {{192,88,99,0},24},
                        {{192,168,0,0},16},
                        {{198,18,0,0},15},
                        {{198,51,100,0},24},
                        {{203,0,113,0},24},
                        {{224,0,0,0},4},
                        {{240,0,0,0},4},
                        {{0,0,0,0,0,0,0,1},128},
                        {{100,65435,0,0,0,0,0,0},96},
                        {{256,0,0,0,0,0,0,0},64},
                        {{8193,3512,0,0,0,0,0,0},32},
                        {{64512,0,0,0,0,0,0,0},7},
                        {{65152,0,0,0,0,0,0,0},10},
                        {{65280,0,0,0,0,0,0,0},8}]},
 {turn_whitelist_clients,[{{127,0,0,1},32}]},
 {turn_whitelist_peers,[{{127,0,0,1},32},
                        {{203,0,113,113},32},
                        {{8193,3512,0,0,0,0,0,0},64}]}] (eturnal:start_listeners/0:419)
2026-09-16 16:54:35.092127+00:00 [info] Listening on 127.0.0.1:53490 (tls) (STUN only) (eturnal:start_listeners/0:426)
2026-09-16 16:54:35.092192+00:00 [debug] Starting listener 127.0.0.1:34781 (auto) with options:
[{use_turn,false},
 {auth_type,anonymous},
 {tls,optional},
 {certfile,<<"run/cert.pem">>},
 {ciphers,<<"HIGH:!aNULL:@STRENGTH">>},
 {protocol_options,<<"no_tlsv1|no_tlsv1_1|cipher_server_preference">>},
 {turn_ipv4_address,{127,0,0,1}},
 {turn_min_port,49152},
 {turn_max_port,65535},
 {turn_max_allocations,10},
 {turn_max_permissions,10},
 {shaper,100000},
 {auth_realm,<<"eturnal.net">>},
 {server_name,<<"eturnal">>},
 {auth_fun,fun eturnal:get_password/2},
 {hook_fun,fun eturnal:run_hook/2},
 {turn_blacklist_clients,[{{127,0,0,1},8}]},
 {turn_blacklist_peers,[{{10,0,0,0},8},
                        {{100,64,0,0},10},
                        {{127,0,0,0},8},
                        {{169,254,0,0},16},
                        {{172,16,0,0},12},
                        {{192,0,0,0},24},
                        {{192,0,2,0},24},
                        {{192,88,99,0},24},
                        {{192,168,0,0},16},
                        {{198,18,0,0},15},
                        {{198,51,100,0},24},
                        {{203,0,113,0},24},
                        {{224,0,0,0},4},
                        {{240,0,0,0},4},
                        {{0,0,0,0,0,0,0,1},128},
                        {{100,65435,0,0,0,0,0,0},96},
                        {{256,0,0,0,0,0,0,0},64},
                        {{8193,3512,0,0,0,0,0,0},32},
                        {{64512,0,0,0,0,0,0,0},7},
                        {{65152,0,0,0,0,0,0,0},10},
                        {{65280,0,0,0,0,0,0,0},8}]},
 {turn_whitelist_clients,[{{127,0,0,1},32}]},
 {turn_whitelist_peers,[{{127,0,0,1},32},
                        {{203,0,113,113},32},
                        {{8193,3512,0,0,0,0,0,0},64}]}] (eturnal:start_listeners/0:419)
2026-09-16 16:54:35.099700+00:00 [info] Listening on 127.0.0.1:34781 (auto) (STUN only) (eturnal:start_listeners/0:426)
2026-09-16 16:54:35.099787+00:00 [debug] Started 3 modules (eturnal:init/1:105)
2026-09-16 16:54:35.099844+00:00 [debug] Started 4 listeners (eturnal:init/1:106)
2026-09-16 16:54:35.099890+00:00 [debug] PROGRESS REPORT:
    supervisor: {local,eturnal_sup}
    started: [{pid,<0.962.0>},
              {id,eturnal},
              {mfargs,{eturnal,start_link,[]}},
              {restart_type,permanent},
              {significant,false},
              {shutdown,5000},
              {child_type,worker}]
 (supervisor:report_progress/3:2323)
2026-09-16 16:54:35.099941+00:00 [debug] No NOTIFY_SOCKET, dropping READY=1 notification (eturnal_systemd:handle_cast/2:99)
2026-09-16 16:54:35.099953+00:00 [debug] PROGRESS REPORT:
    application: eturnal
    started_at: nonode@nohost
 (application_controller:info_started/2:2154)
2026-09-16 16:54:35.123698+00:00 [debug] Handling API call: get_status() (eturnal_ctl:get_status/0:109)
2026-09-16 16:54:35.123760+00:00 [debug] eturnal call (get_status) returned ok (eturnal_ctl:call/1:439)
2026-09-16 16:54:35.145678+00:00 [debug] Handling API call: get_info() (eturnal_ctl:get_info/0:119)
2026-09-16 16:54:35.146085+00:00 [debug] eturnal call (get_info) returned {ok,
                                  {eturnal_node_info,<<"1.12.2">>,
                                   {"29","17.1"},
                                   2799,0,180,90984148,1,56922808}} (eturnal_ctl:call/1:442)
2026-09-16 16:54:35.167522+00:00 [debug] Handling API call: get_sessions() (eturnal_ctl:get_sessions/0:95)
2026-09-16 16:54:35.189658+00:00 [debug] Handling API call: get_sessions("alice") (eturnal_ctl:get_sessions/1:100)
2026-09-16 16:54:35.189799+00:00 [debug] Handling API call: get_sessions("1256900400:alice") (eturnal_ctl:get_sessions/1:100)
2026-09-16 16:54:35.189931+00:00 [debug] Handling API call: get_sessions(alice) (eturnal_ctl:get_sessions/1:100)
2026-09-16 16:54:35.189978+00:00 [debug] Cannot convert user name to binary: alice (eturnal_ctl:with_username/2:201)
2026-09-16 16:54:35.211483+00:00 [debug] Handling API call: disconnect("alice") (eturnal_ctl:disconnect/1:168)
2026-09-16 16:54:35.211577+00:00 [debug] Handling API call: disconnect(alice) (eturnal_ctl:disconnect/1:168)
2026-09-16 16:54:35.211619+00:00 [debug] Cannot convert user name to binary: alice (eturnal_ctl:with_username/2:201)
2026-09-16 16:54:35.233566+00:00 [debug] Handling API call: get_credentials("2009-10-30 11:00:00Z", []) (eturnal_ctl:get_credentials/2:60)
2026-09-16 16:54:35.233691+00:00 [debug] eturnal call ({get_password,<<"1256900400">>}) returned {ok,
                                                         <<"uEKlpcME7MNMMVRV8rUFPCTIFEs=">>} (eturnal_ctl:call/1:442)
2026-09-16 16:54:35.235470+00:00 [debug] Handling API call: get_credentials("86400", "alice") (eturnal_ctl:get_credentials/2:60)
2026-09-16 16:54:35.235595+00:00 [debug] eturnal call ({get_password,<<"1789664075:alice">>}) returned {ok,
                                                               <<"5SkQEt6tncH+z2pvmYYasQUHYeA=">>} (eturnal_ctl:call/1:442)
2026-09-16 16:54:35.235680+00:00 [debug] Handling API call: get_password("1789664075:alice") (eturnal_ctl:get_password/1:79)
2026-09-16 16:54:35.235749+00:00 [debug] eturnal call ({get_password,<<"1789664075:alice">>}) returned {ok,
                                                               <<"5SkQEt6tncH+z2pvmYYasQUHYeA=">>} (eturnal_ctl:call/1:442)
2026-09-16 16:54:35.235829+00:00 [debug] Handling API call: get_credentials("86400s", "alice") (eturnal_ctl:get_credentials/2:60)
2026-09-16 16:54:35.235882+00:00 [debug] eturnal call ({get_password,<<"1789664075:alice">>}) returned {ok,
                                                               <<"5SkQEt6tncH+z2pvmYYasQUHYeA=">>} (eturnal_ctl:call/1:442)
2026-09-16 16:54:35.235919+00:00 [debug] Handling API call: get_password("1789664075:alice") (eturnal_ctl:get_password/1:79)
2026-09-16 16:54:35.235951+00:00 [debug] eturnal call ({get_password,<<"1789664075:alice">>}) returned {ok,
                                                               <<"5SkQEt6tncH+z2pvmYYasQUHYeA=">>} (eturnal_ctl:call/1:442)
2026-09-16 16:54:35.235998+00:00 [debug] Handling API call: get_credentials("1440m", "alice") (eturnal_ctl:get_credentials/2:60)
2026-09-16 16:54:35.236034+00:00 [debug] eturnal call ({get_password,<<"1789664075:alice">>}) returned {ok,
                                                               <<"5SkQEt6tncH+z2pvmYYasQUHYeA=">>} (eturnal_ctl:call/1:442)
2026-09-16 16:54:35.236065+00:00 [debug] Handling API call: get_password("1789664075:alice") (eturnal_ctl:get_password/1:79)
2026-09-16 16:54:35.236092+00:00 [debug] eturnal call ({get_password,<<"1789664075:alice">>}) returned {ok,
                                                               <<"5SkQEt6tncH+z2pvmYYasQUHYeA=">>} (eturnal_ctl:call/1:442)
2026-09-16 16:54:35.236136+00:00 [debug] Handling API call: get_credentials("24h", "alice") (eturnal_ctl:get_credentials/2:60)
2026-09-16 16:54:35.236190+00:00 [debug] eturnal call ({get_password,<<"1789664075:alice">>}) returned {ok,
                                                               <<"5SkQEt6tncH+z2pvmYYasQUHYeA=">>} (eturnal_ctl:call/1:442)
2026-09-16 16:54:35.236233+00:00 [debug] Handling API call: get_password("1789664075:alice") (eturnal_ctl:get_password/1:79)
2026-09-16 16:54:35.236273+00:00 [debug] eturnal call ({get_password,<<"1789664075:alice">>}) returned {ok,
                                                               <<"5SkQEt6tncH+z2pvmYYasQUHYeA=">>} (eturnal_ctl:call/1:442)
2026-09-16 16:54:35.236348+00:00 [debug] Handling API call: get_credentials("1d", "alice") (eturnal_ctl:get_credentials/2:60)
2026-09-16 16:54:35.236391+00:00 [debug] eturnal call ({get_password,<<"1789664075:alice">>}) returned {ok,
                                                               <<"5SkQEt6tncH+z2pvmYYasQUHYeA=">>} (eturnal_ctl:call/1:442)
2026-09-16 16:54:35.236456+00:00 [debug] Handling API call: get_password("1789664075:alice") (eturnal_ctl:get_password/1:79)
2026-09-16 16:54:35.236506+00:00 [debug] eturnal call ({get_password,<<"1789664075:alice">>}) returned {ok,
                                                               <<"5SkQEt6tncH+z2pvmYYasQUHYeA=">>} (eturnal_ctl:call/1:442)
2026-09-16 16:54:35.236568+00:00 [debug] Handling API call: get_password("Invalid") (eturnal_ctl:get_password/1:79)
2026-09-16 16:54:35.236627+00:00 [debug] eturnal call ({get_password,<<"Invalid">>}) returned {error,no_credentials} (eturnal_ctl:call/1:445)
2026-09-16 16:54:35.236677+00:00 [debug] Handling API call: get_credentials("Invalid", []) (eturnal_ctl:get_credentials/2:60)
2026-09-16 16:54:35.236713+00:00 [debug] Invalid argument(s): "Invalid":[] (eturnal_ctl:get_credentials/2:73)
2026-09-16 16:54:35.236746+00:00 [debug] Handling API call: get_password(invalid) (eturnal_ctl:get_password/1:79)
2026-09-16 16:54:35.236775+00:00 [debug] Cannot convert user name to binary: invalid (eturnal_ctl:with_username/2:201)
2026-09-16 16:54:35.236807+00:00 [debug] Handling API call: get_credentials(invalid, []) (eturnal_ctl:get_credentials/2:60)
2026-09-16 16:54:35.236846+00:00 [debug] Invalid argument(s): invalid:[] (eturnal_ctl:get_credentials/2:73)
2026-09-16 16:54:35.236875+00:00 [debug] Handling API call: get_password([invalid]) (eturnal_ctl:get_password/1:79)
2026-09-16 16:54:35.236918+00:00 [debug] Cannot convert user name to binary: [invalid] (eturnal_ctl:with_username/2:201)
2026-09-16 16:54:35.236951+00:00 [debug] Handling API call: get_credentials([invalid], []) (eturnal_ctl:get_credentials/2:60)
2026-09-16 16:54:35.236982+00:00 [debug] Invalid argument(s): [invalid]:[] (eturnal_ctl:get_credentials/2:73)
2026-09-16 16:54:35.237038+00:00 [debug] Handling API call: get_credentials(1256900400, invalid) (eturnal_ctl:get_credentials/2:60)
2026-09-16 16:54:35.237075+00:00 [debug] Invalid argument(s): 1256900400:invalid (eturnal_ctl:get_credentials/2:73)
2026-09-16 16:54:35.237112+00:00 [debug] Handling API call: get_password("alice") (eturnal_ctl:get_password/1:79)
2026-09-16 16:54:35.237148+00:00 [debug] eturnal call ({get_password,<<"alice">>}) returned {ok,<<"l0vesBob">>} (eturnal_ctl:call/1:442)
2026-09-16 16:54:35.259723+00:00 [debug] Handling API call: set_loglevel(debug) (eturnal_ctl:set_loglevel/1:149)
2026-09-16 16:54:35.259809+00:00 [debug] eturnal call ({set_loglevel,debug}) returned ok (eturnal_ctl:call/1:439)
2026-09-16 16:54:35.259905+00:00 [debug] Handling API call: get_loglevel() (eturnal_ctl:get_loglevel/0:139)
2026-09-16 16:54:35.259962+00:00 [debug] eturnal call (get_loglevel) returned {ok,debug} (eturnal_ctl:call/1:442)
2026-09-16 16:54:35.260036+00:00 [debug] Handling API call: set_loglevel(invalid) (eturnal_ctl:set_loglevel/1:149)
2026-09-16 16:54:35.260071+00:00 [debug] Invalid log level: invalid (eturnal_ctl:set_loglevel/1:159)
2026-09-16 16:54:35.260135+00:00 [debug] Handling API call: get_loglevel() (eturnal_ctl:get_loglevel/0:139)
2026-09-16 16:54:35.260169+00:00 [debug] eturnal call (get_loglevel) returned {ok,debug} (eturnal_ctl:call/1:442)
2026-09-16 16:54:35.281548+00:00 [debug] Handling API call: get_version() (eturnal_ctl:get_version/0:129)
2026-09-16 16:54:35.281614+00:00 [debug] eturnal call (get_version) returned {ok,<<"1.12.2">>} (eturnal_ctl:call/1:442)
2026-09-16 16:54:35.303570+00:00 [debug] Handling API call: reload() (eturnal_ctl:reload/0:179)
2026-09-16 16:54:35.304668+00:00 [debug] Calling mod_log_stun:options/0 (eturnal_module:options/1:192)
2026-09-16 16:54:35.304753+00:00 [debug] Calling mod_stats_influx:options/0 (eturnal_module:options/1:192)
2026-09-16 16:54:35.304791+00:00 [debug] Calling mod_stats_prometheus:options/0 (eturnal_module:options/1:192)
2026-09-16 16:54:35.305098+00:00 [info] Reloading configuration (eturnal:reload/1:627)
2026-09-16 16:54:35.305149+00:00 [warning] TLS enabled without 'tls_crt_file', creating self-signed certificate (eturnal:check_pem_file/0:809)
2026-09-16 16:54:35.801226+00:00 [info] Using new TLS certificate (eturnal:reload/1:631)
2026-09-16 16:54:35.801663+00:00 [debug] Calling mod_stats_prometheus:stop/1 (eturnal_module:stop/1:163)
2026-09-16 16:54:35.801759+00:00 [debug] Stopping mod_stats_prometheus (mod_stats_prometheus:stop/0:110)
2026-09-16 16:54:35.801931+00:00 [info] Stopped mod_stats_prometheus (eturnal:stop_modules/1:397)
2026-09-16 16:54:35.802481+00:00 [debug] Calling mod_log_stun:stop/1 (eturnal_module:stop/1:163)
2026-09-16 16:54:35.802535+00:00 [debug] Stopping mod_log_stun (mod_log_stun:stop/0:49)
2026-09-16 16:54:35.802627+00:00 [info] Stopped mod_log_stun (eturnal:stop_modules/1:397)
2026-09-16 16:54:35.802893+00:00 [debug] Calling mod_stats_influx:stop/1 (eturnal_module:stop/1:163)
2026-09-16 16:54:35.802961+00:00 [debug] Stopping mod_stats_influx (mod_stats_influx:stop/0:61)
2026-09-16 16:54:35.803088+00:00 [info] Stopped mod_stats_influx (eturnal:stop_modules/1:397)
2026-09-16 16:54:35.803153+00:00 [debug] Calling mod_stats_prometheus:start/0 (eturnal_module:start/1:143)
2026-09-16 16:54:35.803201+00:00 [debug] Starting mod_stats_prometheus (mod_stats_prometheus:start/0:56)
2026-09-16 16:54:35.803250+00:00 [debug] Dependency prometheus_httpd was available already (eturnal_module:ensure_dep/2:284)
2026-09-16 16:54:35.803543+00:00 [debug] PROGRESS REPORT:
    supervisor: {local,httpd_instance_sup__127_0_0_1__9081default}
    started: [{pid,<0.1128.0>},
              {id,{httpd_connection_sup,{127,0,0,1},9081,default}},
              {mfargs,{httpd_connection_sup,start_link,[[{127,0,0,1},9081]]}},
              {restart_type,permanent},
              {significant,false},
              {shutdown,5000},
              {child_type,supervisor}]
 (supervisor:report_progress/3:2323)
2026-09-16 16:54:35.803635+00:00 [debug] PROGRESS REPORT:
    supervisor: {local,httpd_instance_sup__127_0_0_1__9081default}
    started: [{pid,<0.1129.0>},
              {id,{httpd_misc_sup,{127,0,0,1},9081,default}},
              {mfargs,{httpd_misc_sup,start_link,[{127,0,0,1},9081,default]}},
              {restart_type,permanent},
              {significant,false},
              {shutdown,infinity},
              {child_type,supervisor}]
 (supervisor:report_progress/3:2323)
2026-09-16 16:54:35.803771+00:00 [debug] PROGRESS REPORT:
    supervisor: {local,httpd_instance_sup__127_0_0_1__9081default}
    started: [{pid,<0.1130.0>},
              {id,{httpd_manager,{127,0,0,1},9081,default}},
              {mfargs,
                  {httpd_manager,start_link,
                      [undefined,
                       [{bind_address,{127,0,0,1}},
                        {socket_type,ip_comm},
                        {port,9081},
                        {server_root,"run/mod_stats_prometheus/doc"},
                        {document_root,"run/mod_stats_prometheus/doc"},
                        {server_name,"Prometheus Exporter"},
                        {modules,[prometheus_httpd]}],
                       15000]}},
              {restart_type,permanent},
              {significant,false},
              {shutdown,4000},
              {child_type,worker}]
 (supervisor:report_progress/3:2323)
2026-09-16 16:54:35.803962+00:00 [debug] PROGRESS REPORT:
    supervisor: {local,httpd_acceptor_sup__127_0_0_1__9081default}
    started: [{pid,<0.1132.0>},
              {id,{httpd_acceptor_sup,{127,0,0,1},9081,default}},
              {mfargs,{httpd_acceptor,start_link,
                                      [httpd__127_0_0_1__9081default,ip_comm,
                                       {127,0,0,1},
                                       9081,inet,
                                       httpd_conf__127_0_0_1__9081default,
                                       15000]}},
              {restart_type,transient},
              {significant,false},
              {shutdown,brutal_kill},
              {child_type,worker}]
 (supervisor:report_progress/3:2323)
2026-09-16 16:54:35.804062+00:00 [debug] PROGRESS REPORT:
    supervisor: {local,httpd_instance_sup__127_0_0_1__9081default}
    started: [{pid,<0.1131.0>},
              {id,{httpd_acceptor_sup,{127,0,0,1},9081,default}},
              {mfargs,
                  {httpd_acceptor_sup,start_link,
                      [[{127,0,0,1},
                        9081,
                        [{bind_address,{127,0,0,1}},
                         {socket_type,ip_comm},
                         {port,9081},
                         {server_root,"run/mod_stats_prometheus/doc"},
                         {document_root,"run/mod_stats_prometheus/doc"},
                         {server_name,"Prometheus Exporter"},
                         {modules,[prometheus_httpd]}],
                        15000,undefined]]}},
              {restart_type,permanent},
              {significant,false},
              {shutdown,infinity},
              {child_type,supervisor}]
 (supervisor:report_progress/3:2323)
2026-09-16 16:54:35.804130+00:00 [debug] PROGRESS REPORT:
    supervisor: {local,httpd_sup}
    started: [{pid,<0.1127.0>},
              {id,{httpd_instance_sup,{127,0,0,1},9081,default}},
              {mfargs,
                  {httpd_instance_sup,start_link,
                      [[{bind_address,{127,0,0,1}},
                        {socket_type,ip_comm},
                        {port,9081},
                        {server_root,"run/mod_stats_prometheus/doc"},
                        {document_root,"run/mod_stats_prometheus/doc"},
                        {server_name,"Prometheus Exporter"},
                        {modules,[prometheus_httpd]}],
                       15000,[]]}},
              {restart_type,permanent},
              {significant,false},
              {shutdown,infinity},
              {child_type,supervisor}]
 (supervisor:report_progress/3:2333)
2026-09-16 16:54:35.805270+00:00 [info] Started mod_stats_prometheus (eturnal:start_modules/0:384)
2026-09-16 16:54:35.805325+00:00 [debug] Calling mod_log_stun:start/0 (eturnal_module:start/1:143)
2026-09-16 16:54:35.805381+00:00 [debug] Starting mod_log_stun (mod_log_stun:start/0:38)
2026-09-16 16:54:35.805905+00:00 [info] Started mod_log_stun (eturnal:start_modules/0:384)
2026-09-16 16:54:35.805942+00:00 [debug] Calling mod_stats_influx:start/0 (eturnal_module:start/1:143)
2026-09-16 16:54:35.806000+00:00 [debug] Starting mod_stats_influx (mod_stats_influx:start/0:37)
2026-09-16 16:54:35.806043+00:00 [debug] Dependency influx_udp was available already (eturnal_module:ensure_dep/2:284)
2026-09-16 16:54:35.806528+00:00 [info]     options: #{port => 8089,host => "localhost",pool_size => 1,
               max_overflow => 1}
    msg: Start clients pool
    host: {127,0,0,1} (influx_udp:start_pool_/2:239)
2026-09-16 16:54:35.807447+00:00 [info] Started mod_stats_influx (eturnal:start_modules/0:384)
2026-09-16 16:54:35.807515+00:00 [debug] Restarted modules (eturnal:reload/1:639)
2026-09-16 16:54:35.807555+00:00 [debug] eturnal call (reload) returned ok (eturnal_ctl:call/1:439)
2026-09-16 16:54:35.807704+00:00 [debug] Handling API call: reload() (eturnal_ctl:reload/0:179)
2026-09-16 16:54:35.808776+00:00 [debug] Calling mod_log_stun:options/0 (eturnal_module:options/1:192)
2026-09-16 16:54:35.808840+00:00 [debug] Calling mod_stats_influx:options/0 (eturnal_module:options/1:192)
2026-09-16 16:54:35.808905+00:00 [debug] Calling mod_stats_prometheus:options/0 (eturnal_module:options/1:192)
2026-09-16 16:54:35.809224+00:00 [info] Reloading configuration (eturnal:reload/1:627)
2026-09-16 16:54:35.809349+00:00 [debug] Keeping PEM file (run/cert.pem) (eturnal:check_pem_file/0:806)
2026-09-16 16:54:35.809402+00:00 [debug] TLS certificate unchanged (eturnal:reload/1:633)
2026-09-16 16:54:35.810539+00:00 [debug] Calling mod_stats_prometheus:stop/1 (eturnal_module:stop/1:163)
2026-09-16 16:54:35.810587+00:00 [debug] Stopping mod_stats_prometheus (mod_stats_prometheus:stop/0:110)
2026-09-16 16:54:35.810728+00:00 [info] Stopped mod_stats_prometheus (eturnal:stop_modules/1:397)
2026-09-16 16:54:35.811283+00:00 [debug] Calling mod_log_stun:stop/1 (eturnal_module:stop/1:163)
2026-09-16 16:54:35.811323+00:00 [debug] Stopping mod_log_stun (mod_log_stun:stop/0:49)
2026-09-16 16:54:35.811358+00:00 [info] Stopped mod_log_stun (eturnal:stop_modules/1:397)
2026-09-16 16:54:35.811788+00:00 [debug] Calling mod_stats_influx:stop/1 (eturnal_module:stop/1:163)
2026-09-16 16:54:35.811855+00:00 [debug] Stopping mod_stats_influx (mod_stats_influx:stop/0:61)
2026-09-16 16:54:35.811906+00:00 [info] Stopped mod_stats_influx (eturnal:stop_modules/1:397)
2026-09-16 16:54:35.811942+00:00 [debug] Calling mod_stats_prometheus:start/0 (eturnal_module:start/1:143)
2026-09-16 16:54:35.811974+00:00 [debug] Starting mod_stats_prometheus (mod_stats_prometheus:start/0:56)
2026-09-16 16:54:35.812009+00:00 [debug] Dependency prometheus_httpd was available already (eturnal_module:ensure_dep/2:284)
2026-09-16 16:54:35.812248+00:00 [debug] PROGRESS REPORT:
    supervisor: {local,httpd_instance_sup__127_0_0_1__9081default}
    started: [{pid,<0.1164.0>},
              {id,{httpd_connection_sup,{127,0,0,1},9081,default}},
              {mfargs,{httpd_connection_sup,start_link,[[{127,0,0,1},9081]]}},
              {restart_type,permanent},
              {significant,false},
              {shutdown,5000},
              {child_type,supervisor}]
 (supervisor:report_progress/3:2323)
2026-09-16 16:54:35.812328+00:00 [debug] PROGRESS REPORT:
    supervisor: {local,httpd_instance_sup__127_0_0_1__9081default}
    started: [{pid,<0.1165.0>},
              {id,{httpd_misc_sup,{127,0,0,1},9081,default}},
              {mfargs,{httpd_misc_sup,start_link,[{127,0,0,1},9081,default]}},
              {restart_type,permanent},
              {significant,false},
              {shutdown,infinity},
              {child_type,supervisor}]
 (supervisor:report_progress/3:2323)
2026-09-16 16:54:35.812494+00:00 [debug] PROGRESS REPORT:
    supervisor: {local,httpd_instance_sup__127_0_0_1__9081default}
    started: [{pid,<0.1166.0>},
              {id,{httpd_manager,{127,0,0,1},9081,default}},
              {mfargs,
                  {httpd_manager,start_link,
                      [undefined,
                       [{bind_address,{127,0,0,1}},
                        {socket_type,ip_comm},
                        {port,9081},
                        {server_root,"run/mod_stats_prometheus/doc"},
                        {document_root,"run/mod_stats_prometheus/doc"},
                        {server_name,"Prometheus Exporter"},
                        {modules,[prometheus_httpd]}],
                       15000]}},
              {restart_type,permanent},
              {significant,false},
              {shutdown,4000},
              {child_type,worker}]
 (supervisor:report_progress/3:2323)
2026-09-16 16:54:35.812634+00:00 [debug] PROGRESS REPORT:
    supervisor: {local,httpd_acceptor_sup__127_0_0_1__9081default}
    started: [{pid,<0.1168.0>},
              {id,{httpd_acceptor_sup,{127,0,0,1},9081,default}},
              {mfargs,{httpd_acceptor,start_link,
                                      [httpd__127_0_0_1__9081default,ip_comm,
                                       {127,0,0,1},
                                       9081,inet,
                                       httpd_conf__127_0_0_1__9081default,
                                       15000]}},
              {restart_type,transient},
              {significant,false},
              {shutdown,brutal_kill},
              {child_type,worker}]
 (supervisor:report_progress/3:2323)
2026-09-16 16:54:35.812693+00:00 [debug] PROGRESS REPORT:
    supervisor: {local,httpd_instance_sup__127_0_0_1__9081default}
    started: [{pid,<0.1167.0>},
              {id,{httpd_acceptor_sup,{127,0,0,1},9081,default}},
              {mfargs,
                  {httpd_acceptor_sup,start_link,
                      [[{127,0,0,1},
                        9081,
                        [{bind_address,{127,0,0,1}},
                         {socket_type,ip_comm},
                         {port,9081},
                         {server_root,"run/mod_stats_prometheus/doc"},
                         {document_root,"run/mod_stats_prometheus/doc"},
                         {server_name,"Prometheus Exporter"},
                         {modules,[prometheus_httpd]}],
                        15000,undefined]]}},
              {restart_type,permanent},
              {significant,false},
              {shutdown,infinity},
              {child_type,supervisor}]
 (supervisor:report_progress/3:2323)
2026-09-16 16:54:35.812734+00:00 [debug] PROGRESS REPORT:
    supervisor: {local,httpd_sup}
    started: [{pid,<0.1163.0>},
              {id,{httpd_instance_sup,{127,0,0,1},9081,default}},
              {mfargs,
                  {httpd_instance_sup,start_link,
                      [[{bind_address,{127,0,0,1}},
                        {socket_type,ip_comm},
                        {port,9081},
                        {server_root,"run/mod_stats_prometheus/doc"},
                        {document_root,"run/mod_stats_prometheus/doc"},
                        {server_name,"Prometheus Exporter"},
                        {modules,[prometheus_httpd]}],
                       15000,[]]}},
              {restart_type,permanent},
              {significant,false},
              {shutdown,infinity},
              {child_type,supervisor}]
 (supervisor:report_progress/3:2333)
2026-09-16 16:54:35.813676+00:00 [info] Started mod_stats_prometheus (eturnal:start_modules/0:384)
2026-09-16 16:54:35.813741+00:00 [debug] Calling mod_log_stun:start/0 (eturnal_module:start/1:143)
2026-09-16 16:54:35.813872+00:00 [debug] Starting mod_log_stun (mod_log_stun:start/0:38)
2026-09-16 16:54:35.813966+00:00 [info] Started mod_log_stun (eturnal:start_modules/0:384)
2026-09-16 16:54:35.814021+00:00 [debug] Calling mod_stats_influx:start/0 (eturnal_module:start/1:143)
2026-09-16 16:54:35.814098+00:00 [debug] Starting mod_stats_influx (mod_stats_influx:start/0:37)
2026-09-16 16:54:35.814150+00:00 [debug] Dependency influx_udp was available already (eturnal_module:ensure_dep/2:284)
2026-09-16 16:54:35.814260+00:00 [info]     options: #{port => 8089,host => "localhost",pool_size => 1,
               max_overflow => 1}
    msg: Start clients pool
    host: {127,0,0,1} (influx_udp:start_pool_/2:239)
2026-09-16 16:54:35.814865+00:00 [info] Started mod_stats_influx (eturnal:start_modules/0:384)
2026-09-16 16:54:35.814902+00:00 [debug] Restarted modules (eturnal:reload/1:639)
2026-09-16 16:54:35.815013+00:00 [debug] eturnal call (reload) returned ok (eturnal_ctl:call/1:439)
2026-09-16 16:54:35.836808+00:00 [info] Accepting connection: 127.0.0.1:37154 -> 127.0.0.1:34780 [TCP, session ffplrx6y61wc] (stun_acceptor:accept/3:158)
2026-09-16 16:54:35.858713+00:00 [info] Accepting connection: 127.0.0.1:37464 -> 127.0.0.1:53490 [TLS, session jjda6z0u22du] (stun_acceptor:accept/3:158)
2026-09-16 16:54:35.882704+00:00 [debug] Received:
#stun{class = request,method = 3,magic = 554869826,
      trid = 51961339001645563063743692858,raw = <<>>,unsupported = [],
      'ALTERNATE-SERVER' = undefined,'CHANNEL-NUMBER' = undefined,
      'DATA' = undefined,'DONT-FRAGMENT' = false,'ERROR-CODE' = undefined,
      'LIFETIME' = undefined,'MAPPED-ADDRESS' = undefined,
      'MESSAGE-INTEGRITY' = undefined,'NONCE' = undefined,'REALM' = undefined,
      'REQUESTED-ADDRESS-FAMILY' = undefined,
      'REQUESTED-TRANSPORT' = undefined,'SOFTWARE' = undefined,
      'UNKNOWN-ATTRIBUTES' = [],'USERNAME' = undefined,
      'XOR-MAPPED-ADDRESS' = undefined,'XOR-PEER-ADDRESS' = [],
      'XOR-RELAYED-ADDRESS' = undefined} (stun:udp_recv/5:146)
2026-09-16 16:54:35.882794+00:00 [debug] Sending:
#stun{class = error,method = 3,magic = 554869826,
      trid = 51961339001645563063743692858,raw = <<>>,unsupported = [],
      'ALTERNATE-SERVER' = undefined,'CHANNEL-NUMBER' = undefined,
      'DATA' = undefined,'DONT-FRAGMENT' = false,
      'ERROR-CODE' = {401,<<"Unauthorized">>},
      'LIFETIME' = undefined,'MAPPED-ADDRESS' = undefined,
      'MESSAGE-INTEGRITY' = undefined,'NONCE' = <<"2452976750">>,
      'REALM' = <<"eturnal.net">>,'REQUESTED-ADDRESS-FAMILY' = undefined,
      'REQUESTED-TRANSPORT' = undefined,'SOFTWARE' = <<"eturnal">>,
      'UNKNOWN-ATTRIBUTES' = [],'USERNAME' = undefined,
      'XOR-MAPPED-ADDRESS' = undefined,'XOR-PEER-ADDRESS' = [],
      'XOR-RELAYED-ADDRESS' = undefined} (stun:send/3:500)
2026-09-16 16:54:35.882955+00:00 [debug] Received:
#stun{class = request,method = 3,magic = 554869826,
      trid = 47088789756188939216245296963,
      raw = <<0,3,0,76,33,18,164,66,152,38,239,23,171,45,89,118,186,225,15,67,
              0,25,0,4,17,0,0,0,0,6,0,5,97,108,105,99,101,0,0,0,0,20,0,11,101,
              116,117,114,110,97,108,46,110,101,116,0,0,21,0,10,50,52,53,50,57,
              55,54,55,53,48,0,0>>,
      unsupported = [],'ALTERNATE-SERVER' = undefined,
      'CHANNEL-NUMBER' = undefined,'DATA' = undefined,'DONT-FRAGMENT' = false,
      'ERROR-CODE' = undefined,'LIFETIME' = undefined,
      'MAPPED-ADDRESS' = undefined,
      'MESSAGE-INTEGRITY' = <<142,150,105,56,90,171,32,53,23,182,226,81,108,20,
                              73,168,155,16,112,227>>,
      'NONCE' = <<"2452976750">>,'REALM' = <<"eturnal.net">>,
      'REQUESTED-ADDRESS-FAMILY' = undefined,'REQUESTED-TRANSPORT' = udp,
      'SOFTWARE' = undefined,'UNKNOWN-ATTRIBUTES' = [],
      'USERNAME' = <<"alice">>,'XOR-MAPPED-ADDRESS' = undefined,
      'XOR-PEER-ADDRESS' = [],'XOR-RELAYED-ADDRESS' = undefined} (stun:udp_recv/5:146)
2026-09-16 16:54:35.883043+00:00 [debug] Looking up password for: alice [UDP, session si82enwufhj4, user alice, client 127.0.0.1:46920] (eturnal:get_password/2:259)
2026-09-16 16:54:35.883078+00:00 [info] Accepting long-term STUN/TURN authentication [UDP, session si82enwufhj4, user alice, client 127.0.0.1:46920] (stun:process/2:289)
2026-09-16 16:54:35.884721+00:00 [debug] Running 'turn_session_start' hook [UDP, session si82enwufhj4, user alice, client 127.0.0.1:46920] (turn:run_hook/3:753)
2026-09-16 16:54:35.884768+00:00 [debug] Got 'turn_session_start' event [UDP, session si82enwufhj4, user alice, client 127.0.0.1:46920] (eturnal_module:handle_event/2:177)
2026-09-16 16:54:35.884791+00:00 [debug] Calling mod_stats_prometheus:handle_event/2 [UDP, session si82enwufhj4, user alice, client 127.0.0.1:46920] (eturnal_module:handle_event/2:180)
2026-09-16 16:54:35.884814+00:00 [debug] Observing started TURN session si82enwufhj4 for Prometheus [UDP, session si82enwufhj4, user alice, client 127.0.0.1:46920] (mod_stats_prometheus:on_turn_session_start/1:174)
2026-09-16 16:54:35.884924+00:00 [notice] Creating TURN allocation (lifetime: 600 seconds) [UDP, session si82enwufhj4, user alice, client 127.0.0.1:46920, relay 127.0.0.1:57159] (turn:wait_for_allocate/2:226)
2026-09-16 16:54:35.884995+00:00 [debug] Sending:
#stun{class = response,method = 3,magic = 554869826,
      trid = 47088789756188939216245296963,raw = <<>>,unsupported = [],
      'ALTERNATE-SERVER' = undefined,'CHANNEL-NUMBER' = undefined,
      'DATA' = undefined,'DONT-FRAGMENT' = false,'ERROR-CODE' = undefined,
      'LIFETIME' = 600,'MAPPED-ADDRESS' = undefined,
      'MESSAGE-INTEGRITY' = undefined,'NONCE' = undefined,'REALM' = undefined,
      'REQUESTED-ADDRESS-FAMILY' = undefined,
      'REQUESTED-TRANSPORT' = undefined,'SOFTWARE' = <<"eturnal">>,
      'UNKNOWN-ATTRIBUTES' = [],'USERNAME' = undefined,
      'XOR-MAPPED-ADDRESS' = {{127,0,0,1},46920},
      'XOR-PEER-ADDRESS' = [],
      'XOR-RELAYED-ADDRESS' = {{127,0,0,1},57159}} (turn:send/2:549)
2026-09-16 16:54:35.885163+00:00 [debug] Received:
#stun{class = request,method = 4,magic = 554869826,
      trid = 63524179505385301262521281793,
      raw = <<0,4,0,76,33,18,164,66,205,65,248,63,65,64,204,151,118,59,45,1,0,
              6,0,5,97,108,105,99,101,0,0,0,0,20,0,11,101,116,117,114,110,97,
              108,46,110,101,116,0,0,21,0,10,50,52,53,50,57,55,54,55,53,48,0,0,
              0,13,0,4,0,0,0,0>>,
      unsupported = [],'ALTERNATE-SERVER' = undefined,
      'CHANNEL-NUMBER' = undefined,'DATA' = undefined,'DONT-FRAGMENT' = false,
      'ERROR-CODE' = undefined,'LIFETIME' = 0,'MAPPED-ADDRESS' = undefined,
      'MESSAGE-INTEGRITY' = <<132,102,75,172,3,240,163,177,85,1,141,113,233,
                              177,44,83,175,193,174,22>>,
      'NONCE' = <<"2452976750">>,'REALM' = <<"eturnal.net">>,
      'REQUESTED-ADDRESS-FAMILY' = undefined,
      'REQUESTED-TRANSPORT' = undefined,'SOFTWARE' = undefined,
      'UNKNOWN-ATTRIBUTES' = [],'USERNAME' = <<"alice">>,
      'XOR-MAPPED-ADDRESS' = undefined,'XOR-PEER-ADDRESS' = [],
      'XOR-RELAYED-ADDRESS' = undefined} (stun:udp_recv/5:146)
2026-09-16 16:54:35.885227+00:00 [debug] Looking up password for: alice [UDP, session iw476xg3dpy5, user alice, client 127.0.0.1:46920] (eturnal:get_password/2:259)
2026-09-16 16:54:35.885263+00:00 [info] Accepting long-term STUN/TURN authentication [UDP, session iw476xg3dpy5, user alice, client 127.0.0.1:46920] (stun:process/2:289)
2026-09-16 16:54:35.885284+00:00 [info] Client requested closing the TURN session [UDP, session si82enwufhj4, user alice, client 127.0.0.1:46920, relay 127.0.0.1:57159] (turn:active/2:285)
2026-09-16 16:54:35.885328+00:00 [debug] Sending:
#stun{class = response,method = 4,magic = 554869826,
      trid = 63524179505385301262521281793,raw = <<>>,unsupported = [],
      'ALTERNATE-SERVER' = undefined,'CHANNEL-NUMBER' = undefined,
      'DATA' = undefined,'DONT-FRAGMENT' = false,'ERROR-CODE' = undefined,
      'LIFETIME' = 0,'MAPPED-ADDRESS' = undefined,
      'MESSAGE-INTEGRITY' = undefined,'NONCE' = undefined,'REALM' = undefined,
      'REQUESTED-ADDRESS-FAMILY' = undefined,
      'REQUESTED-TRANSPORT' = undefined,'SOFTWARE' = <<"eturnal">>,
      'UNKNOWN-ATTRIBUTES' = [],'USERNAME' = undefined,
      'XOR-MAPPED-ADDRESS' = undefined,'XOR-PEER-ADDRESS' = [],
      'XOR-RELAYED-ADDRESS' = undefined} (turn:send/2:549)
2026-09-16 16:54:35.885396+00:00 [info] Deleting TURN allocation [UDP, session si82enwufhj4, user alice, client 127.0.0.1:46920, relay 127.0.0.1:57159] (turn:terminate/3:482)
2026-09-16 16:54:35.885420+00:00 [notice] Relayed 0 KiB (in 0 B / 0 packets, out 0 B / 0 packets), duration: 0 seconds [UDP, session si82enwufhj4, user alice, client 127.0.0.1:46920, relay 127.0.0.1:57159] (turn:terminate/3:489)
2026-09-16 16:54:35.885442+00:00 [debug] Running 'turn_session_stop' hook [UDP, session si82enwufhj4, user alice, client 127.0.0.1:46920, relay 127.0.0.1:57159] (turn:run_hook/3:753)
2026-09-16 16:54:35.885456+00:00 [debug] Got 'turn_session_stop' event [UDP, session si82enwufhj4, user alice, client 127.0.0.1:46920, relay 127.0.0.1:57159] (eturnal_module:handle_event/2:177)
2026-09-16 16:54:35.885495+00:00 [debug] Calling mod_stats_influx:handle_event/2 [UDP, session si82enwufhj4, user alice, client 127.0.0.1:46920, relay 127.0.0.1:57159] (eturnal_module:handle_event/2:180)
2026-09-16 16:54:35.885494+00:00 [debug] Received:
#stun{class = request,method = 3,magic = 554869826,
      trid = 11482636630898039727269905701,raw = <<>>,unsupported = [],
      'ALTERNATE-SERVER' = undefined,'CHANNEL-NUMBER' = undefined,
      'DATA' = undefined,'DONT-FRAGMENT' = false,'ERROR-CODE' = undefined,
      'LIFETIME' = undefined,'MAPPED-ADDRESS' = undefined,
      'MESSAGE-INTEGRITY' = undefined,'NONCE' = undefined,'REALM' = undefined,
      'REQUESTED-ADDRESS-FAMILY' = undefined,
      'REQUESTED-TRANSPORT' = undefined,'SOFTWARE' = undefined,
      'UNKNOWN-ATTRIBUTES' = [],'USERNAME' = undefined,
      'XOR-MAPPED-ADDRESS' = undefined,'XOR-PEER-ADDRESS' = [],
      'XOR-RELAYED-ADDRESS' = undefined} (stun:udp_recv/5:146)
2026-09-16 16:54:35.885525+00:00 [debug] Writing stats of TURN session si82enwufhj4 to InfluxDB [UDP, session si82enwufhj4, user alice, client 127.0.0.1:46920, relay 127.0.0.1:57159] (mod_stats_influx:on_turn_session_stop/1:87)
2026-09-16 16:54:35.885560+00:00 [debug] Sending:
#stun{class = error,method = 3,magic = 554869826,
      trid = 11482636630898039727269905701,raw = <<>>,unsupported = [],
      'ALTERNATE-SERVER' = undefined,'CHANNEL-NUMBER' = undefined,
      'DATA' = undefined,'DONT-FRAGMENT' = false,
      'ERROR-CODE' = {401,<<"Unauthorized">>},
      'LIFETIME' = undefined,'MAPPED-ADDRESS' = undefined,
      'MESSAGE-INTEGRITY' = undefined,'NONCE' = <<"3295024001">>,
      'REALM' = <<"eturnal.net">>,'REQUESTED-ADDRESS-FAMILY' = undefined,
      'REQUESTED-TRANSPORT' = undefined,'SOFTWARE' = <<"eturnal">>,
      'UNKNOWN-ATTRIBUTES' = [],'USERNAME' = undefined,
      'XOR-MAPPED-ADDRESS' = undefined,'XOR-PEER-ADDRESS' = [],
      'XOR-RELAYED-ADDRESS' = undefined} (stun:send/3:500)
2026-09-16 16:54:35.885687+00:00 [debug] Received:
#stun{class = request,method = 3,magic = 554869826,
      trid = 8731976285271264238625126040,
      raw = <<0,3,0,80,33,18,164,66,28,54,235,230,237,220,206,55,94,216,118,
              152,0,25,0,4,17,0,0,0,0,6,0,10,50,49,52,53,57,49,51,50,48,48,0,0,
              0,20,0,11,101,116,117,114,110,97,108,46,110,101,116,0,0,21,0,10,
              51,50,57,53,48,50,52,48,48,49,0,0>>,
      unsupported = [],'ALTERNATE-SERVER' = undefined,
      'CHANNEL-NUMBER' = undefined,'DATA' = undefined,'DONT-FRAGMENT' = false,
      'ERROR-CODE' = undefined,'LIFETIME' = undefined,
      'MAPPED-ADDRESS' = undefined,
      'MESSAGE-INTEGRITY' = <<124,130,233,189,122,142,235,178,194,40,214,57,
                              202,116,8,190,217,117,14,208>>,
      'NONCE' = <<"3295024001">>,'REALM' = <<"eturnal.net">>,
      'REQUESTED-ADDRESS-FAMILY' = undefined,'REQUESTED-TRANSPORT' = udp,
      'SOFTWARE' = undefined,'UNKNOWN-ATTRIBUTES' = [],
      'USERNAME' = <<"2145913200">>,'XOR-MAPPED-ADDRESS' = undefined,
      'XOR-PEER-ADDRESS' = [],'XOR-RELAYED-ADDRESS' = undefined} (stun:udp_recv/5:146)
2026-09-16 16:54:35.885753+00:00 [debug] Deriving password for: 2145913200 [UDP, session tfs9qp421waj, user 2145913200, client 127.0.0.1:34610] (eturnal:get_password/2:245)
2026-09-16 16:54:35.885786+00:00 [info] Accepting long-term STUN/TURN authentication [UDP, session tfs9qp421waj, user 2145913200, client 127.0.0.1:34610] (stun:process/2:289)
2026-09-16 16:54:35.885890+00:00 [debug] Running 'turn_session_start' hook [UDP, session tfs9qp421waj, user 2145913200, client 127.0.0.1:34610] (turn:run_hook/3:753)
2026-09-16 16:54:35.885917+00:00 [debug] Got 'turn_session_start' event [UDP, session tfs9qp421waj, user 2145913200, client 127.0.0.1:34610] (eturnal_module:handle_event/2:177)
2026-09-16 16:54:35.885939+00:00 [debug] Calling mod_stats_prometheus:handle_event/2 [UDP, session tfs9qp421waj, user 2145913200, client 127.0.0.1:34610] (eturnal_module:handle_event/2:180)
2026-09-16 16:54:35.885967+00:00 [debug] Observing started TURN session tfs9qp421waj for Prometheus [UDP, session tfs9qp421waj, user 2145913200, client 127.0.0.1:34610] (mod_stats_prometheus:on_turn_session_start/1:174)
2026-09-16 16:54:35.886058+00:00 [notice] Creating TURN allocation (lifetime: 600 seconds) [UDP, session tfs9qp421waj, user 2145913200, client 127.0.0.1:34610, relay 127.0.0.1:63503] (turn:wait_for_allocate/2:226)
2026-09-16 16:54:35.886110+00:00 [debug] Sending:
#stun{class = response,method = 3,magic = 554869826,
      trid = 8731976285271264238625126040,raw = <<>>,unsupported = [],
      'ALTERNATE-SERVER' = undefined,'CHANNEL-NUMBER' = undefined,
      'DATA' = undefined,'DONT-FRAGMENT' = false,'ERROR-CODE' = undefined,
      'LIFETIME' = 600,'MAPPED-ADDRESS' = undefined,
      'MESSAGE-INTEGRITY' = undefined,'NONCE' = undefined,'REALM' = undefined,
      'REQUESTED-ADDRESS-FAMILY' = undefined,
      'REQUESTED-TRANSPORT' = undefined,'SOFTWARE' = <<"eturnal">>,
      'UNKNOWN-ATTRIBUTES' = [],'USERNAME' = undefined,
      'XOR-MAPPED-ADDRESS' = {{127,0,0,1},34610},
      'XOR-PEER-ADDRESS' = [],
      'XOR-RELAYED-ADDRESS' = {{127,0,0,1},63503}} (turn:send/2:549)
2026-09-16 16:54:35.886275+00:00 [debug] Calling mod_stats_prometheus:handle_event/2 [UDP, session si82enwufhj4, user alice, client 127.0.0.1:46920, relay 127.0.0.1:57159] (eturnal_module:handle_event/2:180)
2026-09-16 16:54:35.886300+00:00 [debug] Observing stopped TURN session si82enwufhj4 for Prometheus [UDP, session si82enwufhj4, user alice, client 127.0.0.1:46920, relay 127.0.0.1:57159] (mod_stats_prometheus:on_turn_session_stop/1:187)
2026-09-16 16:54:35.886287+00:00 [debug] Received:
#stun{class = request,method = 4,magic = 554869826,
      trid = 31971707661308699494068336878,
      raw = <<0,4,0,80,33,18,164,66,103,78,96,113,57,30,48,148,178,93,56,238,0,
              6,0,10,50,49,52,53,57,49,51,50,48,48,0,0,0,20,0,11,101,116,117,
              114,110,97,108,46,110,101,116,0,0,21,0,10,51,50,57,53,48,50,52,
              48,48,49,0,0,0,13,0,4,0,0,0,0>>,
      unsupported = [],'ALTERNATE-SERVER' = undefined,
      'CHANNEL-NUMBER' = undefined,'DATA' = undefined,'DONT-FRAGMENT' = false,
      'ERROR-CODE' = undefined,'LIFETIME' = 0,'MAPPED-ADDRESS' = undefined,
      'MESSAGE-INTEGRITY' = <<73,11,251,229,2,133,247,71,176,32,234,144,38,145,
                              153,26,241,178,166,85>>,
      'NONCE' = <<"3295024001">>,'REALM' = <<"eturnal.net">>,
      'REQUESTED-ADDRESS-FAMILY' = undefined,
      'REQUESTED-TRANSPORT' = undefined,'SOFTWARE' = undefined,
      'UNKNOWN-ATTRIBUTES' = [],'USERNAME' = <<"2145913200">>,
      'XOR-MAPPED-ADDRESS' = undefined,'XOR-PEER-ADDRESS' = [],
      'XOR-RELAYED-ADDRESS' = undefined} (stun:udp_recv/5:146)
2026-09-16 16:54:35.886375+00:00 [debug] Deriving password for: 2145913200 [UDP, session 1pbjxzm67aiw, user 2145913200, client 127.0.0.1:34610] (eturnal:get_password/2:245)
2026-09-16 16:54:35.886418+00:00 [info] Accepting long-term STUN/TURN authentication [UDP, session 1pbjxzm67aiw, user 2145913200, client 127.0.0.1:34610] (stun:process/2:289)
2026-09-16 16:54:35.886457+00:00 [info] Client requested closing the TURN session [UDP, session tfs9qp421waj, user 2145913200, client 127.0.0.1:34610, relay 127.0.0.1:63503] (turn:active/2:285)
2026-09-16 16:54:35.886498+00:00 [debug] Sending:
#stun{class = response,method = 4,magic = 554869826,
      trid = 31971707661308699494068336878,raw = <<>>,unsupported = [],
      'ALTERNATE-SERVER' = undefined,'CHANNEL-NUMBER' = undefined,
      'DATA' = undefined,'DONT-FRAGMENT' = false,'ERROR-CODE' = undefined,
      'LIFETIME' = 0,'MAPPED-ADDRESS' = undefined,
      'MESSAGE-INTEGRITY' = undefined,'NONCE' = undefined,'REALM' = undefined,
      'REQUESTED-ADDRESS-FAMILY' = undefined,
      'REQUESTED-TRANSPORT' = undefined,'SOFTWARE' = <<"eturnal">>,
      'UNKNOWN-ATTRIBUTES' = [],'USERNAME' = undefined,
      'XOR-MAPPED-ADDRESS' = undefined,'XOR-PEER-ADDRESS' = [],
      'XOR-RELAYED-ADDRESS' = undefined} (turn:send/2:549)
2026-09-16 16:54:35.886551+00:00 [info] Deleting TURN allocation [UDP, session tfs9qp421waj, user 2145913200, client 127.0.0.1:34610, relay 127.0.0.1:63503] (turn:terminate/3:482)
2026-09-16 16:54:35.886569+00:00 [notice] Relayed 0 KiB (in 0 B / 0 packets, out 0 B / 0 packets), duration: 0 seconds [UDP, session tfs9qp421waj, user 2145913200, client 127.0.0.1:34610, relay 127.0.0.1:63503] (turn:terminate/3:489)
2026-09-16 16:54:35.886588+00:00 [debug] Running 'turn_session_stop' hook [UDP, session tfs9qp421waj, user 2145913200, client 127.0.0.1:34610, relay 127.0.0.1:63503] (turn:run_hook/3:753)
2026-09-16 16:54:35.886606+00:00 [debug] Got 'turn_session_stop' event [UDP, session tfs9qp421waj, user 2145913200, client 127.0.0.1:34610, relay 127.0.0.1:63503] (eturnal_module:handle_event/2:177)
2026-09-16 16:54:35.886621+00:00 [debug] Calling mod_stats_influx:handle_event/2 [UDP, session tfs9qp421waj, user 2145913200, client 127.0.0.1:34610, relay 127.0.0.1:63503] (eturnal_module:handle_event/2:180)
2026-09-16 16:54:35.886658+00:00 [debug] Writing stats of TURN session tfs9qp421waj to InfluxDB [UDP, session tfs9qp421waj, user 2145913200, client 127.0.0.1:34610, relay 127.0.0.1:63503] (mod_stats_influx:on_turn_session_stop/1:87)
2026-09-16 16:54:35.886728+00:00 [debug] Calling mod_stats_prometheus:handle_event/2 [UDP, session tfs9qp421waj, user 2145913200, client 127.0.0.1:34610, relay 127.0.0.1:63503] (eturnal_module:handle_event/2:180)
2026-09-16 16:54:35.886747+00:00 [debug] Observing stopped TURN session tfs9qp421waj for Prometheus [UDP, session tfs9qp421waj, user 2145913200, client 127.0.0.1:34610, relay 127.0.0.1:63503] (mod_stats_prometheus:on_turn_session_stop/1:187)
2026-09-16 16:54:35.908664+00:00 [debug] Received:
#stun{class = request,method = 1,magic = 554869826,
      trid = 38971766046065397150306662578,raw = <<>>,unsupported = [],
      'ALTERNATE-SERVER' = undefined,'CHANNEL-NUMBER' = undefined,
      'DATA' = undefined,'DONT-FRAGMENT' = false,'ERROR-CODE' = undefined,
      'LIFETIME' = undefined,'MAPPED-ADDRESS' = undefined,
      'MESSAGE-INTEGRITY' = undefined,'NONCE' = undefined,'REALM' = undefined,
      'REQUESTED-ADDRESS-FAMILY' = undefined,
      'REQUESTED-TRANSPORT' = undefined,'SOFTWARE' = undefined,
      'UNKNOWN-ATTRIBUTES' = [],'USERNAME' = undefined,
      'XOR-MAPPED-ADDRESS' = undefined,'XOR-PEER-ADDRESS' = [],
      'XOR-RELAYED-ADDRESS' = undefined} (stun:udp_recv/5:146)
2026-09-16 16:54:35.908716+00:00 [debug] Responding to STUN request [UDP, session t4deeso1d8uk, anonymous, client 127.0.0.1:38803] (stun:process/4:357)
2026-09-16 16:54:35.908733+00:00 [debug] Running 'stun_query' hook [UDP, session t4deeso1d8uk, anonymous, client 127.0.0.1:38803] (stun:run_hook/3:744)
2026-09-16 16:54:35.908747+00:00 [debug] Got 'stun_query' event [UDP, session t4deeso1d8uk, anonymous, client 127.0.0.1:38803] (eturnal_module:handle_event/2:177)
2026-09-16 16:54:35.908763+00:00 [debug] Calling mod_log_stun:handle_event/2 [UDP, session t4deeso1d8uk, anonymous, client 127.0.0.1:38803] (eturnal_module:handle_event/2:180)
2026-09-16 16:54:35.908778+00:00 [info] Responding to STUN request [UDP, session t4deeso1d8uk, anonymous, client 127.0.0.1:38803] (mod_log_stun:handle_event/2:44)
2026-09-16 16:54:35.908795+00:00 [debug] Calling mod_stats_influx:handle_event/2 [UDP, session t4deeso1d8uk, anonymous, client 127.0.0.1:38803] (eturnal_module:handle_event/2:180)
2026-09-16 16:54:35.908810+00:00 [debug] Writing STUN query event to InfluxDB [UDP, session t4deeso1d8uk, anonymous, client 127.0.0.1:38803] (mod_stats_influx:on_stun_query/1:76)
2026-09-16 16:54:35.908861+00:00 [debug] Calling mod_stats_prometheus:handle_event/2 [UDP, session t4deeso1d8uk, anonymous, client 127.0.0.1:38803] (eturnal_module:handle_event/2:180)
2026-09-16 16:54:35.908874+00:00 [debug] Observing STUN query for Prometheus [UDP, session t4deeso1d8uk, anonymous, client 127.0.0.1:38803] (mod_stats_prometheus:on_stun_query/1:166)
2026-09-16 16:54:35.908914+00:00 [debug] Sending:
#stun{class = response,method = 1,magic = 554869826,
      trid = 38971766046065397150306662578,raw = <<>>,unsupported = [],
      'ALTERNATE-SERVER' = undefined,'CHANNEL-NUMBER' = undefined,
      'DATA' = undefined,'DONT-FRAGMENT' = false,'ERROR-CODE' = undefined,
      'LIFETIME' = undefined,'MAPPED-ADDRESS' = undefined,
      'MESSAGE-INTEGRITY' = undefined,'NONCE' = undefined,'REALM' = undefined,
      'REQUESTED-ADDRESS-FAMILY' = undefined,
      'REQUESTED-TRANSPORT' = undefined,'SOFTWARE' = <<"eturnal">>,
      'UNKNOWN-ATTRIBUTES' = [],'USERNAME' = undefined,
      'XOR-MAPPED-ADDRESS' = {{127,0,0,1},38803},
      'XOR-PEER-ADDRESS' = [],'XOR-RELAYED-ADDRESS' = undefined} (stun:send/3:500)
2026-09-16 16:54:35.930658+00:00 [info] Accepting connection: 127.0.0.1:37166 -> 127.0.0.1:34780 [TCP, session of9j5fb1bjbt] (stun_acceptor:accept/3:158)
2026-09-16 16:54:35.930776+00:00 [debug] Received:
#stun{class = request,method = 1,magic = 554869826,
      trid = 17265865279566659182637200427,raw = <<>>,unsupported = [],
      'ALTERNATE-SERVER' = undefined,'CHANNEL-NUMBER' = undefined,
      'DATA' = undefined,'DONT-FRAGMENT' = false,'ERROR-CODE' = undefined,
      'LIFETIME' = undefined,'MAPPED-ADDRESS' = undefined,
      'MESSAGE-INTEGRITY' = undefined,'NONCE' = undefined,'REALM' = undefined,
      'REQUESTED-ADDRESS-FAMILY' = undefined,
      'REQUESTED-TRANSPORT' = undefined,'SOFTWARE' = undefined,
      'UNKNOWN-ATTRIBUTES' = [],'USERNAME' = undefined,
      'XOR-MAPPED-ADDRESS' = undefined,'XOR-PEER-ADDRESS' = [],
      'XOR-RELAYED-ADDRESS' = undefined} (stun:process_data/3:457)
2026-09-16 16:54:35.930840+00:00 [debug] Responding to STUN request [TCP, session of9j5fb1bjbt, anonymous, client 127.0.0.1:37166] (stun:process/4:357)
2026-09-16 16:54:35.930889+00:00 [debug] Running 'stun_query' hook [TCP, session of9j5fb1bjbt, anonymous, client 127.0.0.1:37166] (stun:run_hook/3:744)
2026-09-16 16:54:35.930913+00:00 [debug] Got 'stun_query' event [TCP, session of9j5fb1bjbt, anonymous, client 127.0.0.1:37166] (eturnal_module:handle_event/2:177)
2026-09-16 16:54:35.930938+00:00 [debug] Calling mod_log_stun:handle_event/2 [TCP, session of9j5fb1bjbt, anonymous, client 127.0.0.1:37166] (eturnal_module:handle_event/2:180)
2026-09-16 16:54:35.930961+00:00 [info] Responding to STUN request [TCP, session of9j5fb1bjbt, anonymous, client 127.0.0.1:37166] (mod_log_stun:handle_event/2:44)
2026-09-16 16:54:35.930977+00:00 [debug] Calling mod_stats_influx:handle_event/2 [TCP, session of9j5fb1bjbt, anonymous, client 127.0.0.1:37166] (eturnal_module:handle_event/2:180)
2026-09-16 16:54:35.931010+00:00 [debug] Writing STUN query event to InfluxDB [TCP, session of9j5fb1bjbt, anonymous, client 127.0.0.1:37166] (mod_stats_influx:on_stun_query/1:76)
2026-09-16 16:54:35.931098+00:00 [debug] Calling mod_stats_prometheus:handle_event/2 [TCP, session of9j5fb1bjbt, anonymous, client 127.0.0.1:37166] (eturnal_module:handle_event/2:180)
2026-09-16 16:54:35.931118+00:00 [debug] Observing STUN query for Prometheus [TCP, session of9j5fb1bjbt, anonymous, client 127.0.0.1:37166] (mod_stats_prometheus:on_stun_query/1:166)
2026-09-16 16:54:35.931156+00:00 [debug] Sending:
#stun{class = response,method = 1,magic = 554869826,
      trid = 17265865279566659182637200427,raw = <<>>,unsupported = [],
      'ALTERNATE-SERVER' = undefined,'CHANNEL-NUMBER' = undefined,
      'DATA' = undefined,'DONT-FRAGMENT' = false,'ERROR-CODE' = undefined,
      'LIFETIME' = undefined,'MAPPED-ADDRESS' = undefined,
      'MESSAGE-INTEGRITY' = undefined,'NONCE' = undefined,'REALM' = undefined,
      'REQUESTED-ADDRESS-FAMILY' = undefined,
      'REQUESTED-TRANSPORT' = undefined,'SOFTWARE' = <<"eturnal">>,
      'UNKNOWN-ATTRIBUTES' = [],'USERNAME' = undefined,
      'XOR-MAPPED-ADDRESS' = {{127,0,0,1},37166},
      'XOR-PEER-ADDRESS' = [],'XOR-RELAYED-ADDRESS' = undefined} (stun:send/3:500)
2026-09-16 16:54:35.932590+00:00 [info] Connection reset by peer [TCP, session of9j5fb1bjbt, anonymous, client 127.0.0.1:37166] (stun:handle_info/3:206)
2026-09-16 16:54:35.953565+00:00 [info] Accepting connection: 127.0.0.1:37480 -> 127.0.0.1:53490 [TLS, session j5o0q3oqf0el] (stun_acceptor:accept/3:158)
2026-09-16 16:54:36.958674+00:00 [debug] Received:
#stun{class = request,method = 1,magic = 554869826,
      trid = 22746339142486035866111756098,raw = <<>>,unsupported = [],
      'ALTERNATE-SERVER' = undefined,'CHANNEL-NUMBER' = undefined,
      'DATA' = undefined,'DONT-FRAGMENT' = false,'ERROR-CODE' = undefined,
      'LIFETIME' = undefined,'MAPPED-ADDRESS' = undefined,
      'MESSAGE-INTEGRITY' = undefined,'NONCE' = undefined,'REALM' = undefined,
      'REQUESTED-ADDRESS-FAMILY' = undefined,
      'REQUESTED-TRANSPORT' = undefined,'SOFTWARE' = undefined,
      'UNKNOWN-ATTRIBUTES' = [],'USERNAME' = undefined,
      'XOR-MAPPED-ADDRESS' = undefined,'XOR-PEER-ADDRESS' = [],
      'XOR-RELAYED-ADDRESS' = undefined} (stun:process_data/3:457)
2026-09-16 16:54:36.958745+00:00 [debug] Responding to STUN request [TLS, session j5o0q3oqf0el, anonymous, client 127.0.0.1:37480] (stun:process/4:357)
2026-09-16 16:54:36.958769+00:00 [debug] Running 'stun_query' hook [TLS, session j5o0q3oqf0el, anonymous, client 127.0.0.1:37480] (stun:run_hook/3:744)
2026-09-16 16:54:36.958792+00:00 [debug] Got 'stun_query' event [TLS, session j5o0q3oqf0el, anonymous, client 127.0.0.1:37480] (eturnal_module:handle_event/2:177)
2026-09-16 16:54:36.958813+00:00 [debug] Calling mod_log_stun:handle_event/2 [TLS, session j5o0q3oqf0el, anonymous, client 127.0.0.1:37480] (eturnal_module:handle_event/2:180)
2026-09-16 16:54:36.958835+00:00 [info] Responding to STUN request [TLS, session j5o0q3oqf0el, anonymous, client 127.0.0.1:37480] (mod_log_stun:handle_event/2:44)
2026-09-16 16:54:36.958851+00:00 [debug] Calling mod_stats_influx:handle_event/2 [TLS, session j5o0q3oqf0el, anonymous, client 127.0.0.1:37480] (eturnal_module:handle_event/2:180)
2026-09-16 16:54:36.958875+00:00 [debug] Writing STUN query event to InfluxDB [TLS, session j5o0q3oqf0el, anonymous, client 127.0.0.1:37480] (mod_stats_influx:on_stun_query/1:76)
2026-09-16 16:54:36.958953+00:00 [debug] Calling mod_stats_prometheus:handle_event/2 [TLS, session j5o0q3oqf0el, anonymous, client 127.0.0.1:37480] (eturnal_module:handle_event/2:180)
2026-09-16 16:54:36.958993+00:00 [debug] Observing STUN query for Prometheus [TLS, session j5o0q3oqf0el, anonymous, client 127.0.0.1:37480] (mod_stats_prometheus:on_stun_query/1:166)
2026-09-16 16:54:36.959060+00:00 [debug] Sending:
#stun{class = response,method = 1,magic = 554869826,
      trid = 22746339142486035866111756098,raw = <<>>,unsupported = [],
      'ALTERNATE-SERVER' = undefined,'CHANNEL-NUMBER' = undefined,
      'DATA' = undefined,'DONT-FRAGMENT' = false,'ERROR-CODE' = undefined,
      'LIFETIME' = undefined,'MAPPED-ADDRESS' = undefined,
      'MESSAGE-INTEGRITY' = undefined,'NONCE' = undefined,'REALM' = undefined,
      'REQUESTED-ADDRESS-FAMILY' = undefined,
      'REQUESTED-TRANSPORT' = undefined,'SOFTWARE' = <<"eturnal">>,
      'UNKNOWN-ATTRIBUTES' = [],'USERNAME' = undefined,
      'XOR-MAPPED-ADDRESS' = {{127,0,0,1},37480},
      'XOR-PEER-ADDRESS' = [],'XOR-RELAYED-ADDRESS' = undefined} (stun:send/3:500)
2026-09-16 16:54:36.959186+00:00 [info] Connection reset by peer [TLS, session j5o0q3oqf0el, anonymous, client 127.0.0.1:37480] (stun:handle_info/3:206)
2026-09-16 16:54:36.980814+00:00 [info] Accepting connection: 127.0.0.1:49682 -> 127.0.0.1:34781 [TCP|TLS, session m2zhu0g77ywg] (stun_acceptor:accept/3:158)
2026-09-16 16:54:36.980872+00:00 [debug] Determined transport protocol: TCP (stun:is_tls_handshake/1:690)
2026-09-16 16:54:36.980996+00:00 [debug] Received:
#stun{class = request,method = 1,magic = 554869826,
      trid = 40136682886887909745257401208,raw = <<>>,unsupported = [],
      'ALTERNATE-SERVER' = undefined,'CHANNEL-NUMBER' = undefined,
      'DATA' = undefined,'DONT-FRAGMENT' = false,'ERROR-CODE' = undefined,
      'LIFETIME' = undefined,'MAPPED-ADDRESS' = undefined,
      'MESSAGE-INTEGRITY' = undefined,'NONCE' = undefined,'REALM' = undefined,
      'REQUESTED-ADDRESS-FAMILY' = undefined,
      'REQUESTED-TRANSPORT' = undefined,'SOFTWARE' = undefined,
      'UNKNOWN-ATTRIBUTES' = [],'USERNAME' = undefined,
      'XOR-MAPPED-ADDRESS' = undefined,'XOR-PEER-ADDRESS' = [],
      'XOR-RELAYED-ADDRESS' = undefined} (stun:process_data/3:457)
2026-09-16 16:54:36.981054+00:00 [debug] Responding to STUN request [TCP, session m2zhu0g77ywg, anonymous, client 127.0.0.1:49682] (stun:process/4:357)
2026-09-16 16:54:36.981077+00:00 [debug] Running 'stun_query' hook [TCP, session m2zhu0g77ywg, anonymous, client 127.0.0.1:49682] (stun:run_hook/3:744)
2026-09-16 16:54:36.981095+00:00 [debug] Got 'stun_query' event [TCP, session m2zhu0g77ywg, anonymous, client 127.0.0.1:49682] (eturnal_module:handle_event/2:177)
2026-09-16 16:54:36.981120+00:00 [debug] Calling mod_log_stun:handle_event/2 [TCP, session m2zhu0g77ywg, anonymous, client 127.0.0.1:49682] (eturnal_module:handle_event/2:180)
2026-09-16 16:54:36.981142+00:00 [info] Responding to STUN request [TCP, session m2zhu0g77ywg, anonymous, client 127.0.0.1:49682] (mod_log_stun:handle_event/2:44)
2026-09-16 16:54:36.981161+00:00 [debug] Calling mod_stats_influx:handle_event/2 [TCP, session m2zhu0g77ywg, anonymous, client 127.0.0.1:49682] (eturnal_module:handle_event/2:180)
2026-09-16 16:54:36.981177+00:00 [debug] Writing STUN query event to InfluxDB [TCP, session m2zhu0g77ywg, anonymous, client 127.0.0.1:49682] (mod_stats_influx:on_stun_query/1:76)
2026-09-16 16:54:36.981252+00:00 [debug] Calling mod_stats_prometheus:handle_event/2 [TCP, session m2zhu0g77ywg, anonymous, client 127.0.0.1:49682] (eturnal_module:handle_event/2:180)
2026-09-16 16:54:36.981288+00:00 [debug] Observing STUN query for Prometheus [TCP, session m2zhu0g77ywg, anonymous, client 127.0.0.1:49682] (mod_stats_prometheus:on_stun_query/1:166)
2026-09-16 16:54:36.981347+00:00 [debug] Sending:
#stun{class = response,method = 1,magic = 554869826,
      trid = 40136682886887909745257401208,raw = <<>>,unsupported = [],
      'ALTERNATE-SERVER' = undefined,'CHANNEL-NUMBER' = undefined,
      'DATA' = undefined,'DONT-FRAGMENT' = false,'ERROR-CODE' = undefined,
      'LIFETIME' = undefined,'MAPPED-ADDRESS' = undefined,
      'MESSAGE-INTEGRITY' = undefined,'NONCE' = undefined,'REALM' = undefined,
      'REQUESTED-ADDRESS-FAMILY' = undefined,
      'REQUESTED-TRANSPORT' = undefined,'SOFTWARE' = <<"eturnal">>,
      'UNKNOWN-ATTRIBUTES' = [],'USERNAME' = undefined,
      'XOR-MAPPED-ADDRESS' = {{127,0,0,1},49682},
      'XOR-PEER-ADDRESS' = [],'XOR-RELAYED-ADDRESS' = undefined} (stun:send/3:500)
2026-09-16 16:54:36.982626+00:00 [info] Connection reset by peer [TCP, session m2zhu0g77ywg, anonymous, client 127.0.0.1:49682] (stun:handle_info/3:206)
2026-09-16 16:54:37.003821+00:00 [info] Accepting connection: 127.0.0.1:49686 -> 127.0.0.1:34781 [TCP|TLS, session sb955ob0qxmr] (stun_acceptor:accept/3:158)
2026-09-16 16:54:37.003894+00:00 [debug] Determined transport protocol: TLS (stun:is_tls_handshake/1:687)
2026-09-16 16:54:38.009664+00:00 [debug] Received:
#stun{class = request,method = 1,magic = 554869826,
      trid = 1305375462340747396004729881,raw = <<>>,unsupported = [],
      'ALTERNATE-SERVER' = undefined,'CHANNEL-NUMBER' = undefined,
      'DATA' = undefined,'DONT-FRAGMENT' = false,'ERROR-CODE' = undefined,
      'LIFETIME' = undefined,'MAPPED-ADDRESS' = undefined,
      'MESSAGE-INTEGRITY' = undefined,'NONCE' = undefined,'REALM' = undefined,
      'REQUESTED-ADDRESS-FAMILY' = undefined,
      'REQUESTED-TRANSPORT' = undefined,'SOFTWARE' = undefined,
      'UNKNOWN-ATTRIBUTES' = [],'USERNAME' = undefined,
      'XOR-MAPPED-ADDRESS' = undefined,'XOR-PEER-ADDRESS' = [],
      'XOR-RELAYED-ADDRESS' = undefined} (stun:process_data/3:457)
2026-09-16 16:54:38.009723+00:00 [debug] Responding to STUN request [TLS, session sb955ob0qxmr, anonymous, client 127.0.0.1:49686] (stun:process/4:357)
2026-09-16 16:54:38.009756+00:00 [debug] Running 'stun_query' hook [TLS, session sb955ob0qxmr, anonymous, client 127.0.0.1:49686] (stun:run_hook/3:744)
2026-09-16 16:54:38.009779+00:00 [debug] Got 'stun_query' event [TLS, session sb955ob0qxmr, anonymous, client 127.0.0.1:49686] (eturnal_module:handle_event/2:177)
2026-09-16 16:54:38.009798+00:00 [debug] Calling mod_log_stun:handle_event/2 [TLS, session sb955ob0qxmr, anonymous, client 127.0.0.1:49686] (eturnal_module:handle_event/2:180)
2026-09-16 16:54:38.009812+00:00 [info] Responding to STUN request [TLS, session sb955ob0qxmr, anonymous, client 127.0.0.1:49686] (mod_log_stun:handle_event/2:44)
2026-09-16 16:54:38.009827+00:00 [debug] Calling mod_stats_influx:handle_event/2 [TLS, session sb955ob0qxmr, anonymous, client 127.0.0.1:49686] (eturnal_module:handle_event/2:180)
2026-09-16 16:54:38.009839+00:00 [debug] Writing STUN query event to InfluxDB [TLS, session sb955ob0qxmr, anonymous, client 127.0.0.1:49686] (mod_stats_influx:on_stun_query/1:76)
2026-09-16 16:54:38.009919+00:00 [debug] Calling mod_stats_prometheus:handle_event/2 [TLS, session sb955ob0qxmr, anonymous, client 127.0.0.1:49686] (eturnal_module:handle_event/2:180)
2026-09-16 16:54:38.009965+00:00 [debug] Observing STUN query for Prometheus [TLS, session sb955ob0qxmr, anonymous, client 127.0.0.1:49686] (mod_stats_prometheus:on_stun_query/1:166)
2026-09-16 16:54:38.010037+00:00 [debug] Sending:
#stun{class = response,method = 1,magic = 554869826,
      trid = 1305375462340747396004729881,raw = <<>>,unsupported = [],
      'ALTERNATE-SERVER' = undefined,'CHANNEL-NUMBER' = undefined,
      'DATA' = undefined,'DONT-FRAGMENT' = false,'ERROR-CODE' = undefined,
      'LIFETIME' = undefined,'MAPPED-ADDRESS' = undefined,
      'MESSAGE-INTEGRITY' = undefined,'NONCE' = undefined,'REALM' = undefined,
      'REQUESTED-ADDRESS-FAMILY' = undefined,
      'REQUESTED-TRANSPORT' = undefined,'SOFTWARE' = <<"eturnal">>,
      'UNKNOWN-ATTRIBUTES' = [],'USERNAME' = undefined,
      'XOR-MAPPED-ADDRESS' = {{127,0,0,1},49686},
      'XOR-PEER-ADDRESS' = [],'XOR-RELAYED-ADDRESS' = undefined} (stun:send/3:500)
2026-09-16 16:54:38.010213+00:00 [info] Connection reset by peer [TLS, session sb955ob0qxmr, anonymous, client 127.0.0.1:49686] (stun:handle_info/3:206)
2026-09-16 16:54:38.031656+00:00 [debug] No NOTIFY_SOCKET, dropping STOPPING=1 notification (eturnal_systemd:handle_cast/2:99)
2026-09-16 16:54:38.031663+00:00 [debug] Terminating eturnal (shutdown) (eturnal:terminate/2:186)
2026-09-16 16:54:38.031777+00:00 [info] Stopped listening on 127.0.0.1:34780 (udp) (eturnal:stop_listeners/1:442)
2026-09-16 16:54:38.031864+00:00 [info] Stopped listening on 127.0.0.1:34780 (tcp) (eturnal:stop_listeners/1:442)
2026-09-16 16:54:38.031939+00:00 [info] Stopped listening on 127.0.0.1:53490 (tls) (eturnal:stop_listeners/1:442)
2026-09-16 16:54:38.032016+00:00 [info] Stopped listening on 127.0.0.1:34781 (auto) (eturnal:stop_listeners/1:442)
2026-09-16 16:54:38.032416+00:00 [debug] Calling mod_stats_prometheus:stop/1 (eturnal_module:stop/1:163)
2026-09-16 16:54:38.032462+00:00 [debug] Stopping mod_stats_prometheus (mod_stats_prometheus:stop/0:110)
2026-09-16 16:54:38.032639+00:00 [info] Stopped mod_stats_prometheus (eturnal:stop_modules/1:397)
2026-09-16 16:54:38.033392+00:00 [debug] Calling mod_log_stun:stop/1 (eturnal_module:stop/1:163)
2026-09-16 16:54:38.033444+00:00 [debug] Stopping mod_log_stun (mod_log_stun:stop/0:49)
2026-09-16 16:54:38.033479+00:00 [info] Stopped mod_log_stun (eturnal:stop_modules/1:397)
2026-09-16 16:54:38.033709+00:00 [debug] Calling mod_stats_influx:stop/1 (eturnal_module:stop/1:163)
2026-09-16 16:54:38.033778+00:00 [debug] Stopping mod_stats_influx (mod_stats_influx:stop/0:61)
2026-09-16 16:54:38.033822+00:00 [info] Stopped mod_stats_influx (eturnal:stop_modules/1:397)
2026-09-16 16:54:38.033934+00:00 [debug] Removed run/cert.pem (eturnal:clean_run_dir/0:875)
2026-09-16 16:54:38.033995+00:00 [debug] Terminating eturnal_systemd (shutdown) (eturnal_systemd:terminate/2:125)
2026-09-16 16:54:38.034078+00:00 [notice] Stopping eturnal 1.12.2 on Erlang/OTP 29 (ERTS 17.1) (eturnal_app:stop/1:53)
