2026-09-17 16:18:05.011163+00:00 [notice] Starting eturnal 1.12.2 on Erlang/OTP 29 (ERTS 17.1) (eturnal_app:start/2:34)
2026-09-17 16:18:05.011290+00:00 [debug] Starting supervisor: eturnal_sup (eturnal_sup:start_link/0:31)
2026-09-17 16:18:05.011365+00:00 [debug] Configuring eturnal_sup supervisor: [#{id => systemd,
                                       start =>
                                           {eturnal_systemd,start_link,[]}},
                                     #{id => eturnal,
                                       start => {eturnal,start_link,[]}}] (eturnal_sup:init/1:39)
2026-09-17 16:18:05.012006+00:00 [info] Got no NOTIFY_SOCKET, notifications disabled (eturnal_systemd:init/1:86)
2026-09-17 16:18:05.012083+00:00 [debug] PROGRESS REPORT:
    supervisor: {local,eturnal_sup}
    started: [{pid,<0.960.0>},
              {id,systemd},
              {mfargs,{eturnal_systemd,start_link,[]}},
              {restart_type,permanent},
              {significant,false},
              {shutdown,5000},
              {child_type,worker}]
 (supervisor:report_progress/3:2323)
2026-09-17 16:18:05.012160+00:00 [info] Relay IPv4 address: 127.0.0.1 (port range: 49152-65535) (eturnal:log_relay_addresses/0:349)
2026-09-17 16:18:05.012220+00:00 [info] Relay IPv6 address not configured (eturnal:log_relay_addresses/0:359)
2026-09-17 16:18:05.042639+00:00 [info] Cannot determine control query port: noport (eturnal:log_control_listener/0:373)
2026-09-17 16:18:05.042849+00:00 [debug] Using run directory run (eturnal:ensure_run_dir/0:863)
2026-09-17 16:18:05.042935+00:00 [debug] TURN configuration seems fine (eturnal:check_turn_config/0:603)
2026-09-17 16:18:05.042992+00:00 [warning] TLS enabled without 'tls_crt_file', creating self-signed certificate (eturnal:check_pem_file/0:809)
2026-09-17 16:18:06.613524+00:00 [debug] Calling mod_stats_prometheus:start/0 (eturnal_module:start/1:143)
2026-09-17 16:18:06.613678+00:00 [debug] Starting mod_stats_prometheus (mod_stats_prometheus:start/0:56)
2026-09-17 16:18:06.618253+00:00 [debug] PROGRESS REPORT:
    application: prometheus
    started_at: nonode@nohost
 (application_controller:info_started/2:2154)
2026-09-17 16:18:06.618836+00:00 [debug] PROGRESS REPORT:
    application: accept
    started_at: nonode@nohost
 (application_controller:info_started/2:2154)
2026-09-17 16:18:06.623854+00:00 [debug] PROGRESS REPORT:
    application: prometheus_httpd
    started_at: nonode@nohost
 (application_controller:info_started/2:2154)
2026-09-17 16:18:06.623899+00:00 [debug] Dependency prometheus_httpd was available already (eturnal_module:ensure_dep/2:284)
2026-09-17 16:18:06.634724+00:00 [debug] PROGRESS REPORT:
    supervisor: {local,httpd_instance_sup__127_0_0_1__9081default}
    started: [{pid,<0.980.0>},
              {id,{httpd_connection_sup,{127,0,0,1},9081,default}},
              {mfargs,{httpd_connection_sup,start_link,[[{127,0,0,1},9081]]}},
              {restart_type,permanent},
              {significant,false},
              {shutdown,5000},
              {child_type,supervisor}]
 (supervisor:report_progress/3:2323)
2026-09-17 16:18:06.635573+00:00 [debug] PROGRESS REPORT:
    supervisor: {local,httpd_instance_sup__127_0_0_1__9081default}
    started: [{pid,<0.981.0>},
              {id,{httpd_misc_sup,{127,0,0,1},9081,default}},
              {mfargs,{httpd_misc_sup,start_link,[{127,0,0,1},9081,default]}},
              {restart_type,permanent},
              {significant,false},
              {shutdown,infinity},
              {child_type,supervisor}]
 (supervisor:report_progress/3:2323)
2026-09-17 16:18:06.636761+00:00 [debug] PROGRESS REPORT:
    supervisor: {local,httpd_instance_sup__127_0_0_1__9081default}
    started: [{pid,<0.982.0>},
              {id,{httpd_manager,{127,0,0,1},9081,default}},
              {mfargs,
                  {httpd_manager,start_link,
                      [undefined,
                       [{bind_address,{127,0,0,1}},
                        {socket_type,ip_comm},
                        {port,9081},
                        {server_root,"run/mod_stats_prometheus/doc"},
                        {document_root,"run/mod_stats_prometheus/doc"},
                        {server_name,"Prometheus Exporter"},
                        {modules,[prometheus_httpd]}],
                       15000]}},
              {restart_type,permanent},
              {significant,false},
              {shutdown,4000},
              {child_type,worker}]
 (supervisor:report_progress/3:2323)
2026-09-17 16:18:06.641309+00:00 [debug] PROGRESS REPORT:
    supervisor: {local,httpd_acceptor_sup__127_0_0_1__9081default}
    started: [{pid,<0.984.0>},
              {id,{httpd_acceptor_sup,{127,0,0,1},9081,default}},
              {mfargs,{httpd_acceptor,start_link,
                                      [httpd__127_0_0_1__9081default,ip_comm,
                                       {127,0,0,1},
                                       9081,inet,
                                       httpd_conf__127_0_0_1__9081default,
                                       15000]}},
              {restart_type,transient},
              {significant,false},
              {shutdown,brutal_kill},
              {child_type,worker}]
 (supervisor:report_progress/3:2323)
2026-09-17 16:18:06.641396+00:00 [debug] PROGRESS REPORT:
    supervisor: {local,httpd_instance_sup__127_0_0_1__9081default}
    started: [{pid,<0.983.0>},
              {id,{httpd_acceptor_sup,{127,0,0,1},9081,default}},
              {mfargs,
                  {httpd_acceptor_sup,start_link,
                      [[{127,0,0,1},
                        9081,
                        [{bind_address,{127,0,0,1}},
                         {socket_type,ip_comm},
                         {port,9081},
                         {server_root,"run/mod_stats_prometheus/doc"},
                         {document_root,"run/mod_stats_prometheus/doc"},
                         {server_name,"Prometheus Exporter"},
                         {modules,[prometheus_httpd]}],
                        15000,undefined]]}},
              {restart_type,permanent},
              {significant,false},
              {shutdown,infinity},
              {child_type,supervisor}]
 (supervisor:report_progress/3:2323)
2026-09-17 16:18:06.641477+00:00 [debug] PROGRESS REPORT:
    supervisor: {local,httpd_sup}
    started: [{pid,<0.979.0>},
              {id,{httpd_instance_sup,{127,0,0,1},9081,default}},
              {mfargs,
                  {httpd_instance_sup,start_link,
                      [[{bind_address,{127,0,0,1}},
                        {socket_type,ip_comm},
                        {port,9081},
                        {server_root,"run/mod_stats_prometheus/doc"},
                        {document_root,"run/mod_stats_prometheus/doc"},
                        {server_name,"Prometheus Exporter"},
                        {modules,[prometheus_httpd]}],
                       15000,[]]}},
              {restart_type,permanent},
              {significant,false},
              {shutdown,infinity},
              {child_type,supervisor}]
 (supervisor:report_progress/3:2333)
2026-09-17 16:18:06.641553+00:00 [info] Started mod_stats_prometheus (eturnal:start_modules/0:384)
2026-09-17 16:18:06.641605+00:00 [debug] Calling mod_log_stun:start/0 (eturnal_module:start/1:143)
2026-09-17 16:18:06.641677+00:00 [debug] Starting mod_log_stun (mod_log_stun:start/0:38)
2026-09-17 16:18:06.641753+00:00 [info] Started mod_log_stun (eturnal:start_modules/0:384)
2026-09-17 16:18:06.641822+00:00 [debug] Calling mod_stats_influx:start/0 (eturnal_module:start/1:143)
2026-09-17 16:18:06.641972+00:00 [debug] Starting mod_stats_influx (mod_stats_influx:start/0:37)
2026-09-17 16:18:06.643318+00:00 [debug] PROGRESS REPORT:
    application: ulitos
    started_at: nonode@nohost
 (application_controller:info_started/2:2154)
2026-09-17 16:18:06.643761+00:00 [debug] PROGRESS REPORT:
    application: poolboy
    started_at: nonode@nohost
 (application_controller:info_started/2:2154)
2026-09-17 16:18:06.644220+00:00 [info]     msg: Starting application: influx_udp (influx_udp_app:start/2:10)
2026-09-17 16:18:06.645142+00:00 [debug] PROGRESS REPORT:
    supervisor: {local,influx_udp_sup}
    started: [{pid,<0.995.0>},
              {id,influx_udp},
              {mfargs,{influx_udp,start_link,[]}},
              {restart_type,permanent},
              {significant,false},
              {shutdown,5000},
              {child_type,worker}]
 (supervisor:report_progress/3:2323)
2026-09-17 16:18:06.645211+00:00 [debug] Dependency influx_udp was available already (eturnal_module:ensure_dep/2:284)
2026-09-17 16:18:06.645210+00:00 [debug] PROGRESS REPORT:
    application: influx_udp
    started_at: nonode@nohost
 (application_controller:info_started/2:2154)
2026-09-17 16:18:06.646141+00:00 [info]     options: #{port => 8089,host => "localhost",pool_size => 1,
               max_overflow => 1}
    msg: Start clients pool
    host: {127,0,0,1} (influx_udp:start_pool_/2:239)
2026-09-17 16:18:06.649597+00:00 [info]     port: 51373
    msg: Open UDP socket on port (influx_udp_worker:init/1:43)
2026-09-17 16:18:06.649704+00:00 [debug] PROGRESS REPORT:
    supervisor: {local,influx_udp_sup}
    started: [{pid,<0.998.0>},
              {id,stats_influx_pool},
              {mfargs,
                  {poolboy,start_link,
                      [[{name,{local,stats_influx_pool}},
                        {worker_module,influx_udp_worker},
                        {size,1},
                        {max_overflow,1}],
                       [{options,
                            #{port => 8089,
                              host => {127,0,0,1},
                              pool_size => 1,max_overflow => 1}}]]}},
              {restart_type,permanent},
              {significant,false},
              {shutdown,5000},
              {child_type,worker}]
 (supervisor:report_progress/3:2333)
2026-09-17 16:18:06.649825+00:00 [info] Started mod_stats_influx (eturnal:start_modules/0:384)
2026-09-17 16:18:06.649899+00:00 [debug] Starting listener 127.0.0.1:34780 (udp) with options:
[{use_turn,true},
 {auth_type,user},
 {turn_ipv4_address,{127,0,0,1}},
 {turn_min_port,49152},
 {turn_max_port,65535},
 {turn_max_allocations,10},
 {turn_max_permissions,10},
 {shaper,100000},
 {auth_realm,<<"eturnal.net">>},
 {server_name,<<"eturnal">>},
 {auth_fun,fun eturnal:get_password/2},
 {hook_fun,fun eturnal:run_hook/2},
 {turn_blacklist_clients,[{{127,0,0,1},8}]},
 {turn_blacklist_peers,[{{10,0,0,0},8},
                        {{100,64,0,0},10},
                        {{127,0,0,0},8},
                        {{169,254,0,0},16},
                        {{172,16,0,0},12},
                        {{192,0,0,0},24},
                        {{192,0,2,0},24},
                        {{192,88,99,0},24},
                        {{192,168,0,0},16},
                        {{198,18,0,0},15},
                        {{198,51,100,0},24},
                        {{203,0,113,0},24},
                        {{224,0,0,0},4},
                        {{240,0,0,0},4},
                        {{0,0,0,0,0,0,0,1},128},
                        {{100,65435,0,0,0,0,0,0},96},
                        {{256,0,0,0,0,0,0,0},64},
                        {{8193,3512,0,0,0,0,0,0},32},
                        {{64512,0,0,0,0,0,0,0},7},
                        {{65152,0,0,0,0,0,0,0},10},
                        {{65280,0,0,0,0,0,0,0},8}]},
 {turn_whitelist_clients,[{{127,0,0,1},32}]},
 {turn_whitelist_peers,[{{127,0,0,1},32},
                        {{203,0,113,113},32},
                        {{8193,3512,0,0,0,0,0,0},64}]}] (eturnal:start_listeners/0:419)
2026-09-17 16:18:06.656558+00:00 [info] Listening on 127.0.0.1:34780 (udp) (STUN/TURN) (eturnal:start_listeners/0:426)
2026-09-17 16:18:06.656670+00:00 [debug] Starting listener 127.0.0.1:34780 (tcp) with options:
[{use_turn,false},
 {auth_type,anonymous},
 {turn_ipv4_address,{127,0,0,1}},
 {turn_min_port,49152},
 {turn_max_port,65535},
 {turn_max_allocations,10},
 {turn_max_permissions,10},
 {shaper,100000},
 {auth_realm,<<"eturnal.net">>},
 {server_name,<<"eturnal">>},
 {auth_fun,fun eturnal:get_password/2},
 {hook_fun,fun eturnal:run_hook/2},
 {turn_blacklist_clients,[{{127,0,0,1},8}]},
 {turn_blacklist_peers,[{{10,0,0,0},8},
                        {{100,64,0,0},10},
                        {{127,0,0,0},8},
                        {{169,254,0,0},16},
                        {{172,16,0,0},12},
                        {{192,0,0,0},24},
                        {{192,0,2,0},24},
                        {{192,88,99,0},24},
                        {{192,168,0,0},16},
                        {{198,18,0,0},15},
                        {{198,51,100,0},24},
                        {{203,0,113,0},24},
                        {{224,0,0,0},4},
                        {{240,0,0,0},4},
                        {{0,0,0,0,0,0,0,1},128},
                        {{100,65435,0,0,0,0,0,0},96},
                        {{256,0,0,0,0,0,0,0},64},
                        {{8193,3512,0,0,0,0,0,0},32},
                        {{64512,0,0,0,0,0,0,0},7},
                        {{65152,0,0,0,0,0,0,0},10},
                        {{65280,0,0,0,0,0,0,0},8}]},
 {turn_whitelist_clients,[{{127,0,0,1},32}]},
 {turn_whitelist_peers,[{{127,0,0,1},32},
                        {{203,0,113,113},32},
                        {{8193,3512,0,0,0,0,0,0},64}]}] (eturnal:start_listeners/0:419)
2026-09-17 16:18:06.657089+00:00 [info] Listening on 127.0.0.1:34780 (tcp) (STUN only) (eturnal:start_listeners/0:426)
2026-09-17 16:18:06.657154+00:00 [debug] Starting listener 127.0.0.1:53490 (tls) with options:
[{use_turn,false},
 {auth_type,anonymous},
 {tls,true},
 {certfile,<<"run/cert.pem">>},
 {ciphers,<<"HIGH:!aNULL:@STRENGTH">>},
 {protocol_options,<<"no_tlsv1|no_tlsv1_1|cipher_server_preference">>},
 {turn_ipv4_address,{127,0,0,1}},
 {turn_min_port,49152},
 {turn_max_port,65535},
 {turn_max_allocations,10},
 {turn_max_permissions,10},
 {shaper,100000},
 {auth_realm,<<"eturnal.net">>},
 {server_name,<<"eturnal">>},
 {auth_fun,fun eturnal:get_password/2},
 {hook_fun,fun eturnal:run_hook/2},
 {turn_blacklist_clients,[{{127,0,0,1},8}]},
 {turn_blacklist_peers,[{{10,0,0,0},8},
                        {{100,64,0,0},10},
                        {{127,0,0,0},8},
                        {{169,254,0,0},16},
                        {{172,16,0,0},12},
                        {{192,0,0,0},24},
                        {{192,0,2,0},24},
                        {{192,88,99,0},24},
                        {{192,168,0,0},16},
                        {{198,18,0,0},15},
                        {{198,51,100,0},24},
                        {{203,0,113,0},24},
                        {{224,0,0,0},4},
                        {{240,0,0,0},4},
                        {{0,0,0,0,0,0,0,1},128},
                        {{100,65435,0,0,0,0,0,0},96},
                        {{256,0,0,0,0,0,0,0},64},
                        {{8193,3512,0,0,0,0,0,0},32},
                        {{64512,0,0,0,0,0,0,0},7},
                        {{65152,0,0,0,0,0,0,0},10},
                        {{65280,0,0,0,0,0,0,0},8}]},
 {turn_whitelist_clients,[{{127,0,0,1},32}]},
 {turn_whitelist_peers,[{{127,0,0,1},32},
                        {{203,0,113,113},32},
                        {{8193,3512,0,0,0,0,0,0},64}]}] (eturnal:start_listeners/0:419)
2026-09-17 16:18:06.657476+00:00 [info] Listening on 127.0.0.1:53490 (tls) (STUN only) (eturnal:start_listeners/0:426)
2026-09-17 16:18:06.657528+00:00 [debug] Starting listener 127.0.0.1:34781 (auto) with options:
[{use_turn,false},
 {auth_type,anonymous},
 {tls,optional},
 {certfile,<<"run/cert.pem">>},
 {ciphers,<<"HIGH:!aNULL:@STRENGTH">>},
 {protocol_options,<<"no_tlsv1|no_tlsv1_1|cipher_server_preference">>},
 {turn_ipv4_address,{127,0,0,1}},
 {turn_min_port,49152},
 {turn_max_port,65535},
 {turn_max_allocations,10},
 {turn_max_permissions,10},
 {shaper,100000},
 {auth_realm,<<"eturnal.net">>},
 {server_name,<<"eturnal">>},
 {auth_fun,fun eturnal:get_password/2},
 {hook_fun,fun eturnal:run_hook/2},
 {turn_blacklist_clients,[{{127,0,0,1},8}]},
 {turn_blacklist_peers,[{{10,0,0,0},8},
                        {{100,64,0,0},10},
                        {{127,0,0,0},8},
                        {{169,254,0,0},16},
                        {{172,16,0,0},12},
                        {{192,0,0,0},24},
                        {{192,0,2,0},24},
                        {{192,88,99,0},24},
                        {{192,168,0,0},16},
                        {{198,18,0,0},15},
                        {{198,51,100,0},24},
                        {{203,0,113,0},24},
                        {{224,0,0,0},4},
                        {{240,0,0,0},4},
                        {{0,0,0,0,0,0,0,1},128},
                        {{100,65435,0,0,0,0,0,0},96},
                        {{256,0,0,0,0,0,0,0},64},
                        {{8193,3512,0,0,0,0,0,0},32},
                        {{64512,0,0,0,0,0,0,0},7},
                        {{65152,0,0,0,0,0,0,0},10},
                        {{65280,0,0,0,0,0,0,0},8}]},
 {turn_whitelist_clients,[{{127,0,0,1},32}]},
 {turn_whitelist_peers,[{{127,0,0,1},32},
                        {{203,0,113,113},32},
                        {{8193,3512,0,0,0,0,0,0},64}]}] (eturnal:start_listeners/0:419)
2026-09-17 16:18:06.664533+00:00 [info] Listening on 127.0.0.1:34781 (auto) (STUN only) (eturnal:start_listeners/0:426)
2026-09-17 16:18:06.664615+00:00 [debug] Started 3 modules (eturnal:init/1:105)
2026-09-17 16:18:06.664667+00:00 [debug] Started 4 listeners (eturnal:init/1:106)
2026-09-17 16:18:06.664716+00:00 [debug] PROGRESS REPORT:
    supervisor: {local,eturnal_sup}
    started: [{pid,<0.962.0>},
              {id,eturnal},
              {mfargs,{eturnal,start_link,[]}},
              {restart_type,permanent},
              {significant,false},
              {shutdown,5000},
              {child_type,worker}]
 (supervisor:report_progress/3:2323)
2026-09-17 16:18:06.664799+00:00 [debug] No NOTIFY_SOCKET, dropping READY=1 notification (eturnal_systemd:handle_cast/2:99)
2026-09-17 16:18:06.664804+00:00 [debug] PROGRESS REPORT:
    application: eturnal
    started_at: nonode@nohost
 (application_controller:info_started/2:2154)
2026-09-17 16:18:06.688103+00:00 [debug] Handling API call: get_status() (eturnal_ctl:get_status/0:109)
2026-09-17 16:18:06.688178+00:00 [debug] eturnal call (get_status) returned ok (eturnal_ctl:call/1:439)
2026-09-17 16:18:06.709961+00:00 [debug] Handling API call: get_info() (eturnal_ctl:get_info/0:119)
2026-09-17 16:18:06.710431+00:00 [debug] eturnal call (get_info) returned {ok,
                                  {eturnal_node_info,<<"1.12.2">>,
                                   {"29","17.1"},
                                   2753,0,180,90932968,0,56718584}} (eturnal_ctl:call/1:442)
2026-09-17 16:18:06.731941+00:00 [debug] Handling API call: get_sessions() (eturnal_ctl:get_sessions/0:95)
2026-09-17 16:18:06.753875+00:00 [debug] Handling API call: get_sessions("alice") (eturnal_ctl:get_sessions/1:100)
2026-09-17 16:18:06.753978+00:00 [debug] Handling API call: get_sessions("1256900400:alice") (eturnal_ctl:get_sessions/1:100)
2026-09-17 16:18:06.754076+00:00 [debug] Handling API call: get_sessions(alice) (eturnal_ctl:get_sessions/1:100)
2026-09-17 16:18:06.754115+00:00 [debug] Cannot convert user name to binary: alice (eturnal_ctl:with_username/2:201)
2026-09-17 16:18:06.775890+00:00 [debug] Handling API call: disconnect("alice") (eturnal_ctl:disconnect/1:168)
2026-09-17 16:18:06.775971+00:00 [debug] Handling API call: disconnect(alice) (eturnal_ctl:disconnect/1:168)
2026-09-17 16:18:06.776007+00:00 [debug] Cannot convert user name to binary: alice (eturnal_ctl:with_username/2:201)
2026-09-17 16:18:06.797850+00:00 [debug] Handling API call: get_credentials("2009-10-30 11:00:00Z", []) (eturnal_ctl:get_credentials/2:60)
2026-09-17 16:18:06.798000+00:00 [debug] eturnal call ({get_password,<<"1256900400">>}) returned {ok,
                                                         <<"uEKlpcME7MNMMVRV8rUFPCTIFEs=">>} (eturnal_ctl:call/1:442)
2026-09-17 16:18:06.799724+00:00 [debug] Handling API call: get_credentials("86400", "alice") (eturnal_ctl:get_credentials/2:60)
2026-09-17 16:18:06.799818+00:00 [debug] eturnal call ({get_password,<<"1789748286:alice">>}) returned {ok,
                                                               <<"rzcUVokgEDMZiwIP6zZGJItFZUQ=">>} (eturnal_ctl:call/1:442)
2026-09-17 16:18:06.799879+00:00 [debug] Handling API call: get_password("1789748286:alice") (eturnal_ctl:get_password/1:79)
2026-09-17 16:18:06.799923+00:00 [debug] eturnal call ({get_password,<<"1789748286:alice">>}) returned {ok,
                                                               <<"rzcUVokgEDMZiwIP6zZGJItFZUQ=">>} (eturnal_ctl:call/1:442)
2026-09-17 16:18:06.799979+00:00 [debug] Handling API call: get_credentials("86400s", "alice") (eturnal_ctl:get_credentials/2:60)
2026-09-17 16:18:06.800031+00:00 [debug] eturnal call ({get_password,<<"1789748286:alice">>}) returned {ok,
                                                               <<"rzcUVokgEDMZiwIP6zZGJItFZUQ=">>} (eturnal_ctl:call/1:442)
2026-09-17 16:18:06.800102+00:00 [debug] Handling API call: get_password("1789748286:alice") (eturnal_ctl:get_password/1:79)
2026-09-17 16:18:06.800141+00:00 [debug] eturnal call ({get_password,<<"1789748286:alice">>}) returned {ok,
                                                               <<"rzcUVokgEDMZiwIP6zZGJItFZUQ=">>} (eturnal_ctl:call/1:442)
2026-09-17 16:18:06.800185+00:00 [debug] Handling API call: get_credentials("1440m", "alice") (eturnal_ctl:get_credentials/2:60)
2026-09-17 16:18:06.800217+00:00 [debug] eturnal call ({get_password,<<"1789748286:alice">>}) returned {ok,
                                                               <<"rzcUVokgEDMZiwIP6zZGJItFZUQ=">>} (eturnal_ctl:call/1:442)
2026-09-17 16:18:06.800246+00:00 [debug] Handling API call: get_password("1789748286:alice") (eturnal_ctl:get_password/1:79)
2026-09-17 16:18:06.800279+00:00 [debug] eturnal call ({get_password,<<"1789748286:alice">>}) returned {ok,
                                                               <<"rzcUVokgEDMZiwIP6zZGJItFZUQ=">>} (eturnal_ctl:call/1:442)
2026-09-17 16:18:06.800363+00:00 [debug] Handling API call: get_credentials("24h", "alice") (eturnal_ctl:get_credentials/2:60)
2026-09-17 16:18:06.800417+00:00 [debug] eturnal call ({get_password,<<"1789748286:alice">>}) returned {ok,
                                                               <<"rzcUVokgEDMZiwIP6zZGJItFZUQ=">>} (eturnal_ctl:call/1:442)
2026-09-17 16:18:06.800472+00:00 [debug] Handling API call: get_password("1789748286:alice") (eturnal_ctl:get_password/1:79)
2026-09-17 16:18:06.800512+00:00 [debug] eturnal call ({get_password,<<"1789748286:alice">>}) returned {ok,
                                                               <<"rzcUVokgEDMZiwIP6zZGJItFZUQ=">>} (eturnal_ctl:call/1:442)
2026-09-17 16:18:06.800561+00:00 [debug] Handling API call: get_credentials("1d", "alice") (eturnal_ctl:get_credentials/2:60)
2026-09-17 16:18:06.800620+00:00 [debug] eturnal call ({get_password,<<"1789748286:alice">>}) returned {ok,
                                                               <<"rzcUVokgEDMZiwIP6zZGJItFZUQ=">>} (eturnal_ctl:call/1:442)
2026-09-17 16:18:06.800683+00:00 [debug] Handling API call: get_password("1789748286:alice") (eturnal_ctl:get_password/1:79)
2026-09-17 16:18:06.800725+00:00 [debug] eturnal call ({get_password,<<"1789748286:alice">>}) returned {ok,
                                                               <<"rzcUVokgEDMZiwIP6zZGJItFZUQ=">>} (eturnal_ctl:call/1:442)
2026-09-17 16:18:06.800803+00:00 [debug] Handling API call: get_password("Invalid") (eturnal_ctl:get_password/1:79)
2026-09-17 16:18:06.800851+00:00 [debug] eturnal call ({get_password,<<"Invalid">>}) returned {error,no_credentials} (eturnal_ctl:call/1:445)
2026-09-17 16:18:06.800888+00:00 [debug] Handling API call: get_credentials("Invalid", []) (eturnal_ctl:get_credentials/2:60)
2026-09-17 16:18:06.800924+00:00 [debug] Invalid argument(s): "Invalid":[] (eturnal_ctl:get_credentials/2:73)
2026-09-17 16:18:06.800949+00:00 [debug] Handling API call: get_password(invalid) (eturnal_ctl:get_password/1:79)
2026-09-17 16:18:06.800972+00:00 [debug] Cannot convert user name to binary: invalid (eturnal_ctl:with_username/2:201)
2026-09-17 16:18:06.800999+00:00 [debug] Handling API call: get_credentials(invalid, []) (eturnal_ctl:get_credentials/2:60)
2026-09-17 16:18:06.801038+00:00 [debug] Invalid argument(s): invalid:[] (eturnal_ctl:get_credentials/2:73)
2026-09-17 16:18:06.801063+00:00 [debug] Handling API call: get_password([invalid]) (eturnal_ctl:get_password/1:79)
2026-09-17 16:18:06.801089+00:00 [debug] Cannot convert user name to binary: [invalid] (eturnal_ctl:with_username/2:201)
2026-09-17 16:18:06.801114+00:00 [debug] Handling API call: get_credentials([invalid], []) (eturnal_ctl:get_credentials/2:60)
2026-09-17 16:18:06.801139+00:00 [debug] Invalid argument(s): [invalid]:[] (eturnal_ctl:get_credentials/2:73)
2026-09-17 16:18:06.801175+00:00 [debug] Handling API call: get_credentials(1256900400, invalid) (eturnal_ctl:get_credentials/2:60)
2026-09-17 16:18:06.801201+00:00 [debug] Invalid argument(s): 1256900400:invalid (eturnal_ctl:get_credentials/2:73)
2026-09-17 16:18:06.801236+00:00 [debug] Handling API call: get_password("alice") (eturnal_ctl:get_password/1:79)
2026-09-17 16:18:06.801262+00:00 [debug] eturnal call ({get_password,<<"alice">>}) returned {ok,<<"l0vesBob">>} (eturnal_ctl:call/1:442)
2026-09-17 16:18:06.822861+00:00 [debug] Handling API call: set_loglevel(debug) (eturnal_ctl:set_loglevel/1:149)
2026-09-17 16:18:06.822968+00:00 [debug] eturnal call ({set_loglevel,debug}) returned ok (eturnal_ctl:call/1:439)
2026-09-17 16:18:06.823052+00:00 [debug] Handling API call: get_loglevel() (eturnal_ctl:get_loglevel/0:139)
2026-09-17 16:18:06.823094+00:00 [debug] eturnal call (get_loglevel) returned {ok,debug} (eturnal_ctl:call/1:442)
2026-09-17 16:18:06.823172+00:00 [debug] Handling API call: set_loglevel(invalid) (eturnal_ctl:set_loglevel/1:149)
2026-09-17 16:18:06.823203+00:00 [debug] Invalid log level: invalid (eturnal_ctl:set_loglevel/1:159)
2026-09-17 16:18:06.823256+00:00 [debug] Handling API call: get_loglevel() (eturnal_ctl:get_loglevel/0:139)
2026-09-17 16:18:06.823286+00:00 [debug] eturnal call (get_loglevel) returned {ok,debug} (eturnal_ctl:call/1:442)
2026-09-17 16:18:06.844781+00:00 [debug] Handling API call: get_version() (eturnal_ctl:get_version/0:129)
2026-09-17 16:18:06.844854+00:00 [debug] eturnal call (get_version) returned {ok,<<"1.12.2">>} (eturnal_ctl:call/1:442)
2026-09-17 16:18:06.866914+00:00 [debug] Handling API call: reload() (eturnal_ctl:reload/0:179)
2026-09-17 16:18:06.868154+00:00 [debug] Calling mod_log_stun:options/0 (eturnal_module:options/1:192)
2026-09-17 16:18:06.868223+00:00 [debug] Calling mod_stats_influx:options/0 (eturnal_module:options/1:192)
2026-09-17 16:18:06.868267+00:00 [debug] Calling mod_stats_prometheus:options/0 (eturnal_module:options/1:192)
2026-09-17 16:18:06.868609+00:00 [info] Reloading configuration (eturnal:reload/1:627)
2026-09-17 16:18:06.868671+00:00 [warning] TLS enabled without 'tls_crt_file', creating self-signed certificate (eturnal:check_pem_file/0:809)
2026-09-17 16:18:08.609276+00:00 [info] Using new TLS certificate (eturnal:reload/1:631)
2026-09-17 16:18:08.609847+00:00 [debug] Calling mod_stats_prometheus:stop/1 (eturnal_module:stop/1:163)
2026-09-17 16:18:08.609935+00:00 [debug] Stopping mod_stats_prometheus (mod_stats_prometheus:stop/0:110)
2026-09-17 16:18:08.610112+00:00 [info] Stopped mod_stats_prometheus (eturnal:stop_modules/1:397)
2026-09-17 16:18:08.610556+00:00 [debug] Calling mod_log_stun:stop/1 (eturnal_module:stop/1:163)
2026-09-17 16:18:08.610606+00:00 [debug] Stopping mod_log_stun (mod_log_stun:stop/0:49)
2026-09-17 16:18:08.610660+00:00 [info] Stopped mod_log_stun (eturnal:stop_modules/1:397)
2026-09-17 16:18:08.610964+00:00 [debug] Calling mod_stats_influx:stop/1 (eturnal_module:stop/1:163)
2026-09-17 16:18:08.611021+00:00 [debug] Stopping mod_stats_influx (mod_stats_influx:stop/0:61)
2026-09-17 16:18:08.611061+00:00 [info] Stopped mod_stats_influx (eturnal:stop_modules/1:397)
2026-09-17 16:18:08.611119+00:00 [debug] Calling mod_stats_prometheus:start/0 (eturnal_module:start/1:143)
2026-09-17 16:18:08.611169+00:00 [debug] Starting mod_stats_prometheus (mod_stats_prometheus:start/0:56)
2026-09-17 16:18:08.611219+00:00 [debug] Dependency prometheus_httpd was available already (eturnal_module:ensure_dep/2:284)
2026-09-17 16:18:08.611522+00:00 [debug] PROGRESS REPORT:
    supervisor: {local,httpd_instance_sup__127_0_0_1__9081default}
    started: [{pid,<0.1128.0>},
              {id,{httpd_connection_sup,{127,0,0,1},9081,default}},
              {mfargs,{httpd_connection_sup,start_link,[[{127,0,0,1},9081]]}},
              {restart_type,permanent},
              {significant,false},
              {shutdown,5000},
              {child_type,supervisor}]
 (supervisor:report_progress/3:2323)
2026-09-17 16:18:08.611630+00:00 [debug] PROGRESS REPORT:
    supervisor: {local,httpd_instance_sup__127_0_0_1__9081default}
    started: [{pid,<0.1129.0>},
              {id,{httpd_misc_sup,{127,0,0,1},9081,default}},
              {mfargs,{httpd_misc_sup,start_link,[{127,0,0,1},9081,default]}},
              {restart_type,permanent},
              {significant,false},
              {shutdown,infinity},
              {child_type,supervisor}]
 (supervisor:report_progress/3:2323)
2026-09-17 16:18:08.611791+00:00 [debug] PROGRESS REPORT:
    supervisor: {local,httpd_instance_sup__127_0_0_1__9081default}
    started: [{pid,<0.1130.0>},
              {id,{httpd_manager,{127,0,0,1},9081,default}},
              {mfargs,
                  {httpd_manager,start_link,
                      [undefined,
                       [{bind_address,{127,0,0,1}},
                        {socket_type,ip_comm},
                        {port,9081},
                        {server_root,"run/mod_stats_prometheus/doc"},
                        {document_root,"run/mod_stats_prometheus/doc"},
                        {server_name,"Prometheus Exporter"},
                        {modules,[prometheus_httpd]}],
                       15000]}},
              {restart_type,permanent},
              {significant,false},
              {shutdown,4000},
              {child_type,worker}]
 (supervisor:report_progress/3:2323)
2026-09-17 16:18:08.612086+00:00 [debug] PROGRESS REPORT:
    supervisor: {local,httpd_acceptor_sup__127_0_0_1__9081default}
    started: [{pid,<0.1132.0>},
              {id,{httpd_acceptor_sup,{127,0,0,1},9081,default}},
              {mfargs,{httpd_acceptor,start_link,
                                      [httpd__127_0_0_1__9081default,ip_comm,
                                       {127,0,0,1},
                                       9081,inet,
                                       httpd_conf__127_0_0_1__9081default,
                                       15000]}},
              {restart_type,transient},
              {significant,false},
              {shutdown,brutal_kill},
              {child_type,worker}]
 (supervisor:report_progress/3:2323)
2026-09-17 16:18:08.612180+00:00 [debug] PROGRESS REPORT:
    supervisor: {local,httpd_instance_sup__127_0_0_1__9081default}
    started: [{pid,<0.1131.0>},
              {id,{httpd_acceptor_sup,{127,0,0,1},9081,default}},
              {mfargs,
                  {httpd_acceptor_sup,start_link,
                      [[{127,0,0,1},
                        9081,
                        [{bind_address,{127,0,0,1}},
                         {socket_type,ip_comm},
                         {port,9081},
                         {server_root,"run/mod_stats_prometheus/doc"},
                         {document_root,"run/mod_stats_prometheus/doc"},
                         {server_name,"Prometheus Exporter"},
                         {modules,[prometheus_httpd]}],
                        15000,undefined]]}},
              {restart_type,permanent},
              {significant,false},
              {shutdown,infinity},
              {child_type,supervisor}]
 (supervisor:report_progress/3:2323)
2026-09-17 16:18:08.612258+00:00 [debug] PROGRESS REPORT:
    supervisor: {local,httpd_sup}
    started: [{pid,<0.1127.0>},
              {id,{httpd_instance_sup,{127,0,0,1},9081,default}},
              {mfargs,
                  {httpd_instance_sup,start_link,
                      [[{bind_address,{127,0,0,1}},
                        {socket_type,ip_comm},
                        {port,9081},
                        {server_root,"run/mod_stats_prometheus/doc"},
                        {document_root,"run/mod_stats_prometheus/doc"},
                        {server_name,"Prometheus Exporter"},
                        {modules,[prometheus_httpd]}],
                       15000,[]]}},
              {restart_type,permanent},
              {significant,false},
              {shutdown,infinity},
              {child_type,supervisor}]
 (supervisor:report_progress/3:2333)
2026-09-17 16:18:08.612839+00:00 [info] Started mod_stats_prometheus (eturnal:start_modules/0:384)
2026-09-17 16:18:08.612908+00:00 [debug] Calling mod_log_stun:start/0 (eturnal_module:start/1:143)
2026-09-17 16:18:08.612959+00:00 [debug] Starting mod_log_stun (mod_log_stun:start/0:38)
2026-09-17 16:18:08.613071+00:00 [info] Started mod_log_stun (eturnal:start_modules/0:384)
2026-09-17 16:18:08.613113+00:00 [debug] Calling mod_stats_influx:start/0 (eturnal_module:start/1:143)
2026-09-17 16:18:08.613146+00:00 [debug] Starting mod_stats_influx (mod_stats_influx:start/0:37)
2026-09-17 16:18:08.613181+00:00 [debug] Dependency influx_udp was available already (eturnal_module:ensure_dep/2:284)
2026-09-17 16:18:08.613340+00:00 [info]     options: #{port => 8089,host => "localhost",pool_size => 1,
               max_overflow => 1}
    msg: Start clients pool
    host: {127,0,0,1} (influx_udp:start_pool_/2:239)
2026-09-17 16:18:08.614026+00:00 [info] Started mod_stats_influx (eturnal:start_modules/0:384)
2026-09-17 16:18:08.614129+00:00 [debug] Restarted modules (eturnal:reload/1:639)
2026-09-17 16:18:08.614186+00:00 [debug] eturnal call (reload) returned ok (eturnal_ctl:call/1:439)
2026-09-17 16:18:08.614365+00:00 [debug] Handling API call: reload() (eturnal_ctl:reload/0:179)
2026-09-17 16:18:08.615672+00:00 [debug] Calling mod_log_stun:options/0 (eturnal_module:options/1:192)
2026-09-17 16:18:08.615778+00:00 [debug] Calling mod_stats_influx:options/0 (eturnal_module:options/1:192)
2026-09-17 16:18:08.615845+00:00 [debug] Calling mod_stats_prometheus:options/0 (eturnal_module:options/1:192)
2026-09-17 16:18:08.616157+00:00 [info] Reloading configuration (eturnal:reload/1:627)
2026-09-17 16:18:08.616389+00:00 [debug] Keeping PEM file (run/cert.pem) (eturnal:check_pem_file/0:806)
2026-09-17 16:18:08.616454+00:00 [debug] TLS certificate unchanged (eturnal:reload/1:633)
2026-09-17 16:18:08.617443+00:00 [debug] Calling mod_stats_prometheus:stop/1 (eturnal_module:stop/1:163)
2026-09-17 16:18:08.617495+00:00 [debug] Stopping mod_stats_prometheus (mod_stats_prometheus:stop/0:110)
2026-09-17 16:18:08.617632+00:00 [info] Stopped mod_stats_prometheus (eturnal:stop_modules/1:397)
2026-09-17 16:18:08.618279+00:00 [debug] Calling mod_log_stun:stop/1 (eturnal_module:stop/1:163)
2026-09-17 16:18:08.618365+00:00 [debug] Stopping mod_log_stun (mod_log_stun:stop/0:49)
2026-09-17 16:18:08.618433+00:00 [info] Stopped mod_log_stun (eturnal:stop_modules/1:397)
2026-09-17 16:18:08.618672+00:00 [debug] Calling mod_stats_influx:stop/1 (eturnal_module:stop/1:163)
2026-09-17 16:18:08.618750+00:00 [debug] Stopping mod_stats_influx (mod_stats_influx:stop/0:61)
2026-09-17 16:18:08.618815+00:00 [info] Stopped mod_stats_influx (eturnal:stop_modules/1:397)
2026-09-17 16:18:08.618851+00:00 [debug] Calling mod_stats_prometheus:start/0 (eturnal_module:start/1:143)
2026-09-17 16:18:08.618886+00:00 [debug] Starting mod_stats_prometheus (mod_stats_prometheus:start/0:56)
2026-09-17 16:18:08.618930+00:00 [debug] Dependency prometheus_httpd was available already (eturnal_module:ensure_dep/2:284)
2026-09-17 16:18:08.619202+00:00 [debug] PROGRESS REPORT:
    supervisor: {local,httpd_instance_sup__127_0_0_1__9081default}
    started: [{pid,<0.1164.0>},
              {id,{httpd_connection_sup,{127,0,0,1},9081,default}},
              {mfargs,{httpd_connection_sup,start_link,[[{127,0,0,1},9081]]}},
              {restart_type,permanent},
              {significant,false},
              {shutdown,5000},
              {child_type,supervisor}]
 (supervisor:report_progress/3:2323)
2026-09-17 16:18:08.619283+00:00 [debug] PROGRESS REPORT:
    supervisor: {local,httpd_instance_sup__127_0_0_1__9081default}
    started: [{pid,<0.1165.0>},
              {id,{httpd_misc_sup,{127,0,0,1},9081,default}},
              {mfargs,{httpd_misc_sup,start_link,[{127,0,0,1},9081,default]}},
              {restart_type,permanent},
              {significant,false},
              {shutdown,infinity},
              {child_type,supervisor}]
 (supervisor:report_progress/3:2323)
2026-09-17 16:18:08.619402+00:00 [debug] PROGRESS REPORT:
    supervisor: {local,httpd_instance_sup__127_0_0_1__9081default}
    started: [{pid,<0.1166.0>},
              {id,{httpd_manager,{127,0,0,1},9081,default}},
              {mfargs,
                  {httpd_manager,start_link,
                      [undefined,
                       [{bind_address,{127,0,0,1}},
                        {socket_type,ip_comm},
                        {port,9081},
                        {server_root,"run/mod_stats_prometheus/doc"},
                        {document_root,"run/mod_stats_prometheus/doc"},
                        {server_name,"Prometheus Exporter"},
                        {modules,[prometheus_httpd]}],
                       15000]}},
              {restart_type,permanent},
              {significant,false},
              {shutdown,4000},
              {child_type,worker}]
 (supervisor:report_progress/3:2323)
2026-09-17 16:18:08.619555+00:00 [debug] PROGRESS REPORT:
    supervisor: {local,httpd_acceptor_sup__127_0_0_1__9081default}
    started: [{pid,<0.1168.0>},
              {id,{httpd_acceptor_sup,{127,0,0,1},9081,default}},
              {mfargs,{httpd_acceptor,start_link,
                                      [httpd__127_0_0_1__9081default,ip_comm,
                                       {127,0,0,1},
                                       9081,inet,
                                       httpd_conf__127_0_0_1__9081default,
                                       15000]}},
              {restart_type,transient},
              {significant,false},
              {shutdown,brutal_kill},
              {child_type,worker}]
 (supervisor:report_progress/3:2323)
2026-09-17 16:18:08.619615+00:00 [debug] PROGRESS REPORT:
    supervisor: {local,httpd_instance_sup__127_0_0_1__9081default}
    started: [{pid,<0.1167.0>},
              {id,{httpd_acceptor_sup,{127,0,0,1},9081,default}},
              {mfargs,
                  {httpd_acceptor_sup,start_link,
                      [[{127,0,0,1},
                        9081,
                        [{bind_address,{127,0,0,1}},
                         {socket_type,ip_comm},
                         {port,9081},
                         {server_root,"run/mod_stats_prometheus/doc"},
                         {document_root,"run/mod_stats_prometheus/doc"},
                         {server_name,"Prometheus Exporter"},
                         {modules,[prometheus_httpd]}],
                        15000,undefined]]}},
              {restart_type,permanent},
              {significant,false},
              {shutdown,infinity},
              {child_type,supervisor}]
 (supervisor:report_progress/3:2323)
2026-09-17 16:18:08.619689+00:00 [debug] PROGRESS REPORT:
    supervisor: {local,httpd_sup}
    started: [{pid,<0.1163.0>},
              {id,{httpd_instance_sup,{127,0,0,1},9081,default}},
              {mfargs,
                  {httpd_instance_sup,start_link,
                      [[{bind_address,{127,0,0,1}},
                        {socket_type,ip_comm},
                        {port,9081},
                        {server_root,"run/mod_stats_prometheus/doc"},
                        {document_root,"run/mod_stats_prometheus/doc"},
                        {server_name,"Prometheus Exporter"},
                        {modules,[prometheus_httpd]}],
                       15000,[]]}},
              {restart_type,permanent},
              {significant,false},
              {shutdown,infinity},
              {child_type,supervisor}]
 (supervisor:report_progress/3:2333)
2026-09-17 16:18:08.620735+00:00 [info] Started mod_stats_prometheus (eturnal:start_modules/0:384)
2026-09-17 16:18:08.620804+00:00 [debug] Calling mod_log_stun:start/0 (eturnal_module:start/1:143)
2026-09-17 16:18:08.620907+00:00 [debug] Starting mod_log_stun (mod_log_stun:start/0:38)
2026-09-17 16:18:08.621098+00:00 [info] Started mod_log_stun (eturnal:start_modules/0:384)
2026-09-17 16:18:08.621148+00:00 [debug] Calling mod_stats_influx:start/0 (eturnal_module:start/1:143)
2026-09-17 16:18:08.621197+00:00 [debug] Starting mod_stats_influx (mod_stats_influx:start/0:37)
2026-09-17 16:18:08.621233+00:00 [debug] Dependency influx_udp was available already (eturnal_module:ensure_dep/2:284)
2026-09-17 16:18:08.621335+00:00 [info]     options: #{port => 8089,host => "localhost",pool_size => 1,
               max_overflow => 1}
    msg: Start clients pool
    host: {127,0,0,1} (influx_udp:start_pool_/2:239)
2026-09-17 16:18:08.621808+00:00 [info] Started mod_stats_influx (eturnal:start_modules/0:384)
2026-09-17 16:18:08.621864+00:00 [debug] Restarted modules (eturnal:reload/1:639)
2026-09-17 16:18:08.621899+00:00 [debug] eturnal call (reload) returned ok (eturnal_ctl:call/1:439)
2026-09-17 16:18:08.644120+00:00 [info] Accepting connection: 127.0.0.1:46756 -> 127.0.0.1:34780 [TCP, session l03y4mrvig3s] (stun_acceptor:accept/3:158)
2026-09-17 16:18:08.666226+00:00 [info] Accepting connection: 127.0.0.1:41872 -> 127.0.0.1:53490 [TLS, session ge5kpzskkd94] (stun_acceptor:accept/3:158)
2026-09-17 16:18:08.692166+00:00 [debug] Received:
#stun{class = request,method = 3,magic = 554869826,
      trid = 6971514394133215637134304437,raw = <<>>,unsupported = [],
      'ALTERNATE-SERVER' = undefined,'CHANNEL-NUMBER' = undefined,
      'DATA' = undefined,'DONT-FRAGMENT' = false,'ERROR-CODE' = undefined,
      'LIFETIME' = undefined,'MAPPED-ADDRESS' = undefined,
      'MESSAGE-INTEGRITY' = undefined,'NONCE' = undefined,'REALM' = undefined,
      'REQUESTED-ADDRESS-FAMILY' = undefined,
      'REQUESTED-TRANSPORT' = undefined,'SOFTWARE' = undefined,
      'UNKNOWN-ATTRIBUTES' = [],'USERNAME' = undefined,
      'XOR-MAPPED-ADDRESS' = undefined,'XOR-PEER-ADDRESS' = [],
      'XOR-RELAYED-ADDRESS' = undefined} (stun:udp_recv/5:146)
2026-09-17 16:18:08.692254+00:00 [debug] Sending:
#stun{class = error,method = 3,magic = 554869826,
      trid = 6971514394133215637134304437,raw = <<>>,unsupported = [],
      'ALTERNATE-SERVER' = undefined,'CHANNEL-NUMBER' = undefined,
      'DATA' = undefined,'DONT-FRAGMENT' = false,
      'ERROR-CODE' = {401,<<"Unauthorized">>},
      'LIFETIME' = undefined,'MAPPED-ADDRESS' = undefined,
      'MESSAGE-INTEGRITY' = undefined,'NONCE' = <<"1100800281">>,
      'REALM' = <<"eturnal.net">>,'REQUESTED-ADDRESS-FAMILY' = undefined,
      'REQUESTED-TRANSPORT' = undefined,'SOFTWARE' = <<"eturnal">>,
      'UNKNOWN-ATTRIBUTES' = [],'USERNAME' = undefined,
      'XOR-MAPPED-ADDRESS' = undefined,'XOR-PEER-ADDRESS' = [],
      'XOR-RELAYED-ADDRESS' = undefined} (stun:send/3:500)
2026-09-17 16:18:08.692427+00:00 [debug] Received:
#stun{class = request,method = 3,magic = 554869826,
      trid = 60477709217004194610493310182,
      raw = <<0,3,0,76,33,18,164,66,195,105,253,18,0,73,239,79,174,80,196,230,
              0,25,0,4,17,0,0,0,0,6,0,5,97,108,105,99,101,0,0,0,0,20,0,11,101,
              116,117,114,110,97,108,46,110,101,116,0,0,21,0,10,49,49,48,48,56,
              48,48,50,56,49,0,0>>,
      unsupported = [],'ALTERNATE-SERVER' = undefined,
      'CHANNEL-NUMBER' = undefined,'DATA' = undefined,'DONT-FRAGMENT' = false,
      'ERROR-CODE' = undefined,'LIFETIME' = undefined,
      'MAPPED-ADDRESS' = undefined,
      'MESSAGE-INTEGRITY' = <<212,130,235,194,175,123,167,58,173,222,1,94,228,
                              177,153,140,162,212,109,248>>,
      'NONCE' = <<"1100800281">>,'REALM' = <<"eturnal.net">>,
      'REQUESTED-ADDRESS-FAMILY' = undefined,'REQUESTED-TRANSPORT' = udp,
      'SOFTWARE' = undefined,'UNKNOWN-ATTRIBUTES' = [],
      'USERNAME' = <<"alice">>,'XOR-MAPPED-ADDRESS' = undefined,
      'XOR-PEER-ADDRESS' = [],'XOR-RELAYED-ADDRESS' = undefined} (stun:udp_recv/5:146)
2026-09-17 16:18:08.692495+00:00 [debug] Looking up password for: alice [UDP, session u1mbxkjybpfh, user alice, client 127.0.0.1:33569] (eturnal:get_password/2:259)
2026-09-17 16:18:08.692533+00:00 [info] Accepting long-term STUN/TURN authentication [UDP, session u1mbxkjybpfh, user alice, client 127.0.0.1:33569] (stun:process/2:289)
2026-09-17 16:18:08.693799+00:00 [debug] Running 'turn_session_start' hook [UDP, session u1mbxkjybpfh, user alice, client 127.0.0.1:33569] (turn:run_hook/3:753)
2026-09-17 16:18:08.693851+00:00 [debug] Got 'turn_session_start' event [UDP, session u1mbxkjybpfh, user alice, client 127.0.0.1:33569] (eturnal_module:handle_event/2:177)
2026-09-17 16:18:08.693879+00:00 [debug] Calling mod_stats_prometheus:handle_event/2 [UDP, session u1mbxkjybpfh, user alice, client 127.0.0.1:33569] (eturnal_module:handle_event/2:180)
2026-09-17 16:18:08.693909+00:00 [debug] Observing started TURN session u1mbxkjybpfh for Prometheus [UDP, session u1mbxkjybpfh, user alice, client 127.0.0.1:33569] (mod_stats_prometheus:on_turn_session_start/1:174)
2026-09-17 16:18:08.694020+00:00 [notice] Creating TURN allocation (lifetime: 599 seconds) [UDP, session u1mbxkjybpfh, user alice, client 127.0.0.1:33569, relay 127.0.0.1:58154] (turn:wait_for_allocate/2:226)
2026-09-17 16:18:08.694072+00:00 [debug] Sending:
#stun{class = response,method = 3,magic = 554869826,
      trid = 60477709217004194610493310182,raw = <<>>,unsupported = [],
      'ALTERNATE-SERVER' = undefined,'CHANNEL-NUMBER' = undefined,
      'DATA' = undefined,'DONT-FRAGMENT' = false,'ERROR-CODE' = undefined,
      'LIFETIME' = 599,'MAPPED-ADDRESS' = undefined,
      'MESSAGE-INTEGRITY' = undefined,'NONCE' = undefined,'REALM' = undefined,
      'REQUESTED-ADDRESS-FAMILY' = undefined,
      'REQUESTED-TRANSPORT' = undefined,'SOFTWARE' = <<"eturnal">>,
      'UNKNOWN-ATTRIBUTES' = [],'USERNAME' = undefined,
      'XOR-MAPPED-ADDRESS' = {{127,0,0,1},33569},
      'XOR-PEER-ADDRESS' = [],
      'XOR-RELAYED-ADDRESS' = {{127,0,0,1},58154}} (turn:send/2:549)
2026-09-17 16:18:08.694239+00:00 [debug] Received:
#stun{class = request,method = 4,magic = 554869826,
      trid = 50330353767204648387002242778,
      raw = <<0,4,0,76,33,18,164,66,162,160,74,248,209,128,70,241,4,92,22,218,
              0,6,0,5,97,108,105,99,101,0,0,0,0,20,0,11,101,116,117,114,110,97,
              108,46,110,101,116,0,0,21,0,10,49,49,48,48,56,48,48,50,56,49,0,0,
              0,13,0,4,0,0,0,0>>,
      unsupported = [],'ALTERNATE-SERVER' = undefined,
      'CHANNEL-NUMBER' = undefined,'DATA' = undefined,'DONT-FRAGMENT' = false,
      'ERROR-CODE' = undefined,'LIFETIME' = 0,'MAPPED-ADDRESS' = undefined,
      'MESSAGE-INTEGRITY' = <<137,10,136,235,238,163,34,187,87,183,81,86,225,
                              13,54,239,24,95,207,230>>,
      'NONCE' = <<"1100800281">>,'REALM' = <<"eturnal.net">>,
      'REQUESTED-ADDRESS-FAMILY' = undefined,
      'REQUESTED-TRANSPORT' = undefined,'SOFTWARE' = undefined,
      'UNKNOWN-ATTRIBUTES' = [],'USERNAME' = <<"alice">>,
      'XOR-MAPPED-ADDRESS' = undefined,'XOR-PEER-ADDRESS' = [],
      'XOR-RELAYED-ADDRESS' = undefined} (stun:udp_recv/5:146)
2026-09-17 16:18:08.694299+00:00 [debug] Looking up password for: alice [UDP, session 70ftirru5ifl, user alice, client 127.0.0.1:33569] (eturnal:get_password/2:259)
2026-09-17 16:18:08.694331+00:00 [info] Accepting long-term STUN/TURN authentication [UDP, session 70ftirru5ifl, user alice, client 127.0.0.1:33569] (stun:process/2:289)
2026-09-17 16:18:08.694354+00:00 [info] Client requested closing the TURN session [UDP, session u1mbxkjybpfh, user alice, client 127.0.0.1:33569, relay 127.0.0.1:58154] (turn:active/2:285)
2026-09-17 16:18:08.694427+00:00 [debug] Sending:
#stun{class = response,method = 4,magic = 554869826,
      trid = 50330353767204648387002242778,raw = <<>>,unsupported = [],
      'ALTERNATE-SERVER' = undefined,'CHANNEL-NUMBER' = undefined,
      'DATA' = undefined,'DONT-FRAGMENT' = false,'ERROR-CODE' = undefined,
      'LIFETIME' = 0,'MAPPED-ADDRESS' = undefined,
      'MESSAGE-INTEGRITY' = undefined,'NONCE' = undefined,'REALM' = undefined,
      'REQUESTED-ADDRESS-FAMILY' = undefined,
      'REQUESTED-TRANSPORT' = undefined,'SOFTWARE' = <<"eturnal">>,
      'UNKNOWN-ATTRIBUTES' = [],'USERNAME' = undefined,
      'XOR-MAPPED-ADDRESS' = undefined,'XOR-PEER-ADDRESS' = [],
      'XOR-RELAYED-ADDRESS' = undefined} (turn:send/2:549)
2026-09-17 16:18:08.694490+00:00 [info] Deleting TURN allocation [UDP, session u1mbxkjybpfh, user alice, client 127.0.0.1:33569, relay 127.0.0.1:58154] (turn:terminate/3:482)
2026-09-17 16:18:08.694525+00:00 [notice] Relayed 0 KiB (in 0 B / 0 packets, out 0 B / 0 packets), duration: 0 seconds [UDP, session u1mbxkjybpfh, user alice, client 127.0.0.1:33569, relay 127.0.0.1:58154] (turn:terminate/3:489)
2026-09-17 16:18:08.694556+00:00 [debug] Running 'turn_session_stop' hook [UDP, session u1mbxkjybpfh, user alice, client 127.0.0.1:33569, relay 127.0.0.1:58154] (turn:run_hook/3:753)
2026-09-17 16:18:08.694575+00:00 [debug] Got 'turn_session_stop' event [UDP, session u1mbxkjybpfh, user alice, client 127.0.0.1:33569, relay 127.0.0.1:58154] (eturnal_module:handle_event/2:177)
2026-09-17 16:18:08.694617+00:00 [debug] Calling mod_stats_influx:handle_event/2 [UDP, session u1mbxkjybpfh, user alice, client 127.0.0.1:33569, relay 127.0.0.1:58154] (eturnal_module:handle_event/2:180)
2026-09-17 16:18:08.694615+00:00 [debug] Received:
#stun{class = request,method = 3,magic = 554869826,
      trid = 26803159867958507711953900914,raw = <<>>,unsupported = [],
      'ALTERNATE-SERVER' = undefined,'CHANNEL-NUMBER' = undefined,
      'DATA' = undefined,'DONT-FRAGMENT' = false,'ERROR-CODE' = undefined,
      'LIFETIME' = undefined,'MAPPED-ADDRESS' = undefined,
      'MESSAGE-INTEGRITY' = undefined,'NONCE' = undefined,'REALM' = undefined,
      'REQUESTED-ADDRESS-FAMILY' = undefined,
      'REQUESTED-TRANSPORT' = undefined,'SOFTWARE' = undefined,
      'UNKNOWN-ATTRIBUTES' = [],'USERNAME' = undefined,
      'XOR-MAPPED-ADDRESS' = undefined,'XOR-PEER-ADDRESS' = [],
      'XOR-RELAYED-ADDRESS' = undefined} (stun:udp_recv/5:146)
2026-09-17 16:18:08.694633+00:00 [debug] Writing stats of TURN session u1mbxkjybpfh to InfluxDB [UDP, session u1mbxkjybpfh, user alice, client 127.0.0.1:33569, relay 127.0.0.1:58154] (mod_stats_influx:on_turn_session_stop/1:87)
2026-09-17 16:18:08.694683+00:00 [debug] Sending:
#stun{class = error,method = 3,magic = 554869826,
      trid = 26803159867958507711953900914,raw = <<>>,unsupported = [],
      'ALTERNATE-SERVER' = undefined,'CHANNEL-NUMBER' = undefined,
      'DATA' = undefined,'DONT-FRAGMENT' = false,
      'ERROR-CODE' = {401,<<"Unauthorized">>},
      'LIFETIME' = undefined,'MAPPED-ADDRESS' = undefined,
      'MESSAGE-INTEGRITY' = undefined,'NONCE' = <<"3458706840">>,
      'REALM' = <<"eturnal.net">>,'REQUESTED-ADDRESS-FAMILY' = undefined,
      'REQUESTED-TRANSPORT' = undefined,'SOFTWARE' = <<"eturnal">>,
      'UNKNOWN-ATTRIBUTES' = [],'USERNAME' = undefined,
      'XOR-MAPPED-ADDRESS' = undefined,'XOR-PEER-ADDRESS' = [],
      'XOR-RELAYED-ADDRESS' = undefined} (stun:send/3:500)
2026-09-17 16:18:08.694854+00:00 [debug] Received:
#stun{class = request,method = 3,magic = 554869826,
      trid = 19151144830236443412210249538,
      raw = <<0,3,0,80,33,18,164,66,61,225,116,169,134,190,130,124,249,125,239,
              66,0,25,0,4,17,0,0,0,0,6,0,10,50,49,52,53,57,49,51,50,48,48,0,0,
              0,20,0,11,101,116,117,114,110,97,108,46,110,101,116,0,0,21,0,10,
              51,52,53,56,55,48,54,56,52,48,0,0>>,
      unsupported = [],'ALTERNATE-SERVER' = undefined,
      'CHANNEL-NUMBER' = undefined,'DATA' = undefined,'DONT-FRAGMENT' = false,
      'ERROR-CODE' = undefined,'LIFETIME' = undefined,
      'MAPPED-ADDRESS' = undefined,
      'MESSAGE-INTEGRITY' = <<172,68,182,7,112,173,46,233,138,76,84,96,78,218,
                              192,190,8,182,132,0>>,
      'NONCE' = <<"3458706840">>,'REALM' = <<"eturnal.net">>,
      'REQUESTED-ADDRESS-FAMILY' = undefined,'REQUESTED-TRANSPORT' = udp,
      'SOFTWARE' = undefined,'UNKNOWN-ATTRIBUTES' = [],
      'USERNAME' = <<"2145913200">>,'XOR-MAPPED-ADDRESS' = undefined,
      'XOR-PEER-ADDRESS' = [],'XOR-RELAYED-ADDRESS' = undefined} (stun:udp_recv/5:146)
2026-09-17 16:18:08.694934+00:00 [debug] Deriving password for: 2145913200 [UDP, session ebyhyn8clk84, user 2145913200, client 127.0.0.1:45776] (eturnal:get_password/2:245)
2026-09-17 16:18:08.694968+00:00 [info] Accepting long-term STUN/TURN authentication [UDP, session ebyhyn8clk84, user 2145913200, client 127.0.0.1:45776] (stun:process/2:289)
2026-09-17 16:18:08.695025+00:00 [debug] Running 'turn_session_start' hook [UDP, session ebyhyn8clk84, user 2145913200, client 127.0.0.1:45776] (turn:run_hook/3:753)
2026-09-17 16:18:08.695053+00:00 [debug] Got 'turn_session_start' event [UDP, session ebyhyn8clk84, user 2145913200, client 127.0.0.1:45776] (eturnal_module:handle_event/2:177)
2026-09-17 16:18:08.695073+00:00 [debug] Calling mod_stats_prometheus:handle_event/2 [UDP, session ebyhyn8clk84, user 2145913200, client 127.0.0.1:45776] (eturnal_module:handle_event/2:180)
2026-09-17 16:18:08.695100+00:00 [debug] Observing started TURN session ebyhyn8clk84 for Prometheus [UDP, session ebyhyn8clk84, user 2145913200, client 127.0.0.1:45776] (mod_stats_prometheus:on_turn_session_start/1:174)
2026-09-17 16:18:08.695204+00:00 [notice] Creating TURN allocation (lifetime: 600 seconds) [UDP, session ebyhyn8clk84, user 2145913200, client 127.0.0.1:45776, relay 127.0.0.1:62439] (turn:wait_for_allocate/2:226)
2026-09-17 16:18:08.695251+00:00 [debug] Sending:
#stun{class = response,method = 3,magic = 554869826,
      trid = 19151144830236443412210249538,raw = <<>>,unsupported = [],
      'ALTERNATE-SERVER' = undefined,'CHANNEL-NUMBER' = undefined,
      'DATA' = undefined,'DONT-FRAGMENT' = false,'ERROR-CODE' = undefined,
      'LIFETIME' = 600,'MAPPED-ADDRESS' = undefined,
      'MESSAGE-INTEGRITY' = undefined,'NONCE' = undefined,'REALM' = undefined,
      'REQUESTED-ADDRESS-FAMILY' = undefined,
      'REQUESTED-TRANSPORT' = undefined,'SOFTWARE' = <<"eturnal">>,
      'UNKNOWN-ATTRIBUTES' = [],'USERNAME' = undefined,
      'XOR-MAPPED-ADDRESS' = {{127,0,0,1},45776},
      'XOR-PEER-ADDRESS' = [],
      'XOR-RELAYED-ADDRESS' = {{127,0,0,1},62439}} (turn:send/2:549)
2026-09-17 16:18:08.695372+00:00 [debug] Received:
#stun{class = request,method = 4,magic = 554869826,
      trid = 73121136958214991378916212008,
      raw = <<0,4,0,80,33,18,164,66,236,68,99,9,60,63,64,159,16,74,125,40,0,6,
              0,10,50,49,52,53,57,49,51,50,48,48,0,0,0,20,0,11,101,116,117,114,
              110,97,108,46,110,101,116,0,0,21,0,10,51,52,53,56,55,48,54,56,52,
              48,0,0,0,13,0,4,0,0,0,0>>,
      unsupported = [],'ALTERNATE-SERVER' = undefined,
      'CHANNEL-NUMBER' = undefined,'DATA' = undefined,'DONT-FRAGMENT' = false,
      'ERROR-CODE' = undefined,'LIFETIME' = 0,'MAPPED-ADDRESS' = undefined,
      'MESSAGE-INTEGRITY' = <<"`Å Fñ%GB¢-C.SÏ{<Ê\"òH">>,
      'NONCE' = <<"3458706840">>,'REALM' = <<"eturnal.net">>,
      'REQUESTED-ADDRESS-FAMILY' = undefined,
      'REQUESTED-TRANSPORT' = undefined,'SOFTWARE' = undefined,
      'UNKNOWN-ATTRIBUTES' = [],'USERNAME' = <<"2145913200">>,
      'XOR-MAPPED-ADDRESS' = undefined,'XOR-PEER-ADDRESS' = [],
      'XOR-RELAYED-ADDRESS' = undefined} (stun:udp_recv/5:146)
2026-09-17 16:18:08.695425+00:00 [debug] Deriving password for: 2145913200 [UDP, session i1th5sbsqdzw, user 2145913200, client 127.0.0.1:45776] (eturnal:get_password/2:245)
2026-09-17 16:18:08.695453+00:00 [info] Accepting long-term STUN/TURN authentication [UDP, session i1th5sbsqdzw, user 2145913200, client 127.0.0.1:45776] (stun:process/2:289)
2026-09-17 16:18:08.695472+00:00 [info] Client requested closing the TURN session [UDP, session ebyhyn8clk84, user 2145913200, client 127.0.0.1:45776, relay 127.0.0.1:62439] (turn:active/2:285)
2026-09-17 16:18:08.695516+00:00 [debug] Sending:
#stun{class = response,method = 4,magic = 554869826,
      trid = 73121136958214991378916212008,raw = <<>>,unsupported = [],
      'ALTERNATE-SERVER' = undefined,'CHANNEL-NUMBER' = undefined,
      'DATA' = undefined,'DONT-FRAGMENT' = false,'ERROR-CODE' = undefined,
      'LIFETIME' = 0,'MAPPED-ADDRESS' = undefined,
      'MESSAGE-INTEGRITY' = undefined,'NONCE' = undefined,'REALM' = undefined,
      'REQUESTED-ADDRESS-FAMILY' = undefined,
      'REQUESTED-TRANSPORT' = undefined,'SOFTWARE' = <<"eturnal">>,
      'UNKNOWN-ATTRIBUTES' = [],'USERNAME' = undefined,
      'XOR-MAPPED-ADDRESS' = undefined,'XOR-PEER-ADDRESS' = [],
      'XOR-RELAYED-ADDRESS' = undefined} (turn:send/2:549)
2026-09-17 16:18:08.695570+00:00 [info] Deleting TURN allocation [UDP, session ebyhyn8clk84, user 2145913200, client 127.0.0.1:45776, relay 127.0.0.1:62439] (turn:terminate/3:482)
2026-09-17 16:18:08.695603+00:00 [notice] Relayed 0 KiB (in 0 B / 0 packets, out 0 B / 0 packets), duration: 0 seconds [UDP, session ebyhyn8clk84, user 2145913200, client 127.0.0.1:45776, relay 127.0.0.1:62439] (turn:terminate/3:489)
2026-09-17 16:18:08.695654+00:00 [debug] Running 'turn_session_stop' hook [UDP, session ebyhyn8clk84, user 2145913200, client 127.0.0.1:45776, relay 127.0.0.1:62439] (turn:run_hook/3:753)
2026-09-17 16:18:08.695681+00:00 [debug] Got 'turn_session_stop' event [UDP, session ebyhyn8clk84, user 2145913200, client 127.0.0.1:45776, relay 127.0.0.1:62439] (eturnal_module:handle_event/2:177)
2026-09-17 16:18:08.695708+00:00 [debug] Calling mod_stats_influx:handle_event/2 [UDP, session ebyhyn8clk84, user 2145913200, client 127.0.0.1:45776, relay 127.0.0.1:62439] (eturnal_module:handle_event/2:180)
2026-09-17 16:18:08.695731+00:00 [debug] Writing stats of TURN session ebyhyn8clk84 to InfluxDB [UDP, session ebyhyn8clk84, user 2145913200, client 127.0.0.1:45776, relay 127.0.0.1:62439] (mod_stats_influx:on_turn_session_stop/1:87)
2026-09-17 16:18:08.696232+00:00 [debug] Calling mod_stats_prometheus:handle_event/2 [UDP, session u1mbxkjybpfh, user alice, client 127.0.0.1:33569, relay 127.0.0.1:58154] (eturnal_module:handle_event/2:180)
2026-09-17 16:18:08.696256+00:00 [debug] Calling mod_stats_prometheus:handle_event/2 [UDP, session ebyhyn8clk84, user 2145913200, client 127.0.0.1:45776, relay 127.0.0.1:62439] (eturnal_module:handle_event/2:180)
2026-09-17 16:18:08.696280+00:00 [debug] Observing stopped TURN session ebyhyn8clk84 for Prometheus [UDP, session ebyhyn8clk84, user 2145913200, client 127.0.0.1:45776, relay 127.0.0.1:62439] (mod_stats_prometheus:on_turn_session_stop/1:187)
2026-09-17 16:18:08.696269+00:00 [debug] Observing stopped TURN session u1mbxkjybpfh for Prometheus [UDP, session u1mbxkjybpfh, user alice, client 127.0.0.1:33569, relay 127.0.0.1:58154] (mod_stats_prometheus:on_turn_session_stop/1:187)
2026-09-17 16:18:08.717995+00:00 [debug] Received:
#stun{class = request,method = 1,magic = 554869826,
      trid = 49534246906525906152827160879,raw = <<>>,unsupported = [],
      'ALTERNATE-SERVER' = undefined,'CHANNEL-NUMBER' = undefined,
      'DATA' = undefined,'DONT-FRAGMENT' = false,'ERROR-CODE' = undefined,
      'LIFETIME' = undefined,'MAPPED-ADDRESS' = undefined,
      'MESSAGE-INTEGRITY' = undefined,'NONCE' = undefined,'REALM' = undefined,
      'REQUESTED-ADDRESS-FAMILY' = undefined,
      'REQUESTED-TRANSPORT' = undefined,'SOFTWARE' = undefined,
      'UNKNOWN-ATTRIBUTES' = [],'USERNAME' = undefined,
      'XOR-MAPPED-ADDRESS' = undefined,'XOR-PEER-ADDRESS' = [],
      'XOR-RELAYED-ADDRESS' = undefined} (stun:udp_recv/5:146)
2026-09-17 16:18:08.718044+00:00 [debug] Responding to STUN request [UDP, session rlfc5a3k83xr, anonymous, client 127.0.0.1:47413] (stun:process/4:357)
2026-09-17 16:18:08.718063+00:00 [debug] Running 'stun_query' hook [UDP, session rlfc5a3k83xr, anonymous, client 127.0.0.1:47413] (stun:run_hook/3:747)
2026-09-17 16:18:08.718082+00:00 [debug] Got 'stun_query' event [UDP, session rlfc5a3k83xr, anonymous, client 127.0.0.1:47413] (eturnal_module:handle_event/2:177)
2026-09-17 16:18:08.718100+00:00 [debug] Calling mod_log_stun:handle_event/2 [UDP, session rlfc5a3k83xr, anonymous, client 127.0.0.1:47413] (eturnal_module:handle_event/2:180)
2026-09-17 16:18:08.718116+00:00 [info] Responding to STUN request [UDP, session rlfc5a3k83xr, anonymous, client 127.0.0.1:47413] (mod_log_stun:handle_event/2:44)
2026-09-17 16:18:08.718133+00:00 [debug] Calling mod_stats_influx:handle_event/2 [UDP, session rlfc5a3k83xr, anonymous, client 127.0.0.1:47413] (eturnal_module:handle_event/2:180)
2026-09-17 16:18:08.718146+00:00 [debug] Writing STUN query event to InfluxDB [UDP, session rlfc5a3k83xr, anonymous, client 127.0.0.1:47413] (mod_stats_influx:on_stun_query/1:76)
2026-09-17 16:18:08.718210+00:00 [debug] Calling mod_stats_prometheus:handle_event/2 [UDP, session rlfc5a3k83xr, anonymous, client 127.0.0.1:47413] (eturnal_module:handle_event/2:180)
2026-09-17 16:18:08.718227+00:00 [debug] Observing STUN query for Prometheus [UDP, session rlfc5a3k83xr, anonymous, client 127.0.0.1:47413] (mod_stats_prometheus:on_stun_query/1:166)
2026-09-17 16:18:08.718273+00:00 [debug] Sending:
#stun{class = response,method = 1,magic = 554869826,
      trid = 49534246906525906152827160879,raw = <<>>,unsupported = [],
      'ALTERNATE-SERVER' = undefined,'CHANNEL-NUMBER' = undefined,
      'DATA' = undefined,'DONT-FRAGMENT' = false,'ERROR-CODE' = undefined,
      'LIFETIME' = undefined,'MAPPED-ADDRESS' = undefined,
      'MESSAGE-INTEGRITY' = undefined,'NONCE' = undefined,'REALM' = undefined,
      'REQUESTED-ADDRESS-FAMILY' = undefined,
      'REQUESTED-TRANSPORT' = undefined,'SOFTWARE' = <<"eturnal">>,
      'UNKNOWN-ATTRIBUTES' = [],'USERNAME' = undefined,
      'XOR-MAPPED-ADDRESS' = {{127,0,0,1},47413},
      'XOR-PEER-ADDRESS' = [],'XOR-RELAYED-ADDRESS' = undefined} (stun:send/3:500)
2026-09-17 16:18:08.740190+00:00 [info] Accepting connection: 127.0.0.1:46764 -> 127.0.0.1:34780 [TCP, session anw1gjibawzu] (stun_acceptor:accept/3:158)
2026-09-17 16:18:08.740352+00:00 [debug] Received:
#stun{class = request,method = 1,magic = 554869826,
      trid = 62202986952036190559782314026,raw = <<>>,unsupported = [],
      'ALTERNATE-SERVER' = undefined,'CHANNEL-NUMBER' = undefined,
      'DATA' = undefined,'DONT-FRAGMENT' = false,'ERROR-CODE' = undefined,
      'LIFETIME' = undefined,'MAPPED-ADDRESS' = undefined,
      'MESSAGE-INTEGRITY' = undefined,'NONCE' = undefined,'REALM' = undefined,
      'REQUESTED-ADDRESS-FAMILY' = undefined,
      'REQUESTED-TRANSPORT' = undefined,'SOFTWARE' = undefined,
      'UNKNOWN-ATTRIBUTES' = [],'USERNAME' = undefined,
      'XOR-MAPPED-ADDRESS' = undefined,'XOR-PEER-ADDRESS' = [],
      'XOR-RELAYED-ADDRESS' = undefined} (stun:process_data/3:457)
2026-09-17 16:18:08.740416+00:00 [debug] Responding to STUN request [TCP, session anw1gjibawzu, anonymous, client 127.0.0.1:46764] (stun:process/4:357)
2026-09-17 16:18:08.740440+00:00 [debug] Running 'stun_query' hook [TCP, session anw1gjibawzu, anonymous, client 127.0.0.1:46764] (stun:run_hook/3:747)
2026-09-17 16:18:08.740466+00:00 [debug] Got 'stun_query' event [TCP, session anw1gjibawzu, anonymous, client 127.0.0.1:46764] (eturnal_module:handle_event/2:177)
2026-09-17 16:18:08.740536+00:00 [debug] Calling mod_log_stun:handle_event/2 [TCP, session anw1gjibawzu, anonymous, client 127.0.0.1:46764] (eturnal_module:handle_event/2:180)
2026-09-17 16:18:08.740609+00:00 [info] Responding to STUN request [TCP, session anw1gjibawzu, anonymous, client 127.0.0.1:46764] (mod_log_stun:handle_event/2:44)
2026-09-17 16:18:08.740629+00:00 [debug] Calling mod_stats_influx:handle_event/2 [TCP, session anw1gjibawzu, anonymous, client 127.0.0.1:46764] (eturnal_module:handle_event/2:180)
2026-09-17 16:18:08.740645+00:00 [debug] Writing STUN query event to InfluxDB [TCP, session anw1gjibawzu, anonymous, client 127.0.0.1:46764] (mod_stats_influx:on_stun_query/1:76)
2026-09-17 16:18:08.740718+00:00 [debug] Calling mod_stats_prometheus:handle_event/2 [TCP, session anw1gjibawzu, anonymous, client 127.0.0.1:46764] (eturnal_module:handle_event/2:180)
2026-09-17 16:18:08.740738+00:00 [debug] Observing STUN query for Prometheus [TCP, session anw1gjibawzu, anonymous, client 127.0.0.1:46764] (mod_stats_prometheus:on_stun_query/1:166)
2026-09-17 16:18:08.740793+00:00 [debug] Sending:
#stun{class = response,method = 1,magic = 554869826,
      trid = 62202986952036190559782314026,raw = <<>>,unsupported = [],
      'ALTERNATE-SERVER' = undefined,'CHANNEL-NUMBER' = undefined,
      'DATA' = undefined,'DONT-FRAGMENT' = false,'ERROR-CODE' = undefined,
      'LIFETIME' = undefined,'MAPPED-ADDRESS' = undefined,
      'MESSAGE-INTEGRITY' = undefined,'NONCE' = undefined,'REALM' = undefined,
      'REQUESTED-ADDRESS-FAMILY' = undefined,
      'REQUESTED-TRANSPORT' = undefined,'SOFTWARE' = <<"eturnal">>,
      'UNKNOWN-ATTRIBUTES' = [],'USERNAME' = undefined,
      'XOR-MAPPED-ADDRESS' = {{127,0,0,1},46764},
      'XOR-PEER-ADDRESS' = [],'XOR-RELAYED-ADDRESS' = undefined} (stun:send/3:500)
2026-09-17 16:18:08.741879+00:00 [info] Connection reset by peer [TCP, session anw1gjibawzu, anonymous, client 127.0.0.1:46764] (stun:handle_info/3:206)
2026-09-17 16:18:08.762929+00:00 [info] Accepting connection: 127.0.0.1:41888 -> 127.0.0.1:53490 [TLS, session r5hkiooz85c8] (stun_acceptor:accept/3:158)
2026-09-17 16:18:09.769133+00:00 [debug] Received:
#stun{class = request,method = 1,magic = 554869826,
      trid = 41525833363606026622587214152,raw = <<>>,unsupported = [],
      'ALTERNATE-SERVER' = undefined,'CHANNEL-NUMBER' = undefined,
      'DATA' = undefined,'DONT-FRAGMENT' = false,'ERROR-CODE' = undefined,
      'LIFETIME' = undefined,'MAPPED-ADDRESS' = undefined,
      'MESSAGE-INTEGRITY' = undefined,'NONCE' = undefined,'REALM' = undefined,
      'REQUESTED-ADDRESS-FAMILY' = undefined,
      'REQUESTED-TRANSPORT' = undefined,'SOFTWARE' = undefined,
      'UNKNOWN-ATTRIBUTES' = [],'USERNAME' = undefined,
      'XOR-MAPPED-ADDRESS' = undefined,'XOR-PEER-ADDRESS' = [],
      'XOR-RELAYED-ADDRESS' = undefined} (stun:process_data/3:457)
2026-09-17 16:18:09.769285+00:00 [debug] Responding to STUN request [TLS, session r5hkiooz85c8, anonymous, client 127.0.0.1:41888] (stun:process/4:357)
2026-09-17 16:18:09.769308+00:00 [debug] Running 'stun_query' hook [TLS, session r5hkiooz85c8, anonymous, client 127.0.0.1:41888] (stun:run_hook/3:747)
2026-09-17 16:18:09.769343+00:00 [debug] Got 'stun_query' event [TLS, session r5hkiooz85c8, anonymous, client 127.0.0.1:41888] (eturnal_module:handle_event/2:177)
2026-09-17 16:18:09.769360+00:00 [debug] Calling mod_log_stun:handle_event/2 [TLS, session r5hkiooz85c8, anonymous, client 127.0.0.1:41888] (eturnal_module:handle_event/2:180)
2026-09-17 16:18:09.769389+00:00 [info] Responding to STUN request [TLS, session r5hkiooz85c8, anonymous, client 127.0.0.1:41888] (mod_log_stun:handle_event/2:44)
2026-09-17 16:18:09.769443+00:00 [debug] Calling mod_stats_influx:handle_event/2 [TLS, session r5hkiooz85c8, anonymous, client 127.0.0.1:41888] (eturnal_module:handle_event/2:180)
2026-09-17 16:18:09.769465+00:00 [debug] Writing STUN query event to InfluxDB [TLS, session r5hkiooz85c8, anonymous, client 127.0.0.1:41888] (mod_stats_influx:on_stun_query/1:76)
2026-09-17 16:18:09.769667+00:00 [debug] Calling mod_stats_prometheus:handle_event/2 [TLS, session r5hkiooz85c8, anonymous, client 127.0.0.1:41888] (eturnal_module:handle_event/2:180)
2026-09-17 16:18:09.769703+00:00 [debug] Observing STUN query for Prometheus [TLS, session r5hkiooz85c8, anonymous, client 127.0.0.1:41888] (mod_stats_prometheus:on_stun_query/1:166)
2026-09-17 16:18:09.769763+00:00 [debug] Sending:
#stun{class = response,method = 1,magic = 554869826,
      trid = 41525833363606026622587214152,raw = <<>>,unsupported = [],
      'ALTERNATE-SERVER' = undefined,'CHANNEL-NUMBER' = undefined,
      'DATA' = undefined,'DONT-FRAGMENT' = false,'ERROR-CODE' = undefined,
      'LIFETIME' = undefined,'MAPPED-ADDRESS' = undefined,
      'MESSAGE-INTEGRITY' = undefined,'NONCE' = undefined,'REALM' = undefined,
      'REQUESTED-ADDRESS-FAMILY' = undefined,
      'REQUESTED-TRANSPORT' = undefined,'SOFTWARE' = <<"eturnal">>,
      'UNKNOWN-ATTRIBUTES' = [],'USERNAME' = undefined,
      'XOR-MAPPED-ADDRESS' = {{127,0,0,1},41888},
      'XOR-PEER-ADDRESS' = [],'XOR-RELAYED-ADDRESS' = undefined} (stun:send/3:500)
2026-09-17 16:18:09.770026+00:00 [info] Connection reset by peer [TLS, session r5hkiooz85c8, anonymous, client 127.0.0.1:41888] (stun:handle_info/3:206)
2026-09-17 16:18:09.792389+00:00 [info] Accepting connection: 127.0.0.1:34052 -> 127.0.0.1:34781 [TCP|TLS, session gmvk8q4ltrrn] (stun_acceptor:accept/3:158)
2026-09-17 16:18:09.792453+00:00 [debug] Determined transport protocol: TCP (stun:is_tls_handshake/1:693)
2026-09-17 16:18:09.792585+00:00 [debug] Received:
#stun{class = request,method = 1,magic = 554869826,
      trid = 63657210238828869722163228263,raw = <<>>,unsupported = [],
      'ALTERNATE-SERVER' = undefined,'CHANNEL-NUMBER' = undefined,
      'DATA' = undefined,'DONT-FRAGMENT' = false,'ERROR-CODE' = undefined,
      'LIFETIME' = undefined,'MAPPED-ADDRESS' = undefined,
      'MESSAGE-INTEGRITY' = undefined,'NONCE' = undefined,'REALM' = undefined,
      'REQUESTED-ADDRESS-FAMILY' = undefined,
      'REQUESTED-TRANSPORT' = undefined,'SOFTWARE' = undefined,
      'UNKNOWN-ATTRIBUTES' = [],'USERNAME' = undefined,
      'XOR-MAPPED-ADDRESS' = undefined,'XOR-PEER-ADDRESS' = [],
      'XOR-RELAYED-ADDRESS' = undefined} (stun:process_data/3:457)
2026-09-17 16:18:09.792650+00:00 [debug] Responding to STUN request [TCP, session gmvk8q4ltrrn, anonymous, client 127.0.0.1:34052] (stun:process/4:357)
2026-09-17 16:18:09.792676+00:00 [debug] Running 'stun_query' hook [TCP, session gmvk8q4ltrrn, anonymous, client 127.0.0.1:34052] (stun:run_hook/3:747)
2026-09-17 16:18:09.792698+00:00 [debug] Got 'stun_query' event [TCP, session gmvk8q4ltrrn, anonymous, client 127.0.0.1:34052] (eturnal_module:handle_event/2:177)
2026-09-17 16:18:09.792723+00:00 [debug] Calling mod_log_stun:handle_event/2 [TCP, session gmvk8q4ltrrn, anonymous, client 127.0.0.1:34052] (eturnal_module:handle_event/2:180)
2026-09-17 16:18:09.792749+00:00 [info] Responding to STUN request [TCP, session gmvk8q4ltrrn, anonymous, client 127.0.0.1:34052] (mod_log_stun:handle_event/2:44)
2026-09-17 16:18:09.792779+00:00 [debug] Calling mod_stats_influx:handle_event/2 [TCP, session gmvk8q4ltrrn, anonymous, client 127.0.0.1:34052] (eturnal_module:handle_event/2:180)
2026-09-17 16:18:09.792798+00:00 [debug] Writing STUN query event to InfluxDB [TCP, session gmvk8q4ltrrn, anonymous, client 127.0.0.1:34052] (mod_stats_influx:on_stun_query/1:76)
2026-09-17 16:18:09.792882+00:00 [debug] Calling mod_stats_prometheus:handle_event/2 [TCP, session gmvk8q4ltrrn, anonymous, client 127.0.0.1:34052] (eturnal_module:handle_event/2:180)
2026-09-17 16:18:09.792899+00:00 [debug] Observing STUN query for Prometheus [TCP, session gmvk8q4ltrrn, anonymous, client 127.0.0.1:34052] (mod_stats_prometheus:on_stun_query/1:166)
2026-09-17 16:18:09.792941+00:00 [debug] Sending:
#stun{class = response,method = 1,magic = 554869826,
      trid = 63657210238828869722163228263,raw = <<>>,unsupported = [],
      'ALTERNATE-SERVER' = undefined,'CHANNEL-NUMBER' = undefined,
      'DATA' = undefined,'DONT-FRAGMENT' = false,'ERROR-CODE' = undefined,
      'LIFETIME' = undefined,'MAPPED-ADDRESS' = undefined,
      'MESSAGE-INTEGRITY' = undefined,'NONCE' = undefined,'REALM' = undefined,
      'REQUESTED-ADDRESS-FAMILY' = undefined,
      'REQUESTED-TRANSPORT' = undefined,'SOFTWARE' = <<"eturnal">>,
      'UNKNOWN-ATTRIBUTES' = [],'USERNAME' = undefined,
      'XOR-MAPPED-ADDRESS' = {{127,0,0,1},34052},
      'XOR-PEER-ADDRESS' = [],'XOR-RELAYED-ADDRESS' = undefined} (stun:send/3:500)
2026-09-17 16:18:09.793863+00:00 [info] Connection reset by peer [TCP, session gmvk8q4ltrrn, anonymous, client 127.0.0.1:34052] (stun:handle_info/3:206)
2026-09-17 16:18:09.815412+00:00 [info] Accepting connection: 127.0.0.1:34056 -> 127.0.0.1:34781 [TCP|TLS, session b2lnw7odgnzf] (stun_acceptor:accept/3:158)
2026-09-17 16:18:09.815547+00:00 [debug] Determined transport protocol: TLS (stun:is_tls_handshake/1:690)
2026-09-17 16:18:10.821192+00:00 [debug] Received:
#stun{class = request,method = 1,magic = 554869826,
      trid = 72420172520381463953324832656,raw = <<>>,unsupported = [],
      'ALTERNATE-SERVER' = undefined,'CHANNEL-NUMBER' = undefined,
      'DATA' = undefined,'DONT-FRAGMENT' = false,'ERROR-CODE' = undefined,
      'LIFETIME' = undefined,'MAPPED-ADDRESS' = undefined,
      'MESSAGE-INTEGRITY' = undefined,'NONCE' = undefined,'REALM' = undefined,
      'REQUESTED-ADDRESS-FAMILY' = undefined,
      'REQUESTED-TRANSPORT' = undefined,'SOFTWARE' = undefined,
      'UNKNOWN-ATTRIBUTES' = [],'USERNAME' = undefined,
      'XOR-MAPPED-ADDRESS' = undefined,'XOR-PEER-ADDRESS' = [],
      'XOR-RELAYED-ADDRESS' = undefined} (stun:process_data/3:457)
2026-09-17 16:18:10.821303+00:00 [debug] Responding to STUN request [TLS, session b2lnw7odgnzf, anonymous, client 127.0.0.1:34056] (stun:process/4:357)
2026-09-17 16:18:10.821373+00:00 [debug] Running 'stun_query' hook [TLS, session b2lnw7odgnzf, anonymous, client 127.0.0.1:34056] (stun:run_hook/3:747)
2026-09-17 16:18:10.821445+00:00 [debug] Got 'stun_query' event [TLS, session b2lnw7odgnzf, anonymous, client 127.0.0.1:34056] (eturnal_module:handle_event/2:177)
2026-09-17 16:18:10.821479+00:00 [debug] Calling mod_log_stun:handle_event/2 [TLS, session b2lnw7odgnzf, anonymous, client 127.0.0.1:34056] (eturnal_module:handle_event/2:180)
2026-09-17 16:18:10.821503+00:00 [info] Responding to STUN request [TLS, session b2lnw7odgnzf, anonymous, client 127.0.0.1:34056] (mod_log_stun:handle_event/2:44)
2026-09-17 16:18:10.821529+00:00 [debug] Calling mod_stats_influx:handle_event/2 [TLS, session b2lnw7odgnzf, anonymous, client 127.0.0.1:34056] (eturnal_module:handle_event/2:180)
2026-09-17 16:18:10.821552+00:00 [debug] Writing STUN query event to InfluxDB [TLS, session b2lnw7odgnzf, anonymous, client 127.0.0.1:34056] (mod_stats_influx:on_stun_query/1:76)
2026-09-17 16:18:10.821710+00:00 [debug] Calling mod_stats_prometheus:handle_event/2 [TLS, session b2lnw7odgnzf, anonymous, client 127.0.0.1:34056] (eturnal_module:handle_event/2:180)
2026-09-17 16:18:10.821732+00:00 [debug] Observing STUN query for Prometheus [TLS, session b2lnw7odgnzf, anonymous, client 127.0.0.1:34056] (mod_stats_prometheus:on_stun_query/1:166)
2026-09-17 16:18:10.821799+00:00 [debug] Sending:
#stun{class = response,method = 1,magic = 554869826,
      trid = 72420172520381463953324832656,raw = <<>>,unsupported = [],
      'ALTERNATE-SERVER' = undefined,'CHANNEL-NUMBER' = undefined,
      'DATA' = undefined,'DONT-FRAGMENT' = false,'ERROR-CODE' = undefined,
      'LIFETIME' = undefined,'MAPPED-ADDRESS' = undefined,
      'MESSAGE-INTEGRITY' = undefined,'NONCE' = undefined,'REALM' = undefined,
      'REQUESTED-ADDRESS-FAMILY' = undefined,
      'REQUESTED-TRANSPORT' = undefined,'SOFTWARE' = <<"eturnal">>,
      'UNKNOWN-ATTRIBUTES' = [],'USERNAME' = undefined,
      'XOR-MAPPED-ADDRESS' = {{127,0,0,1},34056},
      'XOR-PEER-ADDRESS' = [],'XOR-RELAYED-ADDRESS' = undefined} (stun:send/3:500)
2026-09-17 16:18:10.822030+00:00 [info] Connection reset by peer [TLS, session b2lnw7odgnzf, anonymous, client 127.0.0.1:34056] (stun:handle_info/3:206)
2026-09-17 16:18:10.844071+00:00 [debug] No NOTIFY_SOCKET, dropping STOPPING=1 notification (eturnal_systemd:handle_cast/2:99)
2026-09-17 16:18:10.844088+00:00 [debug] Terminating eturnal (shutdown) (eturnal:terminate/2:186)
2026-09-17 16:18:10.844219+00:00 [info] Stopped listening on 127.0.0.1:34780 (udp) (eturnal:stop_listeners/1:442)
2026-09-17 16:18:10.844302+00:00 [info] Stopped listening on 127.0.0.1:34780 (tcp) (eturnal:stop_listeners/1:442)
2026-09-17 16:18:10.844364+00:00 [info] Stopped listening on 127.0.0.1:53490 (tls) (eturnal:stop_listeners/1:442)
2026-09-17 16:18:10.844439+00:00 [info] Stopped listening on 127.0.0.1:34781 (auto) (eturnal:stop_listeners/1:442)
2026-09-17 16:18:10.844848+00:00 [debug] Calling mod_stats_prometheus:stop/1 (eturnal_module:stop/1:163)
2026-09-17 16:18:10.844911+00:00 [debug] Stopping mod_stats_prometheus (mod_stats_prometheus:stop/0:110)
2026-09-17 16:18:10.845082+00:00 [info] Stopped mod_stats_prometheus (eturnal:stop_modules/1:397)
2026-09-17 16:18:10.845621+00:00 [debug] Calling mod_log_stun:stop/1 (eturnal_module:stop/1:163)
2026-09-17 16:18:10.845671+00:00 [debug] Stopping mod_log_stun (mod_log_stun:stop/0:49)
2026-09-17 16:18:10.845724+00:00 [info] Stopped mod_log_stun (eturnal:stop_modules/1:397)
2026-09-17 16:18:10.846186+00:00 [debug] Calling mod_stats_influx:stop/1 (eturnal_module:stop/1:163)
2026-09-17 16:18:10.846255+00:00 [debug] Stopping mod_stats_influx (mod_stats_influx:stop/0:61)
2026-09-17 16:18:10.846298+00:00 [info] Stopped mod_stats_influx (eturnal:stop_modules/1:397)
2026-09-17 16:18:10.846431+00:00 [debug] Removed run/cert.pem (eturnal:clean_run_dir/0:875)
2026-09-17 16:18:10.846505+00:00 [debug] Terminating eturnal_systemd (shutdown) (eturnal_systemd:terminate/2:125)
2026-09-17 16:18:10.846604+00:00 [notice] Stopping eturnal 1.12.2 on Erlang/OTP 29 (ERTS 17.1) (eturnal_app:stop/1:53)
