2026-09-17 17:18:59.058186+00:00 [notice] Starting eturnal 1.12.3 on Erlang/OTP 29 (ERTS 17.1) (eturnal_app:start/2:34)
2026-09-17 17:18:59.058318+00:00 [debug] Starting supervisor: eturnal_sup (eturnal_sup:start_link/0:31)
2026-09-17 17:18:59.058425+00:00 [debug] Configuring eturnal_sup supervisor: [#{id => systemd,
                                       start =>
                                           {eturnal_systemd,start_link,[]}},
                                     #{id => eturnal,
                                       start => {eturnal,start_link,[]}}] (eturnal_sup:init/1:39)
2026-09-17 17:18:59.059522+00:00 [info] Got no NOTIFY_SOCKET, notifications disabled (eturnal_systemd:init/1:86)
2026-09-17 17:18:59.059662+00:00 [debug] PROGRESS REPORT:
    supervisor: {local,eturnal_sup}
    started: [{pid,<0.960.0>},
              {id,systemd},
              {mfargs,{eturnal_systemd,start_link,[]}},
              {restart_type,permanent},
              {significant,false},
              {shutdown,5000},
              {child_type,worker}]
 (supervisor:report_progress/3:2323)
2026-09-17 17:18:59.059815+00:00 [info] Relay IPv4 address: 127.0.0.1 (port range: 49152-65535) (eturnal:log_relay_addresses/0:349)
2026-09-17 17:18:59.059963+00:00 [info] Relay IPv6 address not configured (eturnal:log_relay_addresses/0:359)
2026-09-17 17:18:59.068237+00:00 [info] Cannot determine control query port: noport (eturnal:log_control_listener/0:373)
2026-09-17 17:18:59.068638+00:00 [debug] Using run directory run (eturnal:ensure_run_dir/0:863)
2026-09-17 17:18:59.068789+00:00 [debug] TURN configuration seems fine (eturnal:check_turn_config/0:603)
2026-09-17 17:18:59.068934+00:00 [warning] TLS enabled without 'tls_crt_file', creating self-signed certificate (eturnal:check_pem_file/0:809)
2026-09-17 17:19:00.104405+00:00 [debug] Calling mod_stats_prometheus:start/0 (eturnal_module:start/1:143)
2026-09-17 17:19:00.104620+00:00 [debug] Starting mod_stats_prometheus (mod_stats_prometheus:start/0:56)
2026-09-17 17:19:00.114800+00:00 [debug] PROGRESS REPORT:
    application: prometheus
    started_at: nonode@nohost
 (application_controller:info_started/2:2154)
2026-09-17 17:19:00.115712+00:00 [debug] PROGRESS REPORT:
    application: accept
    started_at: nonode@nohost
 (application_controller:info_started/2:2154)
2026-09-17 17:19:00.124530+00:00 [debug] PROGRESS REPORT:
    application: prometheus_httpd
    started_at: nonode@nohost
 (application_controller:info_started/2:2154)
2026-09-17 17:19:00.124580+00:00 [debug] Dependency prometheus_httpd was available already (eturnal_module:ensure_dep/2:284)
2026-09-17 17:19:00.156249+00:00 [debug] PROGRESS REPORT:
    supervisor: {local,httpd_instance_sup__127_0_0_1__9081default}
    started: [{pid,<0.980.0>},
              {id,{httpd_connection_sup,{127,0,0,1},9081,default}},
              {mfargs,{httpd_connection_sup,start_link,[[{127,0,0,1},9081]]}},
              {restart_type,permanent},
              {significant,false},
              {shutdown,5000},
              {child_type,supervisor}]
 (supervisor:report_progress/3:2323)
2026-09-17 17:19:00.158670+00:00 [debug] PROGRESS REPORT:
    supervisor: {local,httpd_instance_sup__127_0_0_1__9081default}
    started: [{pid,<0.981.0>},
              {id,{httpd_misc_sup,{127,0,0,1},9081,default}},
              {mfargs,{httpd_misc_sup,start_link,[{127,0,0,1},9081,default]}},
              {restart_type,permanent},
              {significant,false},
              {shutdown,infinity},
              {child_type,supervisor}]
 (supervisor:report_progress/3:2323)
2026-09-17 17:19:00.161809+00:00 [debug] PROGRESS REPORT:
    supervisor: {local,httpd_instance_sup__127_0_0_1__9081default}
    started: [{pid,<0.982.0>},
              {id,{httpd_manager,{127,0,0,1},9081,default}},
              {mfargs,
                  {httpd_manager,start_link,
                      [undefined,
                       [{bind_address,{127,0,0,1}},
                        {socket_type,ip_comm},
                        {port,9081},
                        {server_root,"run/mod_stats_prometheus/doc"},
                        {document_root,"run/mod_stats_prometheus/doc"},
                        {server_name,"Prometheus Exporter"},
                        {modules,[prometheus_httpd]}],
                       15000]}},
              {restart_type,permanent},
              {significant,false},
              {shutdown,4000},
              {child_type,worker}]
 (supervisor:report_progress/3:2323)
2026-09-17 17:19:00.173754+00:00 [debug] PROGRESS REPORT:
    supervisor: {local,httpd_acceptor_sup__127_0_0_1__9081default}
    started: [{pid,<0.984.0>},
              {id,{httpd_acceptor_sup,{127,0,0,1},9081,default}},
              {mfargs,{httpd_acceptor,start_link,
                                      [httpd__127_0_0_1__9081default,ip_comm,
                                       {127,0,0,1},
                                       9081,inet,
                                       httpd_conf__127_0_0_1__9081default,
                                       15000]}},
              {restart_type,transient},
              {significant,false},
              {shutdown,brutal_kill},
              {child_type,worker}]
 (supervisor:report_progress/3:2323)
2026-09-17 17:19:00.173910+00:00 [debug] PROGRESS REPORT:
    supervisor: {local,httpd_instance_sup__127_0_0_1__9081default}
    started: [{pid,<0.983.0>},
              {id,{httpd_acceptor_sup,{127,0,0,1},9081,default}},
              {mfargs,
                  {httpd_acceptor_sup,start_link,
                      [[{127,0,0,1},
                        9081,
                        [{bind_address,{127,0,0,1}},
                         {socket_type,ip_comm},
                         {port,9081},
                         {server_root,"run/mod_stats_prometheus/doc"},
                         {document_root,"run/mod_stats_prometheus/doc"},
                         {server_name,"Prometheus Exporter"},
                         {modules,[prometheus_httpd]}],
                        15000,undefined]]}},
              {restart_type,permanent},
              {significant,false},
              {shutdown,infinity},
              {child_type,supervisor}]
 (supervisor:report_progress/3:2323)
2026-09-17 17:19:00.174092+00:00 [debug] PROGRESS REPORT:
    supervisor: {local,httpd_sup}
    started: [{pid,<0.979.0>},
              {id,{httpd_instance_sup,{127,0,0,1},9081,default}},
              {mfargs,
                  {httpd_instance_sup,start_link,
                      [[{bind_address,{127,0,0,1}},
                        {socket_type,ip_comm},
                        {port,9081},
                        {server_root,"run/mod_stats_prometheus/doc"},
                        {document_root,"run/mod_stats_prometheus/doc"},
                        {server_name,"Prometheus Exporter"},
                        {modules,[prometheus_httpd]}],
                       15000,[]]}},
              {restart_type,permanent},
              {significant,false},
              {shutdown,infinity},
              {child_type,supervisor}]
 (supervisor:report_progress/3:2333)
2026-09-17 17:19:00.174221+00:00 [info] Started mod_stats_prometheus (eturnal:start_modules/0:384)
2026-09-17 17:19:00.174310+00:00 [debug] Calling mod_log_stun:start/0 (eturnal_module:start/1:143)
2026-09-17 17:19:00.174425+00:00 [debug] Starting mod_log_stun (mod_log_stun:start/0:38)
2026-09-17 17:19:00.174631+00:00 [info] Started mod_log_stun (eturnal:start_modules/0:384)
2026-09-17 17:19:00.174760+00:00 [debug] Calling mod_stats_influx:start/0 (eturnal_module:start/1:143)
2026-09-17 17:19:00.175254+00:00 [debug] Starting mod_stats_influx (mod_stats_influx:start/0:37)
2026-09-17 17:19:00.180203+00:00 [debug] PROGRESS REPORT:
    application: ulitos
    started_at: nonode@nohost
 (application_controller:info_started/2:2154)
2026-09-17 17:19:00.181268+00:00 [debug] PROGRESS REPORT:
    application: poolboy
    started_at: nonode@nohost
 (application_controller:info_started/2:2154)
2026-09-17 17:19:00.182526+00:00 [info]     msg: Starting application: influx_udp (influx_udp_app:start/2:10)
2026-09-17 17:19:00.184950+00:00 [debug] PROGRESS REPORT:
    supervisor: {local,influx_udp_sup}
    started: [{pid,<0.995.0>},
              {id,influx_udp},
              {mfargs,{influx_udp,start_link,[]}},
              {restart_type,permanent},
              {significant,false},
              {shutdown,5000},
              {child_type,worker}]
 (supervisor:report_progress/3:2323)
2026-09-17 17:19:00.185084+00:00 [debug] PROGRESS REPORT:
    application: influx_udp
    started_at: nonode@nohost
 (application_controller:info_started/2:2154)
2026-09-17 17:19:00.185090+00:00 [debug] Dependency influx_udp was available already (eturnal_module:ensure_dep/2:284)
2026-09-17 17:19:00.189255+00:00 [info]     options: #{port => 8089,host => "localhost",pool_size => 1,
               max_overflow => 1}
    msg: Start clients pool
    host: {127,0,0,1} (influx_udp:start_pool_/2:239)
2026-09-17 17:19:00.197034+00:00 [info]     port: 38754
    msg: Open UDP socket on port (influx_udp_worker:init/1:43)
2026-09-17 17:19:00.197226+00:00 [debug] PROGRESS REPORT:
    supervisor: {local,influx_udp_sup}
    started: [{pid,<0.998.0>},
              {id,stats_influx_pool},
              {mfargs,
                  {poolboy,start_link,
                      [[{name,{local,stats_influx_pool}},
                        {worker_module,influx_udp_worker},
                        {size,1},
                        {max_overflow,1}],
                       [{options,
                            #{port => 8089,
                              host => {127,0,0,1},
                              pool_size => 1,max_overflow => 1}}]]}},
              {restart_type,permanent},
              {significant,false},
              {shutdown,5000},
              {child_type,worker}]
 (supervisor:report_progress/3:2333)
2026-09-17 17:19:00.197694+00:00 [info] Started mod_stats_influx (eturnal:start_modules/0:384)
2026-09-17 17:19:00.197973+00:00 [debug] Starting listener 127.0.0.1:34780 (udp) with options:
[{use_turn,true},
 {auth_type,user},
 {turn_ipv4_address,{127,0,0,1}},
 {turn_min_port,49152},
 {turn_max_port,65535},
 {turn_max_allocations,10},
 {turn_max_permissions,10},
 {shaper,100000},
 {auth_realm,<<"eturnal.net">>},
 {server_name,<<"eturnal">>},
 {auth_fun,fun eturnal:get_password/2},
 {hook_fun,fun eturnal:run_hook/2},
 {turn_blacklist_clients,[{{127,0,0,1},8}]},
 {turn_blacklist_peers,[{{10,0,0,0},8},
                        {{100,64,0,0},10},
                        {{127,0,0,0},8},
                        {{169,254,0,0},16},
                        {{172,16,0,0},12},
                        {{192,0,0,0},24},
                        {{192,0,2,0},24},
                        {{192,88,99,0},24},
                        {{192,168,0,0},16},
                        {{198,18,0,0},15},
                        {{198,51,100,0},24},
                        {{203,0,113,0},24},
                        {{224,0,0,0},4},
                        {{240,0,0,0},4},
                        {{0,0,0,0,0,0,0,1},128},
                        {{100,65435,0,0,0,0,0,0},96},
                        {{256,0,0,0,0,0,0,0},64},
                        {{8193,3512,0,0,0,0,0,0},32},
                        {{64512,0,0,0,0,0,0,0},7},
                        {{65152,0,0,0,0,0,0,0},10},
                        {{65280,0,0,0,0,0,0,0},8}]},
 {turn_whitelist_clients,[{{127,0,0,1},32}]},
 {turn_whitelist_peers,[{{127,0,0,1},32},
                        {{203,0,113,113},32},
                        {{8193,3512,0,0,0,0,0,0},64}]}] (eturnal:start_listeners/0:419)
2026-09-17 17:19:00.209635+00:00 [info] Listening on 127.0.0.1:34780 (udp) (STUN/TURN) (eturnal:start_listeners/0:426)
2026-09-17 17:19:00.209812+00:00 [debug] Starting listener 127.0.0.1:34780 (tcp) with options:
[{use_turn,false},
 {auth_type,anonymous},
 {turn_ipv4_address,{127,0,0,1}},
 {turn_min_port,49152},
 {turn_max_port,65535},
 {turn_max_allocations,10},
 {turn_max_permissions,10},
 {shaper,100000},
 {auth_realm,<<"eturnal.net">>},
 {server_name,<<"eturnal">>},
 {auth_fun,fun eturnal:get_password/2},
 {hook_fun,fun eturnal:run_hook/2},
 {turn_blacklist_clients,[{{127,0,0,1},8}]},
 {turn_blacklist_peers,[{{10,0,0,0},8},
                        {{100,64,0,0},10},
                        {{127,0,0,0},8},
                        {{169,254,0,0},16},
                        {{172,16,0,0},12},
                        {{192,0,0,0},24},
                        {{192,0,2,0},24},
                        {{192,88,99,0},24},
                        {{192,168,0,0},16},
                        {{198,18,0,0},15},
                        {{198,51,100,0},24},
                        {{203,0,113,0},24},
                        {{224,0,0,0},4},
                        {{240,0,0,0},4},
                        {{0,0,0,0,0,0,0,1},128},
                        {{100,65435,0,0,0,0,0,0},96},
                        {{256,0,0,0,0,0,0,0},64},
                        {{8193,3512,0,0,0,0,0,0},32},
                        {{64512,0,0,0,0,0,0,0},7},
                        {{65152,0,0,0,0,0,0,0},10},
                        {{65280,0,0,0,0,0,0,0},8}]},
 {turn_whitelist_clients,[{{127,0,0,1},32}]},
 {turn_whitelist_peers,[{{127,0,0,1},32},
                        {{203,0,113,113},32},
                        {{8193,3512,0,0,0,0,0,0},64}]}] (eturnal:start_listeners/0:419)
2026-09-17 17:19:00.210401+00:00 [info] Listening on 127.0.0.1:34780 (tcp) (STUN only) (eturnal:start_listeners/0:426)
2026-09-17 17:19:00.210528+00:00 [debug] Starting listener 127.0.0.1:53490 (tls) with options:
[{use_turn,false},
 {auth_type,anonymous},
 {tls,true},
 {certfile,<<"run/cert.pem">>},
 {ciphers,<<"HIGH:!aNULL:@STRENGTH">>},
 {protocol_options,<<"no_tlsv1|no_tlsv1_1|cipher_server_preference">>},
 {turn_ipv4_address,{127,0,0,1}},
 {turn_min_port,49152},
 {turn_max_port,65535},
 {turn_max_allocations,10},
 {turn_max_permissions,10},
 {shaper,100000},
 {auth_realm,<<"eturnal.net">>},
 {server_name,<<"eturnal">>},
 {auth_fun,fun eturnal:get_password/2},
 {hook_fun,fun eturnal:run_hook/2},
 {turn_blacklist_clients,[{{127,0,0,1},8}]},
 {turn_blacklist_peers,[{{10,0,0,0},8},
                        {{100,64,0,0},10},
                        {{127,0,0,0},8},
                        {{169,254,0,0},16},
                        {{172,16,0,0},12},
                        {{192,0,0,0},24},
                        {{192,0,2,0},24},
                        {{192,88,99,0},24},
                        {{192,168,0,0},16},
                        {{198,18,0,0},15},
                        {{198,51,100,0},24},
                        {{203,0,113,0},24},
                        {{224,0,0,0},4},
                        {{240,0,0,0},4},
                        {{0,0,0,0,0,0,0,1},128},
                        {{100,65435,0,0,0,0,0,0},96},
                        {{256,0,0,0,0,0,0,0},64},
                        {{8193,3512,0,0,0,0,0,0},32},
                        {{64512,0,0,0,0,0,0,0},7},
                        {{65152,0,0,0,0,0,0,0},10},
                        {{65280,0,0,0,0,0,0,0},8}]},
 {turn_whitelist_clients,[{{127,0,0,1},32}]},
 {turn_whitelist_peers,[{{127,0,0,1},32},
                        {{203,0,113,113},32},
                        {{8193,3512,0,0,0,0,0,0},64}]}] (eturnal:start_listeners/0:419)
2026-09-17 17:19:00.211181+00:00 [info] Listening on 127.0.0.1:53490 (tls) (STUN only) (eturnal:start_listeners/0:426)
2026-09-17 17:19:00.211299+00:00 [debug] Starting listener 127.0.0.1:34781 (auto) with options:
[{use_turn,false},
 {auth_type,anonymous},
 {tls,optional},
 {certfile,<<"run/cert.pem">>},
 {ciphers,<<"HIGH:!aNULL:@STRENGTH">>},
 {protocol_options,<<"no_tlsv1|no_tlsv1_1|cipher_server_preference">>},
 {turn_ipv4_address,{127,0,0,1}},
 {turn_min_port,49152},
 {turn_max_port,65535},
 {turn_max_allocations,10},
 {turn_max_permissions,10},
 {shaper,100000},
 {auth_realm,<<"eturnal.net">>},
 {server_name,<<"eturnal">>},
 {auth_fun,fun eturnal:get_password/2},
 {hook_fun,fun eturnal:run_hook/2},
 {turn_blacklist_clients,[{{127,0,0,1},8}]},
 {turn_blacklist_peers,[{{10,0,0,0},8},
                        {{100,64,0,0},10},
                        {{127,0,0,0},8},
                        {{169,254,0,0},16},
                        {{172,16,0,0},12},
                        {{192,0,0,0},24},
                        {{192,0,2,0},24},
                        {{192,88,99,0},24},
                        {{192,168,0,0},16},
                        {{198,18,0,0},15},
                        {{198,51,100,0},24},
                        {{203,0,113,0},24},
                        {{224,0,0,0},4},
                        {{240,0,0,0},4},
                        {{0,0,0,0,0,0,0,1},128},
                        {{100,65435,0,0,0,0,0,0},96},
                        {{256,0,0,0,0,0,0,0},64},
                        {{8193,3512,0,0,0,0,0,0},32},
                        {{64512,0,0,0,0,0,0,0},7},
                        {{65152,0,0,0,0,0,0,0},10},
                        {{65280,0,0,0,0,0,0,0},8}]},
 {turn_whitelist_clients,[{{127,0,0,1},32}]},
 {turn_whitelist_peers,[{{127,0,0,1},32},
                        {{203,0,113,113},32},
                        {{8193,3512,0,0,0,0,0,0},64}]}] (eturnal:start_listeners/0:419)
2026-09-17 17:19:00.226265+00:00 [info] Listening on 127.0.0.1:34781 (auto) (STUN only) (eturnal:start_listeners/0:426)
2026-09-17 17:19:00.226424+00:00 [debug] Started 3 modules (eturnal:init/1:105)
2026-09-17 17:19:00.226503+00:00 [debug] Started 4 listeners (eturnal:init/1:106)
2026-09-17 17:19:00.226622+00:00 [debug] PROGRESS REPORT:
    supervisor: {local,eturnal_sup}
    started: [{pid,<0.962.0>},
              {id,eturnal},
              {mfargs,{eturnal,start_link,[]}},
              {restart_type,permanent},
              {significant,false},
              {shutdown,5000},
              {child_type,worker}]
 (supervisor:report_progress/3:2323)
2026-09-17 17:19:00.226753+00:00 [debug] No NOTIFY_SOCKET, dropping READY=1 notification (eturnal_systemd:handle_cast/2:99)
2026-09-17 17:19:00.226767+00:00 [debug] PROGRESS REPORT:
    application: eturnal
    started_at: nonode@nohost
 (application_controller:info_started/2:2154)
2026-09-17 17:19:00.255821+00:00 [debug] Handling API call: get_status() (eturnal_ctl:get_status/0:109)
2026-09-17 17:19:00.255938+00:00 [debug] eturnal call (get_status) returned ok (eturnal_ctl:call/1:439)
2026-09-17 17:19:00.280052+00:00 [debug] Handling API call: get_info() (eturnal_ctl:get_info/0:119)
2026-09-17 17:19:00.280571+00:00 [debug] eturnal call (get_info) returned {ok,
                                  {eturnal_node_info,<<"1.12.3">>,
                                   {"29","17.1"},
                                   3173,0,180,88645471,1,56961960}} (eturnal_ctl:call/1:442)
2026-09-17 17:19:00.303622+00:00 [debug] Handling API call: get_sessions() (eturnal_ctl:get_sessions/0:95)
2026-09-17 17:19:00.326713+00:00 [debug] Handling API call: get_sessions("alice") (eturnal_ctl:get_sessions/1:100)
2026-09-17 17:19:00.327014+00:00 [debug] Handling API call: get_sessions("1256900400:alice") (eturnal_ctl:get_sessions/1:100)
2026-09-17 17:19:00.327310+00:00 [debug] Handling API call: get_sessions(alice) (eturnal_ctl:get_sessions/1:100)
2026-09-17 17:19:00.327418+00:00 [debug] Cannot convert user name to binary: alice (eturnal_ctl:with_username/2:201)
2026-09-17 17:19:00.350599+00:00 [debug] Handling API call: disconnect("alice") (eturnal_ctl:disconnect/1:168)
2026-09-17 17:19:00.350867+00:00 [debug] Handling API call: disconnect(alice) (eturnal_ctl:disconnect/1:168)
2026-09-17 17:19:00.350985+00:00 [debug] Cannot convert user name to binary: alice (eturnal_ctl:with_username/2:201)
2026-09-17 17:19:00.374481+00:00 [debug] Handling API call: get_credentials("2009-10-30 11:00:00Z", []) (eturnal_ctl:get_credentials/2:60)
2026-09-17 17:19:00.374662+00:00 [debug] eturnal call ({get_password,<<"1256900400">>}) returned {ok,
                                                         <<"uEKlpcME7MNMMVRV8rUFPCTIFEs=">>} (eturnal_ctl:call/1:442)
2026-09-17 17:19:00.380451+00:00 [debug] Handling API call: get_credentials("86400", "alice") (eturnal_ctl:get_credentials/2:60)
2026-09-17 17:19:00.380606+00:00 [debug] eturnal call ({get_password,<<"1789751940:alice">>}) returned {ok,
                                                               <<"EUx1XVRSRgJM2HU0ryUAo/nn1pQ=">>} (eturnal_ctl:call/1:442)
2026-09-17 17:19:00.380756+00:00 [debug] Handling API call: get_password("1789751940:alice") (eturnal_ctl:get_password/1:79)
2026-09-17 17:19:00.380851+00:00 [debug] eturnal call ({get_password,<<"1789751940:alice">>}) returned {ok,
                                                               <<"EUx1XVRSRgJM2HU0ryUAo/nn1pQ=">>} (eturnal_ctl:call/1:442)
2026-09-17 17:19:00.381011+00:00 [debug] Handling API call: get_credentials("86400s", "alice") (eturnal_ctl:get_credentials/2:60)
2026-09-17 17:19:00.381146+00:00 [debug] eturnal call ({get_password,<<"1789751940:alice">>}) returned {ok,
                                                               <<"EUx1XVRSRgJM2HU0ryUAo/nn1pQ=">>} (eturnal_ctl:call/1:442)
2026-09-17 17:19:00.381286+00:00 [debug] Handling API call: get_password("1789751940:alice") (eturnal_ctl:get_password/1:79)
2026-09-17 17:19:00.381404+00:00 [debug] eturnal call ({get_password,<<"1789751940:alice">>}) returned {ok,
                                                               <<"EUx1XVRSRgJM2HU0ryUAo/nn1pQ=">>} (eturnal_ctl:call/1:442)
2026-09-17 17:19:00.381555+00:00 [debug] Handling API call: get_credentials("1440m", "alice") (eturnal_ctl:get_credentials/2:60)
2026-09-17 17:19:00.381674+00:00 [debug] eturnal call ({get_password,<<"1789751940:alice">>}) returned {ok,
                                                               <<"EUx1XVRSRgJM2HU0ryUAo/nn1pQ=">>} (eturnal_ctl:call/1:442)
2026-09-17 17:19:00.381827+00:00 [debug] Handling API call: get_password("1789751940:alice") (eturnal_ctl:get_password/1:79)
2026-09-17 17:19:00.381935+00:00 [debug] eturnal call ({get_password,<<"1789751940:alice">>}) returned {ok,
                                                               <<"EUx1XVRSRgJM2HU0ryUAo/nn1pQ=">>} (eturnal_ctl:call/1:442)
2026-09-17 17:19:00.382115+00:00 [debug] Handling API call: get_credentials("24h", "alice") (eturnal_ctl:get_credentials/2:60)
2026-09-17 17:19:00.382269+00:00 [debug] eturnal call ({get_password,<<"1789751940:alice">>}) returned {ok,
                                                               <<"EUx1XVRSRgJM2HU0ryUAo/nn1pQ=">>} (eturnal_ctl:call/1:442)
2026-09-17 17:19:00.382399+00:00 [debug] Handling API call: get_password("1789751940:alice") (eturnal_ctl:get_password/1:79)
2026-09-17 17:19:00.382520+00:00 [debug] eturnal call ({get_password,<<"1789751940:alice">>}) returned {ok,
                                                               <<"EUx1XVRSRgJM2HU0ryUAo/nn1pQ=">>} (eturnal_ctl:call/1:442)
2026-09-17 17:19:00.382693+00:00 [debug] Handling API call: get_credentials("1d", "alice") (eturnal_ctl:get_credentials/2:60)
2026-09-17 17:19:00.382871+00:00 [debug] eturnal call ({get_password,<<"1789751940:alice">>}) returned {ok,
                                                               <<"EUx1XVRSRgJM2HU0ryUAo/nn1pQ=">>} (eturnal_ctl:call/1:442)
2026-09-17 17:19:00.383014+00:00 [debug] Handling API call: get_password("1789751940:alice") (eturnal_ctl:get_password/1:79)
2026-09-17 17:19:00.383126+00:00 [debug] eturnal call ({get_password,<<"1789751940:alice">>}) returned {ok,
                                                               <<"EUx1XVRSRgJM2HU0ryUAo/nn1pQ=">>} (eturnal_ctl:call/1:442)
2026-09-17 17:19:00.383290+00:00 [debug] Handling API call: get_password("Invalid") (eturnal_ctl:get_password/1:79)
2026-09-17 17:19:00.383406+00:00 [debug] eturnal call ({get_password,<<"Invalid">>}) returned {error,no_credentials} (eturnal_ctl:call/1:445)
2026-09-17 17:19:00.383518+00:00 [debug] Handling API call: get_credentials("Invalid", []) (eturnal_ctl:get_credentials/2:60)
2026-09-17 17:19:00.383608+00:00 [debug] Invalid argument(s): "Invalid":[] (eturnal_ctl:get_credentials/2:73)
2026-09-17 17:19:00.383689+00:00 [debug] Handling API call: get_password(invalid) (eturnal_ctl:get_password/1:79)
2026-09-17 17:19:00.383801+00:00 [debug] Cannot convert user name to binary: invalid (eturnal_ctl:with_username/2:201)
2026-09-17 17:19:00.383890+00:00 [debug] Handling API call: get_credentials(invalid, []) (eturnal_ctl:get_credentials/2:60)
2026-09-17 17:19:00.383985+00:00 [debug] Invalid argument(s): invalid:[] (eturnal_ctl:get_credentials/2:73)
2026-09-17 17:19:00.384068+00:00 [debug] Handling API call: get_password([invalid]) (eturnal_ctl:get_password/1:79)
2026-09-17 17:19:00.384162+00:00 [debug] Cannot convert user name to binary: [invalid] (eturnal_ctl:with_username/2:201)
2026-09-17 17:19:00.384254+00:00 [debug] Handling API call: get_credentials([invalid], []) (eturnal_ctl:get_credentials/2:60)
2026-09-17 17:19:00.384358+00:00 [debug] Invalid argument(s): [invalid]:[] (eturnal_ctl:get_credentials/2:73)
2026-09-17 17:19:00.384513+00:00 [debug] Handling API call: get_credentials(1256900400, invalid) (eturnal_ctl:get_credentials/2:60)
2026-09-17 17:19:00.384623+00:00 [debug] Invalid argument(s): 1256900400:invalid (eturnal_ctl:get_credentials/2:73)
2026-09-17 17:19:00.384794+00:00 [debug] Handling API call: get_password("alice") (eturnal_ctl:get_password/1:79)
2026-09-17 17:19:00.384900+00:00 [debug] eturnal call ({get_password,<<"alice">>}) returned {ok,<<"l0vesBob">>} (eturnal_ctl:call/1:442)
2026-09-17 17:19:00.408628+00:00 [debug] Handling API call: set_loglevel(debug) (eturnal_ctl:set_loglevel/1:149)
2026-09-17 17:19:00.408812+00:00 [debug] eturnal call ({set_loglevel,debug}) returned ok (eturnal_ctl:call/1:439)
2026-09-17 17:19:00.408980+00:00 [debug] Handling API call: get_loglevel() (eturnal_ctl:get_loglevel/0:139)
2026-09-17 17:19:00.409109+00:00 [debug] eturnal call (get_loglevel) returned {ok,debug} (eturnal_ctl:call/1:442)
2026-09-17 17:19:00.409296+00:00 [debug] Handling API call: set_loglevel(invalid) (eturnal_ctl:set_loglevel/1:149)
2026-09-17 17:19:00.409392+00:00 [debug] Invalid log level: invalid (eturnal_ctl:set_loglevel/1:159)
2026-09-17 17:19:00.409543+00:00 [debug] Handling API call: get_loglevel() (eturnal_ctl:get_loglevel/0:139)
2026-09-17 17:19:00.409635+00:00 [debug] eturnal call (get_loglevel) returned {ok,debug} (eturnal_ctl:call/1:442)
2026-09-17 17:19:00.432706+00:00 [debug] Handling API call: get_version() (eturnal_ctl:get_version/0:129)
2026-09-17 17:19:00.432871+00:00 [debug] eturnal call (get_version) returned {ok,<<"1.12.3">>} (eturnal_ctl:call/1:442)
2026-09-17 17:19:00.456530+00:00 [debug] Handling API call: reload() (eturnal_ctl:reload/0:179)
2026-09-17 17:19:00.458536+00:00 [debug] Calling mod_log_stun:options/0 (eturnal_module:options/1:192)
2026-09-17 17:19:00.458680+00:00 [debug] Calling mod_stats_influx:options/0 (eturnal_module:options/1:192)
2026-09-17 17:19:00.458795+00:00 [debug] Calling mod_stats_prometheus:options/0 (eturnal_module:options/1:192)
2026-09-17 17:19:00.459365+00:00 [info] Reloading configuration (eturnal:reload/1:627)
2026-09-17 17:19:00.459465+00:00 [warning] TLS enabled without 'tls_crt_file', creating self-signed certificate (eturnal:check_pem_file/0:809)
2026-09-17 17:19:02.409916+00:00 [info] Using new TLS certificate (eturnal:reload/1:631)
2026-09-17 17:19:02.410776+00:00 [debug] Calling mod_stats_prometheus:stop/1 (eturnal_module:stop/1:163)
2026-09-17 17:19:02.410891+00:00 [debug] Stopping mod_stats_prometheus (mod_stats_prometheus:stop/0:110)
2026-09-17 17:19:02.411172+00:00 [info] Stopped mod_stats_prometheus (eturnal:stop_modules/1:397)
2026-09-17 17:19:02.412472+00:00 [debug] Calling mod_log_stun:stop/1 (eturnal_module:stop/1:163)
2026-09-17 17:19:02.412572+00:00 [debug] Stopping mod_log_stun (mod_log_stun:stop/0:49)
2026-09-17 17:19:02.412679+00:00 [info] Stopped mod_log_stun (eturnal:stop_modules/1:397)
2026-09-17 17:19:02.413396+00:00 [debug] Calling mod_stats_influx:stop/1 (eturnal_module:stop/1:163)
2026-09-17 17:19:02.413496+00:00 [debug] Stopping mod_stats_influx (mod_stats_influx:stop/0:61)
2026-09-17 17:19:02.413591+00:00 [info] Stopped mod_stats_influx (eturnal:stop_modules/1:397)
2026-09-17 17:19:02.413676+00:00 [debug] Calling mod_stats_prometheus:start/0 (eturnal_module:start/1:143)
2026-09-17 17:19:02.413777+00:00 [debug] Starting mod_stats_prometheus (mod_stats_prometheus:start/0:56)
2026-09-17 17:19:02.413879+00:00 [debug] Dependency prometheus_httpd was available already (eturnal_module:ensure_dep/2:284)
2026-09-17 17:19:02.414363+00:00 [debug] PROGRESS REPORT:
    supervisor: {local,httpd_instance_sup__127_0_0_1__9081default}
    started: [{pid,<0.1128.0>},
              {id,{httpd_connection_sup,{127,0,0,1},9081,default}},
              {mfargs,{httpd_connection_sup,start_link,[[{127,0,0,1},9081]]}},
              {restart_type,permanent},
              {significant,false},
              {shutdown,5000},
              {child_type,supervisor}]
 (supervisor:report_progress/3:2323)
2026-09-17 17:19:02.414507+00:00 [debug] PROGRESS REPORT:
    supervisor: {local,httpd_instance_sup__127_0_0_1__9081default}
    started: [{pid,<0.1129.0>},
              {id,{httpd_misc_sup,{127,0,0,1},9081,default}},
              {mfargs,{httpd_misc_sup,start_link,[{127,0,0,1},9081,default]}},
              {restart_type,permanent},
              {significant,false},
              {shutdown,infinity},
              {child_type,supervisor}]
 (supervisor:report_progress/3:2323)
2026-09-17 17:19:02.414799+00:00 [debug] PROGRESS REPORT:
    supervisor: {local,httpd_instance_sup__127_0_0_1__9081default}
    started: [{pid,<0.1130.0>},
              {id,{httpd_manager,{127,0,0,1},9081,default}},
              {mfargs,
                  {httpd_manager,start_link,
                      [undefined,
                       [{bind_address,{127,0,0,1}},
                        {socket_type,ip_comm},
                        {port,9081},
                        {server_root,"run/mod_stats_prometheus/doc"},
                        {document_root,"run/mod_stats_prometheus/doc"},
                        {server_name,"Prometheus Exporter"},
                        {modules,[prometheus_httpd]}],
                       15000]}},
              {restart_type,permanent},
              {significant,false},
              {shutdown,4000},
              {child_type,worker}]
 (supervisor:report_progress/3:2323)
2026-09-17 17:19:02.415106+00:00 [debug] PROGRESS REPORT:
    supervisor: {local,httpd_acceptor_sup__127_0_0_1__9081default}
    started: [{pid,<0.1132.0>},
              {id,{httpd_acceptor_sup,{127,0,0,1},9081,default}},
              {mfargs,{httpd_acceptor,start_link,
                                      [httpd__127_0_0_1__9081default,ip_comm,
                                       {127,0,0,1},
                                       9081,inet,
                                       httpd_conf__127_0_0_1__9081default,
                                       15000]}},
              {restart_type,transient},
              {significant,false},
              {shutdown,brutal_kill},
              {child_type,worker}]
 (supervisor:report_progress/3:2323)
2026-09-17 17:19:02.415277+00:00 [debug] PROGRESS REPORT:
    supervisor: {local,httpd_instance_sup__127_0_0_1__9081default}
    started: [{pid,<0.1131.0>},
              {id,{httpd_acceptor_sup,{127,0,0,1},9081,default}},
              {mfargs,
                  {httpd_acceptor_sup,start_link,
                      [[{127,0,0,1},
                        9081,
                        [{bind_address,{127,0,0,1}},
                         {socket_type,ip_comm},
                         {port,9081},
                         {server_root,"run/mod_stats_prometheus/doc"},
                         {document_root,"run/mod_stats_prometheus/doc"},
                         {server_name,"Prometheus Exporter"},
                         {modules,[prometheus_httpd]}],
                        15000,undefined]]}},
              {restart_type,permanent},
              {significant,false},
              {shutdown,infinity},
              {child_type,supervisor}]
 (supervisor:report_progress/3:2323)
2026-09-17 17:19:02.415399+00:00 [debug] PROGRESS REPORT:
    supervisor: {local,httpd_sup}
    started: [{pid,<0.1127.0>},
              {id,{httpd_instance_sup,{127,0,0,1},9081,default}},
              {mfargs,
                  {httpd_instance_sup,start_link,
                      [[{bind_address,{127,0,0,1}},
                        {socket_type,ip_comm},
                        {port,9081},
                        {server_root,"run/mod_stats_prometheus/doc"},
                        {document_root,"run/mod_stats_prometheus/doc"},
                        {server_name,"Prometheus Exporter"},
                        {modules,[prometheus_httpd]}],
                       15000,[]]}},
              {restart_type,permanent},
              {significant,false},
              {shutdown,infinity},
              {child_type,supervisor}]
 (supervisor:report_progress/3:2333)
2026-09-17 17:19:02.416595+00:00 [info] Started mod_stats_prometheus (eturnal:start_modules/0:384)
2026-09-17 17:19:02.416701+00:00 [debug] Calling mod_log_stun:start/0 (eturnal_module:start/1:143)
2026-09-17 17:19:02.416813+00:00 [debug] Starting mod_log_stun (mod_log_stun:start/0:38)
2026-09-17 17:19:02.417709+00:00 [info] Started mod_log_stun (eturnal:start_modules/0:384)
2026-09-17 17:19:02.417818+00:00 [debug] Calling mod_stats_influx:start/0 (eturnal_module:start/1:143)
2026-09-17 17:19:02.417879+00:00 [debug] Starting mod_stats_influx (mod_stats_influx:start/0:37)
2026-09-17 17:19:02.418158+00:00 [debug] Dependency influx_udp was available already (eturnal_module:ensure_dep/2:284)
2026-09-17 17:19:02.418610+00:00 [info]     options: #{port => 8089,host => "localhost",pool_size => 1,
               max_overflow => 1}
    msg: Start clients pool
    host: {127,0,0,1} (influx_udp:start_pool_/2:239)
2026-09-17 17:19:02.420388+00:00 [info] Started mod_stats_influx (eturnal:start_modules/0:384)
2026-09-17 17:19:02.420497+00:00 [debug] Restarted modules (eturnal:reload/1:639)
2026-09-17 17:19:02.420568+00:00 [debug] eturnal call (reload) returned ok (eturnal_ctl:call/1:439)
2026-09-17 17:19:02.420971+00:00 [debug] Handling API call: reload() (eturnal_ctl:reload/0:179)
2026-09-17 17:19:02.422790+00:00 [debug] Calling mod_log_stun:options/0 (eturnal_module:options/1:192)
2026-09-17 17:19:02.422905+00:00 [debug] Calling mod_stats_influx:options/0 (eturnal_module:options/1:192)
2026-09-17 17:19:02.423004+00:00 [debug] Calling mod_stats_prometheus:options/0 (eturnal_module:options/1:192)
2026-09-17 17:19:02.423557+00:00 [info] Reloading configuration (eturnal:reload/1:627)
2026-09-17 17:19:02.423796+00:00 [debug] Keeping PEM file (run/cert.pem) (eturnal:check_pem_file/0:806)
2026-09-17 17:19:02.423904+00:00 [debug] TLS certificate unchanged (eturnal:reload/1:633)
2026-09-17 17:19:02.426606+00:00 [debug] Calling mod_stats_prometheus:stop/1 (eturnal_module:stop/1:163)
2026-09-17 17:19:02.426748+00:00 [debug] Stopping mod_stats_prometheus (mod_stats_prometheus:stop/0:110)
2026-09-17 17:19:02.427019+00:00 [info] Stopped mod_stats_prometheus (eturnal:stop_modules/1:397)
2026-09-17 17:19:02.428639+00:00 [debug] Calling mod_log_stun:stop/1 (eturnal_module:stop/1:163)
2026-09-17 17:19:02.429006+00:00 [debug] Stopping mod_log_stun (mod_log_stun:stop/0:49)
2026-09-17 17:19:02.429201+00:00 [info] Stopped mod_log_stun (eturnal:stop_modules/1:397)
2026-09-17 17:19:02.429513+00:00 [debug] Calling mod_stats_influx:stop/1 (eturnal_module:stop/1:163)
2026-09-17 17:19:02.429602+00:00 [debug] Stopping mod_stats_influx (mod_stats_influx:stop/0:61)
2026-09-17 17:19:02.429696+00:00 [info] Stopped mod_stats_influx (eturnal:stop_modules/1:397)
2026-09-17 17:19:02.429822+00:00 [debug] Calling mod_stats_prometheus:start/0 (eturnal_module:start/1:143)
2026-09-17 17:19:02.429916+00:00 [debug] Starting mod_stats_prometheus (mod_stats_prometheus:start/0:56)
2026-09-17 17:19:02.430002+00:00 [debug] Dependency prometheus_httpd was available already (eturnal_module:ensure_dep/2:284)
2026-09-17 17:19:02.430581+00:00 [debug] PROGRESS REPORT:
    supervisor: {local,httpd_instance_sup__127_0_0_1__9081default}
    started: [{pid,<0.1164.0>},
              {id,{httpd_connection_sup,{127,0,0,1},9081,default}},
              {mfargs,{httpd_connection_sup,start_link,[[{127,0,0,1},9081]]}},
              {restart_type,permanent},
              {significant,false},
              {shutdown,5000},
              {child_type,supervisor}]
 (supervisor:report_progress/3:2323)
2026-09-17 17:19:02.430767+00:00 [debug] PROGRESS REPORT:
    supervisor: {local,httpd_instance_sup__127_0_0_1__9081default}
    started: [{pid,<0.1165.0>},
              {id,{httpd_misc_sup,{127,0,0,1},9081,default}},
              {mfargs,{httpd_misc_sup,start_link,[{127,0,0,1},9081,default]}},
              {restart_type,permanent},
              {significant,false},
              {shutdown,infinity},
              {child_type,supervisor}]
 (supervisor:report_progress/3:2323)
2026-09-17 17:19:02.431087+00:00 [debug] PROGRESS REPORT:
    supervisor: {local,httpd_instance_sup__127_0_0_1__9081default}
    started: [{pid,<0.1166.0>},
              {id,{httpd_manager,{127,0,0,1},9081,default}},
              {mfargs,
                  {httpd_manager,start_link,
                      [undefined,
                       [{bind_address,{127,0,0,1}},
                        {socket_type,ip_comm},
                        {port,9081},
                        {server_root,"run/mod_stats_prometheus/doc"},
                        {document_root,"run/mod_stats_prometheus/doc"},
                        {server_name,"Prometheus Exporter"},
                        {modules,[prometheus_httpd]}],
                       15000]}},
              {restart_type,permanent},
              {significant,false},
              {shutdown,4000},
              {child_type,worker}]
 (supervisor:report_progress/3:2323)
2026-09-17 17:19:02.431371+00:00 [debug] PROGRESS REPORT:
    supervisor: {local,httpd_acceptor_sup__127_0_0_1__9081default}
    started: [{pid,<0.1168.0>},
              {id,{httpd_acceptor_sup,{127,0,0,1},9081,default}},
              {mfargs,{httpd_acceptor,start_link,
                                      [httpd__127_0_0_1__9081default,ip_comm,
                                       {127,0,0,1},
                                       9081,inet,
                                       httpd_conf__127_0_0_1__9081default,
                                       15000]}},
              {restart_type,transient},
              {significant,false},
              {shutdown,brutal_kill},
              {child_type,worker}]
 (supervisor:report_progress/3:2323)
2026-09-17 17:19:02.431500+00:00 [debug] PROGRESS REPORT:
    supervisor: {local,httpd_instance_sup__127_0_0_1__9081default}
    started: [{pid,<0.1167.0>},
              {id,{httpd_acceptor_sup,{127,0,0,1},9081,default}},
              {mfargs,
                  {httpd_acceptor_sup,start_link,
                      [[{127,0,0,1},
                        9081,
                        [{bind_address,{127,0,0,1}},
                         {socket_type,ip_comm},
                         {port,9081},
                         {server_root,"run/mod_stats_prometheus/doc"},
                         {document_root,"run/mod_stats_prometheus/doc"},
                         {server_name,"Prometheus Exporter"},
                         {modules,[prometheus_httpd]}],
                        15000,undefined]]}},
              {restart_type,permanent},
              {significant,false},
              {shutdown,infinity},
              {child_type,supervisor}]
 (supervisor:report_progress/3:2323)
2026-09-17 17:19:02.431626+00:00 [debug] PROGRESS REPORT:
    supervisor: {local,httpd_sup}
    started: [{pid,<0.1163.0>},
              {id,{httpd_instance_sup,{127,0,0,1},9081,default}},
              {mfargs,
                  {httpd_instance_sup,start_link,
                      [[{bind_address,{127,0,0,1}},
                        {socket_type,ip_comm},
                        {port,9081},
                        {server_root,"run/mod_stats_prometheus/doc"},
                        {document_root,"run/mod_stats_prometheus/doc"},
                        {server_name,"Prometheus Exporter"},
                        {modules,[prometheus_httpd]}],
                       15000,[]]}},
              {restart_type,permanent},
              {significant,false},
              {shutdown,infinity},
              {child_type,supervisor}]
 (supervisor:report_progress/3:2333)
2026-09-17 17:19:02.432406+00:00 [info] Started mod_stats_prometheus (eturnal:start_modules/0:384)
2026-09-17 17:19:02.432543+00:00 [debug] Calling mod_log_stun:start/0 (eturnal_module:start/1:143)
2026-09-17 17:19:02.432650+00:00 [debug] Starting mod_log_stun (mod_log_stun:start/0:38)
2026-09-17 17:19:02.433659+00:00 [info] Started mod_log_stun (eturnal:start_modules/0:384)
2026-09-17 17:19:02.433784+00:00 [debug] Calling mod_stats_influx:start/0 (eturnal_module:start/1:143)
2026-09-17 17:19:02.433867+00:00 [debug] Starting mod_stats_influx (mod_stats_influx:start/0:37)
2026-09-17 17:19:02.433986+00:00 [debug] Dependency influx_udp was available already (eturnal_module:ensure_dep/2:284)
2026-09-17 17:19:02.434208+00:00 [info]     options: #{port => 8089,host => "localhost",pool_size => 1,
               max_overflow => 1}
    msg: Start clients pool
    host: {127,0,0,1} (influx_udp:start_pool_/2:239)
2026-09-17 17:19:02.436280+00:00 [info] Started mod_stats_influx (eturnal:start_modules/0:384)
2026-09-17 17:19:02.436421+00:00 [debug] Restarted modules (eturnal:reload/1:639)
2026-09-17 17:19:02.436546+00:00 [debug] eturnal call (reload) returned ok (eturnal_ctl:call/1:439)
2026-09-17 17:19:02.460822+00:00 [info] Accepting connection: 127.0.0.1:56116 -> 127.0.0.1:34780 [TCP, session 2zubbmrg7u9z] (stun_acceptor:accept/3:158)
2026-09-17 17:19:02.484065+00:00 [info] Accepting connection: 127.0.0.1:46668 -> 127.0.0.1:53490 [TLS, session uzff3yepzb3n] (stun_acceptor:accept/3:158)
2026-09-17 17:19:02.512235+00:00 [debug] Received:
#stun{class = request,method = 3,magic = 554869826,
      trid = 40393044516461368110086542083,raw = <<>>,unsupported = [],
      'ALTERNATE-SERVER' = undefined,'CHANNEL-NUMBER' = undefined,
      'DATA' = undefined,'DONT-FRAGMENT' = false,'ERROR-CODE' = undefined,
      'LIFETIME' = undefined,'MAPPED-ADDRESS' = undefined,
      'MESSAGE-INTEGRITY' = undefined,'NONCE' = undefined,'REALM' = undefined,
      'REQUESTED-ADDRESS-FAMILY' = undefined,
      'REQUESTED-TRANSPORT' = undefined,'SOFTWARE' = undefined,
      'UNKNOWN-ATTRIBUTES' = [],'USERNAME' = undefined,
      'XOR-MAPPED-ADDRESS' = undefined,'XOR-PEER-ADDRESS' = [],
      'XOR-RELAYED-ADDRESS' = undefined} (stun:udp_recv/5:146)
2026-09-17 17:19:02.512365+00:00 [debug] Sending:
#stun{class = error,method = 3,magic = 554869826,
      trid = 40393044516461368110086542083,raw = <<>>,unsupported = [],
      'ALTERNATE-SERVER' = undefined,'CHANNEL-NUMBER' = undefined,
      'DATA' = undefined,'DONT-FRAGMENT' = false,
      'ERROR-CODE' = {401,<<"Unauthorized">>},
      'LIFETIME' = undefined,'MAPPED-ADDRESS' = undefined,
      'MESSAGE-INTEGRITY' = undefined,'NONCE' = <<"4115214648">>,
      'REALM' = <<"eturnal.net">>,'REQUESTED-ADDRESS-FAMILY' = undefined,
      'REQUESTED-TRANSPORT' = undefined,'SOFTWARE' = <<"eturnal">>,
      'UNKNOWN-ATTRIBUTES' = [],'USERNAME' = undefined,
      'XOR-MAPPED-ADDRESS' = undefined,'XOR-PEER-ADDRESS' = [],
      'XOR-RELAYED-ADDRESS' = undefined} (stun:send/3:500)
2026-09-17 17:19:02.512658+00:00 [debug] Received:
#stun{class = request,method = 3,magic = 554869826,
      trid = 4266179984697364606479496875,
      raw = <<0,3,0,76,33,18,164,66,13,200,230,192,97,147,61,45,44,99,246,171,
              0,25,0,4,17,0,0,0,0,6,0,5,97,108,105,99,101,0,0,0,0,20,0,11,101,
              116,117,114,110,97,108,46,110,101,116,0,0,21,0,10,52,49,49,53,50,
              49,52,54,52,56,0,0>>,
      unsupported = [],'ALTERNATE-SERVER' = undefined,
      'CHANNEL-NUMBER' = undefined,'DATA' = undefined,'DONT-FRAGMENT' = false,
      'ERROR-CODE' = undefined,'LIFETIME' = undefined,
      'MAPPED-ADDRESS' = undefined,
      'MESSAGE-INTEGRITY' = <<49,109,185,167,108,186,251,140,236,15,126,246,72,
                              148,125,72,203,88,17,241>>,
      'NONCE' = <<"4115214648">>,'REALM' = <<"eturnal.net">>,
      'REQUESTED-ADDRESS-FAMILY' = undefined,'REQUESTED-TRANSPORT' = udp,
      'SOFTWARE' = undefined,'UNKNOWN-ATTRIBUTES' = [],
      'USERNAME' = <<"alice">>,'XOR-MAPPED-ADDRESS' = undefined,
      'XOR-PEER-ADDRESS' = [],'XOR-RELAYED-ADDRESS' = undefined} (stun:udp_recv/5:146)
2026-09-17 17:19:02.512799+00:00 [debug] Looking up password for: alice [UDP, session 272c06ijcclg, user alice, client 127.0.0.1:33202] (eturnal:get_password/2:259)
2026-09-17 17:19:02.512866+00:00 [info] Accepting long-term STUN/TURN authentication [UDP, session 272c06ijcclg, user alice, client 127.0.0.1:33202] (stun:process/2:289)
2026-09-17 17:19:02.516105+00:00 [debug] Running 'turn_session_start' hook [UDP, session 272c06ijcclg, user alice, client 127.0.0.1:33202] (turn:run_hook/3:753)
2026-09-17 17:19:02.516170+00:00 [debug] Got 'turn_session_start' event [UDP, session 272c06ijcclg, user alice, client 127.0.0.1:33202] (eturnal_module:handle_event/2:177)
2026-09-17 17:19:02.516201+00:00 [debug] Calling mod_stats_prometheus:handle_event/2 [UDP, session 272c06ijcclg, user alice, client 127.0.0.1:33202] (eturnal_module:handle_event/2:180)
2026-09-17 17:19:02.516249+00:00 [debug] Observing started TURN session 272c06ijcclg for Prometheus [UDP, session 272c06ijcclg, user alice, client 127.0.0.1:33202] (mod_stats_prometheus:on_turn_session_start/1:174)
2026-09-17 17:19:02.516392+00:00 [notice] Creating TURN allocation (lifetime: 599 seconds) [UDP, session 272c06ijcclg, user alice, client 127.0.0.1:33202, relay 127.0.0.1:61880] (turn:wait_for_allocate/2:226)
2026-09-17 17:19:02.516497+00:00 [debug] Sending:
#stun{class = response,method = 3,magic = 554869826,
      trid = 4266179984697364606479496875,raw = <<>>,unsupported = [],
      'ALTERNATE-SERVER' = undefined,'CHANNEL-NUMBER' = undefined,
      'DATA' = undefined,'DONT-FRAGMENT' = false,'ERROR-CODE' = undefined,
      'LIFETIME' = 599,'MAPPED-ADDRESS' = undefined,
      'MESSAGE-INTEGRITY' = undefined,'NONCE' = undefined,'REALM' = undefined,
      'REQUESTED-ADDRESS-FAMILY' = undefined,
      'REQUESTED-TRANSPORT' = undefined,'SOFTWARE' = <<"eturnal">>,
      'UNKNOWN-ATTRIBUTES' = [],'USERNAME' = undefined,
      'XOR-MAPPED-ADDRESS' = {{127,0,0,1},33202},
      'XOR-PEER-ADDRESS' = [],
      'XOR-RELAYED-ADDRESS' = {{127,0,0,1},61880}} (turn:send/2:549)
2026-09-17 17:19:02.516787+00:00 [debug] Received:
#stun{class = request,method = 4,magic = 554869826,
      trid = 17505572351577796674408873620,
      raw = <<0,4,0,76,33,18,164,66,56,144,69,34,181,138,74,65,139,38,254,148,
              0,6,0,5,97,108,105,99,101,0,0,0,0,20,0,11,101,116,117,114,110,97,
              108,46,110,101,116,0,0,21,0,10,52,49,49,53,50,49,52,54,52,56,0,0,
              0,13,0,4,0,0,0,0>>,
      unsupported = [],'ALTERNATE-SERVER' = undefined,
      'CHANNEL-NUMBER' = undefined,'DATA' = undefined,'DONT-FRAGMENT' = false,
      'ERROR-CODE' = undefined,'LIFETIME' = 0,'MAPPED-ADDRESS' = undefined,
      'MESSAGE-INTEGRITY' = <<149,130,14,104,237,59,67,85,194,67,20,165,207,
                              127,100,77,188,154,200,70>>,
      'NONCE' = <<"4115214648">>,'REALM' = <<"eturnal.net">>,
      'REQUESTED-ADDRESS-FAMILY' = undefined,
      'REQUESTED-TRANSPORT' = undefined,'SOFTWARE' = undefined,
      'UNKNOWN-ATTRIBUTES' = [],'USERNAME' = <<"alice">>,
      'XOR-MAPPED-ADDRESS' = undefined,'XOR-PEER-ADDRESS' = [],
      'XOR-RELAYED-ADDRESS' = undefined} (stun:udp_recv/5:146)
2026-09-17 17:19:02.516930+00:00 [debug] Looking up password for: alice [UDP, session rdrb1fglfh2b, user alice, client 127.0.0.1:33202] (eturnal:get_password/2:259)
2026-09-17 17:19:02.517015+00:00 [info] Accepting long-term STUN/TURN authentication [UDP, session rdrb1fglfh2b, user alice, client 127.0.0.1:33202] (stun:process/2:289)
2026-09-17 17:19:02.517090+00:00 [info] Client requested closing the TURN session [UDP, session 272c06ijcclg, user alice, client 127.0.0.1:33202, relay 127.0.0.1:61880] (turn:active/2:285)
2026-09-17 17:19:02.517159+00:00 [debug] Sending:
#stun{class = response,method = 4,magic = 554869826,
      trid = 17505572351577796674408873620,raw = <<>>,unsupported = [],
      'ALTERNATE-SERVER' = undefined,'CHANNEL-NUMBER' = undefined,
      'DATA' = undefined,'DONT-FRAGMENT' = false,'ERROR-CODE' = undefined,
      'LIFETIME' = 0,'MAPPED-ADDRESS' = undefined,
      'MESSAGE-INTEGRITY' = undefined,'NONCE' = undefined,'REALM' = undefined,
      'REQUESTED-ADDRESS-FAMILY' = undefined,
      'REQUESTED-TRANSPORT' = undefined,'SOFTWARE' = <<"eturnal">>,
      'UNKNOWN-ATTRIBUTES' = [],'USERNAME' = undefined,
      'XOR-MAPPED-ADDRESS' = undefined,'XOR-PEER-ADDRESS' = [],
      'XOR-RELAYED-ADDRESS' = undefined} (turn:send/2:549)
2026-09-17 17:19:02.517270+00:00 [info] Deleting TURN allocation [UDP, session 272c06ijcclg, user alice, client 127.0.0.1:33202, relay 127.0.0.1:61880] (turn:terminate/3:482)
2026-09-17 17:19:02.517311+00:00 [notice] Relayed 0 KiB (in 0 B / 0 packets, out 0 B / 0 packets), duration: 0 seconds [UDP, session 272c06ijcclg, user alice, client 127.0.0.1:33202, relay 127.0.0.1:61880] (turn:terminate/3:489)
2026-09-17 17:19:02.517351+00:00 [debug] Running 'turn_session_stop' hook [UDP, session 272c06ijcclg, user alice, client 127.0.0.1:33202, relay 127.0.0.1:61880] (turn:run_hook/3:753)
2026-09-17 17:19:02.517387+00:00 [debug] Got 'turn_session_stop' event [UDP, session 272c06ijcclg, user alice, client 127.0.0.1:33202, relay 127.0.0.1:61880] (eturnal_module:handle_event/2:177)
2026-09-17 17:19:02.517419+00:00 [debug] Calling mod_stats_influx:handle_event/2 [UDP, session 272c06ijcclg, user alice, client 127.0.0.1:33202, relay 127.0.0.1:61880] (eturnal_module:handle_event/2:180)
2026-09-17 17:19:02.517467+00:00 [debug] Writing stats of TURN session 272c06ijcclg to InfluxDB [UDP, session 272c06ijcclg, user alice, client 127.0.0.1:33202, relay 127.0.0.1:61880] (mod_stats_influx:on_turn_session_stop/1:87)
2026-09-17 17:19:02.517487+00:00 [debug] Received:
#stun{class = request,method = 3,magic = 554869826,
      trid = 36159768257150746134657323198,raw = <<>>,unsupported = [],
      'ALTERNATE-SERVER' = undefined,'CHANNEL-NUMBER' = undefined,
      'DATA' = undefined,'DONT-FRAGMENT' = false,'ERROR-CODE' = undefined,
      'LIFETIME' = undefined,'MAPPED-ADDRESS' = undefined,
      'MESSAGE-INTEGRITY' = undefined,'NONCE' = undefined,'REALM' = undefined,
      'REQUESTED-ADDRESS-FAMILY' = undefined,
      'REQUESTED-TRANSPORT' = undefined,'SOFTWARE' = undefined,
      'UNKNOWN-ATTRIBUTES' = [],'USERNAME' = undefined,
      'XOR-MAPPED-ADDRESS' = undefined,'XOR-PEER-ADDRESS' = [],
      'XOR-RELAYED-ADDRESS' = undefined} (stun:udp_recv/5:146)
2026-09-17 17:19:02.517589+00:00 [debug] Sending:
#stun{class = error,method = 3,magic = 554869826,
      trid = 36159768257150746134657323198,raw = <<>>,unsupported = [],
      'ALTERNATE-SERVER' = undefined,'CHANNEL-NUMBER' = undefined,
      'DATA' = undefined,'DONT-FRAGMENT' = false,
      'ERROR-CODE' = {401,<<"Unauthorized">>},
      'LIFETIME' = undefined,'MAPPED-ADDRESS' = undefined,
      'MESSAGE-INTEGRITY' = undefined,'NONCE' = <<"4034277923">>,
      'REALM' = <<"eturnal.net">>,'REQUESTED-ADDRESS-FAMILY' = undefined,
      'REQUESTED-TRANSPORT' = undefined,'SOFTWARE' = <<"eturnal">>,
      'UNKNOWN-ATTRIBUTES' = [],'USERNAME' = undefined,
      'XOR-MAPPED-ADDRESS' = undefined,'XOR-PEER-ADDRESS' = [],
      'XOR-RELAYED-ADDRESS' = undefined} (stun:send/3:500)
2026-09-17 17:19:02.517907+00:00 [debug] Received:
#stun{class = request,method = 3,magic = 554869826,
      trid = 34190860696036741234892633523,
      raw = <<0,3,0,80,33,18,164,66,110,122,4,96,74,36,37,144,165,194,117,179,
              0,25,0,4,17,0,0,0,0,6,0,10,50,49,52,53,57,49,51,50,48,48,0,0,0,
              20,0,11,101,116,117,114,110,97,108,46,110,101,116,0,0,21,0,10,52,
              48,51,52,50,55,55,57,50,51,0,0>>,
      unsupported = [],'ALTERNATE-SERVER' = undefined,
      'CHANNEL-NUMBER' = undefined,'DATA' = undefined,'DONT-FRAGMENT' = false,
      'ERROR-CODE' = undefined,'LIFETIME' = undefined,
      'MAPPED-ADDRESS' = undefined,
      'MESSAGE-INTEGRITY' = <<60,107,82,234,207,93,174,131,18,68,221,197,14,
                              191,17,206,247,193,134,192>>,
      'NONCE' = <<"4034277923">>,'REALM' = <<"eturnal.net">>,
      'REQUESTED-ADDRESS-FAMILY' = undefined,'REQUESTED-TRANSPORT' = udp,
      'SOFTWARE' = undefined,'UNKNOWN-ATTRIBUTES' = [],
      'USERNAME' = <<"2145913200">>,'XOR-MAPPED-ADDRESS' = undefined,
      'XOR-PEER-ADDRESS' = [],'XOR-RELAYED-ADDRESS' = undefined} (stun:udp_recv/5:146)
2026-09-17 17:19:02.518021+00:00 [debug] Deriving password for: 2145913200 [UDP, session fss2aegso38y, user 2145913200, client 127.0.0.1:54540] (eturnal:get_password/2:245)
2026-09-17 17:19:02.518084+00:00 [info] Accepting long-term STUN/TURN authentication [UDP, session fss2aegso38y, user 2145913200, client 127.0.0.1:54540] (stun:process/2:289)
2026-09-17 17:19:02.518194+00:00 [debug] Running 'turn_session_start' hook [UDP, session fss2aegso38y, user 2145913200, client 127.0.0.1:54540] (turn:run_hook/3:753)
2026-09-17 17:19:02.518259+00:00 [debug] Got 'turn_session_start' event [UDP, session fss2aegso38y, user 2145913200, client 127.0.0.1:54540] (eturnal_module:handle_event/2:177)
2026-09-17 17:19:02.518297+00:00 [debug] Calling mod_stats_prometheus:handle_event/2 [UDP, session fss2aegso38y, user 2145913200, client 127.0.0.1:54540] (eturnal_module:handle_event/2:180)
2026-09-17 17:19:02.518356+00:00 [debug] Observing started TURN session fss2aegso38y for Prometheus [UDP, session fss2aegso38y, user 2145913200, client 127.0.0.1:54540] (mod_stats_prometheus:on_turn_session_start/1:174)
2026-09-17 17:19:02.518534+00:00 [notice] Creating TURN allocation (lifetime: 599 seconds) [UDP, session fss2aegso38y, user 2145913200, client 127.0.0.1:54540, relay 127.0.0.1:58732] (turn:wait_for_allocate/2:226)
2026-09-17 17:19:02.518640+00:00 [debug] Sending:
#stun{class = response,method = 3,magic = 554869826,
      trid = 34190860696036741234892633523,raw = <<>>,unsupported = [],
      'ALTERNATE-SERVER' = undefined,'CHANNEL-NUMBER' = undefined,
      'DATA' = undefined,'DONT-FRAGMENT' = false,'ERROR-CODE' = undefined,
      'LIFETIME' = 599,'MAPPED-ADDRESS' = undefined,
      'MESSAGE-INTEGRITY' = undefined,'NONCE' = undefined,'REALM' = undefined,
      'REQUESTED-ADDRESS-FAMILY' = undefined,
      'REQUESTED-TRANSPORT' = undefined,'SOFTWARE' = <<"eturnal">>,
      'UNKNOWN-ATTRIBUTES' = [],'USERNAME' = undefined,
      'XOR-MAPPED-ADDRESS' = {{127,0,0,1},54540},
      'XOR-PEER-ADDRESS' = [],
      'XOR-RELAYED-ADDRESS' = {{127,0,0,1},58732}} (turn:send/2:549)
2026-09-17 17:19:02.518940+00:00 [debug] Received:
#stun{class = request,method = 4,magic = 554869826,
      trid = 50255668604620216213070286613,
      raw = <<0,4,0,80,33,18,164,66,162,98,131,198,10,195,32,36,160,110,15,21,
              0,6,0,10,50,49,52,53,57,49,51,50,48,48,0,0,0,20,0,11,101,116,117,
              114,110,97,108,46,110,101,116,0,0,21,0,10,52,48,51,52,50,55,55,
              57,50,51,0,0,0,13,0,4,0,0,0,0>>,
      unsupported = [],'ALTERNATE-SERVER' = undefined,
      'CHANNEL-NUMBER' = undefined,'DATA' = undefined,'DONT-FRAGMENT' = false,
      'ERROR-CODE' = undefined,'LIFETIME' = 0,'MAPPED-ADDRESS' = undefined,
      'MESSAGE-INTEGRITY' = <<227,123,157,54,240,44,44,206,24,171,196,50,133,
                              30,16,0,17,132,8,146>>,
      'NONCE' = <<"4034277923">>,'REALM' = <<"eturnal.net">>,
      'REQUESTED-ADDRESS-FAMILY' = undefined,
      'REQUESTED-TRANSPORT' = undefined,'SOFTWARE' = undefined,
      'UNKNOWN-ATTRIBUTES' = [],'USERNAME' = <<"2145913200">>,
      'XOR-MAPPED-ADDRESS' = undefined,'XOR-PEER-ADDRESS' = [],
      'XOR-RELAYED-ADDRESS' = undefined} (stun:udp_recv/5:146)
2026-09-17 17:19:02.519042+00:00 [debug] Deriving password for: 2145913200 [UDP, session tmt7sqtl4gz1, user 2145913200, client 127.0.0.1:54540] (eturnal:get_password/2:245)
2026-09-17 17:19:02.519119+00:00 [info] Accepting long-term STUN/TURN authentication [UDP, session tmt7sqtl4gz1, user 2145913200, client 127.0.0.1:54540] (stun:process/2:289)
2026-09-17 17:19:02.519170+00:00 [info] Client requested closing the TURN session [UDP, session fss2aegso38y, user 2145913200, client 127.0.0.1:54540, relay 127.0.0.1:58732] (turn:active/2:285)
2026-09-17 17:19:02.519244+00:00 [debug] Sending:
#stun{class = response,method = 4,magic = 554869826,
      trid = 50255668604620216213070286613,raw = <<>>,unsupported = [],
      'ALTERNATE-SERVER' = undefined,'CHANNEL-NUMBER' = undefined,
      'DATA' = undefined,'DONT-FRAGMENT' = false,'ERROR-CODE' = undefined,
      'LIFETIME' = 0,'MAPPED-ADDRESS' = undefined,
      'MESSAGE-INTEGRITY' = undefined,'NONCE' = undefined,'REALM' = undefined,
      'REQUESTED-ADDRESS-FAMILY' = undefined,
      'REQUESTED-TRANSPORT' = undefined,'SOFTWARE' = <<"eturnal">>,
      'UNKNOWN-ATTRIBUTES' = [],'USERNAME' = undefined,
      'XOR-MAPPED-ADDRESS' = undefined,'XOR-PEER-ADDRESS' = [],
      'XOR-RELAYED-ADDRESS' = undefined} (turn:send/2:549)
2026-09-17 17:19:02.519392+00:00 [info] Deleting TURN allocation [UDP, session fss2aegso38y, user 2145913200, client 127.0.0.1:54540, relay 127.0.0.1:58732] (turn:terminate/3:482)
2026-09-17 17:19:02.519441+00:00 [notice] Relayed 0 KiB (in 0 B / 0 packets, out 0 B / 0 packets), duration: 0 seconds [UDP, session fss2aegso38y, user 2145913200, client 127.0.0.1:54540, relay 127.0.0.1:58732] (turn:terminate/3:489)
2026-09-17 17:19:02.519492+00:00 [debug] Running 'turn_session_stop' hook [UDP, session fss2aegso38y, user 2145913200, client 127.0.0.1:54540, relay 127.0.0.1:58732] (turn:run_hook/3:753)
2026-09-17 17:19:02.519539+00:00 [debug] Got 'turn_session_stop' event [UDP, session fss2aegso38y, user 2145913200, client 127.0.0.1:54540, relay 127.0.0.1:58732] (eturnal_module:handle_event/2:177)
2026-09-17 17:19:02.519576+00:00 [debug] Calling mod_stats_influx:handle_event/2 [UDP, session fss2aegso38y, user 2145913200, client 127.0.0.1:54540, relay 127.0.0.1:58732] (eturnal_module:handle_event/2:180)
2026-09-17 17:19:02.519612+00:00 [debug] Writing stats of TURN session fss2aegso38y to InfluxDB [UDP, session fss2aegso38y, user 2145913200, client 127.0.0.1:54540, relay 127.0.0.1:58732] (mod_stats_influx:on_turn_session_stop/1:87)
2026-09-17 17:19:02.519829+00:00 [debug] Calling mod_stats_prometheus:handle_event/2 [UDP, session 272c06ijcclg, user alice, client 127.0.0.1:33202, relay 127.0.0.1:61880] (eturnal_module:handle_event/2:180)
2026-09-17 17:19:02.519886+00:00 [debug] Observing stopped TURN session 272c06ijcclg for Prometheus [UDP, session 272c06ijcclg, user alice, client 127.0.0.1:33202, relay 127.0.0.1:61880] (mod_stats_prometheus:on_turn_session_stop/1:187)
2026-09-17 17:19:02.519917+00:00 [debug] Calling mod_stats_prometheus:handle_event/2 [UDP, session fss2aegso38y, user 2145913200, client 127.0.0.1:54540, relay 127.0.0.1:58732] (eturnal_module:handle_event/2:180)
2026-09-17 17:19:02.519997+00:00 [debug] Observing stopped TURN session fss2aegso38y for Prometheus [UDP, session fss2aegso38y, user 2145913200, client 127.0.0.1:54540, relay 127.0.0.1:58732] (mod_stats_prometheus:on_turn_session_stop/1:187)
2026-09-17 17:19:02.542860+00:00 [debug] Received:
#stun{class = request,method = 1,magic = 554869826,
      trid = 47733871289986389526911170532,raw = <<>>,unsupported = [],
      'ALTERNATE-SERVER' = undefined,'CHANNEL-NUMBER' = undefined,
      'DATA' = undefined,'DONT-FRAGMENT' = false,'ERROR-CODE' = undefined,
      'LIFETIME' = undefined,'MAPPED-ADDRESS' = undefined,
      'MESSAGE-INTEGRITY' = undefined,'NONCE' = undefined,'REALM' = undefined,
      'REQUESTED-ADDRESS-FAMILY' = undefined,
      'REQUESTED-TRANSPORT' = undefined,'SOFTWARE' = undefined,
      'UNKNOWN-ATTRIBUTES' = [],'USERNAME' = undefined,
      'XOR-MAPPED-ADDRESS' = undefined,'XOR-PEER-ADDRESS' = [],
      'XOR-RELAYED-ADDRESS' = undefined} (stun:udp_recv/5:146)
2026-09-17 17:19:02.542974+00:00 [debug] Responding to STUN request [UDP, session 6eit3w1qf3c7, anonymous, client 127.0.0.1:41181] (stun:process/4:357)
2026-09-17 17:19:02.543015+00:00 [debug] Running 'stun_query' hook [UDP, session 6eit3w1qf3c7, anonymous, client 127.0.0.1:41181] (stun:run_hook/3:747)
2026-09-17 17:19:02.543061+00:00 [debug] Got 'stun_query' event [UDP, session 6eit3w1qf3c7, anonymous, client 127.0.0.1:41181] (eturnal_module:handle_event/2:177)
2026-09-17 17:19:02.543092+00:00 [debug] Calling mod_log_stun:handle_event/2 [UDP, session 6eit3w1qf3c7, anonymous, client 127.0.0.1:41181] (eturnal_module:handle_event/2:180)
2026-09-17 17:19:02.543130+00:00 [info] Responding to STUN request [UDP, session 6eit3w1qf3c7, anonymous, client 127.0.0.1:41181] (mod_log_stun:handle_event/2:44)
2026-09-17 17:19:02.543162+00:00 [debug] Calling mod_stats_influx:handle_event/2 [UDP, session 6eit3w1qf3c7, anonymous, client 127.0.0.1:41181] (eturnal_module:handle_event/2:180)
2026-09-17 17:19:02.543198+00:00 [debug] Writing STUN query event to InfluxDB [UDP, session 6eit3w1qf3c7, anonymous, client 127.0.0.1:41181] (mod_stats_influx:on_stun_query/1:76)
2026-09-17 17:19:02.543334+00:00 [debug] Calling mod_stats_prometheus:handle_event/2 [UDP, session 6eit3w1qf3c7, anonymous, client 127.0.0.1:41181] (eturnal_module:handle_event/2:180)
2026-09-17 17:19:02.543381+00:00 [debug] Observing STUN query for Prometheus [UDP, session 6eit3w1qf3c7, anonymous, client 127.0.0.1:41181] (mod_stats_prometheus:on_stun_query/1:166)
2026-09-17 17:19:02.543459+00:00 [debug] Sending:
#stun{class = response,method = 1,magic = 554869826,
      trid = 47733871289986389526911170532,raw = <<>>,unsupported = [],
      'ALTERNATE-SERVER' = undefined,'CHANNEL-NUMBER' = undefined,
      'DATA' = undefined,'DONT-FRAGMENT' = false,'ERROR-CODE' = undefined,
      'LIFETIME' = undefined,'MAPPED-ADDRESS' = undefined,
      'MESSAGE-INTEGRITY' = undefined,'NONCE' = undefined,'REALM' = undefined,
      'REQUESTED-ADDRESS-FAMILY' = undefined,
      'REQUESTED-TRANSPORT' = undefined,'SOFTWARE' = <<"eturnal">>,
      'UNKNOWN-ATTRIBUTES' = [],'USERNAME' = undefined,
      'XOR-MAPPED-ADDRESS' = {{127,0,0,1},41181},
      'XOR-PEER-ADDRESS' = [],'XOR-RELAYED-ADDRESS' = undefined} (stun:send/3:500)
2026-09-17 17:19:02.566919+00:00 [info] Accepting connection: 127.0.0.1:56128 -> 127.0.0.1:34780 [TCP, session b85jdvmdbfw7] (stun_acceptor:accept/3:158)
2026-09-17 17:19:02.567137+00:00 [debug] Received:
#stun{class = request,method = 1,magic = 554869826,
      trid = 23545858713869231250443835020,raw = <<>>,unsupported = [],
      'ALTERNATE-SERVER' = undefined,'CHANNEL-NUMBER' = undefined,
      'DATA' = undefined,'DONT-FRAGMENT' = false,'ERROR-CODE' = undefined,
      'LIFETIME' = undefined,'MAPPED-ADDRESS' = undefined,
      'MESSAGE-INTEGRITY' = undefined,'NONCE' = undefined,'REALM' = undefined,
      'REQUESTED-ADDRESS-FAMILY' = undefined,
      'REQUESTED-TRANSPORT' = undefined,'SOFTWARE' = undefined,
      'UNKNOWN-ATTRIBUTES' = [],'USERNAME' = undefined,
      'XOR-MAPPED-ADDRESS' = undefined,'XOR-PEER-ADDRESS' = [],
      'XOR-RELAYED-ADDRESS' = undefined} (stun:process_data/3:457)
2026-09-17 17:19:02.567217+00:00 [debug] Responding to STUN request [TCP, session b85jdvmdbfw7, anonymous, client 127.0.0.1:56128] (stun:process/4:357)
2026-09-17 17:19:02.567278+00:00 [debug] Running 'stun_query' hook [TCP, session b85jdvmdbfw7, anonymous, client 127.0.0.1:56128] (stun:run_hook/3:747)
2026-09-17 17:19:02.567329+00:00 [debug] Got 'stun_query' event [TCP, session b85jdvmdbfw7, anonymous, client 127.0.0.1:56128] (eturnal_module:handle_event/2:177)
2026-09-17 17:19:02.567364+00:00 [debug] Calling mod_log_stun:handle_event/2 [TCP, session b85jdvmdbfw7, anonymous, client 127.0.0.1:56128] (eturnal_module:handle_event/2:180)
2026-09-17 17:19:02.567399+00:00 [info] Responding to STUN request [TCP, session b85jdvmdbfw7, anonymous, client 127.0.0.1:56128] (mod_log_stun:handle_event/2:44)
2026-09-17 17:19:02.567439+00:00 [debug] Calling mod_stats_influx:handle_event/2 [TCP, session b85jdvmdbfw7, anonymous, client 127.0.0.1:56128] (eturnal_module:handle_event/2:180)
2026-09-17 17:19:02.567513+00:00 [debug] Writing STUN query event to InfluxDB [TCP, session b85jdvmdbfw7, anonymous, client 127.0.0.1:56128] (mod_stats_influx:on_stun_query/1:76)
2026-09-17 17:19:02.567689+00:00 [debug] Calling mod_stats_prometheus:handle_event/2 [TCP, session b85jdvmdbfw7, anonymous, client 127.0.0.1:56128] (eturnal_module:handle_event/2:180)
2026-09-17 17:19:02.567759+00:00 [debug] Observing STUN query for Prometheus [TCP, session b85jdvmdbfw7, anonymous, client 127.0.0.1:56128] (mod_stats_prometheus:on_stun_query/1:166)
2026-09-17 17:19:02.567881+00:00 [debug] Sending:
#stun{class = response,method = 1,magic = 554869826,
      trid = 23545858713869231250443835020,raw = <<>>,unsupported = [],
      'ALTERNATE-SERVER' = undefined,'CHANNEL-NUMBER' = undefined,
      'DATA' = undefined,'DONT-FRAGMENT' = false,'ERROR-CODE' = undefined,
      'LIFETIME' = undefined,'MAPPED-ADDRESS' = undefined,
      'MESSAGE-INTEGRITY' = undefined,'NONCE' = undefined,'REALM' = undefined,
      'REQUESTED-ADDRESS-FAMILY' = undefined,
      'REQUESTED-TRANSPORT' = undefined,'SOFTWARE' = <<"eturnal">>,
      'UNKNOWN-ATTRIBUTES' = [],'USERNAME' = undefined,
      'XOR-MAPPED-ADDRESS' = {{127,0,0,1},56128},
      'XOR-PEER-ADDRESS' = [],'XOR-RELAYED-ADDRESS' = undefined} (stun:send/3:500)
2026-09-17 17:19:02.568327+00:00 [info] Connection reset by peer [TCP, session b85jdvmdbfw7, anonymous, client 127.0.0.1:56128] (stun:handle_info/3:206)
2026-09-17 17:19:02.592068+00:00 [info] Accepting connection: 127.0.0.1:46680 -> 127.0.0.1:53490 [TLS, session t69rgah4mar0] (stun_acceptor:accept/3:158)
2026-09-17 17:19:03.600501+00:00 [debug] Received:
#stun{class = request,method = 1,magic = 554869826,
      trid = 39093686160166785535350750113,raw = <<>>,unsupported = [],
      'ALTERNATE-SERVER' = undefined,'CHANNEL-NUMBER' = undefined,
      'DATA' = undefined,'DONT-FRAGMENT' = false,'ERROR-CODE' = undefined,
      'LIFETIME' = undefined,'MAPPED-ADDRESS' = undefined,
      'MESSAGE-INTEGRITY' = undefined,'NONCE' = undefined,'REALM' = undefined,
      'REQUESTED-ADDRESS-FAMILY' = undefined,
      'REQUESTED-TRANSPORT' = undefined,'SOFTWARE' = undefined,
      'UNKNOWN-ATTRIBUTES' = [],'USERNAME' = undefined,
      'XOR-MAPPED-ADDRESS' = undefined,'XOR-PEER-ADDRESS' = [],
      'XOR-RELAYED-ADDRESS' = undefined} (stun:process_data/3:457)
2026-09-17 17:19:03.600613+00:00 [debug] Responding to STUN request [TLS, session t69rgah4mar0, anonymous, client 127.0.0.1:46680] (stun:process/4:357)
2026-09-17 17:19:03.600700+00:00 [debug] Running 'stun_query' hook [TLS, session t69rgah4mar0, anonymous, client 127.0.0.1:46680] (stun:run_hook/3:747)
2026-09-17 17:19:03.600859+00:00 [debug] Got 'stun_query' event [TLS, session t69rgah4mar0, anonymous, client 127.0.0.1:46680] (eturnal_module:handle_event/2:177)
2026-09-17 17:19:03.600963+00:00 [debug] Calling mod_log_stun:handle_event/2 [TLS, session t69rgah4mar0, anonymous, client 127.0.0.1:46680] (eturnal_module:handle_event/2:180)
2026-09-17 17:19:03.601041+00:00 [info] Responding to STUN request [TLS, session t69rgah4mar0, anonymous, client 127.0.0.1:46680] (mod_log_stun:handle_event/2:44)
2026-09-17 17:19:03.601115+00:00 [debug] Calling mod_stats_influx:handle_event/2 [TLS, session t69rgah4mar0, anonymous, client 127.0.0.1:46680] (eturnal_module:handle_event/2:180)
2026-09-17 17:19:03.601180+00:00 [debug] Writing STUN query event to InfluxDB [TLS, session t69rgah4mar0, anonymous, client 127.0.0.1:46680] (mod_stats_influx:on_stun_query/1:76)
2026-09-17 17:19:03.601406+00:00 [debug] Calling mod_stats_prometheus:handle_event/2 [TLS, session t69rgah4mar0, anonymous, client 127.0.0.1:46680] (eturnal_module:handle_event/2:180)
2026-09-17 17:19:03.601491+00:00 [debug] Observing STUN query for Prometheus [TLS, session t69rgah4mar0, anonymous, client 127.0.0.1:46680] (mod_stats_prometheus:on_stun_query/1:166)
2026-09-17 17:19:03.601628+00:00 [debug] Sending:
#stun{class = response,method = 1,magic = 554869826,
      trid = 39093686160166785535350750113,raw = <<>>,unsupported = [],
      'ALTERNATE-SERVER' = undefined,'CHANNEL-NUMBER' = undefined,
      'DATA' = undefined,'DONT-FRAGMENT' = false,'ERROR-CODE' = undefined,
      'LIFETIME' = undefined,'MAPPED-ADDRESS' = undefined,
      'MESSAGE-INTEGRITY' = undefined,'NONCE' = undefined,'REALM' = undefined,
      'REQUESTED-ADDRESS-FAMILY' = undefined,
      'REQUESTED-TRANSPORT' = undefined,'SOFTWARE' = <<"eturnal">>,
      'UNKNOWN-ATTRIBUTES' = [],'USERNAME' = undefined,
      'XOR-MAPPED-ADDRESS' = {{127,0,0,1},46680},
      'XOR-PEER-ADDRESS' = [],'XOR-RELAYED-ADDRESS' = undefined} (stun:send/3:500)
2026-09-17 17:19:03.601980+00:00 [info] Connection reset by peer [TLS, session t69rgah4mar0, anonymous, client 127.0.0.1:46680] (stun:handle_info/3:206)
2026-09-17 17:19:03.626356+00:00 [info] Accepting connection: 127.0.0.1:35878 -> 127.0.0.1:34781 [TCP|TLS, session pkpfeyfwobk0] (stun_acceptor:accept/3:158)
2026-09-17 17:19:03.626463+00:00 [debug] Determined transport protocol: TCP (stun:is_tls_handshake/1:693)
2026-09-17 17:19:03.626684+00:00 [debug] Received:
#stun{class = request,method = 1,magic = 554869826,
      trid = 7342541851700353582908658417,raw = <<>>,unsupported = [],
      'ALTERNATE-SERVER' = undefined,'CHANNEL-NUMBER' = undefined,
      'DATA' = undefined,'DONT-FRAGMENT' = false,'ERROR-CODE' = undefined,
      'LIFETIME' = undefined,'MAPPED-ADDRESS' = undefined,
      'MESSAGE-INTEGRITY' = undefined,'NONCE' = undefined,'REALM' = undefined,
      'REQUESTED-ADDRESS-FAMILY' = undefined,
      'REQUESTED-TRANSPORT' = undefined,'SOFTWARE' = undefined,
      'UNKNOWN-ATTRIBUTES' = [],'USERNAME' = undefined,
      'XOR-MAPPED-ADDRESS' = undefined,'XOR-PEER-ADDRESS' = [],
      'XOR-RELAYED-ADDRESS' = undefined} (stun:process_data/3:457)
2026-09-17 17:19:03.626804+00:00 [debug] Responding to STUN request [TCP, session pkpfeyfwobk0, anonymous, client 127.0.0.1:35878] (stun:process/4:357)
2026-09-17 17:19:03.626847+00:00 [debug] Running 'stun_query' hook [TCP, session pkpfeyfwobk0, anonymous, client 127.0.0.1:35878] (stun:run_hook/3:747)
2026-09-17 17:19:03.626907+00:00 [debug] Got 'stun_query' event [TCP, session pkpfeyfwobk0, anonymous, client 127.0.0.1:35878] (eturnal_module:handle_event/2:177)
2026-09-17 17:19:03.626952+00:00 [debug] Calling mod_log_stun:handle_event/2 [TCP, session pkpfeyfwobk0, anonymous, client 127.0.0.1:35878] (eturnal_module:handle_event/2:180)
2026-09-17 17:19:03.626989+00:00 [info] Responding to STUN request [TCP, session pkpfeyfwobk0, anonymous, client 127.0.0.1:35878] (mod_log_stun:handle_event/2:44)
2026-09-17 17:19:03.627023+00:00 [debug] Calling mod_stats_influx:handle_event/2 [TCP, session pkpfeyfwobk0, anonymous, client 127.0.0.1:35878] (eturnal_module:handle_event/2:180)
2026-09-17 17:19:03.627051+00:00 [debug] Writing STUN query event to InfluxDB [TCP, session pkpfeyfwobk0, anonymous, client 127.0.0.1:35878] (mod_stats_influx:on_stun_query/1:76)
2026-09-17 17:19:03.627165+00:00 [debug] Calling mod_stats_prometheus:handle_event/2 [TCP, session pkpfeyfwobk0, anonymous, client 127.0.0.1:35878] (eturnal_module:handle_event/2:180)
2026-09-17 17:19:03.627194+00:00 [debug] Observing STUN query for Prometheus [TCP, session pkpfeyfwobk0, anonymous, client 127.0.0.1:35878] (mod_stats_prometheus:on_stun_query/1:166)
2026-09-17 17:19:03.627253+00:00 [debug] Sending:
#stun{class = response,method = 1,magic = 554869826,
      trid = 7342541851700353582908658417,raw = <<>>,unsupported = [],
      'ALTERNATE-SERVER' = undefined,'CHANNEL-NUMBER' = undefined,
      'DATA' = undefined,'DONT-FRAGMENT' = false,'ERROR-CODE' = undefined,
      'LIFETIME' = undefined,'MAPPED-ADDRESS' = undefined,
      'MESSAGE-INTEGRITY' = undefined,'NONCE' = undefined,'REALM' = undefined,
      'REQUESTED-ADDRESS-FAMILY' = undefined,
      'REQUESTED-TRANSPORT' = undefined,'SOFTWARE' = <<"eturnal">>,
      'UNKNOWN-ATTRIBUTES' = [],'USERNAME' = undefined,
      'XOR-MAPPED-ADDRESS' = {{127,0,0,1},35878},
      'XOR-PEER-ADDRESS' = [],'XOR-RELAYED-ADDRESS' = undefined} (stun:send/3:500)
2026-09-17 17:19:03.628404+00:00 [info] Connection reset by peer [TCP, session pkpfeyfwobk0, anonymous, client 127.0.0.1:35878] (stun:handle_info/3:206)
2026-09-17 17:19:03.651004+00:00 [info] Accepting connection: 127.0.0.1:35888 -> 127.0.0.1:34781 [TCP|TLS, session fk9scgiy8i0z] (stun_acceptor:accept/3:158)
2026-09-17 17:19:03.651147+00:00 [debug] Determined transport protocol: TLS (stun:is_tls_handshake/1:690)
2026-09-17 17:19:04.659650+00:00 [debug] Received:
#stun{class = request,method = 1,magic = 554869826,
      trid = 75356547730331041320636757852,raw = <<>>,unsupported = [],
      'ALTERNATE-SERVER' = undefined,'CHANNEL-NUMBER' = undefined,
      'DATA' = undefined,'DONT-FRAGMENT' = false,'ERROR-CODE' = undefined,
      'LIFETIME' = undefined,'MAPPED-ADDRESS' = undefined,
      'MESSAGE-INTEGRITY' = undefined,'NONCE' = undefined,'REALM' = undefined,
      'REQUESTED-ADDRESS-FAMILY' = undefined,
      'REQUESTED-TRANSPORT' = undefined,'SOFTWARE' = undefined,
      'UNKNOWN-ATTRIBUTES' = [],'USERNAME' = undefined,
      'XOR-MAPPED-ADDRESS' = undefined,'XOR-PEER-ADDRESS' = [],
      'XOR-RELAYED-ADDRESS' = undefined} (stun:process_data/3:457)
2026-09-17 17:19:04.659809+00:00 [debug] Responding to STUN request [TLS, session fk9scgiy8i0z, anonymous, client 127.0.0.1:35888] (stun:process/4:357)
2026-09-17 17:19:04.659900+00:00 [debug] Running 'stun_query' hook [TLS, session fk9scgiy8i0z, anonymous, client 127.0.0.1:35888] (stun:run_hook/3:747)
2026-09-17 17:19:04.659946+00:00 [debug] Got 'stun_query' event [TLS, session fk9scgiy8i0z, anonymous, client 127.0.0.1:35888] (eturnal_module:handle_event/2:177)
2026-09-17 17:19:04.659998+00:00 [debug] Calling mod_log_stun:handle_event/2 [TLS, session fk9scgiy8i0z, anonymous, client 127.0.0.1:35888] (eturnal_module:handle_event/2:180)
2026-09-17 17:19:04.660043+00:00 [info] Responding to STUN request [TLS, session fk9scgiy8i0z, anonymous, client 127.0.0.1:35888] (mod_log_stun:handle_event/2:44)
2026-09-17 17:19:04.660095+00:00 [debug] Calling mod_stats_influx:handle_event/2 [TLS, session fk9scgiy8i0z, anonymous, client 127.0.0.1:35888] (eturnal_module:handle_event/2:180)
2026-09-17 17:19:04.660137+00:00 [debug] Writing STUN query event to InfluxDB [TLS, session fk9scgiy8i0z, anonymous, client 127.0.0.1:35888] (mod_stats_influx:on_stun_query/1:76)
2026-09-17 17:19:04.660292+00:00 [debug] Calling mod_stats_prometheus:handle_event/2 [TLS, session fk9scgiy8i0z, anonymous, client 127.0.0.1:35888] (eturnal_module:handle_event/2:180)
2026-09-17 17:19:04.660348+00:00 [debug] Observing STUN query for Prometheus [TLS, session fk9scgiy8i0z, anonymous, client 127.0.0.1:35888] (mod_stats_prometheus:on_stun_query/1:166)
2026-09-17 17:19:04.660440+00:00 [debug] Sending:
#stun{class = response,method = 1,magic = 554869826,
      trid = 75356547730331041320636757852,raw = <<>>,unsupported = [],
      'ALTERNATE-SERVER' = undefined,'CHANNEL-NUMBER' = undefined,
      'DATA' = undefined,'DONT-FRAGMENT' = false,'ERROR-CODE' = undefined,
      'LIFETIME' = undefined,'MAPPED-ADDRESS' = undefined,
      'MESSAGE-INTEGRITY' = undefined,'NONCE' = undefined,'REALM' = undefined,
      'REQUESTED-ADDRESS-FAMILY' = undefined,
      'REQUESTED-TRANSPORT' = undefined,'SOFTWARE' = <<"eturnal">>,
      'UNKNOWN-ATTRIBUTES' = [],'USERNAME' = undefined,
      'XOR-MAPPED-ADDRESS' = {{127,0,0,1},35888},
      'XOR-PEER-ADDRESS' = [],'XOR-RELAYED-ADDRESS' = undefined} (stun:send/3:500)
2026-09-17 17:19:04.660670+00:00 [info] Connection reset by peer [TLS, session fk9scgiy8i0z, anonymous, client 127.0.0.1:35888] (stun:handle_info/3:206)
2026-09-17 17:19:04.683705+00:00 [debug] No NOTIFY_SOCKET, dropping STOPPING=1 notification (eturnal_systemd:handle_cast/2:99)
2026-09-17 17:19:04.683770+00:00 [debug] Terminating eturnal (shutdown) (eturnal:terminate/2:186)
2026-09-17 17:19:04.683956+00:00 [info] Stopped listening on 127.0.0.1:34780 (udp) (eturnal:stop_listeners/1:442)
2026-09-17 17:19:04.684106+00:00 [info] Stopped listening on 127.0.0.1:34780 (tcp) (eturnal:stop_listeners/1:442)
2026-09-17 17:19:04.684222+00:00 [info] Stopped listening on 127.0.0.1:53490 (tls) (eturnal:stop_listeners/1:442)
2026-09-17 17:19:04.684398+00:00 [info] Stopped listening on 127.0.0.1:34781 (auto) (eturnal:stop_listeners/1:442)
2026-09-17 17:19:04.685223+00:00 [debug] Calling mod_stats_prometheus:stop/1 (eturnal_module:stop/1:163)
2026-09-17 17:19:04.685317+00:00 [debug] Stopping mod_stats_prometheus (mod_stats_prometheus:stop/0:110)
2026-09-17 17:19:04.685542+00:00 [info] Stopped mod_stats_prometheus (eturnal:stop_modules/1:397)
2026-09-17 17:19:04.686779+00:00 [debug] Calling mod_log_stun:stop/1 (eturnal_module:stop/1:163)
2026-09-17 17:19:04.686860+00:00 [debug] Stopping mod_log_stun (mod_log_stun:stop/0:49)
2026-09-17 17:19:04.686944+00:00 [info] Stopped mod_log_stun (eturnal:stop_modules/1:397)
2026-09-17 17:19:04.687868+00:00 [debug] Calling mod_stats_influx:stop/1 (eturnal_module:stop/1:163)
2026-09-17 17:19:04.687990+00:00 [debug] Stopping mod_stats_influx (mod_stats_influx:stop/0:61)
2026-09-17 17:19:04.688067+00:00 [info] Stopped mod_stats_influx (eturnal:stop_modules/1:397)
2026-09-17 17:19:04.688290+00:00 [debug] Removed run/cert.pem (eturnal:clean_run_dir/0:875)
2026-09-17 17:19:04.688411+00:00 [debug] Terminating eturnal_systemd (shutdown) (eturnal_systemd:terminate/2:125)
2026-09-17 17:19:04.688547+00:00 [notice] Stopping eturnal 1.12.3 on Erlang/OTP 29 (ERTS 17.1) (eturnal_app:stop/1:53)
