2026-10-02 15:21:36.078215+00:00 [notice] Starting eturnal 1.12.3 on Erlang/OTP 29 (ERTS 17.1) (eturnal_app:start/2:34)
2026-10-02 15:21:36.078342+00:00 [debug] Starting supervisor: eturnal_sup (eturnal_sup:start_link/0:31)
2026-10-02 15:21:36.078423+00:00 [debug] Configuring eturnal_sup supervisor: [#{id => systemd,
                                       start =>
                                           {eturnal_systemd,start_link,[]}},
                                     #{id => eturnal,
                                       start => {eturnal,start_link,[]}}] (eturnal_sup:init/1:39)
2026-10-02 15:21:36.079436+00:00 [info] Got no NOTIFY_SOCKET, notifications disabled (eturnal_systemd:init/1:86)
2026-10-02 15:21:36.079542+00:00 [debug] PROGRESS REPORT:
    supervisor: {local,eturnal_sup}
    started: [{pid,<0.960.0>},
              {id,systemd},
              {mfargs,{eturnal_systemd,start_link,[]}},
              {restart_type,permanent},
              {significant,false},
              {shutdown,5000},
              {child_type,worker}]
 (supervisor:report_progress/3:2323)
2026-10-02 15:21:36.079633+00:00 [info] Relay IPv4 address: 127.0.0.1 (port range: 49152-65535) (eturnal:log_relay_addresses/0:349)
2026-10-02 15:21:36.079755+00:00 [info] Relay IPv6 address not configured (eturnal:log_relay_addresses/0:359)
2026-10-02 15:21:36.107122+00:00 [info] Cannot determine control query port: noport (eturnal:log_control_listener/0:373)
2026-10-02 15:21:36.107375+00:00 [debug] Using run directory run (eturnal:ensure_run_dir/0:863)
2026-10-02 15:21:36.107460+00:00 [debug] TURN configuration seems fine (eturnal:check_turn_config/0:603)
2026-10-02 15:21:36.107554+00:00 [warning] TLS enabled without 'tls_crt_file', creating self-signed certificate (eturnal:check_pem_file/0:809)
2026-10-02 15:21:36.984745+00:00 [debug] Calling mod_stats_prometheus:start/0 (eturnal_module:start/1:143)
2026-10-02 15:21:36.984957+00:00 [debug] Starting mod_stats_prometheus (mod_stats_prometheus:start/0:56)
2026-10-02 15:21:36.996367+00:00 [debug] PROGRESS REPORT:
    application: prometheus
    started_at: nonode@nohost
 (application_controller:info_started/2:2154)
2026-10-02 15:21:36.997275+00:00 [debug] PROGRESS REPORT:
    application: accept
    started_at: nonode@nohost
 (application_controller:info_started/2:2154)
2026-10-02 15:21:37.005170+00:00 [debug] PROGRESS REPORT:
    application: prometheus_httpd
    started_at: nonode@nohost
 (application_controller:info_started/2:2154)
2026-10-02 15:21:37.005222+00:00 [debug] Dependency prometheus_httpd was available already (eturnal_module:ensure_dep/2:284)
2026-10-02 15:21:37.029479+00:00 [debug] PROGRESS REPORT:
    supervisor: {local,httpd_instance_sup__127_0_0_1__9081default}
    started: [{pid,<0.980.0>},
              {id,{httpd_connection_sup,{127,0,0,1},9081,default}},
              {mfargs,{httpd_connection_sup,start_link,[[{127,0,0,1},9081]]}},
              {restart_type,permanent},
              {significant,false},
              {shutdown,5000},
              {child_type,supervisor}]
 (supervisor:report_progress/3:2323)
2026-10-02 15:21:37.031364+00:00 [debug] PROGRESS REPORT:
    supervisor: {local,httpd_instance_sup__127_0_0_1__9081default}
    started: [{pid,<0.981.0>},
              {id,{httpd_misc_sup,{127,0,0,1},9081,default}},
              {mfargs,{httpd_misc_sup,start_link,[{127,0,0,1},9081,default]}},
              {restart_type,permanent},
              {significant,false},
              {shutdown,infinity},
              {child_type,supervisor}]
 (supervisor:report_progress/3:2323)
2026-10-02 15:21:37.037076+00:00 [debug] PROGRESS REPORT:
    supervisor: {local,httpd_instance_sup__127_0_0_1__9081default}
    started: [{pid,<0.982.0>},
              {id,{httpd_manager,{127,0,0,1},9081,default}},
              {mfargs,
                  {httpd_manager,start_link,
                      [undefined,
                       [{bind_address,{127,0,0,1}},
                        {socket_type,ip_comm},
                        {port,9081},
                        {server_root,"run/mod_stats_prometheus/doc"},
                        {document_root,"run/mod_stats_prometheus/doc"},
                        {server_name,"Prometheus Exporter"},
                        {modules,[prometheus_httpd]}],
                       15000]}},
              {restart_type,permanent},
              {significant,false},
              {shutdown,4000},
              {child_type,worker}]
 (supervisor:report_progress/3:2323)
2026-10-02 15:21:37.045510+00:00 [debug] PROGRESS REPORT:
    supervisor: {local,httpd_acceptor_sup__127_0_0_1__9081default}
    started: [{pid,<0.984.0>},
              {id,{httpd_acceptor_sup,{127,0,0,1},9081,default}},
              {mfargs,{httpd_acceptor,start_link,
                                      [httpd__127_0_0_1__9081default,ip_comm,
                                       {127,0,0,1},
                                       9081,inet,
                                       httpd_conf__127_0_0_1__9081default,
                                       15000]}},
              {restart_type,transient},
              {significant,false},
              {shutdown,brutal_kill},
              {child_type,worker}]
 (supervisor:report_progress/3:2323)
2026-10-02 15:21:37.045640+00:00 [debug] PROGRESS REPORT:
    supervisor: {local,httpd_instance_sup__127_0_0_1__9081default}
    started: [{pid,<0.983.0>},
              {id,{httpd_acceptor_sup,{127,0,0,1},9081,default}},
              {mfargs,
                  {httpd_acceptor_sup,start_link,
                      [[{127,0,0,1},
                        9081,
                        [{bind_address,{127,0,0,1}},
                         {socket_type,ip_comm},
                         {port,9081},
                         {server_root,"run/mod_stats_prometheus/doc"},
                         {document_root,"run/mod_stats_prometheus/doc"},
                         {server_name,"Prometheus Exporter"},
                         {modules,[prometheus_httpd]}],
                        15000,undefined]]}},
              {restart_type,permanent},
              {significant,false},
              {shutdown,infinity},
              {child_type,supervisor}]
 (supervisor:report_progress/3:2323)
2026-10-02 15:21:37.045774+00:00 [debug] PROGRESS REPORT:
    supervisor: {local,httpd_sup}
    started: [{pid,<0.979.0>},
              {id,{httpd_instance_sup,{127,0,0,1},9081,default}},
              {mfargs,
                  {httpd_instance_sup,start_link,
                      [[{bind_address,{127,0,0,1}},
                        {socket_type,ip_comm},
                        {port,9081},
                        {server_root,"run/mod_stats_prometheus/doc"},
                        {document_root,"run/mod_stats_prometheus/doc"},
                        {server_name,"Prometheus Exporter"},
                        {modules,[prometheus_httpd]}],
                       15000,[]]}},
              {restart_type,permanent},
              {significant,false},
              {shutdown,infinity},
              {child_type,supervisor}]
 (supervisor:report_progress/3:2333)
2026-10-02 15:21:37.045903+00:00 [info] Started mod_stats_prometheus (eturnal:start_modules/0:384)
2026-10-02 15:21:37.045977+00:00 [debug] Calling mod_log_stun:start/0 (eturnal_module:start/1:143)
2026-10-02 15:21:37.046086+00:00 [debug] Starting mod_log_stun (mod_log_stun:start/0:38)
2026-10-02 15:21:37.046202+00:00 [info] Started mod_log_stun (eturnal:start_modules/0:384)
2026-10-02 15:21:37.046280+00:00 [debug] Calling mod_stats_influx:start/0 (eturnal_module:start/1:143)
2026-10-02 15:21:37.046538+00:00 [debug] Starting mod_stats_influx (mod_stats_influx:start/0:37)
2026-10-02 15:21:37.050723+00:00 [debug] PROGRESS REPORT:
    application: ulitos
    started_at: nonode@nohost
 (application_controller:info_started/2:2154)
2026-10-02 15:21:37.052398+00:00 [debug] PROGRESS REPORT:
    application: poolboy
    started_at: nonode@nohost
 (application_controller:info_started/2:2154)
2026-10-02 15:21:37.052966+00:00 [info]     msg: Starting application: influx_udp (influx_udp_app:start/2:10)
2026-10-02 15:21:37.054498+00:00 [debug] PROGRESS REPORT:
    supervisor: {local,influx_udp_sup}
    started: [{pid,<0.995.0>},
              {id,influx_udp},
              {mfargs,{influx_udp,start_link,[]}},
              {restart_type,permanent},
              {significant,false},
              {shutdown,5000},
              {child_type,worker}]
 (supervisor:report_progress/3:2323)
2026-10-02 15:21:37.054596+00:00 [debug] Dependency influx_udp was available already (eturnal_module:ensure_dep/2:284)
2026-10-02 15:21:37.054594+00:00 [debug] PROGRESS REPORT:
    application: influx_udp
    started_at: nonode@nohost
 (application_controller:info_started/2:2154)
2026-10-02 15:21:37.057016+00:00 [info]     options: #{port => 8089,host => "localhost",pool_size => 1,
               max_overflow => 1}
    msg: Start clients pool
    host: {127,0,0,1} (influx_udp:start_pool_/2:239)
2026-10-02 15:21:37.064426+00:00 [info]     port: 58263
    msg: Open UDP socket on port (influx_udp_worker:init/1:43)
2026-10-02 15:21:37.064567+00:00 [debug] PROGRESS REPORT:
    supervisor: {local,influx_udp_sup}
    started: [{pid,<0.998.0>},
              {id,stats_influx_pool},
              {mfargs,
                  {poolboy,start_link,
                      [[{name,{local,stats_influx_pool}},
                        {worker_module,influx_udp_worker},
                        {size,1},
                        {max_overflow,1}],
                       [{options,
                            #{port => 8089,
                              host => {127,0,0,1},
                              pool_size => 1,max_overflow => 1}}]]}},
              {restart_type,permanent},
              {significant,false},
              {shutdown,5000},
              {child_type,worker}]
 (supervisor:report_progress/3:2333)
2026-10-02 15:21:37.064890+00:00 [info] Started mod_stats_influx (eturnal:start_modules/0:384)
2026-10-02 15:21:37.065224+00:00 [debug] Starting listener 127.0.0.1:34780 (udp) with options:
[{use_turn,true},
 {auth_type,user},
 {turn_ipv4_address,{127,0,0,1}},
 {turn_min_port,49152},
 {turn_max_port,65535},
 {turn_max_allocations,10},
 {turn_max_permissions,10},
 {shaper,100000},
 {auth_realm,<<"eturnal.net">>},
 {server_name,<<"eturnal">>},
 {auth_fun,fun eturnal:get_password/2},
 {hook_fun,fun eturnal:run_hook/2},
 {turn_blacklist_clients,[{{127,0,0,1},8}]},
 {turn_blacklist_peers,[{{10,0,0,0},8},
                        {{100,64,0,0},10},
                        {{127,0,0,0},8},
                        {{169,254,0,0},16},
                        {{172,16,0,0},12},
                        {{192,0,0,0},24},
                        {{192,0,2,0},24},
                        {{192,88,99,0},24},
                        {{192,168,0,0},16},
                        {{198,18,0,0},15},
                        {{198,51,100,0},24},
                        {{203,0,113,0},24},
                        {{224,0,0,0},4},
                        {{240,0,0,0},4},
                        {{0,0,0,0,0,0,0,1},128},
                        {{100,65435,0,0,0,0,0,0},96},
                        {{256,0,0,0,0,0,0,0},64},
                        {{8193,3512,0,0,0,0,0,0},32},
                        {{64512,0,0,0,0,0,0,0},7},
                        {{65152,0,0,0,0,0,0,0},10},
                        {{65280,0,0,0,0,0,0,0},8}]},
 {turn_whitelist_clients,[{{127,0,0,1},32}]},
 {turn_whitelist_peers,[{{127,0,0,1},32},
                        {{203,0,113,113},32},
                        {{8193,3512,0,0,0,0,0,0},64}]}] (eturnal:start_listeners/0:419)
2026-10-02 15:21:37.078234+00:00 [info] Listening on 127.0.0.1:34780 (udp) (STUN/TURN) (eturnal:start_listeners/0:426)
2026-10-02 15:21:37.078381+00:00 [debug] Starting listener 127.0.0.1:34780 (tcp) with options:
[{use_turn,false},
 {auth_type,anonymous},
 {turn_ipv4_address,{127,0,0,1}},
 {turn_min_port,49152},
 {turn_max_port,65535},
 {turn_max_allocations,10},
 {turn_max_permissions,10},
 {shaper,100000},
 {auth_realm,<<"eturnal.net">>},
 {server_name,<<"eturnal">>},
 {auth_fun,fun eturnal:get_password/2},
 {hook_fun,fun eturnal:run_hook/2},
 {turn_blacklist_clients,[{{127,0,0,1},8}]},
 {turn_blacklist_peers,[{{10,0,0,0},8},
                        {{100,64,0,0},10},
                        {{127,0,0,0},8},
                        {{169,254,0,0},16},
                        {{172,16,0,0},12},
                        {{192,0,0,0},24},
                        {{192,0,2,0},24},
                        {{192,88,99,0},24},
                        {{192,168,0,0},16},
                        {{198,18,0,0},15},
                        {{198,51,100,0},24},
                        {{203,0,113,0},24},
                        {{224,0,0,0},4},
                        {{240,0,0,0},4},
                        {{0,0,0,0,0,0,0,1},128},
                        {{100,65435,0,0,0,0,0,0},96},
                        {{256,0,0,0,0,0,0,0},64},
                        {{8193,3512,0,0,0,0,0,0},32},
                        {{64512,0,0,0,0,0,0,0},7},
                        {{65152,0,0,0,0,0,0,0},10},
                        {{65280,0,0,0,0,0,0,0},8}]},
 {turn_whitelist_clients,[{{127,0,0,1},32}]},
 {turn_whitelist_peers,[{{127,0,0,1},32},
                        {{203,0,113,113},32},
                        {{8193,3512,0,0,0,0,0,0},64}]}] (eturnal:start_listeners/0:419)
2026-10-02 15:21:37.078897+00:00 [info] Listening on 127.0.0.1:34780 (tcp) (STUN only) (eturnal:start_listeners/0:426)
2026-10-02 15:21:37.079025+00:00 [debug] Starting listener 127.0.0.1:53490 (tls) with options:
[{use_turn,false},
 {auth_type,anonymous},
 {tls,true},
 {certfile,<<"run/cert.pem">>},
 {ciphers,<<"HIGH:!aNULL:@STRENGTH">>},
 {protocol_options,<<"no_tlsv1|no_tlsv1_1|cipher_server_preference">>},
 {turn_ipv4_address,{127,0,0,1}},
 {turn_min_port,49152},
 {turn_max_port,65535},
 {turn_max_allocations,10},
 {turn_max_permissions,10},
 {shaper,100000},
 {auth_realm,<<"eturnal.net">>},
 {server_name,<<"eturnal">>},
 {auth_fun,fun eturnal:get_password/2},
 {hook_fun,fun eturnal:run_hook/2},
 {turn_blacklist_clients,[{{127,0,0,1},8}]},
 {turn_blacklist_peers,[{{10,0,0,0},8},
                        {{100,64,0,0},10},
                        {{127,0,0,0},8},
                        {{169,254,0,0},16},
                        {{172,16,0,0},12},
                        {{192,0,0,0},24},
                        {{192,0,2,0},24},
                        {{192,88,99,0},24},
                        {{192,168,0,0},16},
                        {{198,18,0,0},15},
                        {{198,51,100,0},24},
                        {{203,0,113,0},24},
                        {{224,0,0,0},4},
                        {{240,0,0,0},4},
                        {{0,0,0,0,0,0,0,1},128},
                        {{100,65435,0,0,0,0,0,0},96},
                        {{256,0,0,0,0,0,0,0},64},
                        {{8193,3512,0,0,0,0,0,0},32},
                        {{64512,0,0,0,0,0,0,0},7},
                        {{65152,0,0,0,0,0,0,0},10},
                        {{65280,0,0,0,0,0,0,0},8}]},
 {turn_whitelist_clients,[{{127,0,0,1},32}]},
 {turn_whitelist_peers,[{{127,0,0,1},32},
                        {{203,0,113,113},32},
                        {{8193,3512,0,0,0,0,0,0},64}]}] (eturnal:start_listeners/0:419)
2026-10-02 15:21:37.079526+00:00 [info] Listening on 127.0.0.1:53490 (tls) (STUN only) (eturnal:start_listeners/0:426)
2026-10-02 15:21:37.079609+00:00 [debug] Starting listener 127.0.0.1:34781 (auto) with options:
[{use_turn,false},
 {auth_type,anonymous},
 {tls,optional},
 {certfile,<<"run/cert.pem">>},
 {ciphers,<<"HIGH:!aNULL:@STRENGTH">>},
 {protocol_options,<<"no_tlsv1|no_tlsv1_1|cipher_server_preference">>},
 {turn_ipv4_address,{127,0,0,1}},
 {turn_min_port,49152},
 {turn_max_port,65535},
 {turn_max_allocations,10},
 {turn_max_permissions,10},
 {shaper,100000},
 {auth_realm,<<"eturnal.net">>},
 {server_name,<<"eturnal">>},
 {auth_fun,fun eturnal:get_password/2},
 {hook_fun,fun eturnal:run_hook/2},
 {turn_blacklist_clients,[{{127,0,0,1},8}]},
 {turn_blacklist_peers,[{{10,0,0,0},8},
                        {{100,64,0,0},10},
                        {{127,0,0,0},8},
                        {{169,254,0,0},16},
                        {{172,16,0,0},12},
                        {{192,0,0,0},24},
                        {{192,0,2,0},24},
                        {{192,88,99,0},24},
                        {{192,168,0,0},16},
                        {{198,18,0,0},15},
                        {{198,51,100,0},24},
                        {{203,0,113,0},24},
                        {{224,0,0,0},4},
                        {{240,0,0,0},4},
                        {{0,0,0,0,0,0,0,1},128},
                        {{100,65435,0,0,0,0,0,0},96},
                        {{256,0,0,0,0,0,0,0},64},
                        {{8193,3512,0,0,0,0,0,0},32},
                        {{64512,0,0,0,0,0,0,0},7},
                        {{65152,0,0,0,0,0,0,0},10},
                        {{65280,0,0,0,0,0,0,0},8}]},
 {turn_whitelist_clients,[{{127,0,0,1},32}]},
 {turn_whitelist_peers,[{{127,0,0,1},32},
                        {{203,0,113,113},32},
                        {{8193,3512,0,0,0,0,0,0},64}]}] (eturnal:start_listeners/0:419)
2026-10-02 15:21:37.088304+00:00 [info] Listening on 127.0.0.1:34781 (auto) (STUN only) (eturnal:start_listeners/0:426)
2026-10-02 15:21:37.088411+00:00 [debug] Started 3 modules (eturnal:init/1:105)
2026-10-02 15:21:37.088465+00:00 [debug] Started 4 listeners (eturnal:init/1:106)
2026-10-02 15:21:37.088533+00:00 [debug] PROGRESS REPORT:
    supervisor: {local,eturnal_sup}
    started: [{pid,<0.962.0>},
              {id,eturnal},
              {mfargs,{eturnal,start_link,[]}},
              {restart_type,permanent},
              {significant,false},
              {shutdown,5000},
              {child_type,worker}]
 (supervisor:report_progress/3:2323)
2026-10-02 15:21:37.088609+00:00 [debug] No NOTIFY_SOCKET, dropping READY=1 notification (eturnal_systemd:handle_cast/2:99)
2026-10-02 15:21:37.088615+00:00 [debug] PROGRESS REPORT:
    application: eturnal
    started_at: nonode@nohost
 (application_controller:info_started/2:2154)
2026-10-02 15:21:37.113331+00:00 [debug] Handling API call: get_status() (eturnal_ctl:get_status/0:109)
2026-10-02 15:21:37.113442+00:00 [debug] eturnal call (get_status) returned ok (eturnal_ctl:call/1:439)
2026-10-02 15:21:37.136181+00:00 [debug] Handling API call: get_info() (eturnal_ctl:get_info/0:119)
2026-10-02 15:21:37.136704+00:00 [debug] eturnal call (get_info) returned {ok,
                                  {eturnal_node_info,<<"1.12.3">>,
                                   {"29","17.1"},
                                   2598,0,180,88017647,2,58613776}} (eturnal_ctl:call/1:442)
2026-10-02 15:21:37.159355+00:00 [debug] Handling API call: get_sessions() (eturnal_ctl:get_sessions/0:95)
2026-10-02 15:21:37.182462+00:00 [debug] Handling API call: get_sessions("alice") (eturnal_ctl:get_sessions/1:100)
2026-10-02 15:21:37.182651+00:00 [debug] Handling API call: get_sessions("1256900400:alice") (eturnal_ctl:get_sessions/1:100)
2026-10-02 15:21:37.182829+00:00 [debug] Handling API call: get_sessions(alice) (eturnal_ctl:get_sessions/1:100)
2026-10-02 15:21:37.182923+00:00 [debug] Cannot convert user name to binary: alice (eturnal_ctl:with_username/2:201)
2026-10-02 15:21:37.205136+00:00 [debug] Handling API call: disconnect("alice") (eturnal_ctl:disconnect/1:168)
2026-10-02 15:21:37.205302+00:00 [debug] Handling API call: disconnect(alice) (eturnal_ctl:disconnect/1:168)
2026-10-02 15:21:37.205380+00:00 [debug] Cannot convert user name to binary: alice (eturnal_ctl:with_username/2:201)
2026-10-02 15:21:37.228525+00:00 [debug] Handling API call: get_credentials("2009-10-30 11:00:00Z", []) (eturnal_ctl:get_credentials/2:60)
2026-10-02 15:21:37.228716+00:00 [debug] eturnal call ({get_password,<<"1256900400">>}) returned {ok,
                                                         <<"uEKlpcME7MNMMVRV8rUFPCTIFEs=">>} (eturnal_ctl:call/1:442)
2026-10-02 15:21:37.234046+00:00 [debug] Handling API call: get_credentials("86400", "alice") (eturnal_ctl:get_credentials/2:60)
2026-10-02 15:21:37.234177+00:00 [debug] eturnal call ({get_password,<<"1791040897:alice">>}) returned {ok,
                                                               <<"GsGntj1LZiE+S3BlqV+69anBy6o=">>} (eturnal_ctl:call/1:442)
2026-10-02 15:21:37.234289+00:00 [debug] Handling API call: get_password("1791040897:alice") (eturnal_ctl:get_password/1:79)
2026-10-02 15:21:37.234388+00:00 [debug] eturnal call ({get_password,<<"1791040897:alice">>}) returned {ok,
                                                               <<"GsGntj1LZiE+S3BlqV+69anBy6o=">>} (eturnal_ctl:call/1:442)
2026-10-02 15:21:37.234526+00:00 [debug] Handling API call: get_credentials("86400s", "alice") (eturnal_ctl:get_credentials/2:60)
2026-10-02 15:21:37.234634+00:00 [debug] eturnal call ({get_password,<<"1791040897:alice">>}) returned {ok,
                                                               <<"GsGntj1LZiE+S3BlqV+69anBy6o=">>} (eturnal_ctl:call/1:442)
2026-10-02 15:21:37.234729+00:00 [debug] Handling API call: get_password("1791040897:alice") (eturnal_ctl:get_password/1:79)
2026-10-02 15:21:37.234821+00:00 [debug] eturnal call ({get_password,<<"1791040897:alice">>}) returned {ok,
                                                               <<"GsGntj1LZiE+S3BlqV+69anBy6o=">>} (eturnal_ctl:call/1:442)
2026-10-02 15:21:37.234938+00:00 [debug] Handling API call: get_credentials("1440m", "alice") (eturnal_ctl:get_credentials/2:60)
2026-10-02 15:21:37.235083+00:00 [debug] eturnal call ({get_password,<<"1791040897:alice">>}) returned {ok,
                                                               <<"GsGntj1LZiE+S3BlqV+69anBy6o=">>} (eturnal_ctl:call/1:442)
2026-10-02 15:21:37.235175+00:00 [debug] Handling API call: get_password("1791040897:alice") (eturnal_ctl:get_password/1:79)
2026-10-02 15:21:37.235256+00:00 [debug] eturnal call ({get_password,<<"1791040897:alice">>}) returned {ok,
                                                               <<"GsGntj1LZiE+S3BlqV+69anBy6o=">>} (eturnal_ctl:call/1:442)
2026-10-02 15:21:37.235395+00:00 [debug] Handling API call: get_credentials("24h", "alice") (eturnal_ctl:get_credentials/2:60)
2026-10-02 15:21:37.235510+00:00 [debug] eturnal call ({get_password,<<"1791040897:alice">>}) returned {ok,
                                                               <<"GsGntj1LZiE+S3BlqV+69anBy6o=">>} (eturnal_ctl:call/1:442)
2026-10-02 15:21:37.235602+00:00 [debug] Handling API call: get_password("1791040897:alice") (eturnal_ctl:get_password/1:79)
2026-10-02 15:21:37.235684+00:00 [debug] eturnal call ({get_password,<<"1791040897:alice">>}) returned {ok,
                                                               <<"GsGntj1LZiE+S3BlqV+69anBy6o=">>} (eturnal_ctl:call/1:442)
2026-10-02 15:21:37.235821+00:00 [debug] Handling API call: get_credentials("1d", "alice") (eturnal_ctl:get_credentials/2:60)
2026-10-02 15:21:37.235926+00:00 [debug] eturnal call ({get_password,<<"1791040897:alice">>}) returned {ok,
                                                               <<"GsGntj1LZiE+S3BlqV+69anBy6o=">>} (eturnal_ctl:call/1:442)
2026-10-02 15:21:37.236058+00:00 [debug] Handling API call: get_password("1791040897:alice") (eturnal_ctl:get_password/1:79)
2026-10-02 15:21:37.236139+00:00 [debug] eturnal call ({get_password,<<"1791040897:alice">>}) returned {ok,
                                                               <<"GsGntj1LZiE+S3BlqV+69anBy6o=">>} (eturnal_ctl:call/1:442)
2026-10-02 15:21:37.236239+00:00 [debug] Handling API call: get_password("Invalid") (eturnal_ctl:get_password/1:79)
2026-10-02 15:21:37.236297+00:00 [debug] eturnal call ({get_password,<<"Invalid">>}) returned {error,no_credentials} (eturnal_ctl:call/1:445)
2026-10-02 15:21:37.236361+00:00 [debug] Handling API call: get_credentials("Invalid", []) (eturnal_ctl:get_credentials/2:60)
2026-10-02 15:21:37.236443+00:00 [debug] Invalid argument(s): "Invalid":[] (eturnal_ctl:get_credentials/2:73)
2026-10-02 15:21:37.236508+00:00 [debug] Handling API call: get_password(invalid) (eturnal_ctl:get_password/1:79)
2026-10-02 15:21:37.236568+00:00 [debug] Cannot convert user name to binary: invalid (eturnal_ctl:with_username/2:201)
2026-10-02 15:21:37.236627+00:00 [debug] Handling API call: get_credentials(invalid, []) (eturnal_ctl:get_credentials/2:60)
2026-10-02 15:21:37.236687+00:00 [debug] Invalid argument(s): invalid:[] (eturnal_ctl:get_credentials/2:73)
2026-10-02 15:21:37.236739+00:00 [debug] Handling API call: get_password([invalid]) (eturnal_ctl:get_password/1:79)
2026-10-02 15:21:37.236791+00:00 [debug] Cannot convert user name to binary: [invalid] (eturnal_ctl:with_username/2:201)
2026-10-02 15:21:37.236843+00:00 [debug] Handling API call: get_credentials([invalid], []) (eturnal_ctl:get_credentials/2:60)
2026-10-02 15:21:37.236895+00:00 [debug] Invalid argument(s): [invalid]:[] (eturnal_ctl:get_credentials/2:73)
2026-10-02 15:21:37.237011+00:00 [debug] Handling API call: get_credentials(1256900400, invalid) (eturnal_ctl:get_credentials/2:60)
2026-10-02 15:21:37.237088+00:00 [debug] Invalid argument(s): 1256900400:invalid (eturnal_ctl:get_credentials/2:73)
2026-10-02 15:21:37.237173+00:00 [debug] Handling API call: get_password("alice") (eturnal_ctl:get_password/1:79)
2026-10-02 15:21:37.237245+00:00 [debug] eturnal call ({get_password,<<"alice">>}) returned {ok,<<"l0vesBob">>} (eturnal_ctl:call/1:442)
2026-10-02 15:21:37.260558+00:00 [debug] Handling API call: set_loglevel(debug) (eturnal_ctl:set_loglevel/1:149)
2026-10-02 15:21:37.260702+00:00 [debug] eturnal call ({set_loglevel,debug}) returned ok (eturnal_ctl:call/1:439)
2026-10-02 15:21:37.260839+00:00 [debug] Handling API call: get_loglevel() (eturnal_ctl:get_loglevel/0:139)
2026-10-02 15:21:37.260914+00:00 [debug] eturnal call (get_loglevel) returned {ok,debug} (eturnal_ctl:call/1:442)
2026-10-02 15:21:37.261055+00:00 [debug] Handling API call: set_loglevel(invalid) (eturnal_ctl:set_loglevel/1:149)
2026-10-02 15:21:37.261132+00:00 [debug] Invalid log level: invalid (eturnal_ctl:set_loglevel/1:159)
2026-10-02 15:21:37.261227+00:00 [debug] Handling API call: get_loglevel() (eturnal_ctl:get_loglevel/0:139)
2026-10-02 15:21:37.261291+00:00 [debug] eturnal call (get_loglevel) returned {ok,debug} (eturnal_ctl:call/1:442)
2026-10-02 15:21:37.284313+00:00 [debug] Handling API call: get_version() (eturnal_ctl:get_version/0:129)
2026-10-02 15:21:37.284434+00:00 [debug] eturnal call (get_version) returned {ok,<<"1.12.3">>} (eturnal_ctl:call/1:442)
2026-10-02 15:21:37.307675+00:00 [debug] Handling API call: reload() (eturnal_ctl:reload/0:179)
2026-10-02 15:21:37.309256+00:00 [debug] Calling mod_log_stun:options/0 (eturnal_module:options/1:192)
2026-10-02 15:21:37.309342+00:00 [debug] Calling mod_stats_influx:options/0 (eturnal_module:options/1:192)
2026-10-02 15:21:37.309402+00:00 [debug] Calling mod_stats_prometheus:options/0 (eturnal_module:options/1:192)
2026-10-02 15:21:37.309850+00:00 [info] Reloading configuration (eturnal:reload/1:627)
2026-10-02 15:21:37.309936+00:00 [warning] TLS enabled without 'tls_crt_file', creating self-signed certificate (eturnal:check_pem_file/0:809)
2026-10-02 15:21:38.901830+00:00 [info] Using new TLS certificate (eturnal:reload/1:631)
2026-10-02 15:21:38.902474+00:00 [debug] Calling mod_stats_prometheus:stop/1 (eturnal_module:stop/1:163)
2026-10-02 15:21:38.902622+00:00 [debug] Stopping mod_stats_prometheus (mod_stats_prometheus:stop/0:110)
2026-10-02 15:21:38.902912+00:00 [info] Stopped mod_stats_prometheus (eturnal:stop_modules/1:397)
2026-10-02 15:21:38.903851+00:00 [debug] Calling mod_log_stun:stop/1 (eturnal_module:stop/1:163)
2026-10-02 15:21:38.903927+00:00 [debug] Stopping mod_log_stun (mod_log_stun:stop/0:49)
2026-10-02 15:21:38.904015+00:00 [info] Stopped mod_log_stun (eturnal:stop_modules/1:397)
2026-10-02 15:21:38.904539+00:00 [debug] Calling mod_stats_influx:stop/1 (eturnal_module:stop/1:163)
2026-10-02 15:21:38.904640+00:00 [debug] Stopping mod_stats_influx (mod_stats_influx:stop/0:61)
2026-10-02 15:21:38.904777+00:00 [info] Stopped mod_stats_influx (eturnal:stop_modules/1:397)
2026-10-02 15:21:38.904834+00:00 [debug] Calling mod_stats_prometheus:start/0 (eturnal_module:start/1:143)
2026-10-02 15:21:38.904898+00:00 [debug] Starting mod_stats_prometheus (mod_stats_prometheus:start/0:56)
2026-10-02 15:21:38.904982+00:00 [debug] Dependency prometheus_httpd was available already (eturnal_module:ensure_dep/2:284)
2026-10-02 15:21:38.905441+00:00 [debug] PROGRESS REPORT:
    supervisor: {local,httpd_instance_sup__127_0_0_1__9081default}
    started: [{pid,<0.1128.0>},
              {id,{httpd_connection_sup,{127,0,0,1},9081,default}},
              {mfargs,{httpd_connection_sup,start_link,[[{127,0,0,1},9081]]}},
              {restart_type,permanent},
              {significant,false},
              {shutdown,5000},
              {child_type,supervisor}]
 (supervisor:report_progress/3:2323)
2026-10-02 15:21:38.905572+00:00 [debug] PROGRESS REPORT:
    supervisor: {local,httpd_instance_sup__127_0_0_1__9081default}
    started: [{pid,<0.1129.0>},
              {id,{httpd_misc_sup,{127,0,0,1},9081,default}},
              {mfargs,{httpd_misc_sup,start_link,[{127,0,0,1},9081,default]}},
              {restart_type,permanent},
              {significant,false},
              {shutdown,infinity},
              {child_type,supervisor}]
 (supervisor:report_progress/3:2323)
2026-10-02 15:21:38.905764+00:00 [debug] PROGRESS REPORT:
    supervisor: {local,httpd_instance_sup__127_0_0_1__9081default}
    started: [{pid,<0.1130.0>},
              {id,{httpd_manager,{127,0,0,1},9081,default}},
              {mfargs,
                  {httpd_manager,start_link,
                      [undefined,
                       [{bind_address,{127,0,0,1}},
                        {socket_type,ip_comm},
                        {port,9081},
                        {server_root,"run/mod_stats_prometheus/doc"},
                        {document_root,"run/mod_stats_prometheus/doc"},
                        {server_name,"Prometheus Exporter"},
                        {modules,[prometheus_httpd]}],
                       15000]}},
              {restart_type,permanent},
              {significant,false},
              {shutdown,4000},
              {child_type,worker}]
 (supervisor:report_progress/3:2323)
2026-10-02 15:21:38.906058+00:00 [debug] PROGRESS REPORT:
    supervisor: {local,httpd_acceptor_sup__127_0_0_1__9081default}
    started: [{pid,<0.1132.0>},
              {id,{httpd_acceptor_sup,{127,0,0,1},9081,default}},
              {mfargs,{httpd_acceptor,start_link,
                                      [httpd__127_0_0_1__9081default,ip_comm,
                                       {127,0,0,1},
                                       9081,inet,
                                       httpd_conf__127_0_0_1__9081default,
                                       15000]}},
              {restart_type,transient},
              {significant,false},
              {shutdown,brutal_kill},
              {child_type,worker}]
 (supervisor:report_progress/3:2323)
2026-10-02 15:21:38.906158+00:00 [debug] PROGRESS REPORT:
    supervisor: {local,httpd_instance_sup__127_0_0_1__9081default}
    started: [{pid,<0.1131.0>},
              {id,{httpd_acceptor_sup,{127,0,0,1},9081,default}},
              {mfargs,
                  {httpd_acceptor_sup,start_link,
                      [[{127,0,0,1},
                        9081,
                        [{bind_address,{127,0,0,1}},
                         {socket_type,ip_comm},
                         {port,9081},
                         {server_root,"run/mod_stats_prometheus/doc"},
                         {document_root,"run/mod_stats_prometheus/doc"},
                         {server_name,"Prometheus Exporter"},
                         {modules,[prometheus_httpd]}],
                        15000,undefined]]}},
              {restart_type,permanent},
              {significant,false},
              {shutdown,infinity},
              {child_type,supervisor}]
 (supervisor:report_progress/3:2323)
2026-10-02 15:21:38.906235+00:00 [debug] PROGRESS REPORT:
    supervisor: {local,httpd_sup}
    started: [{pid,<0.1127.0>},
              {id,{httpd_instance_sup,{127,0,0,1},9081,default}},
              {mfargs,
                  {httpd_instance_sup,start_link,
                      [[{bind_address,{127,0,0,1}},
                        {socket_type,ip_comm},
                        {port,9081},
                        {server_root,"run/mod_stats_prometheus/doc"},
                        {document_root,"run/mod_stats_prometheus/doc"},
                        {server_name,"Prometheus Exporter"},
                        {modules,[prometheus_httpd]}],
                       15000,[]]}},
              {restart_type,permanent},
              {significant,false},
              {shutdown,infinity},
              {child_type,supervisor}]
 (supervisor:report_progress/3:2333)
2026-10-02 15:21:38.906961+00:00 [info] Started mod_stats_prometheus (eturnal:start_modules/0:384)
2026-10-02 15:21:38.907063+00:00 [debug] Calling mod_log_stun:start/0 (eturnal_module:start/1:143)
2026-10-02 15:21:38.907118+00:00 [debug] Starting mod_log_stun (mod_log_stun:start/0:38)
2026-10-02 15:21:38.907653+00:00 [info] Started mod_log_stun (eturnal:start_modules/0:384)
2026-10-02 15:21:38.907726+00:00 [debug] Calling mod_stats_influx:start/0 (eturnal_module:start/1:143)
2026-10-02 15:21:38.907800+00:00 [debug] Starting mod_stats_influx (mod_stats_influx:start/0:37)
2026-10-02 15:21:38.907975+00:00 [debug] Dependency influx_udp was available already (eturnal_module:ensure_dep/2:284)
2026-10-02 15:21:38.910152+00:00 [info]     options: #{port => 8089,host => "localhost",pool_size => 1,
               max_overflow => 1}
    msg: Start clients pool
    host: {127,0,0,1} (influx_udp:start_pool_/2:239)
2026-10-02 15:21:38.911109+00:00 [info] Started mod_stats_influx (eturnal:start_modules/0:384)
2026-10-02 15:21:38.911186+00:00 [debug] Restarted modules (eturnal:reload/1:639)
2026-10-02 15:21:38.911413+00:00 [debug] eturnal call (reload) returned ok (eturnal_ctl:call/1:439)
2026-10-02 15:21:38.911702+00:00 [debug] Handling API call: reload() (eturnal_ctl:reload/0:179)
2026-10-02 15:21:38.913201+00:00 [debug] Calling mod_log_stun:options/0 (eturnal_module:options/1:192)
2026-10-02 15:21:38.913290+00:00 [debug] Calling mod_stats_influx:options/0 (eturnal_module:options/1:192)
2026-10-02 15:21:38.913350+00:00 [debug] Calling mod_stats_prometheus:options/0 (eturnal_module:options/1:192)
2026-10-02 15:21:38.913899+00:00 [info] Reloading configuration (eturnal:reload/1:627)
2026-10-02 15:21:38.914062+00:00 [debug] Keeping PEM file (run/cert.pem) (eturnal:check_pem_file/0:806)
2026-10-02 15:21:38.914120+00:00 [debug] TLS certificate unchanged (eturnal:reload/1:633)
2026-10-02 15:21:38.915237+00:00 [debug] Calling mod_stats_prometheus:stop/1 (eturnal_module:stop/1:163)
2026-10-02 15:21:38.915331+00:00 [debug] Stopping mod_stats_prometheus (mod_stats_prometheus:stop/0:110)
2026-10-02 15:21:38.915557+00:00 [info] Stopped mod_stats_prometheus (eturnal:stop_modules/1:397)
2026-10-02 15:21:38.916312+00:00 [debug] Calling mod_log_stun:stop/1 (eturnal_module:stop/1:163)
2026-10-02 15:21:38.916378+00:00 [debug] Stopping mod_log_stun (mod_log_stun:stop/0:49)
2026-10-02 15:21:38.916431+00:00 [info] Stopped mod_log_stun (eturnal:stop_modules/1:397)
2026-10-02 15:21:38.916941+00:00 [debug] Calling mod_stats_influx:stop/1 (eturnal_module:stop/1:163)
2026-10-02 15:21:38.917057+00:00 [debug] Stopping mod_stats_influx (mod_stats_influx:stop/0:61)
2026-10-02 15:21:38.917129+00:00 [info] Stopped mod_stats_influx (eturnal:stop_modules/1:397)
2026-10-02 15:21:38.917197+00:00 [debug] Calling mod_stats_prometheus:start/0 (eturnal_module:start/1:143)
2026-10-02 15:21:38.917256+00:00 [debug] Starting mod_stats_prometheus (mod_stats_prometheus:start/0:56)
2026-10-02 15:21:38.917329+00:00 [debug] Dependency prometheus_httpd was available already (eturnal_module:ensure_dep/2:284)
2026-10-02 15:21:38.917715+00:00 [debug] PROGRESS REPORT:
    supervisor: {local,httpd_instance_sup__127_0_0_1__9081default}
    started: [{pid,<0.1164.0>},
              {id,{httpd_connection_sup,{127,0,0,1},9081,default}},
              {mfargs,{httpd_connection_sup,start_link,[[{127,0,0,1},9081]]}},
              {restart_type,permanent},
              {significant,false},
              {shutdown,5000},
              {child_type,supervisor}]
 (supervisor:report_progress/3:2323)
2026-10-02 15:21:38.917819+00:00 [debug] PROGRESS REPORT:
    supervisor: {local,httpd_instance_sup__127_0_0_1__9081default}
    started: [{pid,<0.1165.0>},
              {id,{httpd_misc_sup,{127,0,0,1},9081,default}},
              {mfargs,{httpd_misc_sup,start_link,[{127,0,0,1},9081,default]}},
              {restart_type,permanent},
              {significant,false},
              {shutdown,infinity},
              {child_type,supervisor}]
 (supervisor:report_progress/3:2323)
2026-10-02 15:21:38.918062+00:00 [debug] PROGRESS REPORT:
    supervisor: {local,httpd_instance_sup__127_0_0_1__9081default}
    started: [{pid,<0.1166.0>},
              {id,{httpd_manager,{127,0,0,1},9081,default}},
              {mfargs,
                  {httpd_manager,start_link,
                      [undefined,
                       [{bind_address,{127,0,0,1}},
                        {socket_type,ip_comm},
                        {port,9081},
                        {server_root,"run/mod_stats_prometheus/doc"},
                        {document_root,"run/mod_stats_prometheus/doc"},
                        {server_name,"Prometheus Exporter"},
                        {modules,[prometheus_httpd]}],
                       15000]}},
              {restart_type,permanent},
              {significant,false},
              {shutdown,4000},
              {child_type,worker}]
 (supervisor:report_progress/3:2323)
2026-10-02 15:21:38.918289+00:00 [debug] PROGRESS REPORT:
    supervisor: {local,httpd_acceptor_sup__127_0_0_1__9081default}
    started: [{pid,<0.1168.0>},
              {id,{httpd_acceptor_sup,{127,0,0,1},9081,default}},
              {mfargs,{httpd_acceptor,start_link,
                                      [httpd__127_0_0_1__9081default,ip_comm,
                                       {127,0,0,1},
                                       9081,inet,
                                       httpd_conf__127_0_0_1__9081default,
                                       15000]}},
              {restart_type,transient},
              {significant,false},
              {shutdown,brutal_kill},
              {child_type,worker}]
 (supervisor:report_progress/3:2323)
2026-10-02 15:21:38.918390+00:00 [debug] PROGRESS REPORT:
    supervisor: {local,httpd_instance_sup__127_0_0_1__9081default}
    started: [{pid,<0.1167.0>},
              {id,{httpd_acceptor_sup,{127,0,0,1},9081,default}},
              {mfargs,
                  {httpd_acceptor_sup,start_link,
                      [[{127,0,0,1},
                        9081,
                        [{bind_address,{127,0,0,1}},
                         {socket_type,ip_comm},
                         {port,9081},
                         {server_root,"run/mod_stats_prometheus/doc"},
                         {document_root,"run/mod_stats_prometheus/doc"},
                         {server_name,"Prometheus Exporter"},
                         {modules,[prometheus_httpd]}],
                        15000,undefined]]}},
              {restart_type,permanent},
              {significant,false},
              {shutdown,infinity},
              {child_type,supervisor}]
 (supervisor:report_progress/3:2323)
2026-10-02 15:21:38.918466+00:00 [debug] PROGRESS REPORT:
    supervisor: {local,httpd_sup}
    started: [{pid,<0.1163.0>},
              {id,{httpd_instance_sup,{127,0,0,1},9081,default}},
              {mfargs,
                  {httpd_instance_sup,start_link,
                      [[{bind_address,{127,0,0,1}},
                        {socket_type,ip_comm},
                        {port,9081},
                        {server_root,"run/mod_stats_prometheus/doc"},
                        {document_root,"run/mod_stats_prometheus/doc"},
                        {server_name,"Prometheus Exporter"},
                        {modules,[prometheus_httpd]}],
                       15000,[]]}},
              {restart_type,permanent},
              {significant,false},
              {shutdown,infinity},
              {child_type,supervisor}]
 (supervisor:report_progress/3:2333)
2026-10-02 15:21:38.919102+00:00 [info] Started mod_stats_prometheus (eturnal:start_modules/0:384)
2026-10-02 15:21:38.919178+00:00 [debug] Calling mod_log_stun:start/0 (eturnal_module:start/1:143)
2026-10-02 15:21:38.919237+00:00 [debug] Starting mod_log_stun (mod_log_stun:start/0:38)
2026-10-02 15:21:38.920138+00:00 [info] Started mod_log_stun (eturnal:start_modules/0:384)
2026-10-02 15:21:38.920203+00:00 [debug] Calling mod_stats_influx:start/0 (eturnal_module:start/1:143)
2026-10-02 15:21:38.920250+00:00 [debug] Starting mod_stats_influx (mod_stats_influx:start/0:37)
2026-10-02 15:21:38.920315+00:00 [debug] Dependency influx_udp was available already (eturnal_module:ensure_dep/2:284)
2026-10-02 15:21:38.920515+00:00 [info]     options: #{port => 8089,host => "localhost",pool_size => 1,
               max_overflow => 1}
    msg: Start clients pool
    host: {127,0,0,1} (influx_udp:start_pool_/2:239)
2026-10-02 15:21:38.921038+00:00 [info] Started mod_stats_influx (eturnal:start_modules/0:384)
2026-10-02 15:21:38.921148+00:00 [debug] Restarted modules (eturnal:reload/1:639)
2026-10-02 15:21:38.921226+00:00 [debug] eturnal call (reload) returned ok (eturnal_ctl:call/1:439)
2026-10-02 15:21:38.945395+00:00 [info] Accepting connection: 127.0.0.1:60100 -> 127.0.0.1:34780 [TCP, session olalsu5fhqzx] (stun_acceptor:accept/3:158)
2026-10-02 15:21:38.967494+00:00 [info] Accepting connection: 127.0.0.1:44264 -> 127.0.0.1:53490 [TLS, session 96z3lu0somj6] (stun_acceptor:accept/3:158)
2026-10-02 15:21:38.994128+00:00 [debug] Received:
#stun{class = request,method = 3,magic = 554869826,
      trid = 66713247130673703961660452306,raw = <<>>,unsupported = [],
      'ALTERNATE-SERVER' = undefined,'CHANNEL-NUMBER' = undefined,
      'DATA' = undefined,'DONT-FRAGMENT' = false,'ERROR-CODE' = undefined,
      'LIFETIME' = undefined,'MAPPED-ADDRESS' = undefined,
      'MESSAGE-INTEGRITY' = undefined,'NONCE' = undefined,'REALM' = undefined,
      'REQUESTED-ADDRESS-FAMILY' = undefined,
      'REQUESTED-TRANSPORT' = undefined,'SOFTWARE' = undefined,
      'UNKNOWN-ATTRIBUTES' = [],'USERNAME' = undefined,
      'XOR-MAPPED-ADDRESS' = undefined,'XOR-PEER-ADDRESS' = [],
      'XOR-RELAYED-ADDRESS' = undefined} (stun:udp_recv/5:146)
2026-10-02 15:21:38.994254+00:00 [debug] Sending:
#stun{class = error,method = 3,magic = 554869826,
      trid = 66713247130673703961660452306,raw = <<>>,unsupported = [],
      'ALTERNATE-SERVER' = undefined,'CHANNEL-NUMBER' = undefined,
      'DATA' = undefined,'DONT-FRAGMENT' = false,
      'ERROR-CODE' = {401,<<"Unauthorized">>},
      'LIFETIME' = undefined,'MAPPED-ADDRESS' = undefined,
      'MESSAGE-INTEGRITY' = undefined,'NONCE' = <<"1810591142">>,
      'REALM' = <<"eturnal.net">>,'REQUESTED-ADDRESS-FAMILY' = undefined,
      'REQUESTED-TRANSPORT' = undefined,'SOFTWARE' = <<"eturnal">>,
      'UNKNOWN-ATTRIBUTES' = [],'USERNAME' = undefined,
      'XOR-MAPPED-ADDRESS' = undefined,'XOR-PEER-ADDRESS' = [],
      'XOR-RELAYED-ADDRESS' = undefined} (stun:send/3:500)
2026-10-02 15:21:38.994514+00:00 [debug] Received:
#stun{class = request,method = 3,magic = 554869826,
      trid = 71398282492129721198813277498,
      raw = <<0,3,0,76,33,18,164,66,230,179,70,105,124,43,148,79,205,138,109,
              58,0,25,0,4,17,0,0,0,0,6,0,5,97,108,105,99,101,0,0,0,0,20,0,11,
              101,116,117,114,110,97,108,46,110,101,116,0,0,21,0,10,49,56,49,
              48,53,57,49,49,52,50,0,0>>,
      unsupported = [],'ALTERNATE-SERVER' = undefined,
      'CHANNEL-NUMBER' = undefined,'DATA' = undefined,'DONT-FRAGMENT' = false,
      'ERROR-CODE' = undefined,'LIFETIME' = undefined,
      'MAPPED-ADDRESS' = undefined,
      'MESSAGE-INTEGRITY' = <<115,213,228,211,87,17,21,172,228,110,80,100,192,
                              180,144,183,211,152,68,205>>,
      'NONCE' = <<"1810591142">>,'REALM' = <<"eturnal.net">>,
      'REQUESTED-ADDRESS-FAMILY' = undefined,'REQUESTED-TRANSPORT' = udp,
      'SOFTWARE' = undefined,'UNKNOWN-ATTRIBUTES' = [],
      'USERNAME' = <<"alice">>,'XOR-MAPPED-ADDRESS' = undefined,
      'XOR-PEER-ADDRESS' = [],'XOR-RELAYED-ADDRESS' = undefined} (stun:udp_recv/5:146)
2026-10-02 15:21:38.994602+00:00 [debug] Looking up password for: alice [UDP, session c4wdlsxqw1zq, user alice, client 127.0.0.1:32962] (eturnal:get_password/2:259)
2026-10-02 15:21:38.994643+00:00 [info] Accepting long-term STUN/TURN authentication [UDP, session c4wdlsxqw1zq, user alice, client 127.0.0.1:32962] (stun:process/2:289)
2026-10-02 15:21:38.996416+00:00 [debug] Running 'turn_session_start' hook [UDP, session c4wdlsxqw1zq, user alice, client 127.0.0.1:32962] (turn:run_hook/3:753)
2026-10-02 15:21:38.996477+00:00 [debug] Got 'turn_session_start' event [UDP, session c4wdlsxqw1zq, user alice, client 127.0.0.1:32962] (eturnal_module:handle_event/2:177)
2026-10-02 15:21:38.996510+00:00 [debug] Calling mod_stats_prometheus:handle_event/2 [UDP, session c4wdlsxqw1zq, user alice, client 127.0.0.1:32962] (eturnal_module:handle_event/2:180)
2026-10-02 15:21:38.996557+00:00 [debug] Observing started TURN session c4wdlsxqw1zq for Prometheus [UDP, session c4wdlsxqw1zq, user alice, client 127.0.0.1:32962] (mod_stats_prometheus:on_turn_session_start/1:174)
2026-10-02 15:21:38.996712+00:00 [notice] Creating TURN allocation (lifetime: 599 seconds) [UDP, session c4wdlsxqw1zq, user alice, client 127.0.0.1:32962, relay 127.0.0.1:64700] (turn:wait_for_allocate/2:226)
2026-10-02 15:21:38.996807+00:00 [debug] Sending:
#stun{class = response,method = 3,magic = 554869826,
      trid = 71398282492129721198813277498,raw = <<>>,unsupported = [],
      'ALTERNATE-SERVER' = undefined,'CHANNEL-NUMBER' = undefined,
      'DATA' = undefined,'DONT-FRAGMENT' = false,'ERROR-CODE' = undefined,
      'LIFETIME' = 599,'MAPPED-ADDRESS' = undefined,
      'MESSAGE-INTEGRITY' = undefined,'NONCE' = undefined,'REALM' = undefined,
      'REQUESTED-ADDRESS-FAMILY' = undefined,
      'REQUESTED-TRANSPORT' = undefined,'SOFTWARE' = <<"eturnal">>,
      'UNKNOWN-ATTRIBUTES' = [],'USERNAME' = undefined,
      'XOR-MAPPED-ADDRESS' = {{127,0,0,1},32962},
      'XOR-PEER-ADDRESS' = [],
      'XOR-RELAYED-ADDRESS' = {{127,0,0,1},64700}} (turn:send/2:549)
2026-10-02 15:21:38.997027+00:00 [debug] Received:
#stun{class = request,method = 4,magic = 554869826,
      trid = 36566827234829198693966248824,
      raw = <<0,4,0,76,33,18,164,66,118,39,94,220,113,248,100,49,104,91,123,
              120,0,6,0,5,97,108,105,99,101,0,0,0,0,20,0,11,101,116,117,114,
              110,97,108,46,110,101,116,0,0,21,0,10,49,56,49,48,53,57,49,49,52,
              50,0,0,0,13,0,4,0,0,0,0>>,
      unsupported = [],'ALTERNATE-SERVER' = undefined,
      'CHANNEL-NUMBER' = undefined,'DATA' = undefined,'DONT-FRAGMENT' = false,
      'ERROR-CODE' = undefined,'LIFETIME' = 0,'MAPPED-ADDRESS' = undefined,
      'MESSAGE-INTEGRITY' = <<252,173,38,118,137,219,104,160,39,147,170,86,191,
                              202,51,158,70,1,238,36>>,
      'NONCE' = <<"1810591142">>,'REALM' = <<"eturnal.net">>,
      'REQUESTED-ADDRESS-FAMILY' = undefined,
      'REQUESTED-TRANSPORT' = undefined,'SOFTWARE' = undefined,
      'UNKNOWN-ATTRIBUTES' = [],'USERNAME' = <<"alice">>,
      'XOR-MAPPED-ADDRESS' = undefined,'XOR-PEER-ADDRESS' = [],
      'XOR-RELAYED-ADDRESS' = undefined} (stun:udp_recv/5:146)
2026-10-02 15:21:38.997112+00:00 [debug] Looking up password for: alice [UDP, session 27r8l0pj15au, user alice, client 127.0.0.1:32962] (eturnal:get_password/2:259)
2026-10-02 15:21:38.997169+00:00 [info] Accepting long-term STUN/TURN authentication [UDP, session 27r8l0pj15au, user alice, client 127.0.0.1:32962] (stun:process/2:289)
2026-10-02 15:21:38.997200+00:00 [info] Client requested closing the TURN session [UDP, session c4wdlsxqw1zq, user alice, client 127.0.0.1:32962, relay 127.0.0.1:64700] (turn:active/2:285)
2026-10-02 15:21:38.997257+00:00 [debug] Sending:
#stun{class = response,method = 4,magic = 554869826,
      trid = 36566827234829198693966248824,raw = <<>>,unsupported = [],
      'ALTERNATE-SERVER' = undefined,'CHANNEL-NUMBER' = undefined,
      'DATA' = undefined,'DONT-FRAGMENT' = false,'ERROR-CODE' = undefined,
      'LIFETIME' = 0,'MAPPED-ADDRESS' = undefined,
      'MESSAGE-INTEGRITY' = undefined,'NONCE' = undefined,'REALM' = undefined,
      'REQUESTED-ADDRESS-FAMILY' = undefined,
      'REQUESTED-TRANSPORT' = undefined,'SOFTWARE' = <<"eturnal">>,
      'UNKNOWN-ATTRIBUTES' = [],'USERNAME' = undefined,
      'XOR-MAPPED-ADDRESS' = undefined,'XOR-PEER-ADDRESS' = [],
      'XOR-RELAYED-ADDRESS' = undefined} (turn:send/2:549)
2026-10-02 15:21:38.997344+00:00 [info] Deleting TURN allocation [UDP, session c4wdlsxqw1zq, user alice, client 127.0.0.1:32962, relay 127.0.0.1:64700] (turn:terminate/3:482)
2026-10-02 15:21:38.997380+00:00 [notice] Relayed 0 KiB (in 0 B / 0 packets, out 0 B / 0 packets), duration: 0 seconds [UDP, session c4wdlsxqw1zq, user alice, client 127.0.0.1:32962, relay 127.0.0.1:64700] (turn:terminate/3:489)
2026-10-02 15:21:38.997432+00:00 [debug] Running 'turn_session_stop' hook [UDP, session c4wdlsxqw1zq, user alice, client 127.0.0.1:32962, relay 127.0.0.1:64700] (turn:run_hook/3:753)
2026-10-02 15:21:38.997476+00:00 [debug] Got 'turn_session_stop' event [UDP, session c4wdlsxqw1zq, user alice, client 127.0.0.1:32962, relay 127.0.0.1:64700] (eturnal_module:handle_event/2:177)
2026-10-02 15:21:38.997511+00:00 [debug] Calling mod_stats_influx:handle_event/2 [UDP, session c4wdlsxqw1zq, user alice, client 127.0.0.1:32962, relay 127.0.0.1:64700] (eturnal_module:handle_event/2:180)
2026-10-02 15:21:38.997514+00:00 [debug] Received:
#stun{class = request,method = 3,magic = 554869826,
      trid = 55137627316823334220880281582,raw = <<>>,unsupported = [],
      'ALTERNATE-SERVER' = undefined,'CHANNEL-NUMBER' = undefined,
      'DATA' = undefined,'DONT-FRAGMENT' = false,'ERROR-CODE' = undefined,
      'LIFETIME' = undefined,'MAPPED-ADDRESS' = undefined,
      'MESSAGE-INTEGRITY' = undefined,'NONCE' = undefined,'REALM' = undefined,
      'REQUESTED-ADDRESS-FAMILY' = undefined,
      'REQUESTED-TRANSPORT' = undefined,'SOFTWARE' = undefined,
      'UNKNOWN-ATTRIBUTES' = [],'USERNAME' = undefined,
      'XOR-MAPPED-ADDRESS' = undefined,'XOR-PEER-ADDRESS' = [],
      'XOR-RELAYED-ADDRESS' = undefined} (stun:udp_recv/5:146)
2026-10-02 15:21:38.997560+00:00 [debug] Writing stats of TURN session c4wdlsxqw1zq to InfluxDB [UDP, session c4wdlsxqw1zq, user alice, client 127.0.0.1:32962, relay 127.0.0.1:64700] (mod_stats_influx:on_turn_session_stop/1:87)
2026-10-02 15:21:38.997625+00:00 [debug] Sending:
#stun{class = error,method = 3,magic = 554869826,
      trid = 55137627316823334220880281582,raw = <<>>,unsupported = [],
      'ALTERNATE-SERVER' = undefined,'CHANNEL-NUMBER' = undefined,
      'DATA' = undefined,'DONT-FRAGMENT' = false,
      'ERROR-CODE' = {401,<<"Unauthorized">>},
      'LIFETIME' = undefined,'MAPPED-ADDRESS' = undefined,
      'MESSAGE-INTEGRITY' = undefined,'NONCE' = <<"885519477">>,
      'REALM' = <<"eturnal.net">>,'REQUESTED-ADDRESS-FAMILY' = undefined,
      'REQUESTED-TRANSPORT' = undefined,'SOFTWARE' = <<"eturnal">>,
      'UNKNOWN-ATTRIBUTES' = [],'USERNAME' = undefined,
      'XOR-MAPPED-ADDRESS' = undefined,'XOR-PEER-ADDRESS' = [],
      'XOR-RELAYED-ADDRESS' = undefined} (stun:send/3:500)
2026-10-02 15:21:38.997875+00:00 [debug] Received:
#stun{class = request,method = 3,magic = 554869826,
      trid = 47691602384445072056943564402,
      raw = <<0,3,0,80,33,18,164,66,154,25,145,161,185,252,152,14,66,210,214,
              114,0,25,0,4,17,0,0,0,0,6,0,10,50,49,52,53,57,49,51,50,48,48,0,0,
              0,20,0,11,101,116,117,114,110,97,108,46,110,101,116,0,0,21,0,9,
              56,56,53,53,49,57,52,55,55,0,0,0>>,
      unsupported = [],'ALTERNATE-SERVER' = undefined,
      'CHANNEL-NUMBER' = undefined,'DATA' = undefined,'DONT-FRAGMENT' = false,
      'ERROR-CODE' = undefined,'LIFETIME' = undefined,
      'MAPPED-ADDRESS' = undefined,
      'MESSAGE-INTEGRITY' = <<62,242,20,105,95,12,37,41,181,15,135,252,90,173,
                              147,67,156,167,63,203>>,
      'NONCE' = <<"885519477">>,'REALM' = <<"eturnal.net">>,
      'REQUESTED-ADDRESS-FAMILY' = undefined,'REQUESTED-TRANSPORT' = udp,
      'SOFTWARE' = undefined,'UNKNOWN-ATTRIBUTES' = [],
      'USERNAME' = <<"2145913200">>,'XOR-MAPPED-ADDRESS' = undefined,
      'XOR-PEER-ADDRESS' = [],'XOR-RELAYED-ADDRESS' = undefined} (stun:udp_recv/5:146)
2026-10-02 15:21:38.997981+00:00 [debug] Deriving password for: 2145913200 [UDP, session btlke9a14sl6, user 2145913200, client 127.0.0.1:58808] (eturnal:get_password/2:245)
2026-10-02 15:21:38.998047+00:00 [info] Accepting long-term STUN/TURN authentication [UDP, session btlke9a14sl6, user 2145913200, client 127.0.0.1:58808] (stun:process/2:289)
2026-10-02 15:21:38.998135+00:00 [debug] Running 'turn_session_start' hook [UDP, session btlke9a14sl6, user 2145913200, client 127.0.0.1:58808] (turn:run_hook/3:753)
2026-10-02 15:21:38.998180+00:00 [debug] Got 'turn_session_start' event [UDP, session btlke9a14sl6, user 2145913200, client 127.0.0.1:58808] (eturnal_module:handle_event/2:177)
2026-10-02 15:21:38.998207+00:00 [debug] Calling mod_stats_prometheus:handle_event/2 [UDP, session btlke9a14sl6, user 2145913200, client 127.0.0.1:58808] (eturnal_module:handle_event/2:180)
2026-10-02 15:21:38.998262+00:00 [debug] Observing started TURN session btlke9a14sl6 for Prometheus [UDP, session btlke9a14sl6, user 2145913200, client 127.0.0.1:58808] (mod_stats_prometheus:on_turn_session_start/1:174)
2026-10-02 15:21:38.998394+00:00 [notice] Creating TURN allocation (lifetime: 600 seconds) [UDP, session btlke9a14sl6, user 2145913200, client 127.0.0.1:58808, relay 127.0.0.1:53418] (turn:wait_for_allocate/2:226)
2026-10-02 15:21:38.998480+00:00 [debug] Sending:
#stun{class = response,method = 3,magic = 554869826,
      trid = 47691602384445072056943564402,raw = <<>>,unsupported = [],
      'ALTERNATE-SERVER' = undefined,'CHANNEL-NUMBER' = undefined,
      'DATA' = undefined,'DONT-FRAGMENT' = false,'ERROR-CODE' = undefined,
      'LIFETIME' = 600,'MAPPED-ADDRESS' = undefined,
      'MESSAGE-INTEGRITY' = undefined,'NONCE' = undefined,'REALM' = undefined,
      'REQUESTED-ADDRESS-FAMILY' = undefined,
      'REQUESTED-TRANSPORT' = undefined,'SOFTWARE' = <<"eturnal">>,
      'UNKNOWN-ATTRIBUTES' = [],'USERNAME' = undefined,
      'XOR-MAPPED-ADDRESS' = {{127,0,0,1},58808},
      'XOR-PEER-ADDRESS' = [],
      'XOR-RELAYED-ADDRESS' = {{127,0,0,1},53418}} (turn:send/2:549)
2026-10-02 15:21:38.998688+00:00 [debug] Received:
#stun{class = request,method = 4,magic = 554869826,
      trid = 66272939180265256065548616045,
      raw = <<0,4,0,80,33,18,164,66,214,35,176,191,207,234,8,68,160,187,1,109,
              0,6,0,10,50,49,52,53,57,49,51,50,48,48,0,0,0,20,0,11,101,116,117,
              114,110,97,108,46,110,101,116,0,0,21,0,9,56,56,53,53,49,57,52,55,
              55,0,0,0,0,13,0,4,0,0,0,0>>,
      unsupported = [],'ALTERNATE-SERVER' = undefined,
      'CHANNEL-NUMBER' = undefined,'DATA' = undefined,'DONT-FRAGMENT' = false,
      'ERROR-CODE' = undefined,'LIFETIME' = 0,'MAPPED-ADDRESS' = undefined,
      'MESSAGE-INTEGRITY' = <<237,209,10,79,85,134,147,3,126,60,228,156,90,214,
                              122,228,221,132,190,80>>,
      'NONCE' = <<"885519477">>,'REALM' = <<"eturnal.net">>,
      'REQUESTED-ADDRESS-FAMILY' = undefined,
      'REQUESTED-TRANSPORT' = undefined,'SOFTWARE' = undefined,
      'UNKNOWN-ATTRIBUTES' = [],'USERNAME' = <<"2145913200">>,
      'XOR-MAPPED-ADDRESS' = undefined,'XOR-PEER-ADDRESS' = [],
      'XOR-RELAYED-ADDRESS' = undefined} (stun:udp_recv/5:146)
2026-10-02 15:21:38.998783+00:00 [debug] Deriving password for: 2145913200 [UDP, session uabyxm0w7o19, user 2145913200, client 127.0.0.1:58808] (eturnal:get_password/2:245)
2026-10-02 15:21:38.998838+00:00 [info] Accepting long-term STUN/TURN authentication [UDP, session uabyxm0w7o19, user 2145913200, client 127.0.0.1:58808] (stun:process/2:289)
2026-10-02 15:21:38.998882+00:00 [info] Client requested closing the TURN session [UDP, session btlke9a14sl6, user 2145913200, client 127.0.0.1:58808, relay 127.0.0.1:53418] (turn:active/2:285)
2026-10-02 15:21:38.998938+00:00 [debug] Sending:
#stun{class = response,method = 4,magic = 554869826,
      trid = 66272939180265256065548616045,raw = <<>>,unsupported = [],
      'ALTERNATE-SERVER' = undefined,'CHANNEL-NUMBER' = undefined,
      'DATA' = undefined,'DONT-FRAGMENT' = false,'ERROR-CODE' = undefined,
      'LIFETIME' = 0,'MAPPED-ADDRESS' = undefined,
      'MESSAGE-INTEGRITY' = undefined,'NONCE' = undefined,'REALM' = undefined,
      'REQUESTED-ADDRESS-FAMILY' = undefined,
      'REQUESTED-TRANSPORT' = undefined,'SOFTWARE' = <<"eturnal">>,
      'UNKNOWN-ATTRIBUTES' = [],'USERNAME' = undefined,
      'XOR-MAPPED-ADDRESS' = undefined,'XOR-PEER-ADDRESS' = [],
      'XOR-RELAYED-ADDRESS' = undefined} (turn:send/2:549)
2026-10-02 15:21:38.999034+00:00 [info] Deleting TURN allocation [UDP, session btlke9a14sl6, user 2145913200, client 127.0.0.1:58808, relay 127.0.0.1:53418] (turn:terminate/3:482)
2026-10-02 15:21:38.999072+00:00 [notice] Relayed 0 KiB (in 0 B / 0 packets, out 0 B / 0 packets), duration: 0 seconds [UDP, session btlke9a14sl6, user 2145913200, client 127.0.0.1:58808, relay 127.0.0.1:53418] (turn:terminate/3:489)
2026-10-02 15:21:38.999117+00:00 [debug] Running 'turn_session_stop' hook [UDP, session btlke9a14sl6, user 2145913200, client 127.0.0.1:58808, relay 127.0.0.1:53418] (turn:run_hook/3:753)
2026-10-02 15:21:38.999150+00:00 [debug] Got 'turn_session_stop' event [UDP, session btlke9a14sl6, user 2145913200, client 127.0.0.1:58808, relay 127.0.0.1:53418] (eturnal_module:handle_event/2:177)
2026-10-02 15:21:38.999181+00:00 [debug] Calling mod_stats_influx:handle_event/2 [UDP, session btlke9a14sl6, user 2145913200, client 127.0.0.1:58808, relay 127.0.0.1:53418] (eturnal_module:handle_event/2:180)
2026-10-02 15:21:38.999216+00:00 [debug] Writing stats of TURN session btlke9a14sl6 to InfluxDB [UDP, session btlke9a14sl6, user 2145913200, client 127.0.0.1:58808, relay 127.0.0.1:53418] (mod_stats_influx:on_turn_session_stop/1:87)
2026-10-02 15:21:39.000212+00:00 [debug] Calling mod_stats_prometheus:handle_event/2 [UDP, session btlke9a14sl6, user 2145913200, client 127.0.0.1:58808, relay 127.0.0.1:53418] (eturnal_module:handle_event/2:180)
2026-10-02 15:21:39.000214+00:00 [debug] Calling mod_stats_prometheus:handle_event/2 [UDP, session c4wdlsxqw1zq, user alice, client 127.0.0.1:32962, relay 127.0.0.1:64700] (eturnal_module:handle_event/2:180)
2026-10-02 15:21:39.000252+00:00 [debug] Observing stopped TURN session btlke9a14sl6 for Prometheus [UDP, session btlke9a14sl6, user 2145913200, client 127.0.0.1:58808, relay 127.0.0.1:53418] (mod_stats_prometheus:on_turn_session_stop/1:187)
2026-10-02 15:21:39.000280+00:00 [debug] Observing stopped TURN session c4wdlsxqw1zq for Prometheus [UDP, session c4wdlsxqw1zq, user alice, client 127.0.0.1:32962, relay 127.0.0.1:64700] (mod_stats_prometheus:on_turn_session_stop/1:187)
2026-10-02 15:21:39.021642+00:00 [debug] Received:
#stun{class = request,method = 1,magic = 554869826,
      trid = 22017731988838661561911136291,raw = <<>>,unsupported = [],
      'ALTERNATE-SERVER' = undefined,'CHANNEL-NUMBER' = undefined,
      'DATA' = undefined,'DONT-FRAGMENT' = false,'ERROR-CODE' = undefined,
      'LIFETIME' = undefined,'MAPPED-ADDRESS' = undefined,
      'MESSAGE-INTEGRITY' = undefined,'NONCE' = undefined,'REALM' = undefined,
      'REQUESTED-ADDRESS-FAMILY' = undefined,
      'REQUESTED-TRANSPORT' = undefined,'SOFTWARE' = undefined,
      'UNKNOWN-ATTRIBUTES' = [],'USERNAME' = undefined,
      'XOR-MAPPED-ADDRESS' = undefined,'XOR-PEER-ADDRESS' = [],
      'XOR-RELAYED-ADDRESS' = undefined} (stun:udp_recv/5:146)
2026-10-02 15:21:39.021727+00:00 [debug] Responding to STUN request [UDP, session o7od523ypbd0, anonymous, client 127.0.0.1:34443] (stun:process/4:357)
2026-10-02 15:21:39.021764+00:00 [debug] Running 'stun_query' hook [UDP, session o7od523ypbd0, anonymous, client 127.0.0.1:34443] (stun:run_hook/3:747)
2026-10-02 15:21:39.021788+00:00 [debug] Got 'stun_query' event [UDP, session o7od523ypbd0, anonymous, client 127.0.0.1:34443] (eturnal_module:handle_event/2:177)
2026-10-02 15:21:39.021819+00:00 [debug] Calling mod_log_stun:handle_event/2 [UDP, session o7od523ypbd0, anonymous, client 127.0.0.1:34443] (eturnal_module:handle_event/2:180)
2026-10-02 15:21:39.021851+00:00 [info] Responding to STUN request [UDP, session o7od523ypbd0, anonymous, client 127.0.0.1:34443] (mod_log_stun:handle_event/2:44)
2026-10-02 15:21:39.021884+00:00 [debug] Calling mod_stats_influx:handle_event/2 [UDP, session o7od523ypbd0, anonymous, client 127.0.0.1:34443] (eturnal_module:handle_event/2:180)
2026-10-02 15:21:39.021910+00:00 [debug] Writing STUN query event to InfluxDB [UDP, session o7od523ypbd0, anonymous, client 127.0.0.1:34443] (mod_stats_influx:on_stun_query/1:76)
2026-10-02 15:21:39.022028+00:00 [debug] Calling mod_stats_prometheus:handle_event/2 [UDP, session o7od523ypbd0, anonymous, client 127.0.0.1:34443] (eturnal_module:handle_event/2:180)
2026-10-02 15:21:39.022077+00:00 [debug] Observing STUN query for Prometheus [UDP, session o7od523ypbd0, anonymous, client 127.0.0.1:34443] (mod_stats_prometheus:on_stun_query/1:166)
2026-10-02 15:21:39.022156+00:00 [debug] Sending:
#stun{class = response,method = 1,magic = 554869826,
      trid = 22017731988838661561911136291,raw = <<>>,unsupported = [],
      'ALTERNATE-SERVER' = undefined,'CHANNEL-NUMBER' = undefined,
      'DATA' = undefined,'DONT-FRAGMENT' = false,'ERROR-CODE' = undefined,
      'LIFETIME' = undefined,'MAPPED-ADDRESS' = undefined,
      'MESSAGE-INTEGRITY' = undefined,'NONCE' = undefined,'REALM' = undefined,
      'REQUESTED-ADDRESS-FAMILY' = undefined,
      'REQUESTED-TRANSPORT' = undefined,'SOFTWARE' = <<"eturnal">>,
      'UNKNOWN-ATTRIBUTES' = [],'USERNAME' = undefined,
      'XOR-MAPPED-ADDRESS' = {{127,0,0,1},34443},
      'XOR-PEER-ADDRESS' = [],'XOR-RELAYED-ADDRESS' = undefined} (stun:send/3:500)
2026-10-02 15:21:39.045431+00:00 [info] Accepting connection: 127.0.0.1:60114 -> 127.0.0.1:34780 [TCP, session ykh6k8fuhb4i] (stun_acceptor:accept/3:158)
2026-10-02 15:21:39.045618+00:00 [debug] Received:
#stun{class = request,method = 1,magic = 554869826,
      trid = 16870810926309156187352912039,raw = <<>>,unsupported = [],
      'ALTERNATE-SERVER' = undefined,'CHANNEL-NUMBER' = undefined,
      'DATA' = undefined,'DONT-FRAGMENT' = false,'ERROR-CODE' = undefined,
      'LIFETIME' = undefined,'MAPPED-ADDRESS' = undefined,
      'MESSAGE-INTEGRITY' = undefined,'NONCE' = undefined,'REALM' = undefined,
      'REQUESTED-ADDRESS-FAMILY' = undefined,
      'REQUESTED-TRANSPORT' = undefined,'SOFTWARE' = undefined,
      'UNKNOWN-ATTRIBUTES' = [],'USERNAME' = undefined,
      'XOR-MAPPED-ADDRESS' = undefined,'XOR-PEER-ADDRESS' = [],
      'XOR-RELAYED-ADDRESS' = undefined} (stun:process_data/3:457)
2026-10-02 15:21:39.045691+00:00 [debug] Responding to STUN request [TCP, session ykh6k8fuhb4i, anonymous, client 127.0.0.1:60114] (stun:process/4:357)
2026-10-02 15:21:39.045764+00:00 [debug] Running 'stun_query' hook [TCP, session ykh6k8fuhb4i, anonymous, client 127.0.0.1:60114] (stun:run_hook/3:747)
2026-10-02 15:21:39.045810+00:00 [debug] Got 'stun_query' event [TCP, session ykh6k8fuhb4i, anonymous, client 127.0.0.1:60114] (eturnal_module:handle_event/2:177)
2026-10-02 15:21:39.045848+00:00 [debug] Calling mod_log_stun:handle_event/2 [TCP, session ykh6k8fuhb4i, anonymous, client 127.0.0.1:60114] (eturnal_module:handle_event/2:180)
2026-10-02 15:21:39.045897+00:00 [info] Responding to STUN request [TCP, session ykh6k8fuhb4i, anonymous, client 127.0.0.1:60114] (mod_log_stun:handle_event/2:44)
2026-10-02 15:21:39.045939+00:00 [debug] Calling mod_stats_influx:handle_event/2 [TCP, session ykh6k8fuhb4i, anonymous, client 127.0.0.1:60114] (eturnal_module:handle_event/2:180)
2026-10-02 15:21:39.045984+00:00 [debug] Writing STUN query event to InfluxDB [TCP, session ykh6k8fuhb4i, anonymous, client 127.0.0.1:60114] (mod_stats_influx:on_stun_query/1:76)
2026-10-02 15:21:39.046180+00:00 [debug] Calling mod_stats_prometheus:handle_event/2 [TCP, session ykh6k8fuhb4i, anonymous, client 127.0.0.1:60114] (eturnal_module:handle_event/2:180)
2026-10-02 15:21:39.046221+00:00 [debug] Observing STUN query for Prometheus [TCP, session ykh6k8fuhb4i, anonymous, client 127.0.0.1:60114] (mod_stats_prometheus:on_stun_query/1:166)
2026-10-02 15:21:39.046284+00:00 [debug] Sending:
#stun{class = response,method = 1,magic = 554869826,
      trid = 16870810926309156187352912039,raw = <<>>,unsupported = [],
      'ALTERNATE-SERVER' = undefined,'CHANNEL-NUMBER' = undefined,
      'DATA' = undefined,'DONT-FRAGMENT' = false,'ERROR-CODE' = undefined,
      'LIFETIME' = undefined,'MAPPED-ADDRESS' = undefined,
      'MESSAGE-INTEGRITY' = undefined,'NONCE' = undefined,'REALM' = undefined,
      'REQUESTED-ADDRESS-FAMILY' = undefined,
      'REQUESTED-TRANSPORT' = undefined,'SOFTWARE' = <<"eturnal">>,
      'UNKNOWN-ATTRIBUTES' = [],'USERNAME' = undefined,
      'XOR-MAPPED-ADDRESS' = {{127,0,0,1},60114},
      'XOR-PEER-ADDRESS' = [],'XOR-RELAYED-ADDRESS' = undefined} (stun:send/3:500)
2026-10-02 15:21:39.047649+00:00 [info] Connection reset by peer [TCP, session ykh6k8fuhb4i, anonymous, client 127.0.0.1:60114] (stun:handle_info/3:206)
2026-10-02 15:21:39.069504+00:00 [info] Accepting connection: 127.0.0.1:44266 -> 127.0.0.1:53490 [TLS, session kz4lds14ap9s] (stun_acceptor:accept/3:158)
2026-10-02 15:21:40.076877+00:00 [debug] Received:
#stun{class = request,method = 1,magic = 554869826,
      trid = 42031151066346952712469000347,raw = <<>>,unsupported = [],
      'ALTERNATE-SERVER' = undefined,'CHANNEL-NUMBER' = undefined,
      'DATA' = undefined,'DONT-FRAGMENT' = false,'ERROR-CODE' = undefined,
      'LIFETIME' = undefined,'MAPPED-ADDRESS' = undefined,
      'MESSAGE-INTEGRITY' = undefined,'NONCE' = undefined,'REALM' = undefined,
      'REQUESTED-ADDRESS-FAMILY' = undefined,
      'REQUESTED-TRANSPORT' = undefined,'SOFTWARE' = undefined,
      'UNKNOWN-ATTRIBUTES' = [],'USERNAME' = undefined,
      'XOR-MAPPED-ADDRESS' = undefined,'XOR-PEER-ADDRESS' = [],
      'XOR-RELAYED-ADDRESS' = undefined} (stun:process_data/3:457)
2026-10-02 15:21:40.077046+00:00 [debug] Responding to STUN request [TLS, session kz4lds14ap9s, anonymous, client 127.0.0.1:44266] (stun:process/4:357)
2026-10-02 15:21:40.077126+00:00 [debug] Running 'stun_query' hook [TLS, session kz4lds14ap9s, anonymous, client 127.0.0.1:44266] (stun:run_hook/3:747)
2026-10-02 15:21:40.077179+00:00 [debug] Got 'stun_query' event [TLS, session kz4lds14ap9s, anonymous, client 127.0.0.1:44266] (eturnal_module:handle_event/2:177)
2026-10-02 15:21:40.077239+00:00 [debug] Calling mod_log_stun:handle_event/2 [TLS, session kz4lds14ap9s, anonymous, client 127.0.0.1:44266] (eturnal_module:handle_event/2:180)
2026-10-02 15:21:40.077287+00:00 [info] Responding to STUN request [TLS, session kz4lds14ap9s, anonymous, client 127.0.0.1:44266] (mod_log_stun:handle_event/2:44)
2026-10-02 15:21:40.077322+00:00 [debug] Calling mod_stats_influx:handle_event/2 [TLS, session kz4lds14ap9s, anonymous, client 127.0.0.1:44266] (eturnal_module:handle_event/2:180)
2026-10-02 15:21:40.077353+00:00 [debug] Writing STUN query event to InfluxDB [TLS, session kz4lds14ap9s, anonymous, client 127.0.0.1:44266] (mod_stats_influx:on_stun_query/1:76)
2026-10-02 15:21:40.077484+00:00 [debug] Calling mod_stats_prometheus:handle_event/2 [TLS, session kz4lds14ap9s, anonymous, client 127.0.0.1:44266] (eturnal_module:handle_event/2:180)
2026-10-02 15:21:40.077504+00:00 [debug] Observing STUN query for Prometheus [TLS, session kz4lds14ap9s, anonymous, client 127.0.0.1:44266] (mod_stats_prometheus:on_stun_query/1:166)
2026-10-02 15:21:40.077567+00:00 [debug] Sending:
#stun{class = response,method = 1,magic = 554869826,
      trid = 42031151066346952712469000347,raw = <<>>,unsupported = [],
      'ALTERNATE-SERVER' = undefined,'CHANNEL-NUMBER' = undefined,
      'DATA' = undefined,'DONT-FRAGMENT' = false,'ERROR-CODE' = undefined,
      'LIFETIME' = undefined,'MAPPED-ADDRESS' = undefined,
      'MESSAGE-INTEGRITY' = undefined,'NONCE' = undefined,'REALM' = undefined,
      'REQUESTED-ADDRESS-FAMILY' = undefined,
      'REQUESTED-TRANSPORT' = undefined,'SOFTWARE' = <<"eturnal">>,
      'UNKNOWN-ATTRIBUTES' = [],'USERNAME' = undefined,
      'XOR-MAPPED-ADDRESS' = {{127,0,0,1},44266},
      'XOR-PEER-ADDRESS' = [],'XOR-RELAYED-ADDRESS' = undefined} (stun:send/3:500)
2026-10-02 15:21:40.077887+00:00 [info] Connection reset by peer [TLS, session kz4lds14ap9s, anonymous, client 127.0.0.1:44266] (stun:handle_info/3:206)
2026-10-02 15:21:40.100775+00:00 [info] Accepting connection: 127.0.0.1:34478 -> 127.0.0.1:34781 [TCP|TLS, session re3orf13ir1f] (stun_acceptor:accept/3:158)
2026-10-02 15:21:40.100885+00:00 [debug] Determined transport protocol: TCP (stun:is_tls_handshake/1:693)
2026-10-02 15:21:40.101118+00:00 [debug] Received:
#stun{class = request,method = 1,magic = 554869826,
      trid = 55106950463116841836206789377,raw = <<>>,unsupported = [],
      'ALTERNATE-SERVER' = undefined,'CHANNEL-NUMBER' = undefined,
      'DATA' = undefined,'DONT-FRAGMENT' = false,'ERROR-CODE' = undefined,
      'LIFETIME' = undefined,'MAPPED-ADDRESS' = undefined,
      'MESSAGE-INTEGRITY' = undefined,'NONCE' = undefined,'REALM' = undefined,
      'REQUESTED-ADDRESS-FAMILY' = undefined,
      'REQUESTED-TRANSPORT' = undefined,'SOFTWARE' = undefined,
      'UNKNOWN-ATTRIBUTES' = [],'USERNAME' = undefined,
      'XOR-MAPPED-ADDRESS' = undefined,'XOR-PEER-ADDRESS' = [],
      'XOR-RELAYED-ADDRESS' = undefined} (stun:process_data/3:457)
2026-10-02 15:21:40.101202+00:00 [debug] Responding to STUN request [TCP, session re3orf13ir1f, anonymous, client 127.0.0.1:34478] (stun:process/4:357)
2026-10-02 15:21:40.101268+00:00 [debug] Running 'stun_query' hook [TCP, session re3orf13ir1f, anonymous, client 127.0.0.1:34478] (stun:run_hook/3:747)
2026-10-02 15:21:40.101303+00:00 [debug] Got 'stun_query' event [TCP, session re3orf13ir1f, anonymous, client 127.0.0.1:34478] (eturnal_module:handle_event/2:177)
2026-10-02 15:21:40.101350+00:00 [debug] Calling mod_log_stun:handle_event/2 [TCP, session re3orf13ir1f, anonymous, client 127.0.0.1:34478] (eturnal_module:handle_event/2:180)
2026-10-02 15:21:40.101389+00:00 [info] Responding to STUN request [TCP, session re3orf13ir1f, anonymous, client 127.0.0.1:34478] (mod_log_stun:handle_event/2:44)
2026-10-02 15:21:40.101419+00:00 [debug] Calling mod_stats_influx:handle_event/2 [TCP, session re3orf13ir1f, anonymous, client 127.0.0.1:34478] (eturnal_module:handle_event/2:180)
2026-10-02 15:21:40.101456+00:00 [debug] Writing STUN query event to InfluxDB [TCP, session re3orf13ir1f, anonymous, client 127.0.0.1:34478] (mod_stats_influx:on_stun_query/1:76)
2026-10-02 15:21:40.101571+00:00 [debug] Calling mod_stats_prometheus:handle_event/2 [TCP, session re3orf13ir1f, anonymous, client 127.0.0.1:34478] (eturnal_module:handle_event/2:180)
2026-10-02 15:21:40.101608+00:00 [debug] Observing STUN query for Prometheus [TCP, session re3orf13ir1f, anonymous, client 127.0.0.1:34478] (mod_stats_prometheus:on_stun_query/1:166)
2026-10-02 15:21:40.101655+00:00 [debug] Sending:
#stun{class = response,method = 1,magic = 554869826,
      trid = 55106950463116841836206789377,raw = <<>>,unsupported = [],
      'ALTERNATE-SERVER' = undefined,'CHANNEL-NUMBER' = undefined,
      'DATA' = undefined,'DONT-FRAGMENT' = false,'ERROR-CODE' = undefined,
      'LIFETIME' = undefined,'MAPPED-ADDRESS' = undefined,
      'MESSAGE-INTEGRITY' = undefined,'NONCE' = undefined,'REALM' = undefined,
      'REQUESTED-ADDRESS-FAMILY' = undefined,
      'REQUESTED-TRANSPORT' = undefined,'SOFTWARE' = <<"eturnal">>,
      'UNKNOWN-ATTRIBUTES' = [],'USERNAME' = undefined,
      'XOR-MAPPED-ADDRESS' = {{127,0,0,1},34478},
      'XOR-PEER-ADDRESS' = [],'XOR-RELAYED-ADDRESS' = undefined} (stun:send/3:500)
2026-10-02 15:21:40.102648+00:00 [info] Connection reset by peer [TCP, session re3orf13ir1f, anonymous, client 127.0.0.1:34478] (stun:handle_info/3:206)
2026-10-02 15:21:40.124497+00:00 [info] Accepting connection: 127.0.0.1:34486 -> 127.0.0.1:34781 [TCP|TLS, session 5uxo0soo31tp] (stun_acceptor:accept/3:158)
2026-10-02 15:21:40.124626+00:00 [debug] Determined transport protocol: TLS (stun:is_tls_handshake/1:690)
2026-10-02 15:21:41.132015+00:00 [debug] Received:
#stun{class = request,method = 1,magic = 554869826,
      trid = 4184830356480543983119162474,raw = <<>>,unsupported = [],
      'ALTERNATE-SERVER' = undefined,'CHANNEL-NUMBER' = undefined,
      'DATA' = undefined,'DONT-FRAGMENT' = false,'ERROR-CODE' = undefined,
      'LIFETIME' = undefined,'MAPPED-ADDRESS' = undefined,
      'MESSAGE-INTEGRITY' = undefined,'NONCE' = undefined,'REALM' = undefined,
      'REQUESTED-ADDRESS-FAMILY' = undefined,
      'REQUESTED-TRANSPORT' = undefined,'SOFTWARE' = undefined,
      'UNKNOWN-ATTRIBUTES' = [],'USERNAME' = undefined,
      'XOR-MAPPED-ADDRESS' = undefined,'XOR-PEER-ADDRESS' = [],
      'XOR-RELAYED-ADDRESS' = undefined} (stun:process_data/3:457)
2026-10-02 15:21:41.132145+00:00 [debug] Responding to STUN request [TLS, session 5uxo0soo31tp, anonymous, client 127.0.0.1:34486] (stun:process/4:357)
2026-10-02 15:21:41.132198+00:00 [debug] Running 'stun_query' hook [TLS, session 5uxo0soo31tp, anonymous, client 127.0.0.1:34486] (stun:run_hook/3:747)
2026-10-02 15:21:41.132220+00:00 [debug] Got 'stun_query' event [TLS, session 5uxo0soo31tp, anonymous, client 127.0.0.1:34486] (eturnal_module:handle_event/2:177)
2026-10-02 15:21:41.132263+00:00 [debug] Calling mod_log_stun:handle_event/2 [TLS, session 5uxo0soo31tp, anonymous, client 127.0.0.1:34486] (eturnal_module:handle_event/2:180)
2026-10-02 15:21:41.132291+00:00 [info] Responding to STUN request [TLS, session 5uxo0soo31tp, anonymous, client 127.0.0.1:34486] (mod_log_stun:handle_event/2:44)
2026-10-02 15:21:41.132317+00:00 [debug] Calling mod_stats_influx:handle_event/2 [TLS, session 5uxo0soo31tp, anonymous, client 127.0.0.1:34486] (eturnal_module:handle_event/2:180)
2026-10-02 15:21:41.132341+00:00 [debug] Writing STUN query event to InfluxDB [TLS, session 5uxo0soo31tp, anonymous, client 127.0.0.1:34486] (mod_stats_influx:on_stun_query/1:76)
2026-10-02 15:21:41.132508+00:00 [debug] Calling mod_stats_prometheus:handle_event/2 [TLS, session 5uxo0soo31tp, anonymous, client 127.0.0.1:34486] (eturnal_module:handle_event/2:180)
2026-10-02 15:21:41.132549+00:00 [debug] Observing STUN query for Prometheus [TLS, session 5uxo0soo31tp, anonymous, client 127.0.0.1:34486] (mod_stats_prometheus:on_stun_query/1:166)
2026-10-02 15:21:41.132605+00:00 [debug] Sending:
#stun{class = response,method = 1,magic = 554869826,
      trid = 4184830356480543983119162474,raw = <<>>,unsupported = [],
      'ALTERNATE-SERVER' = undefined,'CHANNEL-NUMBER' = undefined,
      'DATA' = undefined,'DONT-FRAGMENT' = false,'ERROR-CODE' = undefined,
      'LIFETIME' = undefined,'MAPPED-ADDRESS' = undefined,
      'MESSAGE-INTEGRITY' = undefined,'NONCE' = undefined,'REALM' = undefined,
      'REQUESTED-ADDRESS-FAMILY' = undefined,
      'REQUESTED-TRANSPORT' = undefined,'SOFTWARE' = <<"eturnal">>,
      'UNKNOWN-ATTRIBUTES' = [],'USERNAME' = undefined,
      'XOR-MAPPED-ADDRESS' = {{127,0,0,1},34486},
      'XOR-PEER-ADDRESS' = [],'XOR-RELAYED-ADDRESS' = undefined} (stun:send/3:500)
2026-10-02 15:21:41.132804+00:00 [info] Connection reset by peer [TLS, session 5uxo0soo31tp, anonymous, client 127.0.0.1:34486] (stun:handle_info/3:206)
2026-10-02 15:21:41.155422+00:00 [debug] No NOTIFY_SOCKET, dropping STOPPING=1 notification (eturnal_systemd:handle_cast/2:99)
2026-10-02 15:21:41.155437+00:00 [debug] Terminating eturnal (shutdown) (eturnal:terminate/2:186)
2026-10-02 15:21:41.155599+00:00 [info] Stopped listening on 127.0.0.1:34780 (udp) (eturnal:stop_listeners/1:442)
2026-10-02 15:21:41.155692+00:00 [info] Stopped listening on 127.0.0.1:34780 (tcp) (eturnal:stop_listeners/1:442)
2026-10-02 15:21:41.155785+00:00 [info] Stopped listening on 127.0.0.1:53490 (tls) (eturnal:stop_listeners/1:442)
2026-10-02 15:21:41.155894+00:00 [info] Stopped listening on 127.0.0.1:34781 (auto) (eturnal:stop_listeners/1:442)
2026-10-02 15:21:41.156537+00:00 [debug] Calling mod_stats_prometheus:stop/1 (eturnal_module:stop/1:163)
2026-10-02 15:21:41.156630+00:00 [debug] Stopping mod_stats_prometheus (mod_stats_prometheus:stop/0:110)
2026-10-02 15:21:41.156807+00:00 [info] Stopped mod_stats_prometheus (eturnal:stop_modules/1:397)
2026-10-02 15:21:41.157588+00:00 [debug] Calling mod_log_stun:stop/1 (eturnal_module:stop/1:163)
2026-10-02 15:21:41.157654+00:00 [debug] Stopping mod_log_stun (mod_log_stun:stop/0:49)
2026-10-02 15:21:41.157726+00:00 [info] Stopped mod_log_stun (eturnal:stop_modules/1:397)
2026-10-02 15:21:41.158161+00:00 [debug] Calling mod_stats_influx:stop/1 (eturnal_module:stop/1:163)
2026-10-02 15:21:41.158267+00:00 [debug] Stopping mod_stats_influx (mod_stats_influx:stop/0:61)
2026-10-02 15:21:41.158342+00:00 [info] Stopped mod_stats_influx (eturnal:stop_modules/1:397)
2026-10-02 15:21:41.158706+00:00 [debug] Removed run/cert.pem (eturnal:clean_run_dir/0:875)
2026-10-02 15:21:41.158817+00:00 [debug] Terminating eturnal_systemd (shutdown) (eturnal_systemd:terminate/2:125)
2026-10-02 15:21:41.158941+00:00 [notice] Stopping eturnal 1.12.3 on Erlang/OTP 29 (ERTS 17.1) (eturnal_app:stop/1:53)
