=== Suite started at 2026-09-17 20:58:28
=== Starting test, 19 test cases
=cases         19
=user          runner
=host          nohost
=hosts         nohost 
=emulator_vsn  17.1
=emulator      beam
=otp_release   29
=started       2026-09-17 20:58:28
=case          eturnal_SUITE:init_per_suite
=logfile       eturnal_suite.init_per_suite.html
=started       2026-09-17 20:58:28
=ended         2026-09-17 20:58:28
=result        ok
=elapsed       0.000005s
=case          eturnal_SUITE:start_eturnal
=logfile       eturnal_suite.start_eturnal.html
=started       2026-09-17 20:58:28
=ended         2026-09-17 20:58:30
=result        ok
=elapsed       1.461201s
=case          eturnal_SUITE:check_status
=logfile       eturnal_suite.check_status.html
=started       2026-09-17 20:58:30
=ended         2026-09-17 20:58:30
=result        ok
=elapsed       0.000334s
=case          eturnal_SUITE:check_info
=logfile       eturnal_suite.check_info.html
=started       2026-09-17 20:58:30
=ended         2026-09-17 20:58:30
=result        ok
=elapsed       0.000933s
=case          eturnal_SUITE:check_all_sessions
=logfile       eturnal_suite.check_all_sessions.html
=started       2026-09-17 20:58:30
=ended         2026-09-17 20:58:30
=result        ok
=elapsed       0.000225s
=case          eturnal_SUITE:check_user_sessions
=logfile       eturnal_suite.check_user_sessions.html
=started       2026-09-17 20:58:30
=ended         2026-09-17 20:58:30
=result        ok
=elapsed       0.000822s
=case          eturnal_SUITE:check_disconnect
=logfile       eturnal_suite.check_disconnect.html
=started       2026-09-17 20:58:30
=ended         2026-09-17 20:58:30
=result        ok
=elapsed       0.000605s
=case          eturnal_SUITE:check_credentials
=logfile       eturnal_suite.check_credentials.html
=started       2026-09-17 20:58:30
=ended         2026-09-17 20:58:30
=result        ok
=elapsed       0.011303s
=case          eturnal_SUITE:check_loglevel
=logfile       eturnal_suite.check_loglevel.html
=started       2026-09-17 20:58:30
=ended         2026-09-17 20:58:30
=result        ok
=elapsed       0.001049s
=case          eturnal_SUITE:check_version
=logfile       eturnal_suite.check_version.html
=started       2026-09-17 20:58:30
=ended         2026-09-17 20:58:30
=result        ok
=elapsed       0.000404s
=case          eturnal_SUITE:reload
=logfile       eturnal_suite.reload.html
=started       2026-09-17 20:58:30
=ended         2026-09-17 20:58:31
=result        ok
=elapsed       0.759272s
=case          eturnal_SUITE:connect_tcp
=logfile       eturnal_suite.connect_tcp.html
=started       2026-09-17 20:58:31
=ended         2026-09-17 20:58:31
=result        ok
=elapsed       0.000308s
=case          eturnal_SUITE:connect_tls
=logfile       eturnal_suite.connect_tls.html
=started       2026-09-17 20:58:31
=ended         2026-09-17 20:58:31
=result        ok
=elapsed       0.000775s
=case          eturnal_SUITE:turn_udp
=logfile       eturnal_suite.turn_udp.html
=started       2026-09-17 20:58:31
=ended         2026-09-17 20:58:31
=result        ok
=elapsed       0.012549s
=case          eturnal_SUITE:stun_udp
=logfile       eturnal_suite.stun_udp.html
=started       2026-09-17 20:58:31
=ended         2026-09-17 20:58:31
=result        ok
=elapsed       0.000861s
=case          eturnal_SUITE:stun_tcp
=logfile       eturnal_suite.stun_tcp.html
=started       2026-09-17 20:58:31
=ended         2026-09-17 20:58:31
=result        ok
=elapsed       0.001513s
=case          eturnal_SUITE:stun_tls
=logfile       eturnal_suite.stun_tls.html
=started       2026-09-17 20:58:31
=ended         2026-09-17 20:58:32
=result        ok
=elapsed       1.010611s
=case          eturnal_SUITE:stun_tcp_auto
=logfile       eturnal_suite.stun_tcp_auto.html
=started       2026-09-17 20:58:32
=ended         2026-09-17 20:58:32
=result        ok
=elapsed       0.001562s
=case          eturnal_SUITE:stun_tls_auto
=logfile       eturnal_suite.stun_tls_auto.html
=started       2026-09-17 20:58:32
=ended         2026-09-17 20:58:33
=result        ok
=elapsed       1.010447s
=case          eturnal_SUITE:stop_eturnal
=logfile       eturnal_suite.stop_eturnal.html
=started       2026-09-17 20:58:33
=ended         2026-09-17 20:58:33
=result        ok
=elapsed       0.008395s
=case          eturnal_SUITE:end_per_suite
=logfile       eturnal_suite.end_per_suite.html
=started       2026-09-17 20:58:33
=ended         2026-09-17 20:58:33
=result        ok
=elapsed       0.000000s
=group_time    4.756s
=== TEST COMPLETE, 19 ok, 0 failed of 19 test cases

=finished      2026-09-17 20:58:33
=failed        0
=successful    19
=user_skipped  0
=auto_skipped  0
=elapsed_time  4797819
