2026-09-17 16:26:11.504360+00:00 [notice] Starting eturnal 1.12.3 on Erlang/OTP 29 (ERTS 17.1) (eturnal_app:start/2:34)
2026-09-17 16:26:11.504507+00:00 [debug] Starting supervisor: eturnal_sup (eturnal_sup:start_link/0:31)
2026-09-17 16:26:11.504602+00:00 [debug] Configuring eturnal_sup supervisor: [#{id => systemd,
                                       start =>
                                           {eturnal_systemd,start_link,[]}},
                                     #{id => eturnal,
                                       start => {eturnal,start_link,[]}}] (eturnal_sup:init/1:39)
2026-09-17 16:26:11.505688+00:00 [info] Got no NOTIFY_SOCKET, notifications disabled (eturnal_systemd:init/1:86)
2026-09-17 16:26:11.505840+00:00 [debug] PROGRESS REPORT:
    supervisor: {local,eturnal_sup}
    started: [{pid,<0.960.0>},
              {id,systemd},
              {mfargs,{eturnal_systemd,start_link,[]}},
              {restart_type,permanent},
              {significant,false},
              {shutdown,5000},
              {child_type,worker}]
 (supervisor:report_progress/3:2323)
2026-09-17 16:26:11.505954+00:00 [info] Relay IPv4 address: 127.0.0.1 (port range: 49152-65535) (eturnal:log_relay_addresses/0:349)
2026-09-17 16:26:11.506040+00:00 [info] Relay IPv6 address not configured (eturnal:log_relay_addresses/0:359)
2026-09-17 16:26:11.521055+00:00 [info] Cannot determine control query port: noport (eturnal:log_control_listener/0:373)
2026-09-17 16:26:11.521355+00:00 [debug] Using run directory run (eturnal:ensure_run_dir/0:863)
2026-09-17 16:26:11.521438+00:00 [debug] TURN configuration seems fine (eturnal:check_turn_config/0:603)
2026-09-17 16:26:11.521516+00:00 [warning] TLS enabled without 'tls_crt_file', creating self-signed certificate (eturnal:check_pem_file/0:809)
2026-09-17 16:26:12.417483+00:00 [debug] Calling mod_stats_prometheus:start/0 (eturnal_module:start/1:143)
2026-09-17 16:26:12.417747+00:00 [debug] Starting mod_stats_prometheus (mod_stats_prometheus:start/0:56)
2026-09-17 16:26:12.424677+00:00 [debug] PROGRESS REPORT:
    application: prometheus
    started_at: nonode@nohost
 (application_controller:info_started/2:2154)
2026-09-17 16:26:12.425480+00:00 [debug] PROGRESS REPORT:
    application: accept
    started_at: nonode@nohost
 (application_controller:info_started/2:2154)
2026-09-17 16:26:12.434303+00:00 [debug] Dependency prometheus_httpd was available already (eturnal_module:ensure_dep/2:284)
2026-09-17 16:26:12.434299+00:00 [debug] PROGRESS REPORT:
    application: prometheus_httpd
    started_at: nonode@nohost
 (application_controller:info_started/2:2154)
2026-09-17 16:26:12.452556+00:00 [debug] PROGRESS REPORT:
    supervisor: {local,httpd_instance_sup__127_0_0_1__9081default}
    started: [{pid,<0.980.0>},
              {id,{httpd_connection_sup,{127,0,0,1},9081,default}},
              {mfargs,{httpd_connection_sup,start_link,[[{127,0,0,1},9081]]}},
              {restart_type,permanent},
              {significant,false},
              {shutdown,5000},
              {child_type,supervisor}]
 (supervisor:report_progress/3:2323)
2026-09-17 16:26:12.454372+00:00 [debug] PROGRESS REPORT:
    supervisor: {local,httpd_instance_sup__127_0_0_1__9081default}
    started: [{pid,<0.981.0>},
              {id,{httpd_misc_sup,{127,0,0,1},9081,default}},
              {mfargs,{httpd_misc_sup,start_link,[{127,0,0,1},9081,default]}},
              {restart_type,permanent},
              {significant,false},
              {shutdown,infinity},
              {child_type,supervisor}]
 (supervisor:report_progress/3:2323)
2026-09-17 16:26:12.456942+00:00 [debug] PROGRESS REPORT:
    supervisor: {local,httpd_instance_sup__127_0_0_1__9081default}
    started: [{pid,<0.982.0>},
              {id,{httpd_manager,{127,0,0,1},9081,default}},
              {mfargs,
                  {httpd_manager,start_link,
                      [undefined,
                       [{bind_address,{127,0,0,1}},
                        {socket_type,ip_comm},
                        {port,9081},
                        {server_root,"run/mod_stats_prometheus/doc"},
                        {document_root,"run/mod_stats_prometheus/doc"},
                        {server_name,"Prometheus Exporter"},
                        {modules,[prometheus_httpd]}],
                       15000]}},
              {restart_type,permanent},
              {significant,false},
              {shutdown,4000},
              {child_type,worker}]
 (supervisor:report_progress/3:2323)
2026-09-17 16:26:12.471642+00:00 [debug] PROGRESS REPORT:
    supervisor: {local,httpd_acceptor_sup__127_0_0_1__9081default}
    started: [{pid,<0.984.0>},
              {id,{httpd_acceptor_sup,{127,0,0,1},9081,default}},
              {mfargs,{httpd_acceptor,start_link,
                                      [httpd__127_0_0_1__9081default,ip_comm,
                                       {127,0,0,1},
                                       9081,inet,
                                       httpd_conf__127_0_0_1__9081default,
                                       15000]}},
              {restart_type,transient},
              {significant,false},
              {shutdown,brutal_kill},
              {child_type,worker}]
 (supervisor:report_progress/3:2323)
2026-09-17 16:26:12.471816+00:00 [debug] PROGRESS REPORT:
    supervisor: {local,httpd_instance_sup__127_0_0_1__9081default}
    started: [{pid,<0.983.0>},
              {id,{httpd_acceptor_sup,{127,0,0,1},9081,default}},
              {mfargs,
                  {httpd_acceptor_sup,start_link,
                      [[{127,0,0,1},
                        9081,
                        [{bind_address,{127,0,0,1}},
                         {socket_type,ip_comm},
                         {port,9081},
                         {server_root,"run/mod_stats_prometheus/doc"},
                         {document_root,"run/mod_stats_prometheus/doc"},
                         {server_name,"Prometheus Exporter"},
                         {modules,[prometheus_httpd]}],
                        15000,undefined]]}},
              {restart_type,permanent},
              {significant,false},
              {shutdown,infinity},
              {child_type,supervisor}]
 (supervisor:report_progress/3:2323)
2026-09-17 16:26:12.471975+00:00 [debug] PROGRESS REPORT:
    supervisor: {local,httpd_sup}
    started: [{pid,<0.979.0>},
              {id,{httpd_instance_sup,{127,0,0,1},9081,default}},
              {mfargs,
                  {httpd_instance_sup,start_link,
                      [[{bind_address,{127,0,0,1}},
                        {socket_type,ip_comm},
                        {port,9081},
                        {server_root,"run/mod_stats_prometheus/doc"},
                        {document_root,"run/mod_stats_prometheus/doc"},
                        {server_name,"Prometheus Exporter"},
                        {modules,[prometheus_httpd]}],
                       15000,[]]}},
              {restart_type,permanent},
              {significant,false},
              {shutdown,infinity},
              {child_type,supervisor}]
 (supervisor:report_progress/3:2333)
2026-09-17 16:26:12.472221+00:00 [info] Started mod_stats_prometheus (eturnal:start_modules/0:384)
2026-09-17 16:26:12.472363+00:00 [debug] Calling mod_log_stun:start/0 (eturnal_module:start/1:143)
2026-09-17 16:26:12.472455+00:00 [debug] Starting mod_log_stun (mod_log_stun:start/0:38)
2026-09-17 16:26:12.472579+00:00 [info] Started mod_log_stun (eturnal:start_modules/0:384)
2026-09-17 16:26:12.472642+00:00 [debug] Calling mod_stats_influx:start/0 (eturnal_module:start/1:143)
2026-09-17 16:26:12.472868+00:00 [debug] Starting mod_stats_influx (mod_stats_influx:start/0:37)
2026-09-17 16:26:12.475569+00:00 [debug] PROGRESS REPORT:
    application: ulitos
    started_at: nonode@nohost
 (application_controller:info_started/2:2154)
2026-09-17 16:26:12.476554+00:00 [debug] PROGRESS REPORT:
    application: poolboy
    started_at: nonode@nohost
 (application_controller:info_started/2:2154)
2026-09-17 16:26:12.477287+00:00 [info]     msg: Starting application: influx_udp (influx_udp_app:start/2:10)
2026-09-17 16:26:12.479303+00:00 [debug] PROGRESS REPORT:
    supervisor: {local,influx_udp_sup}
    started: [{pid,<0.995.0>},
              {id,influx_udp},
              {mfargs,{influx_udp,start_link,[]}},
              {restart_type,permanent},
              {significant,false},
              {shutdown,5000},
              {child_type,worker}]
 (supervisor:report_progress/3:2323)
2026-09-17 16:26:12.479445+00:00 [debug] PROGRESS REPORT:
    application: influx_udp
    started_at: nonode@nohost
 (application_controller:info_started/2:2154)
2026-09-17 16:26:12.479451+00:00 [debug] Dependency influx_udp was available already (eturnal_module:ensure_dep/2:284)
2026-09-17 16:26:12.481956+00:00 [info]     options: #{port => 8089,host => "localhost",pool_size => 1,
               max_overflow => 1}
    msg: Start clients pool
    host: {127,0,0,1} (influx_udp:start_pool_/2:239)
2026-09-17 16:26:12.487532+00:00 [info]     port: 33702
    msg: Open UDP socket on port (influx_udp_worker:init/1:43)
2026-09-17 16:26:12.487693+00:00 [debug] PROGRESS REPORT:
    supervisor: {local,influx_udp_sup}
    started: [{pid,<0.998.0>},
              {id,stats_influx_pool},
              {mfargs,
                  {poolboy,start_link,
                      [[{name,{local,stats_influx_pool}},
                        {worker_module,influx_udp_worker},
                        {size,1},
                        {max_overflow,1}],
                       [{options,
                            #{port => 8089,
                              host => {127,0,0,1},
                              pool_size => 1,max_overflow => 1}}]]}},
              {restart_type,permanent},
              {significant,false},
              {shutdown,5000},
              {child_type,worker}]
 (supervisor:report_progress/3:2333)
2026-09-17 16:26:12.488060+00:00 [info] Started mod_stats_influx (eturnal:start_modules/0:384)
2026-09-17 16:26:12.488200+00:00 [debug] Starting listener 127.0.0.1:34780 (udp) with options:
[{use_turn,true},
 {auth_type,user},
 {turn_ipv4_address,{127,0,0,1}},
 {turn_min_port,49152},
 {turn_max_port,65535},
 {turn_max_allocations,10},
 {turn_max_permissions,10},
 {shaper,100000},
 {auth_realm,<<"eturnal.net">>},
 {server_name,<<"eturnal">>},
 {auth_fun,fun eturnal:get_password/2},
 {hook_fun,fun eturnal:run_hook/2},
 {turn_blacklist_clients,[{{127,0,0,1},8}]},
 {turn_blacklist_peers,[{{10,0,0,0},8},
                        {{100,64,0,0},10},
                        {{127,0,0,0},8},
                        {{169,254,0,0},16},
                        {{172,16,0,0},12},
                        {{192,0,0,0},24},
                        {{192,0,2,0},24},
                        {{192,88,99,0},24},
                        {{192,168,0,0},16},
                        {{198,18,0,0},15},
                        {{198,51,100,0},24},
                        {{203,0,113,0},24},
                        {{224,0,0,0},4},
                        {{240,0,0,0},4},
                        {{0,0,0,0,0,0,0,1},128},
                        {{100,65435,0,0,0,0,0,0},96},
                        {{256,0,0,0,0,0,0,0},64},
                        {{8193,3512,0,0,0,0,0,0},32},
                        {{64512,0,0,0,0,0,0,0},7},
                        {{65152,0,0,0,0,0,0,0},10},
                        {{65280,0,0,0,0,0,0,0},8}]},
 {turn_whitelist_clients,[{{127,0,0,1},32}]},
 {turn_whitelist_peers,[{{127,0,0,1},32},
                        {{203,0,113,113},32},
                        {{8193,3512,0,0,0,0,0,0},64}]}] (eturnal:start_listeners/0:419)
2026-09-17 16:26:12.497506+00:00 [info] Listening on 127.0.0.1:34780 (udp) (STUN/TURN) (eturnal:start_listeners/0:426)
2026-09-17 16:26:12.497631+00:00 [debug] Starting listener 127.0.0.1:34780 (tcp) with options:
[{use_turn,false},
 {auth_type,anonymous},
 {turn_ipv4_address,{127,0,0,1}},
 {turn_min_port,49152},
 {turn_max_port,65535},
 {turn_max_allocations,10},
 {turn_max_permissions,10},
 {shaper,100000},
 {auth_realm,<<"eturnal.net">>},
 {server_name,<<"eturnal">>},
 {auth_fun,fun eturnal:get_password/2},
 {hook_fun,fun eturnal:run_hook/2},
 {turn_blacklist_clients,[{{127,0,0,1},8}]},
 {turn_blacklist_peers,[{{10,0,0,0},8},
                        {{100,64,0,0},10},
                        {{127,0,0,0},8},
                        {{169,254,0,0},16},
                        {{172,16,0,0},12},
                        {{192,0,0,0},24},
                        {{192,0,2,0},24},
                        {{192,88,99,0},24},
                        {{192,168,0,0},16},
                        {{198,18,0,0},15},
                        {{198,51,100,0},24},
                        {{203,0,113,0},24},
                        {{224,0,0,0},4},
                        {{240,0,0,0},4},
                        {{0,0,0,0,0,0,0,1},128},
                        {{100,65435,0,0,0,0,0,0},96},
                        {{256,0,0,0,0,0,0,0},64},
                        {{8193,3512,0,0,0,0,0,0},32},
                        {{64512,0,0,0,0,0,0,0},7},
                        {{65152,0,0,0,0,0,0,0},10},
                        {{65280,0,0,0,0,0,0,0},8}]},
 {turn_whitelist_clients,[{{127,0,0,1},32}]},
 {turn_whitelist_peers,[{{127,0,0,1},32},
                        {{203,0,113,113},32},
                        {{8193,3512,0,0,0,0,0,0},64}]}] (eturnal:start_listeners/0:419)
2026-09-17 16:26:12.498180+00:00 [info] Listening on 127.0.0.1:34780 (tcp) (STUN only) (eturnal:start_listeners/0:426)
2026-09-17 16:26:12.498303+00:00 [debug] Starting listener 127.0.0.1:53490 (tls) with options:
[{use_turn,false},
 {auth_type,anonymous},
 {tls,true},
 {certfile,<<"run/cert.pem">>},
 {ciphers,<<"HIGH:!aNULL:@STRENGTH">>},
 {protocol_options,<<"no_tlsv1|no_tlsv1_1|cipher_server_preference">>},
 {turn_ipv4_address,{127,0,0,1}},
 {turn_min_port,49152},
 {turn_max_port,65535},
 {turn_max_allocations,10},
 {turn_max_permissions,10},
 {shaper,100000},
 {auth_realm,<<"eturnal.net">>},
 {server_name,<<"eturnal">>},
 {auth_fun,fun eturnal:get_password/2},
 {hook_fun,fun eturnal:run_hook/2},
 {turn_blacklist_clients,[{{127,0,0,1},8}]},
 {turn_blacklist_peers,[{{10,0,0,0},8},
                        {{100,64,0,0},10},
                        {{127,0,0,0},8},
                        {{169,254,0,0},16},
                        {{172,16,0,0},12},
                        {{192,0,0,0},24},
                        {{192,0,2,0},24},
                        {{192,88,99,0},24},
                        {{192,168,0,0},16},
                        {{198,18,0,0},15},
                        {{198,51,100,0},24},
                        {{203,0,113,0},24},
                        {{224,0,0,0},4},
                        {{240,0,0,0},4},
                        {{0,0,0,0,0,0,0,1},128},
                        {{100,65435,0,0,0,0,0,0},96},
                        {{256,0,0,0,0,0,0,0},64},
                        {{8193,3512,0,0,0,0,0,0},32},
                        {{64512,0,0,0,0,0,0,0},7},
                        {{65152,0,0,0,0,0,0,0},10},
                        {{65280,0,0,0,0,0,0,0},8}]},
 {turn_whitelist_clients,[{{127,0,0,1},32}]},
 {turn_whitelist_peers,[{{127,0,0,1},32},
                        {{203,0,113,113},32},
                        {{8193,3512,0,0,0,0,0,0},64}]}] (eturnal:start_listeners/0:419)
2026-09-17 16:26:12.498867+00:00 [info] Listening on 127.0.0.1:53490 (tls) (STUN only) (eturnal:start_listeners/0:426)
2026-09-17 16:26:12.498939+00:00 [debug] Starting listener 127.0.0.1:34781 (auto) with options:
[{use_turn,false},
 {auth_type,anonymous},
 {tls,optional},
 {certfile,<<"run/cert.pem">>},
 {ciphers,<<"HIGH:!aNULL:@STRENGTH">>},
 {protocol_options,<<"no_tlsv1|no_tlsv1_1|cipher_server_preference">>},
 {turn_ipv4_address,{127,0,0,1}},
 {turn_min_port,49152},
 {turn_max_port,65535},
 {turn_max_allocations,10},
 {turn_max_permissions,10},
 {shaper,100000},
 {auth_realm,<<"eturnal.net">>},
 {server_name,<<"eturnal">>},
 {auth_fun,fun eturnal:get_password/2},
 {hook_fun,fun eturnal:run_hook/2},
 {turn_blacklist_clients,[{{127,0,0,1},8}]},
 {turn_blacklist_peers,[{{10,0,0,0},8},
                        {{100,64,0,0},10},
                        {{127,0,0,0},8},
                        {{169,254,0,0},16},
                        {{172,16,0,0},12},
                        {{192,0,0,0},24},
                        {{192,0,2,0},24},
                        {{192,88,99,0},24},
                        {{192,168,0,0},16},
                        {{198,18,0,0},15},
                        {{198,51,100,0},24},
                        {{203,0,113,0},24},
                        {{224,0,0,0},4},
                        {{240,0,0,0},4},
                        {{0,0,0,0,0,0,0,1},128},
                        {{100,65435,0,0,0,0,0,0},96},
                        {{256,0,0,0,0,0,0,0},64},
                        {{8193,3512,0,0,0,0,0,0},32},
                        {{64512,0,0,0,0,0,0,0},7},
                        {{65152,0,0,0,0,0,0,0},10},
                        {{65280,0,0,0,0,0,0,0},8}]},
 {turn_whitelist_clients,[{{127,0,0,1},32}]},
 {turn_whitelist_peers,[{{127,0,0,1},32},
                        {{203,0,113,113},32},
                        {{8193,3512,0,0,0,0,0,0},64}]}] (eturnal:start_listeners/0:419)
2026-09-17 16:26:12.508796+00:00 [info] Listening on 127.0.0.1:34781 (auto) (STUN only) (eturnal:start_listeners/0:426)
2026-09-17 16:26:12.508911+00:00 [debug] Started 3 modules (eturnal:init/1:105)
2026-09-17 16:26:12.508983+00:00 [debug] Started 4 listeners (eturnal:init/1:106)
2026-09-17 16:26:12.509101+00:00 [debug] PROGRESS REPORT:
    supervisor: {local,eturnal_sup}
    started: [{pid,<0.962.0>},
              {id,eturnal},
              {mfargs,{eturnal,start_link,[]}},
              {restart_type,permanent},
              {significant,false},
              {shutdown,5000},
              {child_type,worker}]
 (supervisor:report_progress/3:2323)
2026-09-17 16:26:12.509195+00:00 [debug] No NOTIFY_SOCKET, dropping READY=1 notification (eturnal_systemd:handle_cast/2:99)
2026-09-17 16:26:12.509211+00:00 [debug] PROGRESS REPORT:
    application: eturnal
    started_at: nonode@nohost
 (application_controller:info_started/2:2154)
2026-09-17 16:26:12.537288+00:00 [debug] Handling API call: get_status() (eturnal_ctl:get_status/0:109)
2026-09-17 16:26:12.537425+00:00 [debug] eturnal call (get_status) returned ok (eturnal_ctl:call/1:439)
2026-09-17 16:26:12.559802+00:00 [debug] Handling API call: get_info() (eturnal_ctl:get_info/0:119)
2026-09-17 16:26:12.560440+00:00 [debug] eturnal call (get_info) returned {ok,
                                  {eturnal_node_info,<<"1.12.3">>,
                                   {"29","17.1"},
                                   2777,0,180,88094366,0,56993032}} (eturnal_ctl:call/1:442)
2026-09-17 16:26:12.583907+00:00 [debug] Handling API call: get_sessions() (eturnal_ctl:get_sessions/0:95)
2026-09-17 16:26:12.606765+00:00 [debug] Handling API call: get_sessions("alice") (eturnal_ctl:get_sessions/1:100)
2026-09-17 16:26:12.607011+00:00 [debug] Handling API call: get_sessions("1256900400:alice") (eturnal_ctl:get_sessions/1:100)
2026-09-17 16:26:12.607217+00:00 [debug] Handling API call: get_sessions(alice) (eturnal_ctl:get_sessions/1:100)
2026-09-17 16:26:12.607345+00:00 [debug] Cannot convert user name to binary: alice (eturnal_ctl:with_username/2:201)
2026-09-17 16:26:12.630088+00:00 [debug] Handling API call: disconnect("alice") (eturnal_ctl:disconnect/1:168)
2026-09-17 16:26:12.630258+00:00 [debug] Handling API call: disconnect(alice) (eturnal_ctl:disconnect/1:168)
2026-09-17 16:26:12.630362+00:00 [debug] Cannot convert user name to binary: alice (eturnal_ctl:with_username/2:201)
2026-09-17 16:26:12.653795+00:00 [debug] Handling API call: get_credentials("2009-10-30 11:00:00Z", []) (eturnal_ctl:get_credentials/2:60)
2026-09-17 16:26:12.654031+00:00 [debug] eturnal call ({get_password,<<"1256900400">>}) returned {ok,
                                                         <<"uEKlpcME7MNMMVRV8rUFPCTIFEs=">>} (eturnal_ctl:call/1:442)
2026-09-17 16:26:12.657472+00:00 [debug] Handling API call: get_credentials("86400", "alice") (eturnal_ctl:get_credentials/2:60)
2026-09-17 16:26:12.657664+00:00 [debug] eturnal call ({get_password,<<"1789748772:alice">>}) returned {ok,
                                                               <<"ZGTfqr/27S8A2pTbalQV1jk4vkg=">>} (eturnal_ctl:call/1:442)
2026-09-17 16:26:12.657793+00:00 [debug] Handling API call: get_password("1789748772:alice") (eturnal_ctl:get_password/1:79)
2026-09-17 16:26:12.657891+00:00 [debug] eturnal call ({get_password,<<"1789748772:alice">>}) returned {ok,
                                                               <<"ZGTfqr/27S8A2pTbalQV1jk4vkg=">>} (eturnal_ctl:call/1:442)
2026-09-17 16:26:12.658033+00:00 [debug] Handling API call: get_credentials("86400s", "alice") (eturnal_ctl:get_credentials/2:60)
2026-09-17 16:26:12.658143+00:00 [debug] eturnal call ({get_password,<<"1789748772:alice">>}) returned {ok,
                                                               <<"ZGTfqr/27S8A2pTbalQV1jk4vkg=">>} (eturnal_ctl:call/1:442)
2026-09-17 16:26:12.658234+00:00 [debug] Handling API call: get_password("1789748772:alice") (eturnal_ctl:get_password/1:79)
2026-09-17 16:26:12.658325+00:00 [debug] eturnal call ({get_password,<<"1789748772:alice">>}) returned {ok,
                                                               <<"ZGTfqr/27S8A2pTbalQV1jk4vkg=">>} (eturnal_ctl:call/1:442)
2026-09-17 16:26:12.658433+00:00 [debug] Handling API call: get_credentials("1440m", "alice") (eturnal_ctl:get_credentials/2:60)
2026-09-17 16:26:12.658520+00:00 [debug] eturnal call ({get_password,<<"1789748772:alice">>}) returned {ok,
                                                               <<"ZGTfqr/27S8A2pTbalQV1jk4vkg=">>} (eturnal_ctl:call/1:442)
2026-09-17 16:26:12.658604+00:00 [debug] Handling API call: get_password("1789748772:alice") (eturnal_ctl:get_password/1:79)
2026-09-17 16:26:12.658667+00:00 [debug] eturnal call ({get_password,<<"1789748772:alice">>}) returned {ok,
                                                               <<"ZGTfqr/27S8A2pTbalQV1jk4vkg=">>} (eturnal_ctl:call/1:442)
2026-09-17 16:26:12.658781+00:00 [debug] Handling API call: get_credentials("24h", "alice") (eturnal_ctl:get_credentials/2:60)
2026-09-17 16:26:12.658894+00:00 [debug] eturnal call ({get_password,<<"1789748772:alice">>}) returned {ok,
                                                               <<"ZGTfqr/27S8A2pTbalQV1jk4vkg=">>} (eturnal_ctl:call/1:442)
2026-09-17 16:26:12.658987+00:00 [debug] Handling API call: get_password("1789748772:alice") (eturnal_ctl:get_password/1:79)
2026-09-17 16:26:12.659067+00:00 [debug] eturnal call ({get_password,<<"1789748772:alice">>}) returned {ok,
                                                               <<"ZGTfqr/27S8A2pTbalQV1jk4vkg=">>} (eturnal_ctl:call/1:442)
2026-09-17 16:26:12.659164+00:00 [debug] Handling API call: get_credentials("1d", "alice") (eturnal_ctl:get_credentials/2:60)
2026-09-17 16:26:12.659257+00:00 [debug] eturnal call ({get_password,<<"1789748772:alice">>}) returned {ok,
                                                               <<"ZGTfqr/27S8A2pTbalQV1jk4vkg=">>} (eturnal_ctl:call/1:442)
2026-09-17 16:26:12.659382+00:00 [debug] Handling API call: get_password("1789748772:alice") (eturnal_ctl:get_password/1:79)
2026-09-17 16:26:12.659466+00:00 [debug] eturnal call ({get_password,<<"1789748772:alice">>}) returned {ok,
                                                               <<"ZGTfqr/27S8A2pTbalQV1jk4vkg=">>} (eturnal_ctl:call/1:442)
2026-09-17 16:26:12.659572+00:00 [debug] Handling API call: get_password("Invalid") (eturnal_ctl:get_password/1:79)
2026-09-17 16:26:12.659670+00:00 [debug] eturnal call ({get_password,<<"Invalid">>}) returned {error,no_credentials} (eturnal_ctl:call/1:445)
2026-09-17 16:26:12.659742+00:00 [debug] Handling API call: get_credentials("Invalid", []) (eturnal_ctl:get_credentials/2:60)
2026-09-17 16:26:12.659802+00:00 [debug] Invalid argument(s): "Invalid":[] (eturnal_ctl:get_credentials/2:73)
2026-09-17 16:26:12.659856+00:00 [debug] Handling API call: get_password(invalid) (eturnal_ctl:get_password/1:79)
2026-09-17 16:26:12.659906+00:00 [debug] Cannot convert user name to binary: invalid (eturnal_ctl:with_username/2:201)
2026-09-17 16:26:12.659957+00:00 [debug] Handling API call: get_credentials(invalid, []) (eturnal_ctl:get_credentials/2:60)
2026-09-17 16:26:12.660031+00:00 [debug] Invalid argument(s): invalid:[] (eturnal_ctl:get_credentials/2:73)
2026-09-17 16:26:12.660095+00:00 [debug] Handling API call: get_password([invalid]) (eturnal_ctl:get_password/1:79)
2026-09-17 16:26:12.660152+00:00 [debug] Cannot convert user name to binary: [invalid] (eturnal_ctl:with_username/2:201)
2026-09-17 16:26:12.660209+00:00 [debug] Handling API call: get_credentials([invalid], []) (eturnal_ctl:get_credentials/2:60)
2026-09-17 16:26:12.660289+00:00 [debug] Invalid argument(s): [invalid]:[] (eturnal_ctl:get_credentials/2:73)
2026-09-17 16:26:12.660416+00:00 [debug] Handling API call: get_credentials(1256900400, invalid) (eturnal_ctl:get_credentials/2:60)
2026-09-17 16:26:12.660494+00:00 [debug] Invalid argument(s): 1256900400:invalid (eturnal_ctl:get_credentials/2:73)
2026-09-17 16:26:12.660590+00:00 [debug] Handling API call: get_password("alice") (eturnal_ctl:get_password/1:79)
2026-09-17 16:26:12.660660+00:00 [debug] eturnal call ({get_password,<<"alice">>}) returned {ok,<<"l0vesBob">>} (eturnal_ctl:call/1:442)
2026-09-17 16:26:12.684080+00:00 [debug] Handling API call: set_loglevel(debug) (eturnal_ctl:set_loglevel/1:149)
2026-09-17 16:26:12.684331+00:00 [debug] eturnal call ({set_loglevel,debug}) returned ok (eturnal_ctl:call/1:439)
2026-09-17 16:26:12.684518+00:00 [debug] Handling API call: get_loglevel() (eturnal_ctl:get_loglevel/0:139)
2026-09-17 16:26:12.684628+00:00 [debug] eturnal call (get_loglevel) returned {ok,debug} (eturnal_ctl:call/1:442)
2026-09-17 16:26:12.684745+00:00 [debug] Handling API call: set_loglevel(invalid) (eturnal_ctl:set_loglevel/1:149)
2026-09-17 16:26:12.684854+00:00 [debug] Invalid log level: invalid (eturnal_ctl:set_loglevel/1:159)
2026-09-17 16:26:12.684966+00:00 [debug] Handling API call: get_loglevel() (eturnal_ctl:get_loglevel/0:139)
2026-09-17 16:26:12.685029+00:00 [debug] eturnal call (get_loglevel) returned {ok,debug} (eturnal_ctl:call/1:442)
2026-09-17 16:26:12.707812+00:00 [debug] Handling API call: get_version() (eturnal_ctl:get_version/0:129)
2026-09-17 16:26:12.707952+00:00 [debug] eturnal call (get_version) returned {ok,<<"1.12.3">>} (eturnal_ctl:call/1:442)
2026-09-17 16:26:12.731545+00:00 [debug] Handling API call: reload() (eturnal_ctl:reload/0:179)
2026-09-17 16:26:12.733505+00:00 [debug] Calling mod_log_stun:options/0 (eturnal_module:options/1:192)
2026-09-17 16:26:12.733658+00:00 [debug] Calling mod_stats_influx:options/0 (eturnal_module:options/1:192)
2026-09-17 16:26:12.733821+00:00 [debug] Calling mod_stats_prometheus:options/0 (eturnal_module:options/1:192)
2026-09-17 16:26:12.734236+00:00 [info] Reloading configuration (eturnal:reload/1:627)
2026-09-17 16:26:12.734370+00:00 [warning] TLS enabled without 'tls_crt_file', creating self-signed certificate (eturnal:check_pem_file/0:809)
2026-09-17 16:26:13.516344+00:00 [info] Using new TLS certificate (eturnal:reload/1:631)
2026-09-17 16:26:13.517158+00:00 [debug] Calling mod_stats_prometheus:stop/1 (eturnal_module:stop/1:163)
2026-09-17 16:26:13.517306+00:00 [debug] Stopping mod_stats_prometheus (mod_stats_prometheus:stop/0:110)
2026-09-17 16:26:13.517676+00:00 [info] Stopped mod_stats_prometheus (eturnal:stop_modules/1:397)
2026-09-17 16:26:13.518691+00:00 [debug] Calling mod_log_stun:stop/1 (eturnal_module:stop/1:163)
2026-09-17 16:26:13.518810+00:00 [debug] Stopping mod_log_stun (mod_log_stun:stop/0:49)
2026-09-17 16:26:13.518891+00:00 [info] Stopped mod_log_stun (eturnal:stop_modules/1:397)
2026-09-17 16:26:13.519521+00:00 [debug] Calling mod_stats_influx:stop/1 (eturnal_module:stop/1:163)
2026-09-17 16:26:13.519644+00:00 [debug] Stopping mod_stats_influx (mod_stats_influx:stop/0:61)
2026-09-17 16:26:13.519725+00:00 [info] Stopped mod_stats_influx (eturnal:stop_modules/1:397)
2026-09-17 16:26:13.519822+00:00 [debug] Calling mod_stats_prometheus:start/0 (eturnal_module:start/1:143)
2026-09-17 16:26:13.519916+00:00 [debug] Starting mod_stats_prometheus (mod_stats_prometheus:start/0:56)
2026-09-17 16:26:13.520003+00:00 [debug] Dependency prometheus_httpd was available already (eturnal_module:ensure_dep/2:284)
2026-09-17 16:26:13.520443+00:00 [debug] PROGRESS REPORT:
    supervisor: {local,httpd_instance_sup__127_0_0_1__9081default}
    started: [{pid,<0.1128.0>},
              {id,{httpd_connection_sup,{127,0,0,1},9081,default}},
              {mfargs,{httpd_connection_sup,start_link,[[{127,0,0,1},9081]]}},
              {restart_type,permanent},
              {significant,false},
              {shutdown,5000},
              {child_type,supervisor}]
 (supervisor:report_progress/3:2323)
2026-09-17 16:26:13.520594+00:00 [debug] PROGRESS REPORT:
    supervisor: {local,httpd_instance_sup__127_0_0_1__9081default}
    started: [{pid,<0.1129.0>},
              {id,{httpd_misc_sup,{127,0,0,1},9081,default}},
              {mfargs,{httpd_misc_sup,start_link,[{127,0,0,1},9081,default]}},
              {restart_type,permanent},
              {significant,false},
              {shutdown,infinity},
              {child_type,supervisor}]
 (supervisor:report_progress/3:2323)
2026-09-17 16:26:13.521379+00:00 [debug] PROGRESS REPORT:
    supervisor: {local,httpd_instance_sup__127_0_0_1__9081default}
    started: [{pid,<0.1130.0>},
              {id,{httpd_manager,{127,0,0,1},9081,default}},
              {mfargs,
                  {httpd_manager,start_link,
                      [undefined,
                       [{bind_address,{127,0,0,1}},
                        {socket_type,ip_comm},
                        {port,9081},
                        {server_root,"run/mod_stats_prometheus/doc"},
                        {document_root,"run/mod_stats_prometheus/doc"},
                        {server_name,"Prometheus Exporter"},
                        {modules,[prometheus_httpd]}],
                       15000]}},
              {restart_type,permanent},
              {significant,false},
              {shutdown,4000},
              {child_type,worker}]
 (supervisor:report_progress/3:2323)
2026-09-17 16:26:13.521771+00:00 [debug] PROGRESS REPORT:
    supervisor: {local,httpd_acceptor_sup__127_0_0_1__9081default}
    started: [{pid,<0.1132.0>},
              {id,{httpd_acceptor_sup,{127,0,0,1},9081,default}},
              {mfargs,{httpd_acceptor,start_link,
                                      [httpd__127_0_0_1__9081default,ip_comm,
                                       {127,0,0,1},
                                       9081,inet,
                                       httpd_conf__127_0_0_1__9081default,
                                       15000]}},
              {restart_type,transient},
              {significant,false},
              {shutdown,brutal_kill},
              {child_type,worker}]
 (supervisor:report_progress/3:2323)
2026-09-17 16:26:13.521870+00:00 [debug] PROGRESS REPORT:
    supervisor: {local,httpd_instance_sup__127_0_0_1__9081default}
    started: [{pid,<0.1131.0>},
              {id,{httpd_acceptor_sup,{127,0,0,1},9081,default}},
              {mfargs,
                  {httpd_acceptor_sup,start_link,
                      [[{127,0,0,1},
                        9081,
                        [{bind_address,{127,0,0,1}},
                         {socket_type,ip_comm},
                         {port,9081},
                         {server_root,"run/mod_stats_prometheus/doc"},
                         {document_root,"run/mod_stats_prometheus/doc"},
                         {server_name,"Prometheus Exporter"},
                         {modules,[prometheus_httpd]}],
                        15000,undefined]]}},
              {restart_type,permanent},
              {significant,false},
              {shutdown,infinity},
              {child_type,supervisor}]
 (supervisor:report_progress/3:2323)
2026-09-17 16:26:13.521936+00:00 [debug] PROGRESS REPORT:
    supervisor: {local,httpd_sup}
    started: [{pid,<0.1127.0>},
              {id,{httpd_instance_sup,{127,0,0,1},9081,default}},
              {mfargs,
                  {httpd_instance_sup,start_link,
                      [[{bind_address,{127,0,0,1}},
                        {socket_type,ip_comm},
                        {port,9081},
                        {server_root,"run/mod_stats_prometheus/doc"},
                        {document_root,"run/mod_stats_prometheus/doc"},
                        {server_name,"Prometheus Exporter"},
                        {modules,[prometheus_httpd]}],
                       15000,[]]}},
              {restart_type,permanent},
              {significant,false},
              {shutdown,infinity},
              {child_type,supervisor}]
 (supervisor:report_progress/3:2333)
2026-09-17 16:26:13.523225+00:00 [info] Started mod_stats_prometheus (eturnal:start_modules/0:384)
2026-09-17 16:26:13.523368+00:00 [debug] Calling mod_log_stun:start/0 (eturnal_module:start/1:143)
2026-09-17 16:26:13.523479+00:00 [debug] Starting mod_log_stun (mod_log_stun:start/0:38)
2026-09-17 16:26:13.524208+00:00 [info] Started mod_log_stun (eturnal:start_modules/0:384)
2026-09-17 16:26:13.524331+00:00 [debug] Calling mod_stats_influx:start/0 (eturnal_module:start/1:143)
2026-09-17 16:26:13.524397+00:00 [debug] Starting mod_stats_influx (mod_stats_influx:start/0:37)
2026-09-17 16:26:13.524490+00:00 [debug] Dependency influx_udp was available already (eturnal_module:ensure_dep/2:284)
2026-09-17 16:26:13.524715+00:00 [info]     options: #{port => 8089,host => "localhost",pool_size => 1,
               max_overflow => 1}
    msg: Start clients pool
    host: {127,0,0,1} (influx_udp:start_pool_/2:239)
2026-09-17 16:26:13.525421+00:00 [info] Started mod_stats_influx (eturnal:start_modules/0:384)
2026-09-17 16:26:13.525550+00:00 [debug] Restarted modules (eturnal:reload/1:639)
2026-09-17 16:26:13.525625+00:00 [debug] eturnal call (reload) returned ok (eturnal_ctl:call/1:439)
2026-09-17 16:26:13.525826+00:00 [debug] Handling API call: reload() (eturnal_ctl:reload/0:179)
2026-09-17 16:26:13.527607+00:00 [debug] Calling mod_log_stun:options/0 (eturnal_module:options/1:192)
2026-09-17 16:26:13.527789+00:00 [debug] Calling mod_stats_influx:options/0 (eturnal_module:options/1:192)
2026-09-17 16:26:13.527855+00:00 [debug] Calling mod_stats_prometheus:options/0 (eturnal_module:options/1:192)
2026-09-17 16:26:13.528275+00:00 [info] Reloading configuration (eturnal:reload/1:627)
2026-09-17 16:26:13.528389+00:00 [debug] Keeping PEM file (run/cert.pem) (eturnal:check_pem_file/0:806)
2026-09-17 16:26:13.528444+00:00 [debug] TLS certificate unchanged (eturnal:reload/1:633)
2026-09-17 16:26:13.529074+00:00 [debug] Calling mod_stats_prometheus:stop/1 (eturnal_module:stop/1:163)
2026-09-17 16:26:13.529207+00:00 [debug] Stopping mod_stats_prometheus (mod_stats_prometheus:stop/0:110)
2026-09-17 16:26:13.529515+00:00 [info] Stopped mod_stats_prometheus (eturnal:stop_modules/1:397)
2026-09-17 16:26:13.530229+00:00 [debug] Calling mod_log_stun:stop/1 (eturnal_module:stop/1:163)
2026-09-17 16:26:13.530279+00:00 [debug] Stopping mod_log_stun (mod_log_stun:stop/0:49)
2026-09-17 16:26:13.530334+00:00 [info] Stopped mod_log_stun (eturnal:stop_modules/1:397)
2026-09-17 16:26:13.530984+00:00 [debug] Calling mod_stats_influx:stop/1 (eturnal_module:stop/1:163)
2026-09-17 16:26:13.531122+00:00 [debug] Stopping mod_stats_influx (mod_stats_influx:stop/0:61)
2026-09-17 16:26:13.531255+00:00 [info] Stopped mod_stats_influx (eturnal:stop_modules/1:397)
2026-09-17 16:26:13.531415+00:00 [debug] Calling mod_stats_prometheus:start/0 (eturnal_module:start/1:143)
2026-09-17 16:26:13.531483+00:00 [debug] Starting mod_stats_prometheus (mod_stats_prometheus:start/0:56)
2026-09-17 16:26:13.531555+00:00 [debug] Dependency prometheus_httpd was available already (eturnal_module:ensure_dep/2:284)
2026-09-17 16:26:13.532064+00:00 [debug] PROGRESS REPORT:
    supervisor: {local,httpd_instance_sup__127_0_0_1__9081default}
    started: [{pid,<0.1164.0>},
              {id,{httpd_connection_sup,{127,0,0,1},9081,default}},
              {mfargs,{httpd_connection_sup,start_link,[[{127,0,0,1},9081]]}},
              {restart_type,permanent},
              {significant,false},
              {shutdown,5000},
              {child_type,supervisor}]
 (supervisor:report_progress/3:2323)
2026-09-17 16:26:13.532242+00:00 [debug] PROGRESS REPORT:
    supervisor: {local,httpd_instance_sup__127_0_0_1__9081default}
    started: [{pid,<0.1165.0>},
              {id,{httpd_misc_sup,{127,0,0,1},9081,default}},
              {mfargs,{httpd_misc_sup,start_link,[{127,0,0,1},9081,default]}},
              {restart_type,permanent},
              {significant,false},
              {shutdown,infinity},
              {child_type,supervisor}]
 (supervisor:report_progress/3:2323)
2026-09-17 16:26:13.532514+00:00 [debug] PROGRESS REPORT:
    supervisor: {local,httpd_instance_sup__127_0_0_1__9081default}
    started: [{pid,<0.1166.0>},
              {id,{httpd_manager,{127,0,0,1},9081,default}},
              {mfargs,
                  {httpd_manager,start_link,
                      [undefined,
                       [{bind_address,{127,0,0,1}},
                        {socket_type,ip_comm},
                        {port,9081},
                        {server_root,"run/mod_stats_prometheus/doc"},
                        {document_root,"run/mod_stats_prometheus/doc"},
                        {server_name,"Prometheus Exporter"},
                        {modules,[prometheus_httpd]}],
                       15000]}},
              {restart_type,permanent},
              {significant,false},
              {shutdown,4000},
              {child_type,worker}]
 (supervisor:report_progress/3:2323)
2026-09-17 16:26:13.532871+00:00 [debug] PROGRESS REPORT:
    supervisor: {local,httpd_acceptor_sup__127_0_0_1__9081default}
    started: [{pid,<0.1168.0>},
              {id,{httpd_acceptor_sup,{127,0,0,1},9081,default}},
              {mfargs,{httpd_acceptor,start_link,
                                      [httpd__127_0_0_1__9081default,ip_comm,
                                       {127,0,0,1},
                                       9081,inet,
                                       httpd_conf__127_0_0_1__9081default,
                                       15000]}},
              {restart_type,transient},
              {significant,false},
              {shutdown,brutal_kill},
              {child_type,worker}]
 (supervisor:report_progress/3:2323)
2026-09-17 16:26:13.533054+00:00 [debug] PROGRESS REPORT:
    supervisor: {local,httpd_instance_sup__127_0_0_1__9081default}
    started: [{pid,<0.1167.0>},
              {id,{httpd_acceptor_sup,{127,0,0,1},9081,default}},
              {mfargs,
                  {httpd_acceptor_sup,start_link,
                      [[{127,0,0,1},
                        9081,
                        [{bind_address,{127,0,0,1}},
                         {socket_type,ip_comm},
                         {port,9081},
                         {server_root,"run/mod_stats_prometheus/doc"},
                         {document_root,"run/mod_stats_prometheus/doc"},
                         {server_name,"Prometheus Exporter"},
                         {modules,[prometheus_httpd]}],
                        15000,undefined]]}},
              {restart_type,permanent},
              {significant,false},
              {shutdown,infinity},
              {child_type,supervisor}]
 (supervisor:report_progress/3:2323)
2026-09-17 16:26:13.533176+00:00 [debug] PROGRESS REPORT:
    supervisor: {local,httpd_sup}
    started: [{pid,<0.1163.0>},
              {id,{httpd_instance_sup,{127,0,0,1},9081,default}},
              {mfargs,
                  {httpd_instance_sup,start_link,
                      [[{bind_address,{127,0,0,1}},
                        {socket_type,ip_comm},
                        {port,9081},
                        {server_root,"run/mod_stats_prometheus/doc"},
                        {document_root,"run/mod_stats_prometheus/doc"},
                        {server_name,"Prometheus Exporter"},
                        {modules,[prometheus_httpd]}],
                       15000,[]]}},
              {restart_type,permanent},
              {significant,false},
              {shutdown,infinity},
              {child_type,supervisor}]
 (supervisor:report_progress/3:2333)
2026-09-17 16:26:13.534454+00:00 [info] Started mod_stats_prometheus (eturnal:start_modules/0:384)
2026-09-17 16:26:13.534617+00:00 [debug] Calling mod_log_stun:start/0 (eturnal_module:start/1:143)
2026-09-17 16:26:13.534719+00:00 [debug] Starting mod_log_stun (mod_log_stun:start/0:38)
2026-09-17 16:26:13.534966+00:00 [info] Started mod_log_stun (eturnal:start_modules/0:384)
2026-09-17 16:26:13.535090+00:00 [debug] Calling mod_stats_influx:start/0 (eturnal_module:start/1:143)
2026-09-17 16:26:13.535159+00:00 [debug] Starting mod_stats_influx (mod_stats_influx:start/0:37)
2026-09-17 16:26:13.535213+00:00 [debug] Dependency influx_udp was available already (eturnal_module:ensure_dep/2:284)
2026-09-17 16:26:13.535442+00:00 [info]     options: #{port => 8089,host => "localhost",pool_size => 1,
               max_overflow => 1}
    msg: Start clients pool
    host: {127,0,0,1} (influx_udp:start_pool_/2:239)
2026-09-17 16:26:13.536306+00:00 [info] Started mod_stats_influx (eturnal:start_modules/0:384)
2026-09-17 16:26:13.536370+00:00 [debug] Restarted modules (eturnal:reload/1:639)
2026-09-17 16:26:13.536411+00:00 [debug] eturnal call (reload) returned ok (eturnal_ctl:call/1:439)
2026-09-17 16:26:13.561125+00:00 [info] Accepting connection: 127.0.0.1:52894 -> 127.0.0.1:34780 [TCP, session h2uy698xk3o0] (stun_acceptor:accept/3:158)
2026-09-17 16:26:13.584167+00:00 [info] Accepting connection: 127.0.0.1:44592 -> 127.0.0.1:53490 [TLS, session m4kmrr5zysrg] (stun_acceptor:accept/3:158)
2026-09-17 16:26:13.611932+00:00 [debug] Received:
#stun{class = request,method = 3,magic = 554869826,
      trid = 29915821419026826534349674273,raw = <<>>,unsupported = [],
      'ALTERNATE-SERVER' = undefined,'CHANNEL-NUMBER' = undefined,
      'DATA' = undefined,'DONT-FRAGMENT' = false,'ERROR-CODE' = undefined,
      'LIFETIME' = undefined,'MAPPED-ADDRESS' = undefined,
      'MESSAGE-INTEGRITY' = undefined,'NONCE' = undefined,'REALM' = undefined,
      'REQUESTED-ADDRESS-FAMILY' = undefined,
      'REQUESTED-TRANSPORT' = undefined,'SOFTWARE' = undefined,
      'UNKNOWN-ATTRIBUTES' = [],'USERNAME' = undefined,
      'XOR-MAPPED-ADDRESS' = undefined,'XOR-PEER-ADDRESS' = [],
      'XOR-RELAYED-ADDRESS' = undefined} (stun:udp_recv/5:146)
2026-09-17 16:26:13.612076+00:00 [debug] Sending:
#stun{class = error,method = 3,magic = 554869826,
      trid = 29915821419026826534349674273,raw = <<>>,unsupported = [],
      'ALTERNATE-SERVER' = undefined,'CHANNEL-NUMBER' = undefined,
      'DATA' = undefined,'DONT-FRAGMENT' = false,
      'ERROR-CODE' = {401,<<"Unauthorized">>},
      'LIFETIME' = undefined,'MAPPED-ADDRESS' = undefined,
      'MESSAGE-INTEGRITY' = undefined,'NONCE' = <<"1351056678">>,
      'REALM' = <<"eturnal.net">>,'REQUESTED-ADDRESS-FAMILY' = undefined,
      'REQUESTED-TRANSPORT' = undefined,'SOFTWARE' = <<"eturnal">>,
      'UNKNOWN-ATTRIBUTES' = [],'USERNAME' = undefined,
      'XOR-MAPPED-ADDRESS' = undefined,'XOR-PEER-ADDRESS' = [],
      'XOR-RELAYED-ADDRESS' = undefined} (stun:send/3:500)
2026-09-17 16:26:13.612415+00:00 [debug] Received:
#stun{class = request,method = 3,magic = 554869826,
      trid = 14498369103485300543417258140,
      raw = <<0,3,0,76,33,18,164,66,46,216,197,19,249,138,200,92,3,140,144,156,
              0,25,0,4,17,0,0,0,0,6,0,5,97,108,105,99,101,0,0,0,0,20,0,11,101,
              116,117,114,110,97,108,46,110,101,116,0,0,21,0,10,49,51,53,49,48,
              53,54,54,55,56,0,0>>,
      unsupported = [],'ALTERNATE-SERVER' = undefined,
      'CHANNEL-NUMBER' = undefined,'DATA' = undefined,'DONT-FRAGMENT' = false,
      'ERROR-CODE' = undefined,'LIFETIME' = undefined,
      'MAPPED-ADDRESS' = undefined,
      'MESSAGE-INTEGRITY' = <<69,154,201,199,92,77,97,94,164,172,152,209,227,
                              158,118,150,178,196,43,196>>,
      'NONCE' = <<"1351056678">>,'REALM' = <<"eturnal.net">>,
      'REQUESTED-ADDRESS-FAMILY' = undefined,'REQUESTED-TRANSPORT' = udp,
      'SOFTWARE' = undefined,'UNKNOWN-ATTRIBUTES' = [],
      'USERNAME' = <<"alice">>,'XOR-MAPPED-ADDRESS' = undefined,
      'XOR-PEER-ADDRESS' = [],'XOR-RELAYED-ADDRESS' = undefined} (stun:udp_recv/5:146)
2026-09-17 16:26:13.612565+00:00 [debug] Looking up password for: alice [UDP, session jir7cvuhb2yz, user alice, client 127.0.0.1:52781] (eturnal:get_password/2:259)
2026-09-17 16:26:13.612622+00:00 [info] Accepting long-term STUN/TURN authentication [UDP, session jir7cvuhb2yz, user alice, client 127.0.0.1:52781] (stun:process/2:289)
2026-09-17 16:26:13.614692+00:00 [debug] Running 'turn_session_start' hook [UDP, session jir7cvuhb2yz, user alice, client 127.0.0.1:52781] (turn:run_hook/3:753)
2026-09-17 16:26:13.614778+00:00 [debug] Got 'turn_session_start' event [UDP, session jir7cvuhb2yz, user alice, client 127.0.0.1:52781] (eturnal_module:handle_event/2:177)
2026-09-17 16:26:13.614822+00:00 [debug] Calling mod_stats_prometheus:handle_event/2 [UDP, session jir7cvuhb2yz, user alice, client 127.0.0.1:52781] (eturnal_module:handle_event/2:180)
2026-09-17 16:26:13.614877+00:00 [debug] Observing started TURN session jir7cvuhb2yz for Prometheus [UDP, session jir7cvuhb2yz, user alice, client 127.0.0.1:52781] (mod_stats_prometheus:on_turn_session_start/1:174)
2026-09-17 16:26:13.615071+00:00 [notice] Creating TURN allocation (lifetime: 599 seconds) [UDP, session jir7cvuhb2yz, user alice, client 127.0.0.1:52781, relay 127.0.0.1:54689] (turn:wait_for_allocate/2:226)
2026-09-17 16:26:13.615222+00:00 [debug] Sending:
#stun{class = response,method = 3,magic = 554869826,
      trid = 14498369103485300543417258140,raw = <<>>,unsupported = [],
      'ALTERNATE-SERVER' = undefined,'CHANNEL-NUMBER' = undefined,
      'DATA' = undefined,'DONT-FRAGMENT' = false,'ERROR-CODE' = undefined,
      'LIFETIME' = 599,'MAPPED-ADDRESS' = undefined,
      'MESSAGE-INTEGRITY' = undefined,'NONCE' = undefined,'REALM' = undefined,
      'REQUESTED-ADDRESS-FAMILY' = undefined,
      'REQUESTED-TRANSPORT' = undefined,'SOFTWARE' = <<"eturnal">>,
      'UNKNOWN-ATTRIBUTES' = [],'USERNAME' = undefined,
      'XOR-MAPPED-ADDRESS' = {{127,0,0,1},52781},
      'XOR-PEER-ADDRESS' = [],
      'XOR-RELAYED-ADDRESS' = {{127,0,0,1},54689}} (turn:send/2:549)
2026-09-17 16:26:13.615531+00:00 [debug] Received:
#stun{class = request,method = 4,magic = 554869826,
      trid = 31468294775900039131744583944,
      raw = <<0,4,0,76,33,18,164,66,101,173,246,158,5,178,105,186,51,18,65,8,0,
              6,0,5,97,108,105,99,101,0,0,0,0,20,0,11,101,116,117,114,110,97,
              108,46,110,101,116,0,0,21,0,10,49,51,53,49,48,53,54,54,55,56,0,0,
              0,13,0,4,0,0,0,0>>,
      unsupported = [],'ALTERNATE-SERVER' = undefined,
      'CHANNEL-NUMBER' = undefined,'DATA' = undefined,'DONT-FRAGMENT' = false,
      'ERROR-CODE' = undefined,'LIFETIME' = 0,'MAPPED-ADDRESS' = undefined,
      'MESSAGE-INTEGRITY' = <<83,134,74,245,162,164,42,221,22,117,213,154,189,
                              54,141,20,231,39,83,186>>,
      'NONCE' = <<"1351056678">>,'REALM' = <<"eturnal.net">>,
      'REQUESTED-ADDRESS-FAMILY' = undefined,
      'REQUESTED-TRANSPORT' = undefined,'SOFTWARE' = undefined,
      'UNKNOWN-ATTRIBUTES' = [],'USERNAME' = <<"alice">>,
      'XOR-MAPPED-ADDRESS' = undefined,'XOR-PEER-ADDRESS' = [],
      'XOR-RELAYED-ADDRESS' = undefined} (stun:udp_recv/5:146)
2026-09-17 16:26:13.615672+00:00 [debug] Looking up password for: alice [UDP, session nn8riq1o44jr, user alice, client 127.0.0.1:52781] (eturnal:get_password/2:259)
2026-09-17 16:26:13.615716+00:00 [info] Accepting long-term STUN/TURN authentication [UDP, session nn8riq1o44jr, user alice, client 127.0.0.1:52781] (stun:process/2:289)
2026-09-17 16:26:13.615752+00:00 [info] Client requested closing the TURN session [UDP, session jir7cvuhb2yz, user alice, client 127.0.0.1:52781, relay 127.0.0.1:54689] (turn:active/2:285)
2026-09-17 16:26:13.615827+00:00 [debug] Sending:
#stun{class = response,method = 4,magic = 554869826,
      trid = 31468294775900039131744583944,raw = <<>>,unsupported = [],
      'ALTERNATE-SERVER' = undefined,'CHANNEL-NUMBER' = undefined,
      'DATA' = undefined,'DONT-FRAGMENT' = false,'ERROR-CODE' = undefined,
      'LIFETIME' = 0,'MAPPED-ADDRESS' = undefined,
      'MESSAGE-INTEGRITY' = undefined,'NONCE' = undefined,'REALM' = undefined,
      'REQUESTED-ADDRESS-FAMILY' = undefined,
      'REQUESTED-TRANSPORT' = undefined,'SOFTWARE' = <<"eturnal">>,
      'UNKNOWN-ATTRIBUTES' = [],'USERNAME' = undefined,
      'XOR-MAPPED-ADDRESS' = undefined,'XOR-PEER-ADDRESS' = [],
      'XOR-RELAYED-ADDRESS' = undefined} (turn:send/2:549)
2026-09-17 16:26:13.615931+00:00 [info] Deleting TURN allocation [UDP, session jir7cvuhb2yz, user alice, client 127.0.0.1:52781, relay 127.0.0.1:54689] (turn:terminate/3:482)
2026-09-17 16:26:13.615967+00:00 [notice] Relayed 0 KiB (in 0 B / 0 packets, out 0 B / 0 packets), duration: 0 seconds [UDP, session jir7cvuhb2yz, user alice, client 127.0.0.1:52781, relay 127.0.0.1:54689] (turn:terminate/3:489)
2026-09-17 16:26:13.616019+00:00 [debug] Running 'turn_session_stop' hook [UDP, session jir7cvuhb2yz, user alice, client 127.0.0.1:52781, relay 127.0.0.1:54689] (turn:run_hook/3:753)
2026-09-17 16:26:13.616056+00:00 [debug] Got 'turn_session_stop' event [UDP, session jir7cvuhb2yz, user alice, client 127.0.0.1:52781, relay 127.0.0.1:54689] (eturnal_module:handle_event/2:177)
2026-09-17 16:26:13.616090+00:00 [debug] Calling mod_stats_influx:handle_event/2 [UDP, session jir7cvuhb2yz, user alice, client 127.0.0.1:52781, relay 127.0.0.1:54689] (eturnal_module:handle_event/2:180)
2026-09-17 16:26:13.616124+00:00 [debug] Writing stats of TURN session jir7cvuhb2yz to InfluxDB [UDP, session jir7cvuhb2yz, user alice, client 127.0.0.1:52781, relay 127.0.0.1:54689] (mod_stats_influx:on_turn_session_stop/1:87)
2026-09-17 16:26:13.616154+00:00 [debug] Received:
#stun{class = request,method = 3,magic = 554869826,
      trid = 64341780028485747160711269430,raw = <<>>,unsupported = [],
      'ALTERNATE-SERVER' = undefined,'CHANNEL-NUMBER' = undefined,
      'DATA' = undefined,'DONT-FRAGMENT' = false,'ERROR-CODE' = undefined,
      'LIFETIME' = undefined,'MAPPED-ADDRESS' = undefined,
      'MESSAGE-INTEGRITY' = undefined,'NONCE' = undefined,'REALM' = undefined,
      'REQUESTED-ADDRESS-FAMILY' = undefined,
      'REQUESTED-TRANSPORT' = undefined,'SOFTWARE' = undefined,
      'UNKNOWN-ATTRIBUTES' = [],'USERNAME' = undefined,
      'XOR-MAPPED-ADDRESS' = undefined,'XOR-PEER-ADDRESS' = [],
      'XOR-RELAYED-ADDRESS' = undefined} (stun:udp_recv/5:146)
2026-09-17 16:26:13.616280+00:00 [debug] Sending:
#stun{class = error,method = 3,magic = 554869826,
      trid = 64341780028485747160711269430,raw = <<>>,unsupported = [],
      'ALTERNATE-SERVER' = undefined,'CHANNEL-NUMBER' = undefined,
      'DATA' = undefined,'DONT-FRAGMENT' = false,
      'ERROR-CODE' = {401,<<"Unauthorized">>},
      'LIFETIME' = undefined,'MAPPED-ADDRESS' = undefined,
      'MESSAGE-INTEGRITY' = undefined,'NONCE' = <<"2598225591">>,
      'REALM' = <<"eturnal.net">>,'REQUESTED-ADDRESS-FAMILY' = undefined,
      'REQUESTED-TRANSPORT' = undefined,'SOFTWARE' = <<"eturnal">>,
      'UNKNOWN-ATTRIBUTES' = [],'USERNAME' = undefined,
      'XOR-MAPPED-ADDRESS' = undefined,'XOR-PEER-ADDRESS' = [],
      'XOR-RELAYED-ADDRESS' = undefined} (stun:send/3:500)
2026-09-17 16:26:13.616533+00:00 [debug] Received:
#stun{class = request,method = 3,magic = 554869826,
      trid = 67915792937197867524115516249,
      raw = <<0,3,0,80,33,18,164,66,219,114,160,144,109,229,80,118,150,129,203,
              89,0,25,0,4,17,0,0,0,0,6,0,10,50,49,52,53,57,49,51,50,48,48,0,0,
              0,20,0,11,101,116,117,114,110,97,108,46,110,101,116,0,0,21,0,10,
              50,53,57,56,50,50,53,53,57,49,0,0>>,
      unsupported = [],'ALTERNATE-SERVER' = undefined,
      'CHANNEL-NUMBER' = undefined,'DATA' = undefined,'DONT-FRAGMENT' = false,
      'ERROR-CODE' = undefined,'LIFETIME' = undefined,
      'MAPPED-ADDRESS' = undefined,
      'MESSAGE-INTEGRITY' = <<212,5,239,54,135,172,45,187,200,71,217,159,51,84,
                              25,13,248,207,96,230>>,
      'NONCE' = <<"2598225591">>,'REALM' = <<"eturnal.net">>,
      'REQUESTED-ADDRESS-FAMILY' = undefined,'REQUESTED-TRANSPORT' = udp,
      'SOFTWARE' = undefined,'UNKNOWN-ATTRIBUTES' = [],
      'USERNAME' = <<"2145913200">>,'XOR-MAPPED-ADDRESS' = undefined,
      'XOR-PEER-ADDRESS' = [],'XOR-RELAYED-ADDRESS' = undefined} (stun:udp_recv/5:146)
2026-09-17 16:26:13.616635+00:00 [debug] Deriving password for: 2145913200 [UDP, session n5lkeoyu15vi, user 2145913200, client 127.0.0.1:51382] (eturnal:get_password/2:245)
2026-09-17 16:26:13.616810+00:00 [info] Accepting long-term STUN/TURN authentication [UDP, session n5lkeoyu15vi, user 2145913200, client 127.0.0.1:51382] (stun:process/2:289)
2026-09-17 16:26:13.616870+00:00 [debug] Running 'turn_session_start' hook [UDP, session n5lkeoyu15vi, user 2145913200, client 127.0.0.1:51382] (turn:run_hook/3:753)
2026-09-17 16:26:13.616904+00:00 [debug] Got 'turn_session_start' event [UDP, session n5lkeoyu15vi, user 2145913200, client 127.0.0.1:51382] (eturnal_module:handle_event/2:177)
2026-09-17 16:26:13.616946+00:00 [debug] Calling mod_stats_prometheus:handle_event/2 [UDP, session n5lkeoyu15vi, user 2145913200, client 127.0.0.1:51382] (eturnal_module:handle_event/2:180)
2026-09-17 16:26:13.616998+00:00 [debug] Observing started TURN session n5lkeoyu15vi for Prometheus [UDP, session n5lkeoyu15vi, user 2145913200, client 127.0.0.1:51382] (mod_stats_prometheus:on_turn_session_start/1:174)
2026-09-17 16:26:13.617172+00:00 [notice] Creating TURN allocation (lifetime: 600 seconds) [UDP, session n5lkeoyu15vi, user 2145913200, client 127.0.0.1:51382, relay 127.0.0.1:65515] (turn:wait_for_allocate/2:226)
2026-09-17 16:26:13.617339+00:00 [debug] Sending:
#stun{class = response,method = 3,magic = 554869826,
      trid = 67915792937197867524115516249,raw = <<>>,unsupported = [],
      'ALTERNATE-SERVER' = undefined,'CHANNEL-NUMBER' = undefined,
      'DATA' = undefined,'DONT-FRAGMENT' = false,'ERROR-CODE' = undefined,
      'LIFETIME' = 600,'MAPPED-ADDRESS' = undefined,
      'MESSAGE-INTEGRITY' = undefined,'NONCE' = undefined,'REALM' = undefined,
      'REQUESTED-ADDRESS-FAMILY' = undefined,
      'REQUESTED-TRANSPORT' = undefined,'SOFTWARE' = <<"eturnal">>,
      'UNKNOWN-ATTRIBUTES' = [],'USERNAME' = undefined,
      'XOR-MAPPED-ADDRESS' = {{127,0,0,1},51382},
      'XOR-PEER-ADDRESS' = [],
      'XOR-RELAYED-ADDRESS' = {{127,0,0,1},65515}} (turn:send/2:549)
2026-09-17 16:26:13.617397+00:00 [debug] Calling mod_stats_prometheus:handle_event/2 [UDP, session jir7cvuhb2yz, user alice, client 127.0.0.1:52781, relay 127.0.0.1:54689] (eturnal_module:handle_event/2:180)
2026-09-17 16:26:13.617470+00:00 [debug] Observing stopped TURN session jir7cvuhb2yz for Prometheus [UDP, session jir7cvuhb2yz, user alice, client 127.0.0.1:52781, relay 127.0.0.1:54689] (mod_stats_prometheus:on_turn_session_stop/1:187)
2026-09-17 16:26:13.617707+00:00 [debug] Received:
#stun{class = request,method = 4,magic = 554869826,
      trid = 46825623414922969281286868059,
      raw = <<0,4,0,80,33,18,164,66,151,77,63,115,184,237,219,122,217,203,140,
              91,0,6,0,10,50,49,52,53,57,49,51,50,48,48,0,0,0,20,0,11,101,116,
              117,114,110,97,108,46,110,101,116,0,0,21,0,10,50,53,57,56,50,50,
              53,53,57,49,0,0,0,13,0,4,0,0,0,0>>,
      unsupported = [],'ALTERNATE-SERVER' = undefined,
      'CHANNEL-NUMBER' = undefined,'DATA' = undefined,'DONT-FRAGMENT' = false,
      'ERROR-CODE' = undefined,'LIFETIME' = 0,'MAPPED-ADDRESS' = undefined,
      'MESSAGE-INTEGRITY' = <<132,164,216,255,22,237,242,76,57,95,172,64,80,
                              131,3,31,52,57,83,10>>,
      'NONCE' = <<"2598225591">>,'REALM' = <<"eturnal.net">>,
      'REQUESTED-ADDRESS-FAMILY' = undefined,
      'REQUESTED-TRANSPORT' = undefined,'SOFTWARE' = undefined,
      'UNKNOWN-ATTRIBUTES' = [],'USERNAME' = <<"2145913200">>,
      'XOR-MAPPED-ADDRESS' = undefined,'XOR-PEER-ADDRESS' = [],
      'XOR-RELAYED-ADDRESS' = undefined} (stun:udp_recv/5:146)
2026-09-17 16:26:13.617842+00:00 [debug] Deriving password for: 2145913200 [UDP, session c9s9dn8zagya, user 2145913200, client 127.0.0.1:51382] (eturnal:get_password/2:245)
2026-09-17 16:26:13.617889+00:00 [info] Accepting long-term STUN/TURN authentication [UDP, session c9s9dn8zagya, user 2145913200, client 127.0.0.1:51382] (stun:process/2:289)
2026-09-17 16:26:13.617925+00:00 [info] Client requested closing the TURN session [UDP, session n5lkeoyu15vi, user 2145913200, client 127.0.0.1:51382, relay 127.0.0.1:65515] (turn:active/2:285)
2026-09-17 16:26:13.618019+00:00 [debug] Sending:
#stun{class = response,method = 4,magic = 554869826,
      trid = 46825623414922969281286868059,raw = <<>>,unsupported = [],
      'ALTERNATE-SERVER' = undefined,'CHANNEL-NUMBER' = undefined,
      'DATA' = undefined,'DONT-FRAGMENT' = false,'ERROR-CODE' = undefined,
      'LIFETIME' = 0,'MAPPED-ADDRESS' = undefined,
      'MESSAGE-INTEGRITY' = undefined,'NONCE' = undefined,'REALM' = undefined,
      'REQUESTED-ADDRESS-FAMILY' = undefined,
      'REQUESTED-TRANSPORT' = undefined,'SOFTWARE' = <<"eturnal">>,
      'UNKNOWN-ATTRIBUTES' = [],'USERNAME' = undefined,
      'XOR-MAPPED-ADDRESS' = undefined,'XOR-PEER-ADDRESS' = [],
      'XOR-RELAYED-ADDRESS' = undefined} (turn:send/2:549)
2026-09-17 16:26:13.618126+00:00 [info] Deleting TURN allocation [UDP, session n5lkeoyu15vi, user 2145913200, client 127.0.0.1:51382, relay 127.0.0.1:65515] (turn:terminate/3:482)
2026-09-17 16:26:13.618164+00:00 [notice] Relayed 0 KiB (in 0 B / 0 packets, out 0 B / 0 packets), duration: 0 seconds [UDP, session n5lkeoyu15vi, user 2145913200, client 127.0.0.1:51382, relay 127.0.0.1:65515] (turn:terminate/3:489)
2026-09-17 16:26:13.618204+00:00 [debug] Running 'turn_session_stop' hook [UDP, session n5lkeoyu15vi, user 2145913200, client 127.0.0.1:51382, relay 127.0.0.1:65515] (turn:run_hook/3:753)
2026-09-17 16:26:13.618233+00:00 [debug] Got 'turn_session_stop' event [UDP, session n5lkeoyu15vi, user 2145913200, client 127.0.0.1:51382, relay 127.0.0.1:65515] (eturnal_module:handle_event/2:177)
2026-09-17 16:26:13.618279+00:00 [debug] Calling mod_stats_influx:handle_event/2 [UDP, session n5lkeoyu15vi, user 2145913200, client 127.0.0.1:51382, relay 127.0.0.1:65515] (eturnal_module:handle_event/2:180)
2026-09-17 16:26:13.618327+00:00 [debug] Writing stats of TURN session n5lkeoyu15vi to InfluxDB [UDP, session n5lkeoyu15vi, user 2145913200, client 127.0.0.1:51382, relay 127.0.0.1:65515] (mod_stats_influx:on_turn_session_stop/1:87)
2026-09-17 16:26:13.618508+00:00 [debug] Calling mod_stats_prometheus:handle_event/2 [UDP, session n5lkeoyu15vi, user 2145913200, client 127.0.0.1:51382, relay 127.0.0.1:65515] (eturnal_module:handle_event/2:180)
2026-09-17 16:26:13.618541+00:00 [debug] Observing stopped TURN session n5lkeoyu15vi for Prometheus [UDP, session n5lkeoyu15vi, user 2145913200, client 127.0.0.1:51382, relay 127.0.0.1:65515] (mod_stats_prometheus:on_turn_session_stop/1:187)
2026-09-17 16:26:13.641041+00:00 [debug] Received:
#stun{class = request,method = 1,magic = 554869826,
      trid = 3875274346274949181788926347,raw = <<>>,unsupported = [],
      'ALTERNATE-SERVER' = undefined,'CHANNEL-NUMBER' = undefined,
      'DATA' = undefined,'DONT-FRAGMENT' = false,'ERROR-CODE' = undefined,
      'LIFETIME' = undefined,'MAPPED-ADDRESS' = undefined,
      'MESSAGE-INTEGRITY' = undefined,'NONCE' = undefined,'REALM' = undefined,
      'REQUESTED-ADDRESS-FAMILY' = undefined,
      'REQUESTED-TRANSPORT' = undefined,'SOFTWARE' = undefined,
      'UNKNOWN-ATTRIBUTES' = [],'USERNAME' = undefined,
      'XOR-MAPPED-ADDRESS' = undefined,'XOR-PEER-ADDRESS' = [],
      'XOR-RELAYED-ADDRESS' = undefined} (stun:udp_recv/5:146)
2026-09-17 16:26:13.641124+00:00 [debug] Responding to STUN request [UDP, session sih94oi8y1yo, anonymous, client 127.0.0.1:56985] (stun:process/4:357)
2026-09-17 16:26:13.641150+00:00 [debug] Running 'stun_query' hook [UDP, session sih94oi8y1yo, anonymous, client 127.0.0.1:56985] (stun:run_hook/3:747)
2026-09-17 16:26:13.641180+00:00 [debug] Got 'stun_query' event [UDP, session sih94oi8y1yo, anonymous, client 127.0.0.1:56985] (eturnal_module:handle_event/2:177)
2026-09-17 16:26:13.641200+00:00 [debug] Calling mod_log_stun:handle_event/2 [UDP, session sih94oi8y1yo, anonymous, client 127.0.0.1:56985] (eturnal_module:handle_event/2:180)
2026-09-17 16:26:13.641233+00:00 [info] Responding to STUN request [UDP, session sih94oi8y1yo, anonymous, client 127.0.0.1:56985] (mod_log_stun:handle_event/2:44)
2026-09-17 16:26:13.641260+00:00 [debug] Calling mod_stats_influx:handle_event/2 [UDP, session sih94oi8y1yo, anonymous, client 127.0.0.1:56985] (eturnal_module:handle_event/2:180)
2026-09-17 16:26:13.641281+00:00 [debug] Writing STUN query event to InfluxDB [UDP, session sih94oi8y1yo, anonymous, client 127.0.0.1:56985] (mod_stats_influx:on_stun_query/1:76)
2026-09-17 16:26:13.641426+00:00 [debug] Calling mod_stats_prometheus:handle_event/2 [UDP, session sih94oi8y1yo, anonymous, client 127.0.0.1:56985] (eturnal_module:handle_event/2:180)
2026-09-17 16:26:13.641457+00:00 [debug] Observing STUN query for Prometheus [UDP, session sih94oi8y1yo, anonymous, client 127.0.0.1:56985] (mod_stats_prometheus:on_stun_query/1:166)
2026-09-17 16:26:13.641515+00:00 [debug] Sending:
#stun{class = response,method = 1,magic = 554869826,
      trid = 3875274346274949181788926347,raw = <<>>,unsupported = [],
      'ALTERNATE-SERVER' = undefined,'CHANNEL-NUMBER' = undefined,
      'DATA' = undefined,'DONT-FRAGMENT' = false,'ERROR-CODE' = undefined,
      'LIFETIME' = undefined,'MAPPED-ADDRESS' = undefined,
      'MESSAGE-INTEGRITY' = undefined,'NONCE' = undefined,'REALM' = undefined,
      'REQUESTED-ADDRESS-FAMILY' = undefined,
      'REQUESTED-TRANSPORT' = undefined,'SOFTWARE' = <<"eturnal">>,
      'UNKNOWN-ATTRIBUTES' = [],'USERNAME' = undefined,
      'XOR-MAPPED-ADDRESS' = {{127,0,0,1},56985},
      'XOR-PEER-ADDRESS' = [],'XOR-RELAYED-ADDRESS' = undefined} (stun:send/3:500)
2026-09-17 16:26:13.664953+00:00 [info] Accepting connection: 127.0.0.1:52908 -> 127.0.0.1:34780 [TCP, session lerw3hu7mxs9] (stun_acceptor:accept/3:158)
2026-09-17 16:26:13.665193+00:00 [debug] Received:
#stun{class = request,method = 1,magic = 554869826,
      trid = 62046757082730878559066250964,raw = <<>>,unsupported = [],
      'ALTERNATE-SERVER' = undefined,'CHANNEL-NUMBER' = undefined,
      'DATA' = undefined,'DONT-FRAGMENT' = false,'ERROR-CODE' = undefined,
      'LIFETIME' = undefined,'MAPPED-ADDRESS' = undefined,
      'MESSAGE-INTEGRITY' = undefined,'NONCE' = undefined,'REALM' = undefined,
      'REQUESTED-ADDRESS-FAMILY' = undefined,
      'REQUESTED-TRANSPORT' = undefined,'SOFTWARE' = undefined,
      'UNKNOWN-ATTRIBUTES' = [],'USERNAME' = undefined,
      'XOR-MAPPED-ADDRESS' = undefined,'XOR-PEER-ADDRESS' = [],
      'XOR-RELAYED-ADDRESS' = undefined} (stun:process_data/3:457)
2026-09-17 16:26:13.665264+00:00 [debug] Responding to STUN request [TCP, session lerw3hu7mxs9, anonymous, client 127.0.0.1:52908] (stun:process/4:357)
2026-09-17 16:26:13.665306+00:00 [debug] Running 'stun_query' hook [TCP, session lerw3hu7mxs9, anonymous, client 127.0.0.1:52908] (stun:run_hook/3:747)
2026-09-17 16:26:13.665370+00:00 [debug] Got 'stun_query' event [TCP, session lerw3hu7mxs9, anonymous, client 127.0.0.1:52908] (eturnal_module:handle_event/2:177)
2026-09-17 16:26:13.665392+00:00 [debug] Calling mod_log_stun:handle_event/2 [TCP, session lerw3hu7mxs9, anonymous, client 127.0.0.1:52908] (eturnal_module:handle_event/2:180)
2026-09-17 16:26:13.665415+00:00 [info] Responding to STUN request [TCP, session lerw3hu7mxs9, anonymous, client 127.0.0.1:52908] (mod_log_stun:handle_event/2:44)
2026-09-17 16:26:13.665435+00:00 [debug] Calling mod_stats_influx:handle_event/2 [TCP, session lerw3hu7mxs9, anonymous, client 127.0.0.1:52908] (eturnal_module:handle_event/2:180)
2026-09-17 16:26:13.665453+00:00 [debug] Writing STUN query event to InfluxDB [TCP, session lerw3hu7mxs9, anonymous, client 127.0.0.1:52908] (mod_stats_influx:on_stun_query/1:76)
2026-09-17 16:26:13.665581+00:00 [debug] Calling mod_stats_prometheus:handle_event/2 [TCP, session lerw3hu7mxs9, anonymous, client 127.0.0.1:52908] (eturnal_module:handle_event/2:180)
2026-09-17 16:26:13.665616+00:00 [debug] Observing STUN query for Prometheus [TCP, session lerw3hu7mxs9, anonymous, client 127.0.0.1:52908] (mod_stats_prometheus:on_stun_query/1:166)
2026-09-17 16:26:13.665710+00:00 [debug] Sending:
#stun{class = response,method = 1,magic = 554869826,
      trid = 62046757082730878559066250964,raw = <<>>,unsupported = [],
      'ALTERNATE-SERVER' = undefined,'CHANNEL-NUMBER' = undefined,
      'DATA' = undefined,'DONT-FRAGMENT' = false,'ERROR-CODE' = undefined,
      'LIFETIME' = undefined,'MAPPED-ADDRESS' = undefined,
      'MESSAGE-INTEGRITY' = undefined,'NONCE' = undefined,'REALM' = undefined,
      'REQUESTED-ADDRESS-FAMILY' = undefined,
      'REQUESTED-TRANSPORT' = undefined,'SOFTWARE' = <<"eturnal">>,
      'UNKNOWN-ATTRIBUTES' = [],'USERNAME' = undefined,
      'XOR-MAPPED-ADDRESS' = {{127,0,0,1},52908},
      'XOR-PEER-ADDRESS' = [],'XOR-RELAYED-ADDRESS' = undefined} (stun:send/3:500)
2026-09-17 16:26:13.666943+00:00 [info] Connection reset by peer [TCP, session lerw3hu7mxs9, anonymous, client 127.0.0.1:52908] (stun:handle_info/3:206)
2026-09-17 16:26:13.689118+00:00 [info] Accepting connection: 127.0.0.1:44606 -> 127.0.0.1:53490 [TLS, session 7em6zryphwwo] (stun_acceptor:accept/3:158)
2026-09-17 16:26:14.697265+00:00 [debug] Received:
#stun{class = request,method = 1,magic = 554869826,
      trid = 25949985169523532118624793921,raw = <<>>,unsupported = [],
      'ALTERNATE-SERVER' = undefined,'CHANNEL-NUMBER' = undefined,
      'DATA' = undefined,'DONT-FRAGMENT' = false,'ERROR-CODE' = undefined,
      'LIFETIME' = undefined,'MAPPED-ADDRESS' = undefined,
      'MESSAGE-INTEGRITY' = undefined,'NONCE' = undefined,'REALM' = undefined,
      'REQUESTED-ADDRESS-FAMILY' = undefined,
      'REQUESTED-TRANSPORT' = undefined,'SOFTWARE' = undefined,
      'UNKNOWN-ATTRIBUTES' = [],'USERNAME' = undefined,
      'XOR-MAPPED-ADDRESS' = undefined,'XOR-PEER-ADDRESS' = [],
      'XOR-RELAYED-ADDRESS' = undefined} (stun:process_data/3:457)
2026-09-17 16:26:14.697458+00:00 [debug] Responding to STUN request [TLS, session 7em6zryphwwo, anonymous, client 127.0.0.1:44606] (stun:process/4:357)
2026-09-17 16:26:14.697490+00:00 [debug] Running 'stun_query' hook [TLS, session 7em6zryphwwo, anonymous, client 127.0.0.1:44606] (stun:run_hook/3:747)
2026-09-17 16:26:14.697533+00:00 [debug] Got 'stun_query' event [TLS, session 7em6zryphwwo, anonymous, client 127.0.0.1:44606] (eturnal_module:handle_event/2:177)
2026-09-17 16:26:14.697558+00:00 [debug] Calling mod_log_stun:handle_event/2 [TLS, session 7em6zryphwwo, anonymous, client 127.0.0.1:44606] (eturnal_module:handle_event/2:180)
2026-09-17 16:26:14.697587+00:00 [info] Responding to STUN request [TLS, session 7em6zryphwwo, anonymous, client 127.0.0.1:44606] (mod_log_stun:handle_event/2:44)
2026-09-17 16:26:14.697627+00:00 [debug] Calling mod_stats_influx:handle_event/2 [TLS, session 7em6zryphwwo, anonymous, client 127.0.0.1:44606] (eturnal_module:handle_event/2:180)
2026-09-17 16:26:14.697652+00:00 [debug] Writing STUN query event to InfluxDB [TLS, session 7em6zryphwwo, anonymous, client 127.0.0.1:44606] (mod_stats_influx:on_stun_query/1:76)
2026-09-17 16:26:14.697817+00:00 [debug] Calling mod_stats_prometheus:handle_event/2 [TLS, session 7em6zryphwwo, anonymous, client 127.0.0.1:44606] (eturnal_module:handle_event/2:180)
2026-09-17 16:26:14.697860+00:00 [debug] Observing STUN query for Prometheus [TLS, session 7em6zryphwwo, anonymous, client 127.0.0.1:44606] (mod_stats_prometheus:on_stun_query/1:166)
2026-09-17 16:26:14.697943+00:00 [debug] Sending:
#stun{class = response,method = 1,magic = 554869826,
      trid = 25949985169523532118624793921,raw = <<>>,unsupported = [],
      'ALTERNATE-SERVER' = undefined,'CHANNEL-NUMBER' = undefined,
      'DATA' = undefined,'DONT-FRAGMENT' = false,'ERROR-CODE' = undefined,
      'LIFETIME' = undefined,'MAPPED-ADDRESS' = undefined,
      'MESSAGE-INTEGRITY' = undefined,'NONCE' = undefined,'REALM' = undefined,
      'REQUESTED-ADDRESS-FAMILY' = undefined,
      'REQUESTED-TRANSPORT' = undefined,'SOFTWARE' = <<"eturnal">>,
      'UNKNOWN-ATTRIBUTES' = [],'USERNAME' = undefined,
      'XOR-MAPPED-ADDRESS' = {{127,0,0,1},44606},
      'XOR-PEER-ADDRESS' = [],'XOR-RELAYED-ADDRESS' = undefined} (stun:send/3:500)
2026-09-17 16:26:14.698169+00:00 [info] Connection reset by peer [TLS, session 7em6zryphwwo, anonymous, client 127.0.0.1:44606] (stun:handle_info/3:206)
2026-09-17 16:26:14.722559+00:00 [info] Accepting connection: 127.0.0.1:40180 -> 127.0.0.1:34781 [TCP|TLS, session 6cidf434ngt7] (stun_acceptor:accept/3:158)
2026-09-17 16:26:14.722676+00:00 [debug] Determined transport protocol: TCP (stun:is_tls_handshake/1:693)
2026-09-17 16:26:14.722907+00:00 [debug] Received:
#stun{class = request,method = 1,magic = 554869826,
      trid = 13368261919084038585724621556,raw = <<>>,unsupported = [],
      'ALTERNATE-SERVER' = undefined,'CHANNEL-NUMBER' = undefined,
      'DATA' = undefined,'DONT-FRAGMENT' = false,'ERROR-CODE' = undefined,
      'LIFETIME' = undefined,'MAPPED-ADDRESS' = undefined,
      'MESSAGE-INTEGRITY' = undefined,'NONCE' = undefined,'REALM' = undefined,
      'REQUESTED-ADDRESS-FAMILY' = undefined,
      'REQUESTED-TRANSPORT' = undefined,'SOFTWARE' = undefined,
      'UNKNOWN-ATTRIBUTES' = [],'USERNAME' = undefined,
      'XOR-MAPPED-ADDRESS' = undefined,'XOR-PEER-ADDRESS' = [],
      'XOR-RELAYED-ADDRESS' = undefined} (stun:process_data/3:457)
2026-09-17 16:26:14.722989+00:00 [debug] Responding to STUN request [TCP, session 6cidf434ngt7, anonymous, client 127.0.0.1:40180] (stun:process/4:357)
2026-09-17 16:26:14.723025+00:00 [debug] Running 'stun_query' hook [TCP, session 6cidf434ngt7, anonymous, client 127.0.0.1:40180] (stun:run_hook/3:747)
2026-09-17 16:26:14.723049+00:00 [debug] Got 'stun_query' event [TCP, session 6cidf434ngt7, anonymous, client 127.0.0.1:40180] (eturnal_module:handle_event/2:177)
2026-09-17 16:26:14.723085+00:00 [debug] Calling mod_log_stun:handle_event/2 [TCP, session 6cidf434ngt7, anonymous, client 127.0.0.1:40180] (eturnal_module:handle_event/2:180)
2026-09-17 16:26:14.723114+00:00 [info] Responding to STUN request [TCP, session 6cidf434ngt7, anonymous, client 127.0.0.1:40180] (mod_log_stun:handle_event/2:44)
2026-09-17 16:26:14.723140+00:00 [debug] Calling mod_stats_influx:handle_event/2 [TCP, session 6cidf434ngt7, anonymous, client 127.0.0.1:40180] (eturnal_module:handle_event/2:180)
2026-09-17 16:26:14.723159+00:00 [debug] Writing STUN query event to InfluxDB [TCP, session 6cidf434ngt7, anonymous, client 127.0.0.1:40180] (mod_stats_influx:on_stun_query/1:76)
2026-09-17 16:26:14.723328+00:00 [debug] Calling mod_stats_prometheus:handle_event/2 [TCP, session 6cidf434ngt7, anonymous, client 127.0.0.1:40180] (eturnal_module:handle_event/2:180)
2026-09-17 16:26:14.723357+00:00 [debug] Observing STUN query for Prometheus [TCP, session 6cidf434ngt7, anonymous, client 127.0.0.1:40180] (mod_stats_prometheus:on_stun_query/1:166)
2026-09-17 16:26:14.723417+00:00 [debug] Sending:
#stun{class = response,method = 1,magic = 554869826,
      trid = 13368261919084038585724621556,raw = <<>>,unsupported = [],
      'ALTERNATE-SERVER' = undefined,'CHANNEL-NUMBER' = undefined,
      'DATA' = undefined,'DONT-FRAGMENT' = false,'ERROR-CODE' = undefined,
      'LIFETIME' = undefined,'MAPPED-ADDRESS' = undefined,
      'MESSAGE-INTEGRITY' = undefined,'NONCE' = undefined,'REALM' = undefined,
      'REQUESTED-ADDRESS-FAMILY' = undefined,
      'REQUESTED-TRANSPORT' = undefined,'SOFTWARE' = <<"eturnal">>,
      'UNKNOWN-ATTRIBUTES' = [],'USERNAME' = undefined,
      'XOR-MAPPED-ADDRESS' = {{127,0,0,1},40180},
      'XOR-PEER-ADDRESS' = [],'XOR-RELAYED-ADDRESS' = undefined} (stun:send/3:500)
2026-09-17 16:26:14.725023+00:00 [info] Connection reset by peer [TCP, session 6cidf434ngt7, anonymous, client 127.0.0.1:40180] (stun:handle_info/3:206)
2026-09-17 16:26:14.747252+00:00 [info] Accepting connection: 127.0.0.1:40190 -> 127.0.0.1:34781 [TCP|TLS, session pptlf30sggyt] (stun_acceptor:accept/3:158)
2026-09-17 16:26:14.747457+00:00 [debug] Determined transport protocol: TLS (stun:is_tls_handshake/1:690)
2026-09-17 16:26:15.756289+00:00 [debug] Received:
#stun{class = request,method = 1,magic = 554869826,
      trid = 24990140607030338145552897506,raw = <<>>,unsupported = [],
      'ALTERNATE-SERVER' = undefined,'CHANNEL-NUMBER' = undefined,
      'DATA' = undefined,'DONT-FRAGMENT' = false,'ERROR-CODE' = undefined,
      'LIFETIME' = undefined,'MAPPED-ADDRESS' = undefined,
      'MESSAGE-INTEGRITY' = undefined,'NONCE' = undefined,'REALM' = undefined,
      'REQUESTED-ADDRESS-FAMILY' = undefined,
      'REQUESTED-TRANSPORT' = undefined,'SOFTWARE' = undefined,
      'UNKNOWN-ATTRIBUTES' = [],'USERNAME' = undefined,
      'XOR-MAPPED-ADDRESS' = undefined,'XOR-PEER-ADDRESS' = [],
      'XOR-RELAYED-ADDRESS' = undefined} (stun:process_data/3:457)
2026-09-17 16:26:15.756423+00:00 [debug] Responding to STUN request [TLS, session pptlf30sggyt, anonymous, client 127.0.0.1:40190] (stun:process/4:357)
2026-09-17 16:26:15.756519+00:00 [debug] Running 'stun_query' hook [TLS, session pptlf30sggyt, anonymous, client 127.0.0.1:40190] (stun:run_hook/3:747)
2026-09-17 16:26:15.756584+00:00 [debug] Got 'stun_query' event [TLS, session pptlf30sggyt, anonymous, client 127.0.0.1:40190] (eturnal_module:handle_event/2:177)
2026-09-17 16:26:15.756625+00:00 [debug] Calling mod_log_stun:handle_event/2 [TLS, session pptlf30sggyt, anonymous, client 127.0.0.1:40190] (eturnal_module:handle_event/2:180)
2026-09-17 16:26:15.756658+00:00 [info] Responding to STUN request [TLS, session pptlf30sggyt, anonymous, client 127.0.0.1:40190] (mod_log_stun:handle_event/2:44)
2026-09-17 16:26:15.756690+00:00 [debug] Calling mod_stats_influx:handle_event/2 [TLS, session pptlf30sggyt, anonymous, client 127.0.0.1:40190] (eturnal_module:handle_event/2:180)
2026-09-17 16:26:15.756717+00:00 [debug] Writing STUN query event to InfluxDB [TLS, session pptlf30sggyt, anonymous, client 127.0.0.1:40190] (mod_stats_influx:on_stun_query/1:76)
2026-09-17 16:26:15.756943+00:00 [debug] Calling mod_stats_prometheus:handle_event/2 [TLS, session pptlf30sggyt, anonymous, client 127.0.0.1:40190] (eturnal_module:handle_event/2:180)
2026-09-17 16:26:15.756970+00:00 [debug] Observing STUN query for Prometheus [TLS, session pptlf30sggyt, anonymous, client 127.0.0.1:40190] (mod_stats_prometheus:on_stun_query/1:166)
2026-09-17 16:26:15.757060+00:00 [debug] Sending:
#stun{class = response,method = 1,magic = 554869826,
      trid = 24990140607030338145552897506,raw = <<>>,unsupported = [],
      'ALTERNATE-SERVER' = undefined,'CHANNEL-NUMBER' = undefined,
      'DATA' = undefined,'DONT-FRAGMENT' = false,'ERROR-CODE' = undefined,
      'LIFETIME' = undefined,'MAPPED-ADDRESS' = undefined,
      'MESSAGE-INTEGRITY' = undefined,'NONCE' = undefined,'REALM' = undefined,
      'REQUESTED-ADDRESS-FAMILY' = undefined,
      'REQUESTED-TRANSPORT' = undefined,'SOFTWARE' = <<"eturnal">>,
      'UNKNOWN-ATTRIBUTES' = [],'USERNAME' = undefined,
      'XOR-MAPPED-ADDRESS' = {{127,0,0,1},40190},
      'XOR-PEER-ADDRESS' = [],'XOR-RELAYED-ADDRESS' = undefined} (stun:send/3:500)
2026-09-17 16:26:15.757394+00:00 [info] Connection reset by peer [TLS, session pptlf30sggyt, anonymous, client 127.0.0.1:40190] (stun:handle_info/3:206)
2026-09-17 16:26:15.780820+00:00 [debug] No NOTIFY_SOCKET, dropping STOPPING=1 notification (eturnal_systemd:handle_cast/2:99)
2026-09-17 16:26:15.780867+00:00 [debug] Terminating eturnal (shutdown) (eturnal:terminate/2:186)
2026-09-17 16:26:15.781079+00:00 [info] Stopped listening on 127.0.0.1:34780 (udp) (eturnal:stop_listeners/1:442)
2026-09-17 16:26:15.781196+00:00 [info] Stopped listening on 127.0.0.1:34780 (tcp) (eturnal:stop_listeners/1:442)
2026-09-17 16:26:15.781300+00:00 [info] Stopped listening on 127.0.0.1:53490 (tls) (eturnal:stop_listeners/1:442)
2026-09-17 16:26:15.781437+00:00 [info] Stopped listening on 127.0.0.1:34781 (auto) (eturnal:stop_listeners/1:442)
2026-09-17 16:26:15.782253+00:00 [debug] Calling mod_stats_prometheus:stop/1 (eturnal_module:stop/1:163)
2026-09-17 16:26:15.782389+00:00 [debug] Stopping mod_stats_prometheus (mod_stats_prometheus:stop/0:110)
2026-09-17 16:26:15.782621+00:00 [info] Stopped mod_stats_prometheus (eturnal:stop_modules/1:397)
2026-09-17 16:26:15.783581+00:00 [debug] Calling mod_log_stun:stop/1 (eturnal_module:stop/1:163)
2026-09-17 16:26:15.783674+00:00 [debug] Stopping mod_log_stun (mod_log_stun:stop/0:49)
2026-09-17 16:26:15.784028+00:00 [info] Stopped mod_log_stun (eturnal:stop_modules/1:397)
2026-09-17 16:26:15.784954+00:00 [debug] Calling mod_stats_influx:stop/1 (eturnal_module:stop/1:163)
2026-09-17 16:26:15.785096+00:00 [debug] Stopping mod_stats_influx (mod_stats_influx:stop/0:61)
2026-09-17 16:26:15.785267+00:00 [info] Stopped mod_stats_influx (eturnal:stop_modules/1:397)
2026-09-17 16:26:15.785478+00:00 [debug] Removed run/cert.pem (eturnal:clean_run_dir/0:875)
2026-09-17 16:26:15.785677+00:00 [debug] Terminating eturnal_systemd (shutdown) (eturnal_systemd:terminate/2:125)
2026-09-17 16:26:15.785845+00:00 [notice] Stopping eturnal 1.12.3 on Erlang/OTP 29 (ERTS 17.1) (eturnal_app:stop/1:53)
