2026-09-16 17:29:26.004236+00:00 [notice] Starting eturnal 1.12.2 on Erlang/OTP 29 (ERTS 17.1) (eturnal_app:start/2:34)
2026-09-16 17:29:26.004442+00:00 [debug] Starting supervisor: eturnal_sup (eturnal_sup:start_link/0:31)
2026-09-16 17:29:26.004568+00:00 [debug] Configuring eturnal_sup supervisor: [#{id => systemd,
                                       start =>
                                           {eturnal_systemd,start_link,[]}},
                                     #{id => eturnal,
                                       start => {eturnal,start_link,[]}}] (eturnal_sup:init/1:39)
2026-09-16 17:29:26.005821+00:00 [info] Got no NOTIFY_SOCKET, notifications disabled (eturnal_systemd:init/1:86)
2026-09-16 17:29:26.005945+00:00 [debug] PROGRESS REPORT:
    supervisor: {local,eturnal_sup}
    started: [{pid,<0.960.0>},
              {id,systemd},
              {mfargs,{eturnal_systemd,start_link,[]}},
              {restart_type,permanent},
              {significant,false},
              {shutdown,5000},
              {child_type,worker}]
 (supervisor:report_progress/3:2323)
2026-09-16 17:29:26.006068+00:00 [info] Relay IPv4 address: 127.0.0.1 (port range: 49152-65535) (eturnal:log_relay_addresses/0:349)
2026-09-16 17:29:26.006183+00:00 [info] Relay IPv6 address not configured (eturnal:log_relay_addresses/0:359)
2026-09-16 17:29:26.015827+00:00 [info] Cannot determine control query port: noport (eturnal:log_control_listener/0:373)
2026-09-16 17:29:26.016109+00:00 [debug] Using run directory run (eturnal:ensure_run_dir/0:863)
2026-09-16 17:29:26.016203+00:00 [debug] TURN configuration seems fine (eturnal:check_turn_config/0:603)
2026-09-16 17:29:26.016295+00:00 [warning] TLS enabled without 'tls_crt_file', creating self-signed certificate (eturnal:check_pem_file/0:809)
2026-09-16 17:29:28.514569+00:00 [debug] Calling mod_stats_prometheus:start/0 (eturnal_module:start/1:143)
2026-09-16 17:29:28.514798+00:00 [debug] Starting mod_stats_prometheus (mod_stats_prometheus:start/0:56)
2026-09-16 17:29:28.529666+00:00 [debug] PROGRESS REPORT:
    application: prometheus
    started_at: nonode@nohost
 (application_controller:info_started/2:2154)
2026-09-16 17:29:28.530620+00:00 [debug] PROGRESS REPORT:
    application: accept
    started_at: nonode@nohost
 (application_controller:info_started/2:2154)
2026-09-16 17:29:28.540368+00:00 [debug] PROGRESS REPORT:
    application: prometheus_httpd
    started_at: nonode@nohost
 (application_controller:info_started/2:2154)
2026-09-16 17:29:28.540438+00:00 [debug] Dependency prometheus_httpd was available already (eturnal_module:ensure_dep/2:284)
2026-09-16 17:29:28.563295+00:00 [debug] PROGRESS REPORT:
    supervisor: {local,httpd_instance_sup__127_0_0_1__9081default}
    started: [{pid,<0.980.0>},
              {id,{httpd_connection_sup,{127,0,0,1},9081,default}},
              {mfargs,{httpd_connection_sup,start_link,[[{127,0,0,1},9081]]}},
              {restart_type,permanent},
              {significant,false},
              {shutdown,5000},
              {child_type,supervisor}]
 (supervisor:report_progress/3:2323)
2026-09-16 17:29:28.565619+00:00 [debug] PROGRESS REPORT:
    supervisor: {local,httpd_instance_sup__127_0_0_1__9081default}
    started: [{pid,<0.981.0>},
              {id,{httpd_misc_sup,{127,0,0,1},9081,default}},
              {mfargs,{httpd_misc_sup,start_link,[{127,0,0,1},9081,default]}},
              {restart_type,permanent},
              {significant,false},
              {shutdown,infinity},
              {child_type,supervisor}]
 (supervisor:report_progress/3:2323)
2026-09-16 17:29:28.568564+00:00 [debug] PROGRESS REPORT:
    supervisor: {local,httpd_instance_sup__127_0_0_1__9081default}
    started: [{pid,<0.982.0>},
              {id,{httpd_manager,{127,0,0,1},9081,default}},
              {mfargs,
                  {httpd_manager,start_link,
                      [undefined,
                       [{bind_address,{127,0,0,1}},
                        {socket_type,ip_comm},
                        {port,9081},
                        {server_root,"run/mod_stats_prometheus/doc"},
                        {document_root,"run/mod_stats_prometheus/doc"},
                        {server_name,"Prometheus Exporter"},
                        {modules,[prometheus_httpd]}],
                       15000]}},
              {restart_type,permanent},
              {significant,false},
              {shutdown,4000},
              {child_type,worker}]
 (supervisor:report_progress/3:2323)
2026-09-16 17:29:28.583575+00:00 [debug] PROGRESS REPORT:
    supervisor: {local,httpd_acceptor_sup__127_0_0_1__9081default}
    started: [{pid,<0.984.0>},
              {id,{httpd_acceptor_sup,{127,0,0,1},9081,default}},
              {mfargs,{httpd_acceptor,start_link,
                                      [httpd__127_0_0_1__9081default,ip_comm,
                                       {127,0,0,1},
                                       9081,inet,
                                       httpd_conf__127_0_0_1__9081default,
                                       15000]}},
              {restart_type,transient},
              {significant,false},
              {shutdown,brutal_kill},
              {child_type,worker}]
 (supervisor:report_progress/3:2323)
2026-09-16 17:29:28.583737+00:00 [debug] PROGRESS REPORT:
    supervisor: {local,httpd_instance_sup__127_0_0_1__9081default}
    started: [{pid,<0.983.0>},
              {id,{httpd_acceptor_sup,{127,0,0,1},9081,default}},
              {mfargs,
                  {httpd_acceptor_sup,start_link,
                      [[{127,0,0,1},
                        9081,
                        [{bind_address,{127,0,0,1}},
                         {socket_type,ip_comm},
                         {port,9081},
                         {server_root,"run/mod_stats_prometheus/doc"},
                         {document_root,"run/mod_stats_prometheus/doc"},
                         {server_name,"Prometheus Exporter"},
                         {modules,[prometheus_httpd]}],
                        15000,undefined]]}},
              {restart_type,permanent},
              {significant,false},
              {shutdown,infinity},
              {child_type,supervisor}]
 (supervisor:report_progress/3:2323)
2026-09-16 17:29:28.583883+00:00 [debug] PROGRESS REPORT:
    supervisor: {local,httpd_sup}
    started: [{pid,<0.979.0>},
              {id,{httpd_instance_sup,{127,0,0,1},9081,default}},
              {mfargs,
                  {httpd_instance_sup,start_link,
                      [[{bind_address,{127,0,0,1}},
                        {socket_type,ip_comm},
                        {port,9081},
                        {server_root,"run/mod_stats_prometheus/doc"},
                        {document_root,"run/mod_stats_prometheus/doc"},
                        {server_name,"Prometheus Exporter"},
                        {modules,[prometheus_httpd]}],
                       15000,[]]}},
              {restart_type,permanent},
              {significant,false},
              {shutdown,infinity},
              {child_type,supervisor}]
 (supervisor:report_progress/3:2333)
2026-09-16 17:29:28.584058+00:00 [info] Started mod_stats_prometheus (eturnal:start_modules/0:384)
2026-09-16 17:29:28.584176+00:00 [debug] Calling mod_log_stun:start/0 (eturnal_module:start/1:143)
2026-09-16 17:29:28.584323+00:00 [debug] Starting mod_log_stun (mod_log_stun:start/0:38)
2026-09-16 17:29:28.584441+00:00 [info] Started mod_log_stun (eturnal:start_modules/0:384)
2026-09-16 17:29:28.584520+00:00 [debug] Calling mod_stats_influx:start/0 (eturnal_module:start/1:143)
2026-09-16 17:29:28.585288+00:00 [debug] Starting mod_stats_influx (mod_stats_influx:start/0:37)
2026-09-16 17:29:28.588261+00:00 [debug] PROGRESS REPORT:
    application: ulitos
    started_at: nonode@nohost
 (application_controller:info_started/2:2154)
2026-09-16 17:29:28.589508+00:00 [debug] PROGRESS REPORT:
    application: poolboy
    started_at: nonode@nohost
 (application_controller:info_started/2:2154)
2026-09-16 17:29:28.590434+00:00 [info]     msg: Starting application: influx_udp (influx_udp_app:start/2:10)
2026-09-16 17:29:28.592788+00:00 [debug] PROGRESS REPORT:
    supervisor: {local,influx_udp_sup}
    started: [{pid,<0.995.0>},
              {id,influx_udp},
              {mfargs,{influx_udp,start_link,[]}},
              {restart_type,permanent},
              {significant,false},
              {shutdown,5000},
              {child_type,worker}]
 (supervisor:report_progress/3:2323)
2026-09-16 17:29:28.592910+00:00 [debug] Dependency influx_udp was available already (eturnal_module:ensure_dep/2:284)
2026-09-16 17:29:28.592904+00:00 [debug] PROGRESS REPORT:
    application: influx_udp
    started_at: nonode@nohost
 (application_controller:info_started/2:2154)
2026-09-16 17:29:28.594934+00:00 [info]     options: #{port => 8089,host => "localhost",pool_size => 1,
               max_overflow => 1}
    msg: Start clients pool
    host: {127,0,0,1} (influx_udp:start_pool_/2:239)
2026-09-16 17:29:28.606491+00:00 [info]     port: 59783
    msg: Open UDP socket on port (influx_udp_worker:init/1:43)
2026-09-16 17:29:28.606682+00:00 [debug] PROGRESS REPORT:
    supervisor: {local,influx_udp_sup}
    started: [{pid,<0.998.0>},
              {id,stats_influx_pool},
              {mfargs,
                  {poolboy,start_link,
                      [[{name,{local,stats_influx_pool}},
                        {worker_module,influx_udp_worker},
                        {size,1},
                        {max_overflow,1}],
                       [{options,
                            #{port => 8089,
                              host => {127,0,0,1},
                              pool_size => 1,max_overflow => 1}}]]}},
              {restart_type,permanent},
              {significant,false},
              {shutdown,5000},
              {child_type,worker}]
 (supervisor:report_progress/3:2333)
2026-09-16 17:29:28.607133+00:00 [info] Started mod_stats_influx (eturnal:start_modules/0:384)
2026-09-16 17:29:28.607339+00:00 [debug] Starting listener 127.0.0.1:34780 (udp) with options:
[{use_turn,true},
 {auth_type,user},
 {turn_ipv4_address,{127,0,0,1}},
 {turn_min_port,49152},
 {turn_max_port,65535},
 {turn_max_allocations,10},
 {turn_max_permissions,10},
 {shaper,100000},
 {auth_realm,<<"eturnal.net">>},
 {server_name,<<"eturnal">>},
 {auth_fun,fun eturnal:get_password/2},
 {hook_fun,fun eturnal:run_hook/2},
 {turn_blacklist_clients,[{{127,0,0,1},8}]},
 {turn_blacklist_peers,[{{10,0,0,0},8},
                        {{100,64,0,0},10},
                        {{127,0,0,0},8},
                        {{169,254,0,0},16},
                        {{172,16,0,0},12},
                        {{192,0,0,0},24},
                        {{192,0,2,0},24},
                        {{192,88,99,0},24},
                        {{192,168,0,0},16},
                        {{198,18,0,0},15},
                        {{198,51,100,0},24},
                        {{203,0,113,0},24},
                        {{224,0,0,0},4},
                        {{240,0,0,0},4},
                        {{0,0,0,0,0,0,0,1},128},
                        {{100,65435,0,0,0,0,0,0},96},
                        {{256,0,0,0,0,0,0,0},64},
                        {{8193,3512,0,0,0,0,0,0},32},
                        {{64512,0,0,0,0,0,0,0},7},
                        {{65152,0,0,0,0,0,0,0},10},
                        {{65280,0,0,0,0,0,0,0},8}]},
 {turn_whitelist_clients,[{{127,0,0,1},32}]},
 {turn_whitelist_peers,[{{127,0,0,1},32},
                        {{203,0,113,113},32},
                        {{8193,3512,0,0,0,0,0,0},64}]}] (eturnal:start_listeners/0:419)
2026-09-16 17:29:28.619848+00:00 [info] Listening on 127.0.0.1:34780 (udp) (STUN/TURN) (eturnal:start_listeners/0:426)
2026-09-16 17:29:28.620021+00:00 [debug] Starting listener 127.0.0.1:34780 (tcp) with options:
[{use_turn,false},
 {auth_type,anonymous},
 {turn_ipv4_address,{127,0,0,1}},
 {turn_min_port,49152},
 {turn_max_port,65535},
 {turn_max_allocations,10},
 {turn_max_permissions,10},
 {shaper,100000},
 {auth_realm,<<"eturnal.net">>},
 {server_name,<<"eturnal">>},
 {auth_fun,fun eturnal:get_password/2},
 {hook_fun,fun eturnal:run_hook/2},
 {turn_blacklist_clients,[{{127,0,0,1},8}]},
 {turn_blacklist_peers,[{{10,0,0,0},8},
                        {{100,64,0,0},10},
                        {{127,0,0,0},8},
                        {{169,254,0,0},16},
                        {{172,16,0,0},12},
                        {{192,0,0,0},24},
                        {{192,0,2,0},24},
                        {{192,88,99,0},24},
                        {{192,168,0,0},16},
                        {{198,18,0,0},15},
                        {{198,51,100,0},24},
                        {{203,0,113,0},24},
                        {{224,0,0,0},4},
                        {{240,0,0,0},4},
                        {{0,0,0,0,0,0,0,1},128},
                        {{100,65435,0,0,0,0,0,0},96},
                        {{256,0,0,0,0,0,0,0},64},
                        {{8193,3512,0,0,0,0,0,0},32},
                        {{64512,0,0,0,0,0,0,0},7},
                        {{65152,0,0,0,0,0,0,0},10},
                        {{65280,0,0,0,0,0,0,0},8}]},
 {turn_whitelist_clients,[{{127,0,0,1},32}]},
 {turn_whitelist_peers,[{{127,0,0,1},32},
                        {{203,0,113,113},32},
                        {{8193,3512,0,0,0,0,0,0},64}]}] (eturnal:start_listeners/0:419)
2026-09-16 17:29:28.620677+00:00 [info] Listening on 127.0.0.1:34780 (tcp) (STUN only) (eturnal:start_listeners/0:426)
2026-09-16 17:29:28.620804+00:00 [debug] Starting listener 127.0.0.1:53490 (tls) with options:
[{use_turn,false},
 {auth_type,anonymous},
 {tls,true},
 {certfile,<<"run/cert.pem">>},
 {ciphers,<<"HIGH:!aNULL:@STRENGTH">>},
 {protocol_options,<<"no_tlsv1|no_tlsv1_1|cipher_server_preference">>},
 {turn_ipv4_address,{127,0,0,1}},
 {turn_min_port,49152},
 {turn_max_port,65535},
 {turn_max_allocations,10},
 {turn_max_permissions,10},
 {shaper,100000},
 {auth_realm,<<"eturnal.net">>},
 {server_name,<<"eturnal">>},
 {auth_fun,fun eturnal:get_password/2},
 {hook_fun,fun eturnal:run_hook/2},
 {turn_blacklist_clients,[{{127,0,0,1},8}]},
 {turn_blacklist_peers,[{{10,0,0,0},8},
                        {{100,64,0,0},10},
                        {{127,0,0,0},8},
                        {{169,254,0,0},16},
                        {{172,16,0,0},12},
                        {{192,0,0,0},24},
                        {{192,0,2,0},24},
                        {{192,88,99,0},24},
                        {{192,168,0,0},16},
                        {{198,18,0,0},15},
                        {{198,51,100,0},24},
                        {{203,0,113,0},24},
                        {{224,0,0,0},4},
                        {{240,0,0,0},4},
                        {{0,0,0,0,0,0,0,1},128},
                        {{100,65435,0,0,0,0,0,0},96},
                        {{256,0,0,0,0,0,0,0},64},
                        {{8193,3512,0,0,0,0,0,0},32},
                        {{64512,0,0,0,0,0,0,0},7},
                        {{65152,0,0,0,0,0,0,0},10},
                        {{65280,0,0,0,0,0,0,0},8}]},
 {turn_whitelist_clients,[{{127,0,0,1},32}]},
 {turn_whitelist_peers,[{{127,0,0,1},32},
                        {{203,0,113,113},32},
                        {{8193,3512,0,0,0,0,0,0},64}]}] (eturnal:start_listeners/0:419)
2026-09-16 17:29:28.621408+00:00 [info] Listening on 127.0.0.1:53490 (tls) (STUN only) (eturnal:start_listeners/0:426)
2026-09-16 17:29:28.621530+00:00 [debug] Starting listener 127.0.0.1:34781 (auto) with options:
[{use_turn,false},
 {auth_type,anonymous},
 {tls,optional},
 {certfile,<<"run/cert.pem">>},
 {ciphers,<<"HIGH:!aNULL:@STRENGTH">>},
 {protocol_options,<<"no_tlsv1|no_tlsv1_1|cipher_server_preference">>},
 {turn_ipv4_address,{127,0,0,1}},
 {turn_min_port,49152},
 {turn_max_port,65535},
 {turn_max_allocations,10},
 {turn_max_permissions,10},
 {shaper,100000},
 {auth_realm,<<"eturnal.net">>},
 {server_name,<<"eturnal">>},
 {auth_fun,fun eturnal:get_password/2},
 {hook_fun,fun eturnal:run_hook/2},
 {turn_blacklist_clients,[{{127,0,0,1},8}]},
 {turn_blacklist_peers,[{{10,0,0,0},8},
                        {{100,64,0,0},10},
                        {{127,0,0,0},8},
                        {{169,254,0,0},16},
                        {{172,16,0,0},12},
                        {{192,0,0,0},24},
                        {{192,0,2,0},24},
                        {{192,88,99,0},24},
                        {{192,168,0,0},16},
                        {{198,18,0,0},15},
                        {{198,51,100,0},24},
                        {{203,0,113,0},24},
                        {{224,0,0,0},4},
                        {{240,0,0,0},4},
                        {{0,0,0,0,0,0,0,1},128},
                        {{100,65435,0,0,0,0,0,0},96},
                        {{256,0,0,0,0,0,0,0},64},
                        {{8193,3512,0,0,0,0,0,0},32},
                        {{64512,0,0,0,0,0,0,0},7},
                        {{65152,0,0,0,0,0,0,0},10},
                        {{65280,0,0,0,0,0,0,0},8}]},
 {turn_whitelist_clients,[{{127,0,0,1},32}]},
 {turn_whitelist_peers,[{{127,0,0,1},32},
                        {{203,0,113,113},32},
                        {{8193,3512,0,0,0,0,0,0},64}]}] (eturnal:start_listeners/0:419)
2026-09-16 17:29:28.633089+00:00 [info] Listening on 127.0.0.1:34781 (auto) (STUN only) (eturnal:start_listeners/0:426)
2026-09-16 17:29:28.633241+00:00 [debug] Started 3 modules (eturnal:init/1:105)
2026-09-16 17:29:28.633353+00:00 [debug] Started 4 listeners (eturnal:init/1:106)
2026-09-16 17:29:28.633497+00:00 [debug] PROGRESS REPORT:
    supervisor: {local,eturnal_sup}
    started: [{pid,<0.962.0>},
              {id,eturnal},
              {mfargs,{eturnal,start_link,[]}},
              {restart_type,permanent},
              {significant,false},
              {shutdown,5000},
              {child_type,worker}]
 (supervisor:report_progress/3:2323)
2026-09-16 17:29:28.633610+00:00 [debug] No NOTIFY_SOCKET, dropping READY=1 notification (eturnal_systemd:handle_cast/2:99)
2026-09-16 17:29:28.633618+00:00 [debug] PROGRESS REPORT:
    application: eturnal
    started_at: nonode@nohost
 (application_controller:info_started/2:2154)
2026-09-16 17:29:28.661443+00:00 [debug] Handling API call: get_status() (eturnal_ctl:get_status/0:109)
2026-09-16 17:29:28.661574+00:00 [debug] eturnal call (get_status) returned ok (eturnal_ctl:call/1:439)
2026-09-16 17:29:28.685438+00:00 [debug] Handling API call: get_info() (eturnal_ctl:get_info/0:119)
2026-09-16 17:29:28.686106+00:00 [debug] eturnal call (get_info) returned {ok,
                                  {eturnal_node_info,<<"1.12.2">>,
                                   {"29","17.1"},
                                   4698,0,180,94483002,1,56599616}} (eturnal_ctl:call/1:442)
2026-09-16 17:29:28.709176+00:00 [debug] Handling API call: get_sessions() (eturnal_ctl:get_sessions/0:95)
2026-09-16 17:29:28.732160+00:00 [debug] Handling API call: get_sessions("alice") (eturnal_ctl:get_sessions/1:100)
2026-09-16 17:29:28.732497+00:00 [debug] Handling API call: get_sessions("1256900400:alice") (eturnal_ctl:get_sessions/1:100)
2026-09-16 17:29:28.732728+00:00 [debug] Handling API call: get_sessions(alice) (eturnal_ctl:get_sessions/1:100)
2026-09-16 17:29:28.732828+00:00 [debug] Cannot convert user name to binary: alice (eturnal_ctl:with_username/2:201)
2026-09-16 17:29:28.756292+00:00 [debug] Handling API call: disconnect("alice") (eturnal_ctl:disconnect/1:168)
2026-09-16 17:29:28.756553+00:00 [debug] Handling API call: disconnect(alice) (eturnal_ctl:disconnect/1:168)
2026-09-16 17:29:28.756706+00:00 [debug] Cannot convert user name to binary: alice (eturnal_ctl:with_username/2:201)
2026-09-16 17:29:28.780178+00:00 [debug] Handling API call: get_credentials("2009-10-30 11:00:00Z", []) (eturnal_ctl:get_credentials/2:60)
2026-09-16 17:29:28.780394+00:00 [debug] eturnal call ({get_password,<<"1256900400">>}) returned {ok,
                                                         <<"uEKlpcME7MNMMVRV8rUFPCTIFEs=">>} (eturnal_ctl:call/1:442)
2026-09-16 17:29:28.784197+00:00 [debug] Handling API call: get_credentials("86400", "alice") (eturnal_ctl:get_credentials/2:60)
2026-09-16 17:29:28.784413+00:00 [debug] eturnal call ({get_password,<<"1789666168:alice">>}) returned {ok,
                                                               <<"gGbYyR4sC4NlWqI86nMYlIP0oAE=">>} (eturnal_ctl:call/1:442)
2026-09-16 17:29:28.784558+00:00 [debug] Handling API call: get_password("1789666168:alice") (eturnal_ctl:get_password/1:79)
2026-09-16 17:29:28.784633+00:00 [debug] eturnal call ({get_password,<<"1789666168:alice">>}) returned {ok,
                                                               <<"gGbYyR4sC4NlWqI86nMYlIP0oAE=">>} (eturnal_ctl:call/1:442)
2026-09-16 17:29:28.784756+00:00 [debug] Handling API call: get_credentials("86400s", "alice") (eturnal_ctl:get_credentials/2:60)
2026-09-16 17:29:28.784841+00:00 [debug] eturnal call ({get_password,<<"1789666168:alice">>}) returned {ok,
                                                               <<"gGbYyR4sC4NlWqI86nMYlIP0oAE=">>} (eturnal_ctl:call/1:442)
2026-09-16 17:29:28.784915+00:00 [debug] Handling API call: get_password("1789666168:alice") (eturnal_ctl:get_password/1:79)
2026-09-16 17:29:28.784978+00:00 [debug] eturnal call ({get_password,<<"1789666168:alice">>}) returned {ok,
                                                               <<"gGbYyR4sC4NlWqI86nMYlIP0oAE=">>} (eturnal_ctl:call/1:442)
2026-09-16 17:29:28.785069+00:00 [debug] Handling API call: get_credentials("1440m", "alice") (eturnal_ctl:get_credentials/2:60)
2026-09-16 17:29:28.785133+00:00 [debug] eturnal call ({get_password,<<"1789666168:alice">>}) returned {ok,
                                                               <<"gGbYyR4sC4NlWqI86nMYlIP0oAE=">>} (eturnal_ctl:call/1:442)
2026-09-16 17:29:28.785199+00:00 [debug] Handling API call: get_password("1789666168:alice") (eturnal_ctl:get_password/1:79)
2026-09-16 17:29:28.785256+00:00 [debug] eturnal call ({get_password,<<"1789666168:alice">>}) returned {ok,
                                                               <<"gGbYyR4sC4NlWqI86nMYlIP0oAE=">>} (eturnal_ctl:call/1:442)
2026-09-16 17:29:28.785408+00:00 [debug] Handling API call: get_credentials("24h", "alice") (eturnal_ctl:get_credentials/2:60)
2026-09-16 17:29:28.785554+00:00 [debug] eturnal call ({get_password,<<"1789666168:alice">>}) returned {ok,
                                                               <<"gGbYyR4sC4NlWqI86nMYlIP0oAE=">>} (eturnal_ctl:call/1:442)
2026-09-16 17:29:28.785690+00:00 [debug] Handling API call: get_password("1789666168:alice") (eturnal_ctl:get_password/1:79)
2026-09-16 17:29:28.785786+00:00 [debug] eturnal call ({get_password,<<"1789666168:alice">>}) returned {ok,
                                                               <<"gGbYyR4sC4NlWqI86nMYlIP0oAE=">>} (eturnal_ctl:call/1:442)
2026-09-16 17:29:28.785935+00:00 [debug] Handling API call: get_credentials("1d", "alice") (eturnal_ctl:get_credentials/2:60)
2026-09-16 17:29:28.786058+00:00 [debug] eturnal call ({get_password,<<"1789666168:alice">>}) returned {ok,
                                                               <<"gGbYyR4sC4NlWqI86nMYlIP0oAE=">>} (eturnal_ctl:call/1:442)
2026-09-16 17:29:28.786219+00:00 [debug] Handling API call: get_password("1789666168:alice") (eturnal_ctl:get_password/1:79)
2026-09-16 17:29:28.786364+00:00 [debug] eturnal call ({get_password,<<"1789666168:alice">>}) returned {ok,
                                                               <<"gGbYyR4sC4NlWqI86nMYlIP0oAE=">>} (eturnal_ctl:call/1:442)
2026-09-16 17:29:28.786558+00:00 [debug] Handling API call: get_password("Invalid") (eturnal_ctl:get_password/1:79)
2026-09-16 17:29:28.786672+00:00 [debug] eturnal call ({get_password,<<"Invalid">>}) returned {error,no_credentials} (eturnal_ctl:call/1:445)
2026-09-16 17:29:28.786791+00:00 [debug] Handling API call: get_credentials("Invalid", []) (eturnal_ctl:get_credentials/2:60)
2026-09-16 17:29:28.786874+00:00 [debug] Invalid argument(s): "Invalid":[] (eturnal_ctl:get_credentials/2:73)
2026-09-16 17:29:28.786954+00:00 [debug] Handling API call: get_password(invalid) (eturnal_ctl:get_password/1:79)
2026-09-16 17:29:28.787014+00:00 [debug] Cannot convert user name to binary: invalid (eturnal_ctl:with_username/2:201)
2026-09-16 17:29:28.787097+00:00 [debug] Handling API call: get_credentials(invalid, []) (eturnal_ctl:get_credentials/2:60)
2026-09-16 17:29:28.787176+00:00 [debug] Invalid argument(s): invalid:[] (eturnal_ctl:get_credentials/2:73)
2026-09-16 17:29:28.787250+00:00 [debug] Handling API call: get_password([invalid]) (eturnal_ctl:get_password/1:79)
2026-09-16 17:29:28.787392+00:00 [debug] Cannot convert user name to binary: [invalid] (eturnal_ctl:with_username/2:201)
2026-09-16 17:29:28.787501+00:00 [debug] Handling API call: get_credentials([invalid], []) (eturnal_ctl:get_credentials/2:60)
2026-09-16 17:29:28.787595+00:00 [debug] Invalid argument(s): [invalid]:[] (eturnal_ctl:get_credentials/2:73)
2026-09-16 17:29:28.787728+00:00 [debug] Handling API call: get_credentials(1256900400, invalid) (eturnal_ctl:get_credentials/2:60)
2026-09-16 17:29:28.787812+00:00 [debug] Invalid argument(s): 1256900400:invalid (eturnal_ctl:get_credentials/2:73)
2026-09-16 17:29:28.787915+00:00 [debug] Handling API call: get_password("alice") (eturnal_ctl:get_password/1:79)
2026-09-16 17:29:28.788006+00:00 [debug] eturnal call ({get_password,<<"alice">>}) returned {ok,<<"l0vesBob">>} (eturnal_ctl:call/1:442)
2026-09-16 17:29:28.812437+00:00 [debug] Handling API call: set_loglevel(debug) (eturnal_ctl:set_loglevel/1:149)
2026-09-16 17:29:28.812601+00:00 [debug] eturnal call ({set_loglevel,debug}) returned ok (eturnal_ctl:call/1:439)
2026-09-16 17:29:28.812753+00:00 [debug] Handling API call: get_loglevel() (eturnal_ctl:get_loglevel/0:139)
2026-09-16 17:29:28.812865+00:00 [debug] eturnal call (get_loglevel) returned {ok,debug} (eturnal_ctl:call/1:442)
2026-09-16 17:29:28.813013+00:00 [debug] Handling API call: set_loglevel(invalid) (eturnal_ctl:set_loglevel/1:149)
2026-09-16 17:29:28.813089+00:00 [debug] Invalid log level: invalid (eturnal_ctl:set_loglevel/1:159)
2026-09-16 17:29:28.813215+00:00 [debug] Handling API call: get_loglevel() (eturnal_ctl:get_loglevel/0:139)
2026-09-16 17:29:28.813323+00:00 [debug] eturnal call (get_loglevel) returned {ok,debug} (eturnal_ctl:call/1:442)
2026-09-16 17:29:28.836258+00:00 [debug] Handling API call: get_version() (eturnal_ctl:get_version/0:129)
2026-09-16 17:29:28.836409+00:00 [debug] eturnal call (get_version) returned {ok,<<"1.12.2">>} (eturnal_ctl:call/1:442)
2026-09-16 17:29:28.859578+00:00 [debug] Handling API call: reload() (eturnal_ctl:reload/0:179)
2026-09-16 17:29:28.861750+00:00 [debug] Calling mod_log_stun:options/0 (eturnal_module:options/1:192)
2026-09-16 17:29:28.861890+00:00 [debug] Calling mod_stats_influx:options/0 (eturnal_module:options/1:192)
2026-09-16 17:29:28.861985+00:00 [debug] Calling mod_stats_prometheus:options/0 (eturnal_module:options/1:192)
2026-09-16 17:29:28.862549+00:00 [info] Reloading configuration (eturnal:reload/1:627)
2026-09-16 17:29:28.862658+00:00 [warning] TLS enabled without 'tls_crt_file', creating self-signed certificate (eturnal:check_pem_file/0:809)
2026-09-16 17:29:29.982479+00:00 [info] Using new TLS certificate (eturnal:reload/1:631)
2026-09-16 17:29:29.983405+00:00 [debug] Calling mod_stats_prometheus:stop/1 (eturnal_module:stop/1:163)
2026-09-16 17:29:29.983545+00:00 [debug] Stopping mod_stats_prometheus (mod_stats_prometheus:stop/0:110)
2026-09-16 17:29:29.983802+00:00 [info] Stopped mod_stats_prometheus (eturnal:stop_modules/1:397)
2026-09-16 17:29:29.985213+00:00 [debug] Calling mod_log_stun:stop/1 (eturnal_module:stop/1:163)
2026-09-16 17:29:29.985627+00:00 [debug] Stopping mod_log_stun (mod_log_stun:stop/0:49)
2026-09-16 17:29:29.985783+00:00 [info] Stopped mod_log_stun (eturnal:stop_modules/1:397)
2026-09-16 17:29:29.986957+00:00 [debug] Calling mod_stats_influx:stop/1 (eturnal_module:stop/1:163)
2026-09-16 17:29:29.987114+00:00 [debug] Stopping mod_stats_influx (mod_stats_influx:stop/0:61)
2026-09-16 17:29:29.987239+00:00 [info] Stopped mod_stats_influx (eturnal:stop_modules/1:397)
2026-09-16 17:29:29.987361+00:00 [debug] Calling mod_stats_prometheus:start/0 (eturnal_module:start/1:143)
2026-09-16 17:29:29.987468+00:00 [debug] Starting mod_stats_prometheus (mod_stats_prometheus:start/0:56)
2026-09-16 17:29:29.987572+00:00 [debug] Dependency prometheus_httpd was available already (eturnal_module:ensure_dep/2:284)
2026-09-16 17:29:29.988156+00:00 [debug] PROGRESS REPORT:
    supervisor: {local,httpd_instance_sup__127_0_0_1__9081default}
    started: [{pid,<0.1128.0>},
              {id,{httpd_connection_sup,{127,0,0,1},9081,default}},
              {mfargs,{httpd_connection_sup,start_link,[[{127,0,0,1},9081]]}},
              {restart_type,permanent},
              {significant,false},
              {shutdown,5000},
              {child_type,supervisor}]
 (supervisor:report_progress/3:2323)
2026-09-16 17:29:29.988356+00:00 [debug] PROGRESS REPORT:
    supervisor: {local,httpd_instance_sup__127_0_0_1__9081default}
    started: [{pid,<0.1129.0>},
              {id,{httpd_misc_sup,{127,0,0,1},9081,default}},
              {mfargs,{httpd_misc_sup,start_link,[{127,0,0,1},9081,default]}},
              {restart_type,permanent},
              {significant,false},
              {shutdown,infinity},
              {child_type,supervisor}]
 (supervisor:report_progress/3:2323)
2026-09-16 17:29:29.989360+00:00 [debug] PROGRESS REPORT:
    supervisor: {local,httpd_instance_sup__127_0_0_1__9081default}
    started: [{pid,<0.1130.0>},
              {id,{httpd_manager,{127,0,0,1},9081,default}},
              {mfargs,
                  {httpd_manager,start_link,
                      [undefined,
                       [{bind_address,{127,0,0,1}},
                        {socket_type,ip_comm},
                        {port,9081},
                        {server_root,"run/mod_stats_prometheus/doc"},
                        {document_root,"run/mod_stats_prometheus/doc"},
                        {server_name,"Prometheus Exporter"},
                        {modules,[prometheus_httpd]}],
                       15000]}},
              {restart_type,permanent},
              {significant,false},
              {shutdown,4000},
              {child_type,worker}]
 (supervisor:report_progress/3:2323)
2026-09-16 17:29:29.989738+00:00 [debug] PROGRESS REPORT:
    supervisor: {local,httpd_acceptor_sup__127_0_0_1__9081default}
    started: [{pid,<0.1132.0>},
              {id,{httpd_acceptor_sup,{127,0,0,1},9081,default}},
              {mfargs,{httpd_acceptor,start_link,
                                      [httpd__127_0_0_1__9081default,ip_comm,
                                       {127,0,0,1},
                                       9081,inet,
                                       httpd_conf__127_0_0_1__9081default,
                                       15000]}},
              {restart_type,transient},
              {significant,false},
              {shutdown,brutal_kill},
              {child_type,worker}]
 (supervisor:report_progress/3:2323)
2026-09-16 17:29:29.989884+00:00 [debug] PROGRESS REPORT:
    supervisor: {local,httpd_instance_sup__127_0_0_1__9081default}
    started: [{pid,<0.1131.0>},
              {id,{httpd_acceptor_sup,{127,0,0,1},9081,default}},
              {mfargs,
                  {httpd_acceptor_sup,start_link,
                      [[{127,0,0,1},
                        9081,
                        [{bind_address,{127,0,0,1}},
                         {socket_type,ip_comm},
                         {port,9081},
                         {server_root,"run/mod_stats_prometheus/doc"},
                         {document_root,"run/mod_stats_prometheus/doc"},
                         {server_name,"Prometheus Exporter"},
                         {modules,[prometheus_httpd]}],
                        15000,undefined]]}},
              {restart_type,permanent},
              {significant,false},
              {shutdown,infinity},
              {child_type,supervisor}]
 (supervisor:report_progress/3:2323)
2026-09-16 17:29:29.989998+00:00 [debug] PROGRESS REPORT:
    supervisor: {local,httpd_sup}
    started: [{pid,<0.1127.0>},
              {id,{httpd_instance_sup,{127,0,0,1},9081,default}},
              {mfargs,
                  {httpd_instance_sup,start_link,
                      [[{bind_address,{127,0,0,1}},
                        {socket_type,ip_comm},
                        {port,9081},
                        {server_root,"run/mod_stats_prometheus/doc"},
                        {document_root,"run/mod_stats_prometheus/doc"},
                        {server_name,"Prometheus Exporter"},
                        {modules,[prometheus_httpd]}],
                       15000,[]]}},
              {restart_type,permanent},
              {significant,false},
              {shutdown,infinity},
              {child_type,supervisor}]
 (supervisor:report_progress/3:2333)
2026-09-16 17:29:29.992789+00:00 [info] Started mod_stats_prometheus (eturnal:start_modules/0:384)
2026-09-16 17:29:29.993012+00:00 [debug] Calling mod_log_stun:start/0 (eturnal_module:start/1:143)
2026-09-16 17:29:29.993154+00:00 [debug] Starting mod_log_stun (mod_log_stun:start/0:38)
2026-09-16 17:29:29.994211+00:00 [info] Started mod_log_stun (eturnal:start_modules/0:384)
2026-09-16 17:29:29.994343+00:00 [debug] Calling mod_stats_influx:start/0 (eturnal_module:start/1:143)
2026-09-16 17:29:29.994441+00:00 [debug] Starting mod_stats_influx (mod_stats_influx:start/0:37)
2026-09-16 17:29:29.994519+00:00 [debug] Dependency influx_udp was available already (eturnal_module:ensure_dep/2:284)
2026-09-16 17:29:29.994914+00:00 [info]     options: #{port => 8089,host => "localhost",pool_size => 1,
               max_overflow => 1}
    msg: Start clients pool
    host: {127,0,0,1} (influx_udp:start_pool_/2:239)
2026-09-16 17:29:29.997481+00:00 [info] Started mod_stats_influx (eturnal:start_modules/0:384)
2026-09-16 17:29:29.997605+00:00 [debug] Restarted modules (eturnal:reload/1:639)
2026-09-16 17:29:29.997702+00:00 [debug] eturnal call (reload) returned ok (eturnal_ctl:call/1:439)
2026-09-16 17:29:29.997938+00:00 [debug] Handling API call: reload() (eturnal_ctl:reload/0:179)
2026-09-16 17:29:29.999933+00:00 [debug] Calling mod_log_stun:options/0 (eturnal_module:options/1:192)
2026-09-16 17:29:30.000103+00:00 [debug] Calling mod_stats_influx:options/0 (eturnal_module:options/1:192)
2026-09-16 17:29:30.000220+00:00 [debug] Calling mod_stats_prometheus:options/0 (eturnal_module:options/1:192)
2026-09-16 17:29:30.000798+00:00 [info] Reloading configuration (eturnal:reload/1:627)
2026-09-16 17:29:30.001001+00:00 [debug] Keeping PEM file (run/cert.pem) (eturnal:check_pem_file/0:806)
2026-09-16 17:29:30.001088+00:00 [debug] TLS certificate unchanged (eturnal:reload/1:633)
2026-09-16 17:29:30.002470+00:00 [debug] Calling mod_stats_prometheus:stop/1 (eturnal_module:stop/1:163)
2026-09-16 17:29:30.002588+00:00 [debug] Stopping mod_stats_prometheus (mod_stats_prometheus:stop/0:110)
2026-09-16 17:29:30.002854+00:00 [info] Stopped mod_stats_prometheus (eturnal:stop_modules/1:397)
2026-09-16 17:29:30.003997+00:00 [debug] Calling mod_log_stun:stop/1 (eturnal_module:stop/1:163)
2026-09-16 17:29:30.004108+00:00 [debug] Stopping mod_log_stun (mod_log_stun:stop/0:49)
2026-09-16 17:29:30.004198+00:00 [info] Stopped mod_log_stun (eturnal:stop_modules/1:397)
2026-09-16 17:29:30.004916+00:00 [debug] Calling mod_stats_influx:stop/1 (eturnal_module:stop/1:163)
2026-09-16 17:29:30.005010+00:00 [debug] Stopping mod_stats_influx (mod_stats_influx:stop/0:61)
2026-09-16 17:29:30.005098+00:00 [info] Stopped mod_stats_influx (eturnal:stop_modules/1:397)
2026-09-16 17:29:30.005163+00:00 [debug] Calling mod_stats_prometheus:start/0 (eturnal_module:start/1:143)
2026-09-16 17:29:30.005230+00:00 [debug] Starting mod_stats_prometheus (mod_stats_prometheus:start/0:56)
2026-09-16 17:29:30.005347+00:00 [debug] Dependency prometheus_httpd was available already (eturnal_module:ensure_dep/2:284)
2026-09-16 17:29:30.005841+00:00 [debug] PROGRESS REPORT:
    supervisor: {local,httpd_instance_sup__127_0_0_1__9081default}
    started: [{pid,<0.1164.0>},
              {id,{httpd_connection_sup,{127,0,0,1},9081,default}},
              {mfargs,{httpd_connection_sup,start_link,[[{127,0,0,1},9081]]}},
              {restart_type,permanent},
              {significant,false},
              {shutdown,5000},
              {child_type,supervisor}]
 (supervisor:report_progress/3:2323)
2026-09-16 17:29:30.006037+00:00 [debug] PROGRESS REPORT:
    supervisor: {local,httpd_instance_sup__127_0_0_1__9081default}
    started: [{pid,<0.1165.0>},
              {id,{httpd_misc_sup,{127,0,0,1},9081,default}},
              {mfargs,{httpd_misc_sup,start_link,[{127,0,0,1},9081,default]}},
              {restart_type,permanent},
              {significant,false},
              {shutdown,infinity},
              {child_type,supervisor}]
 (supervisor:report_progress/3:2323)
2026-09-16 17:29:30.006400+00:00 [debug] PROGRESS REPORT:
    supervisor: {local,httpd_instance_sup__127_0_0_1__9081default}
    started: [{pid,<0.1166.0>},
              {id,{httpd_manager,{127,0,0,1},9081,default}},
              {mfargs,
                  {httpd_manager,start_link,
                      [undefined,
                       [{bind_address,{127,0,0,1}},
                        {socket_type,ip_comm},
                        {port,9081},
                        {server_root,"run/mod_stats_prometheus/doc"},
                        {document_root,"run/mod_stats_prometheus/doc"},
                        {server_name,"Prometheus Exporter"},
                        {modules,[prometheus_httpd]}],
                       15000]}},
              {restart_type,permanent},
              {significant,false},
              {shutdown,4000},
              {child_type,worker}]
 (supervisor:report_progress/3:2323)
2026-09-16 17:29:30.006722+00:00 [debug] PROGRESS REPORT:
    supervisor: {local,httpd_acceptor_sup__127_0_0_1__9081default}
    started: [{pid,<0.1168.0>},
              {id,{httpd_acceptor_sup,{127,0,0,1},9081,default}},
              {mfargs,{httpd_acceptor,start_link,
                                      [httpd__127_0_0_1__9081default,ip_comm,
                                       {127,0,0,1},
                                       9081,inet,
                                       httpd_conf__127_0_0_1__9081default,
                                       15000]}},
              {restart_type,transient},
              {significant,false},
              {shutdown,brutal_kill},
              {child_type,worker}]
 (supervisor:report_progress/3:2323)
2026-09-16 17:29:30.006868+00:00 [debug] PROGRESS REPORT:
    supervisor: {local,httpd_instance_sup__127_0_0_1__9081default}
    started: [{pid,<0.1167.0>},
              {id,{httpd_acceptor_sup,{127,0,0,1},9081,default}},
              {mfargs,
                  {httpd_acceptor_sup,start_link,
                      [[{127,0,0,1},
                        9081,
                        [{bind_address,{127,0,0,1}},
                         {socket_type,ip_comm},
                         {port,9081},
                         {server_root,"run/mod_stats_prometheus/doc"},
                         {document_root,"run/mod_stats_prometheus/doc"},
                         {server_name,"Prometheus Exporter"},
                         {modules,[prometheus_httpd]}],
                        15000,undefined]]}},
              {restart_type,permanent},
              {significant,false},
              {shutdown,infinity},
              {child_type,supervisor}]
 (supervisor:report_progress/3:2323)
2026-09-16 17:29:30.006980+00:00 [debug] PROGRESS REPORT:
    supervisor: {local,httpd_sup}
    started: [{pid,<0.1163.0>},
              {id,{httpd_instance_sup,{127,0,0,1},9081,default}},
              {mfargs,
                  {httpd_instance_sup,start_link,
                      [[{bind_address,{127,0,0,1}},
                        {socket_type,ip_comm},
                        {port,9081},
                        {server_root,"run/mod_stats_prometheus/doc"},
                        {document_root,"run/mod_stats_prometheus/doc"},
                        {server_name,"Prometheus Exporter"},
                        {modules,[prometheus_httpd]}],
                       15000,[]]}},
              {restart_type,permanent},
              {significant,false},
              {shutdown,infinity},
              {child_type,supervisor}]
 (supervisor:report_progress/3:2333)
2026-09-16 17:29:30.008952+00:00 [info] Started mod_stats_prometheus (eturnal:start_modules/0:384)
2026-09-16 17:29:30.009130+00:00 [debug] Calling mod_log_stun:start/0 (eturnal_module:start/1:143)
2026-09-16 17:29:30.009275+00:00 [debug] Starting mod_log_stun (mod_log_stun:start/0:38)
2026-09-16 17:29:30.010740+00:00 [info] Started mod_log_stun (eturnal:start_modules/0:384)
2026-09-16 17:29:30.010866+00:00 [debug] Calling mod_stats_influx:start/0 (eturnal_module:start/1:143)
2026-09-16 17:29:30.010959+00:00 [debug] Starting mod_stats_influx (mod_stats_influx:start/0:37)
2026-09-16 17:29:30.011038+00:00 [debug] Dependency influx_udp was available already (eturnal_module:ensure_dep/2:284)
2026-09-16 17:29:30.011606+00:00 [info]     options: #{port => 8089,host => "localhost",pool_size => 1,
               max_overflow => 1}
    msg: Start clients pool
    host: {127,0,0,1} (influx_udp:start_pool_/2:239)
2026-09-16 17:29:30.013504+00:00 [info] Started mod_stats_influx (eturnal:start_modules/0:384)
2026-09-16 17:29:30.013611+00:00 [debug] Restarted modules (eturnal:reload/1:639)
2026-09-16 17:29:30.013689+00:00 [debug] eturnal call (reload) returned ok (eturnal_ctl:call/1:439)
2026-09-16 17:29:30.040099+00:00 [info] Accepting connection: 127.0.0.1:47604 -> 127.0.0.1:34780 [TCP, session a19r87egohx0] (stun_acceptor:accept/3:158)
2026-09-16 17:29:30.062403+00:00 [info] Accepting connection: 127.0.0.1:55684 -> 127.0.0.1:53490 [TLS, session byrkd5lxzh1l] (stun_acceptor:accept/3:158)
2026-09-16 17:29:30.090928+00:00 [debug] Received:
#stun{class = request,method = 3,magic = 554869826,
      trid = 37905161755352658322560647127,raw = <<>>,unsupported = [],
      'ALTERNATE-SERVER' = undefined,'CHANNEL-NUMBER' = undefined,
      'DATA' = undefined,'DONT-FRAGMENT' = false,'ERROR-CODE' = undefined,
      'LIFETIME' = undefined,'MAPPED-ADDRESS' = undefined,
      'MESSAGE-INTEGRITY' = undefined,'NONCE' = undefined,'REALM' = undefined,
      'REQUESTED-ADDRESS-FAMILY' = undefined,
      'REQUESTED-TRANSPORT' = undefined,'SOFTWARE' = undefined,
      'UNKNOWN-ATTRIBUTES' = [],'USERNAME' = undefined,
      'XOR-MAPPED-ADDRESS' = undefined,'XOR-PEER-ADDRESS' = [],
      'XOR-RELAYED-ADDRESS' = undefined} (stun:udp_recv/5:146)
2026-09-16 17:29:30.091082+00:00 [debug] Sending:
#stun{class = error,method = 3,magic = 554869826,
      trid = 37905161755352658322560647127,raw = <<>>,unsupported = [],
      'ALTERNATE-SERVER' = undefined,'CHANNEL-NUMBER' = undefined,
      'DATA' = undefined,'DONT-FRAGMENT' = false,
      'ERROR-CODE' = {401,<<"Unauthorized">>},
      'LIFETIME' = undefined,'MAPPED-ADDRESS' = undefined,
      'MESSAGE-INTEGRITY' = undefined,'NONCE' = <<"1903024880">>,
      'REALM' = <<"eturnal.net">>,'REQUESTED-ADDRESS-FAMILY' = undefined,
      'REQUESTED-TRANSPORT' = undefined,'SOFTWARE' = <<"eturnal">>,
      'UNKNOWN-ATTRIBUTES' = [],'USERNAME' = undefined,
      'XOR-MAPPED-ADDRESS' = undefined,'XOR-PEER-ADDRESS' = [],
      'XOR-RELAYED-ADDRESS' = undefined} (stun:send/3:500)
2026-09-16 17:29:30.091379+00:00 [debug] Received:
#stun{class = request,method = 3,magic = 554869826,
      trid = 24869726871885458080449314450,
      raw = <<0,3,0,76,33,18,164,66,80,91,193,131,46,83,220,43,240,170,62,146,
              0,25,0,4,17,0,0,0,0,6,0,5,97,108,105,99,101,0,0,0,0,20,0,11,101,
              116,117,114,110,97,108,46,110,101,116,0,0,21,0,10,49,57,48,51,48,
              50,52,56,56,48,0,0>>,
      unsupported = [],'ALTERNATE-SERVER' = undefined,
      'CHANNEL-NUMBER' = undefined,'DATA' = undefined,'DONT-FRAGMENT' = false,
      'ERROR-CODE' = undefined,'LIFETIME' = undefined,
      'MAPPED-ADDRESS' = undefined,
      'MESSAGE-INTEGRITY' = <<121,225,252,101,154,114,0,183,127,65,137,178,98,
                              99,128,198,86,128,232,173>>,
      'NONCE' = <<"1903024880">>,'REALM' = <<"eturnal.net">>,
      'REQUESTED-ADDRESS-FAMILY' = undefined,'REQUESTED-TRANSPORT' = udp,
      'SOFTWARE' = undefined,'UNKNOWN-ATTRIBUTES' = [],
      'USERNAME' = <<"alice">>,'XOR-MAPPED-ADDRESS' = undefined,
      'XOR-PEER-ADDRESS' = [],'XOR-RELAYED-ADDRESS' = undefined} (stun:udp_recv/5:146)
2026-09-16 17:29:30.091513+00:00 [debug] Looking up password for: alice [UDP, session w3n92iyv8n2b, user alice, client 127.0.0.1:45685] (eturnal:get_password/2:259)
2026-09-16 17:29:30.091603+00:00 [info] Accepting long-term STUN/TURN authentication [UDP, session w3n92iyv8n2b, user alice, client 127.0.0.1:45685] (stun:process/2:289)
2026-09-16 17:29:30.094068+00:00 [debug] Running 'turn_session_start' hook [UDP, session w3n92iyv8n2b, user alice, client 127.0.0.1:45685] (turn:run_hook/3:753)
2026-09-16 17:29:30.094148+00:00 [debug] Got 'turn_session_start' event [UDP, session w3n92iyv8n2b, user alice, client 127.0.0.1:45685] (eturnal_module:handle_event/2:177)
2026-09-16 17:29:30.094189+00:00 [debug] Calling mod_stats_prometheus:handle_event/2 [UDP, session w3n92iyv8n2b, user alice, client 127.0.0.1:45685] (eturnal_module:handle_event/2:180)
2026-09-16 17:29:30.094248+00:00 [debug] Observing started TURN session w3n92iyv8n2b for Prometheus [UDP, session w3n92iyv8n2b, user alice, client 127.0.0.1:45685] (mod_stats_prometheus:on_turn_session_start/1:174)
2026-09-16 17:29:30.094449+00:00 [notice] Creating TURN allocation (lifetime: 600 seconds) [UDP, session w3n92iyv8n2b, user alice, client 127.0.0.1:45685, relay 127.0.0.1:63271] (turn:wait_for_allocate/2:226)
2026-09-16 17:29:30.094577+00:00 [debug] Sending:
#stun{class = response,method = 3,magic = 554869826,
      trid = 24869726871885458080449314450,raw = <<>>,unsupported = [],
      'ALTERNATE-SERVER' = undefined,'CHANNEL-NUMBER' = undefined,
      'DATA' = undefined,'DONT-FRAGMENT' = false,'ERROR-CODE' = undefined,
      'LIFETIME' = 600,'MAPPED-ADDRESS' = undefined,
      'MESSAGE-INTEGRITY' = undefined,'NONCE' = undefined,'REALM' = undefined,
      'REQUESTED-ADDRESS-FAMILY' = undefined,
      'REQUESTED-TRANSPORT' = undefined,'SOFTWARE' = <<"eturnal">>,
      'UNKNOWN-ATTRIBUTES' = [],'USERNAME' = undefined,
      'XOR-MAPPED-ADDRESS' = {{127,0,0,1},45685},
      'XOR-PEER-ADDRESS' = [],
      'XOR-RELAYED-ADDRESS' = {{127,0,0,1},63271}} (turn:send/2:549)
2026-09-16 17:29:30.094869+00:00 [debug] Received:
#stun{class = request,method = 4,magic = 554869826,
      trid = 10564675664132433341965711217,
      raw = <<0,4,0,76,33,18,164,66,34,34,229,23,85,54,16,8,47,136,183,113,0,6,
              0,5,97,108,105,99,101,0,0,0,0,20,0,11,101,116,117,114,110,97,108,
              46,110,101,116,0,0,21,0,10,49,57,48,51,48,50,52,56,56,48,0,0,0,
              13,0,4,0,0,0,0>>,
      unsupported = [],'ALTERNATE-SERVER' = undefined,
      'CHANNEL-NUMBER' = undefined,'DATA' = undefined,'DONT-FRAGMENT' = false,
      'ERROR-CODE' = undefined,'LIFETIME' = 0,'MAPPED-ADDRESS' = undefined,
      'MESSAGE-INTEGRITY' = <<87,70,165,77,128,55,127,71,116,153,215,32,149,57,
                              218,158,53,110,233,184>>,
      'NONCE' = <<"1903024880">>,'REALM' = <<"eturnal.net">>,
      'REQUESTED-ADDRESS-FAMILY' = undefined,
      'REQUESTED-TRANSPORT' = undefined,'SOFTWARE' = undefined,
      'UNKNOWN-ATTRIBUTES' = [],'USERNAME' = <<"alice">>,
      'XOR-MAPPED-ADDRESS' = undefined,'XOR-PEER-ADDRESS' = [],
      'XOR-RELAYED-ADDRESS' = undefined} (stun:udp_recv/5:146)
2026-09-16 17:29:30.094981+00:00 [debug] Looking up password for: alice [UDP, session 3zflp005xdj2, user alice, client 127.0.0.1:45685] (eturnal:get_password/2:259)
2026-09-16 17:29:30.095023+00:00 [info] Accepting long-term STUN/TURN authentication [UDP, session 3zflp005xdj2, user alice, client 127.0.0.1:45685] (stun:process/2:289)
2026-09-16 17:29:30.095059+00:00 [info] Client requested closing the TURN session [UDP, session w3n92iyv8n2b, user alice, client 127.0.0.1:45685, relay 127.0.0.1:63271] (turn:active/2:285)
2026-09-16 17:29:30.095155+00:00 [debug] Sending:
#stun{class = response,method = 4,magic = 554869826,
      trid = 10564675664132433341965711217,raw = <<>>,unsupported = [],
      'ALTERNATE-SERVER' = undefined,'CHANNEL-NUMBER' = undefined,
      'DATA' = undefined,'DONT-FRAGMENT' = false,'ERROR-CODE' = undefined,
      'LIFETIME' = 0,'MAPPED-ADDRESS' = undefined,
      'MESSAGE-INTEGRITY' = undefined,'NONCE' = undefined,'REALM' = undefined,
      'REQUESTED-ADDRESS-FAMILY' = undefined,
      'REQUESTED-TRANSPORT' = undefined,'SOFTWARE' = <<"eturnal">>,
      'UNKNOWN-ATTRIBUTES' = [],'USERNAME' = undefined,
      'XOR-MAPPED-ADDRESS' = undefined,'XOR-PEER-ADDRESS' = [],
      'XOR-RELAYED-ADDRESS' = undefined} (turn:send/2:549)
2026-09-16 17:29:30.095274+00:00 [info] Deleting TURN allocation [UDP, session w3n92iyv8n2b, user alice, client 127.0.0.1:45685, relay 127.0.0.1:63271] (turn:terminate/3:482)
2026-09-16 17:29:30.095339+00:00 [notice] Relayed 0 KiB (in 0 B / 0 packets, out 0 B / 0 packets), duration: 0 seconds [UDP, session w3n92iyv8n2b, user alice, client 127.0.0.1:45685, relay 127.0.0.1:63271] (turn:terminate/3:489)
2026-09-16 17:29:30.095556+00:00 [debug] Received:
#stun{class = request,method = 3,magic = 554869826,
      trid = 62161274018576748336855921766,raw = <<>>,unsupported = [],
      'ALTERNATE-SERVER' = undefined,'CHANNEL-NUMBER' = undefined,
      'DATA' = undefined,'DONT-FRAGMENT' = false,'ERROR-CODE' = undefined,
      'LIFETIME' = undefined,'MAPPED-ADDRESS' = undefined,
      'MESSAGE-INTEGRITY' = undefined,'NONCE' = undefined,'REALM' = undefined,
      'REQUESTED-ADDRESS-FAMILY' = undefined,
      'REQUESTED-TRANSPORT' = undefined,'SOFTWARE' = undefined,
      'UNKNOWN-ATTRIBUTES' = [],'USERNAME' = undefined,
      'XOR-MAPPED-ADDRESS' = undefined,'XOR-PEER-ADDRESS' = [],
      'XOR-RELAYED-ADDRESS' = undefined} (stun:udp_recv/5:146)
2026-09-16 17:29:30.095573+00:00 [debug] Running 'turn_session_stop' hook [UDP, session w3n92iyv8n2b, user alice, client 127.0.0.1:45685, relay 127.0.0.1:63271] (turn:run_hook/3:753)
2026-09-16 17:29:30.095624+00:00 [debug] Got 'turn_session_stop' event [UDP, session w3n92iyv8n2b, user alice, client 127.0.0.1:45685, relay 127.0.0.1:63271] (eturnal_module:handle_event/2:177)
2026-09-16 17:29:30.095654+00:00 [debug] Calling mod_stats_influx:handle_event/2 [UDP, session w3n92iyv8n2b, user alice, client 127.0.0.1:45685, relay 127.0.0.1:63271] (eturnal_module:handle_event/2:180)
2026-09-16 17:29:30.095672+00:00 [debug] Sending:
#stun{class = error,method = 3,magic = 554869826,
      trid = 62161274018576748336855921766,raw = <<>>,unsupported = [],
      'ALTERNATE-SERVER' = undefined,'CHANNEL-NUMBER' = undefined,
      'DATA' = undefined,'DONT-FRAGMENT' = false,
      'ERROR-CODE' = {401,<<"Unauthorized">>},
      'LIFETIME' = undefined,'MAPPED-ADDRESS' = undefined,
      'MESSAGE-INTEGRITY' = undefined,'NONCE' = <<"1131385184">>,
      'REALM' = <<"eturnal.net">>,'REQUESTED-ADDRESS-FAMILY' = undefined,
      'REQUESTED-TRANSPORT' = undefined,'SOFTWARE' = <<"eturnal">>,
      'UNKNOWN-ATTRIBUTES' = [],'USERNAME' = undefined,
      'XOR-MAPPED-ADDRESS' = undefined,'XOR-PEER-ADDRESS' = [],
      'XOR-RELAYED-ADDRESS' = undefined} (stun:send/3:500)
2026-09-16 17:29:30.095687+00:00 [debug] Writing stats of TURN session w3n92iyv8n2b to InfluxDB [UDP, session w3n92iyv8n2b, user alice, client 127.0.0.1:45685, relay 127.0.0.1:63271] (mod_stats_influx:on_turn_session_stop/1:87)
2026-09-16 17:29:30.095978+00:00 [debug] Received:
#stun{class = request,method = 3,magic = 554869826,
      trid = 26473332021258842625575860387,
      raw = <<0,3,0,80,33,18,164,66,85,138,58,28,132,217,154,150,153,225,184,
              163,0,25,0,4,17,0,0,0,0,6,0,10,50,49,52,53,57,49,51,50,48,48,0,0,
              0,20,0,11,101,116,117,114,110,97,108,46,110,101,116,0,0,21,0,10,
              49,49,51,49,51,56,53,49,56,52,0,0>>,
      unsupported = [],'ALTERNATE-SERVER' = undefined,
      'CHANNEL-NUMBER' = undefined,'DATA' = undefined,'DONT-FRAGMENT' = false,
      'ERROR-CODE' = undefined,'LIFETIME' = undefined,
      'MAPPED-ADDRESS' = undefined,
      'MESSAGE-INTEGRITY' = <<232,244,34,176,118,154,214,175,140,127,133,208,
                              106,70,157,89,164,217,175,123>>,
      'NONCE' = <<"1131385184">>,'REALM' = <<"eturnal.net">>,
      'REQUESTED-ADDRESS-FAMILY' = undefined,'REQUESTED-TRANSPORT' = udp,
      'SOFTWARE' = undefined,'UNKNOWN-ATTRIBUTES' = [],
      'USERNAME' = <<"2145913200">>,'XOR-MAPPED-ADDRESS' = undefined,
      'XOR-PEER-ADDRESS' = [],'XOR-RELAYED-ADDRESS' = undefined} (stun:udp_recv/5:146)
2026-09-16 17:29:30.096097+00:00 [debug] Deriving password for: 2145913200 [UDP, session jqwe0qsafshz, user 2145913200, client 127.0.0.1:48887] (eturnal:get_password/2:245)
2026-09-16 17:29:30.096153+00:00 [info] Accepting long-term STUN/TURN authentication [UDP, session jqwe0qsafshz, user 2145913200, client 127.0.0.1:48887] (stun:process/2:289)
2026-09-16 17:29:30.096243+00:00 [debug] Running 'turn_session_start' hook [UDP, session jqwe0qsafshz, user 2145913200, client 127.0.0.1:48887] (turn:run_hook/3:753)
2026-09-16 17:29:30.096318+00:00 [debug] Got 'turn_session_start' event [UDP, session jqwe0qsafshz, user 2145913200, client 127.0.0.1:48887] (eturnal_module:handle_event/2:177)
2026-09-16 17:29:30.096354+00:00 [debug] Calling mod_stats_prometheus:handle_event/2 [UDP, session jqwe0qsafshz, user 2145913200, client 127.0.0.1:48887] (eturnal_module:handle_event/2:180)
2026-09-16 17:29:30.096406+00:00 [debug] Observing started TURN session jqwe0qsafshz for Prometheus [UDP, session jqwe0qsafshz, user 2145913200, client 127.0.0.1:48887] (mod_stats_prometheus:on_turn_session_start/1:174)
2026-09-16 17:29:30.096577+00:00 [notice] Creating TURN allocation (lifetime: 600 seconds) [UDP, session jqwe0qsafshz, user 2145913200, client 127.0.0.1:48887, relay 127.0.0.1:52542] (turn:wait_for_allocate/2:226)
2026-09-16 17:29:30.096668+00:00 [debug] Sending:
#stun{class = response,method = 3,magic = 554869826,
      trid = 26473332021258842625575860387,raw = <<>>,unsupported = [],
      'ALTERNATE-SERVER' = undefined,'CHANNEL-NUMBER' = undefined,
      'DATA' = undefined,'DONT-FRAGMENT' = false,'ERROR-CODE' = undefined,
      'LIFETIME' = 600,'MAPPED-ADDRESS' = undefined,
      'MESSAGE-INTEGRITY' = undefined,'NONCE' = undefined,'REALM' = undefined,
      'REQUESTED-ADDRESS-FAMILY' = undefined,
      'REQUESTED-TRANSPORT' = undefined,'SOFTWARE' = <<"eturnal">>,
      'UNKNOWN-ATTRIBUTES' = [],'USERNAME' = undefined,
      'XOR-MAPPED-ADDRESS' = {{127,0,0,1},48887},
      'XOR-PEER-ADDRESS' = [],
      'XOR-RELAYED-ADDRESS' = {{127,0,0,1},52542}} (turn:send/2:549)
2026-09-16 17:29:30.097019+00:00 [debug] Received:
#stun{class = request,method = 4,magic = 554869826,
      trid = 4364498311241317363241475290,
      raw = <<0,4,0,80,33,18,164,66,14,26,58,119,138,248,182,220,251,224,92,
              218,0,6,0,10,50,49,52,53,57,49,51,50,48,48,0,0,0,20,0,11,101,116,
              117,114,110,97,108,46,110,101,116,0,0,21,0,10,49,49,51,49,51,56,
              53,49,56,52,0,0,0,13,0,4,0,0,0,0>>,
      unsupported = [],'ALTERNATE-SERVER' = undefined,
      'CHANNEL-NUMBER' = undefined,'DATA' = undefined,'DONT-FRAGMENT' = false,
      'ERROR-CODE' = undefined,'LIFETIME' = 0,'MAPPED-ADDRESS' = undefined,
      'MESSAGE-INTEGRITY' = <<34,179,253,15,94,192,134,146,36,15,17,226,26,19,
                              233,111,192,153,245,73>>,
      'NONCE' = <<"1131385184">>,'REALM' = <<"eturnal.net">>,
      'REQUESTED-ADDRESS-FAMILY' = undefined,
      'REQUESTED-TRANSPORT' = undefined,'SOFTWARE' = undefined,
      'UNKNOWN-ATTRIBUTES' = [],'USERNAME' = <<"2145913200">>,
      'XOR-MAPPED-ADDRESS' = undefined,'XOR-PEER-ADDRESS' = [],
      'XOR-RELAYED-ADDRESS' = undefined} (stun:udp_recv/5:146)
2026-09-16 17:29:30.097139+00:00 [debug] Deriving password for: 2145913200 [UDP, session ek8jiihg14t4, user 2145913200, client 127.0.0.1:48887] (eturnal:get_password/2:245)
2026-09-16 17:29:30.097199+00:00 [info] Accepting long-term STUN/TURN authentication [UDP, session ek8jiihg14t4, user 2145913200, client 127.0.0.1:48887] (stun:process/2:289)
2026-09-16 17:29:30.097271+00:00 [info] Client requested closing the TURN session [UDP, session jqwe0qsafshz, user 2145913200, client 127.0.0.1:48887, relay 127.0.0.1:52542] (turn:active/2:285)
2026-09-16 17:29:30.097418+00:00 [debug] Sending:
#stun{class = response,method = 4,magic = 554869826,
      trid = 4364498311241317363241475290,raw = <<>>,unsupported = [],
      'ALTERNATE-SERVER' = undefined,'CHANNEL-NUMBER' = undefined,
      'DATA' = undefined,'DONT-FRAGMENT' = false,'ERROR-CODE' = undefined,
      'LIFETIME' = 0,'MAPPED-ADDRESS' = undefined,
      'MESSAGE-INTEGRITY' = undefined,'NONCE' = undefined,'REALM' = undefined,
      'REQUESTED-ADDRESS-FAMILY' = undefined,
      'REQUESTED-TRANSPORT' = undefined,'SOFTWARE' = <<"eturnal">>,
      'UNKNOWN-ATTRIBUTES' = [],'USERNAME' = undefined,
      'XOR-MAPPED-ADDRESS' = undefined,'XOR-PEER-ADDRESS' = [],
      'XOR-RELAYED-ADDRESS' = undefined} (turn:send/2:549)
2026-09-16 17:29:30.097554+00:00 [info] Deleting TURN allocation [UDP, session jqwe0qsafshz, user 2145913200, client 127.0.0.1:48887, relay 127.0.0.1:52542] (turn:terminate/3:482)
2026-09-16 17:29:30.097607+00:00 [notice] Relayed 0 KiB (in 0 B / 0 packets, out 0 B / 0 packets), duration: 0 seconds [UDP, session jqwe0qsafshz, user 2145913200, client 127.0.0.1:48887, relay 127.0.0.1:52542] (turn:terminate/3:489)
2026-09-16 17:29:30.097655+00:00 [debug] Running 'turn_session_stop' hook [UDP, session jqwe0qsafshz, user 2145913200, client 127.0.0.1:48887, relay 127.0.0.1:52542] (turn:run_hook/3:753)
2026-09-16 17:29:30.097649+00:00 [debug] Calling mod_stats_prometheus:handle_event/2 [UDP, session w3n92iyv8n2b, user alice, client 127.0.0.1:45685, relay 127.0.0.1:63271] (eturnal_module:handle_event/2:180)
2026-09-16 17:29:30.097694+00:00 [debug] Got 'turn_session_stop' event [UDP, session jqwe0qsafshz, user 2145913200, client 127.0.0.1:48887, relay 127.0.0.1:52542] (eturnal_module:handle_event/2:177)
2026-09-16 17:29:30.097728+00:00 [debug] Calling mod_stats_influx:handle_event/2 [UDP, session jqwe0qsafshz, user 2145913200, client 127.0.0.1:48887, relay 127.0.0.1:52542] (eturnal_module:handle_event/2:180)
2026-09-16 17:29:30.097714+00:00 [debug] Observing stopped TURN session w3n92iyv8n2b for Prometheus [UDP, session w3n92iyv8n2b, user alice, client 127.0.0.1:45685, relay 127.0.0.1:63271] (mod_stats_prometheus:on_turn_session_stop/1:187)
2026-09-16 17:29:30.097776+00:00 [debug] Writing stats of TURN session jqwe0qsafshz to InfluxDB [UDP, session jqwe0qsafshz, user 2145913200, client 127.0.0.1:48887, relay 127.0.0.1:52542] (mod_stats_influx:on_turn_session_stop/1:87)
2026-09-16 17:29:30.097925+00:00 [debug] Calling mod_stats_prometheus:handle_event/2 [UDP, session jqwe0qsafshz, user 2145913200, client 127.0.0.1:48887, relay 127.0.0.1:52542] (eturnal_module:handle_event/2:180)
2026-09-16 17:29:30.097977+00:00 [debug] Observing stopped TURN session jqwe0qsafshz for Prometheus [UDP, session jqwe0qsafshz, user 2145913200, client 127.0.0.1:48887, relay 127.0.0.1:52542] (mod_stats_prometheus:on_turn_session_stop/1:187)
2026-09-16 17:29:30.120280+00:00 [debug] Received:
#stun{class = request,method = 1,magic = 554869826,
      trid = 1515524707872477197668470980,raw = <<>>,unsupported = [],
      'ALTERNATE-SERVER' = undefined,'CHANNEL-NUMBER' = undefined,
      'DATA' = undefined,'DONT-FRAGMENT' = false,'ERROR-CODE' = undefined,
      'LIFETIME' = undefined,'MAPPED-ADDRESS' = undefined,
      'MESSAGE-INTEGRITY' = undefined,'NONCE' = undefined,'REALM' = undefined,
      'REQUESTED-ADDRESS-FAMILY' = undefined,
      'REQUESTED-TRANSPORT' = undefined,'SOFTWARE' = undefined,
      'UNKNOWN-ATTRIBUTES' = [],'USERNAME' = undefined,
      'XOR-MAPPED-ADDRESS' = undefined,'XOR-PEER-ADDRESS' = [],
      'XOR-RELAYED-ADDRESS' = undefined} (stun:udp_recv/5:146)
2026-09-16 17:29:30.120366+00:00 [debug] Responding to STUN request [UDP, session hs0q6mcga4pf, anonymous, client 127.0.0.1:49816] (stun:process/4:357)
2026-09-16 17:29:30.120400+00:00 [debug] Running 'stun_query' hook [UDP, session hs0q6mcga4pf, anonymous, client 127.0.0.1:49816] (stun:run_hook/3:744)
2026-09-16 17:29:30.120434+00:00 [debug] Got 'stun_query' event [UDP, session hs0q6mcga4pf, anonymous, client 127.0.0.1:49816] (eturnal_module:handle_event/2:177)
2026-09-16 17:29:30.120469+00:00 [debug] Calling mod_log_stun:handle_event/2 [UDP, session hs0q6mcga4pf, anonymous, client 127.0.0.1:49816] (eturnal_module:handle_event/2:180)
2026-09-16 17:29:30.120498+00:00 [info] Responding to STUN request [UDP, session hs0q6mcga4pf, anonymous, client 127.0.0.1:49816] (mod_log_stun:handle_event/2:44)
2026-09-16 17:29:30.120537+00:00 [debug] Calling mod_stats_influx:handle_event/2 [UDP, session hs0q6mcga4pf, anonymous, client 127.0.0.1:49816] (eturnal_module:handle_event/2:180)
2026-09-16 17:29:30.120572+00:00 [debug] Writing STUN query event to InfluxDB [UDP, session hs0q6mcga4pf, anonymous, client 127.0.0.1:49816] (mod_stats_influx:on_stun_query/1:76)
2026-09-16 17:29:30.120694+00:00 [debug] Calling mod_stats_prometheus:handle_event/2 [UDP, session hs0q6mcga4pf, anonymous, client 127.0.0.1:49816] (eturnal_module:handle_event/2:180)
2026-09-16 17:29:30.120737+00:00 [debug] Observing STUN query for Prometheus [UDP, session hs0q6mcga4pf, anonymous, client 127.0.0.1:49816] (mod_stats_prometheus:on_stun_query/1:166)
2026-09-16 17:29:30.120808+00:00 [debug] Sending:
#stun{class = response,method = 1,magic = 554869826,
      trid = 1515524707872477197668470980,raw = <<>>,unsupported = [],
      'ALTERNATE-SERVER' = undefined,'CHANNEL-NUMBER' = undefined,
      'DATA' = undefined,'DONT-FRAGMENT' = false,'ERROR-CODE' = undefined,
      'LIFETIME' = undefined,'MAPPED-ADDRESS' = undefined,
      'MESSAGE-INTEGRITY' = undefined,'NONCE' = undefined,'REALM' = undefined,
      'REQUESTED-ADDRESS-FAMILY' = undefined,
      'REQUESTED-TRANSPORT' = undefined,'SOFTWARE' = <<"eturnal">>,
      'UNKNOWN-ATTRIBUTES' = [],'USERNAME' = undefined,
      'XOR-MAPPED-ADDRESS' = {{127,0,0,1},49816},
      'XOR-PEER-ADDRESS' = [],'XOR-RELAYED-ADDRESS' = undefined} (stun:send/3:500)
2026-09-16 17:29:30.144256+00:00 [info] Accepting connection: 127.0.0.1:47614 -> 127.0.0.1:34780 [TCP, session g4ovksi5bkg8] (stun_acceptor:accept/3:158)
2026-09-16 17:29:30.144472+00:00 [debug] Received:
#stun{class = request,method = 1,magic = 554869826,
      trid = 43223450201115233232118016199,raw = <<>>,unsupported = [],
      'ALTERNATE-SERVER' = undefined,'CHANNEL-NUMBER' = undefined,
      'DATA' = undefined,'DONT-FRAGMENT' = false,'ERROR-CODE' = undefined,
      'LIFETIME' = undefined,'MAPPED-ADDRESS' = undefined,
      'MESSAGE-INTEGRITY' = undefined,'NONCE' = undefined,'REALM' = undefined,
      'REQUESTED-ADDRESS-FAMILY' = undefined,
      'REQUESTED-TRANSPORT' = undefined,'SOFTWARE' = undefined,
      'UNKNOWN-ATTRIBUTES' = [],'USERNAME' = undefined,
      'XOR-MAPPED-ADDRESS' = undefined,'XOR-PEER-ADDRESS' = [],
      'XOR-RELAYED-ADDRESS' = undefined} (stun:process_data/3:457)
2026-09-16 17:29:30.144541+00:00 [debug] Responding to STUN request [TCP, session g4ovksi5bkg8, anonymous, client 127.0.0.1:47614] (stun:process/4:357)
2026-09-16 17:29:30.144599+00:00 [debug] Running 'stun_query' hook [TCP, session g4ovksi5bkg8, anonymous, client 127.0.0.1:47614] (stun:run_hook/3:744)
2026-09-16 17:29:30.144638+00:00 [debug] Got 'stun_query' event [TCP, session g4ovksi5bkg8, anonymous, client 127.0.0.1:47614] (eturnal_module:handle_event/2:177)
2026-09-16 17:29:30.144669+00:00 [debug] Calling mod_log_stun:handle_event/2 [TCP, session g4ovksi5bkg8, anonymous, client 127.0.0.1:47614] (eturnal_module:handle_event/2:180)
2026-09-16 17:29:30.144703+00:00 [info] Responding to STUN request [TCP, session g4ovksi5bkg8, anonymous, client 127.0.0.1:47614] (mod_log_stun:handle_event/2:44)
2026-09-16 17:29:30.144737+00:00 [debug] Calling mod_stats_influx:handle_event/2 [TCP, session g4ovksi5bkg8, anonymous, client 127.0.0.1:47614] (eturnal_module:handle_event/2:180)
2026-09-16 17:29:30.144769+00:00 [debug] Writing STUN query event to InfluxDB [TCP, session g4ovksi5bkg8, anonymous, client 127.0.0.1:47614] (mod_stats_influx:on_stun_query/1:76)
2026-09-16 17:29:30.144918+00:00 [debug] Calling mod_stats_prometheus:handle_event/2 [TCP, session g4ovksi5bkg8, anonymous, client 127.0.0.1:47614] (eturnal_module:handle_event/2:180)
2026-09-16 17:29:30.144973+00:00 [debug] Observing STUN query for Prometheus [TCP, session g4ovksi5bkg8, anonymous, client 127.0.0.1:47614] (mod_stats_prometheus:on_stun_query/1:166)
2026-09-16 17:29:30.145064+00:00 [debug] Sending:
#stun{class = response,method = 1,magic = 554869826,
      trid = 43223450201115233232118016199,raw = <<>>,unsupported = [],
      'ALTERNATE-SERVER' = undefined,'CHANNEL-NUMBER' = undefined,
      'DATA' = undefined,'DONT-FRAGMENT' = false,'ERROR-CODE' = undefined,
      'LIFETIME' = undefined,'MAPPED-ADDRESS' = undefined,
      'MESSAGE-INTEGRITY' = undefined,'NONCE' = undefined,'REALM' = undefined,
      'REQUESTED-ADDRESS-FAMILY' = undefined,
      'REQUESTED-TRANSPORT' = undefined,'SOFTWARE' = <<"eturnal">>,
      'UNKNOWN-ATTRIBUTES' = [],'USERNAME' = undefined,
      'XOR-MAPPED-ADDRESS' = {{127,0,0,1},47614},
      'XOR-PEER-ADDRESS' = [],'XOR-RELAYED-ADDRESS' = undefined} (stun:send/3:500)
2026-09-16 17:29:30.146198+00:00 [info] Connection reset by peer [TCP, session g4ovksi5bkg8, anonymous, client 127.0.0.1:47614] (stun:handle_info/3:206)
2026-09-16 17:29:30.168368+00:00 [info] Accepting connection: 127.0.0.1:55694 -> 127.0.0.1:53490 [TLS, session rubmra0m640e] (stun_acceptor:accept/3:158)
2026-09-16 17:29:31.177356+00:00 [debug] Received:
#stun{class = request,method = 1,magic = 554869826,
      trid = 62765598918917352447480306577,raw = <<>>,unsupported = [],
      'ALTERNATE-SERVER' = undefined,'CHANNEL-NUMBER' = undefined,
      'DATA' = undefined,'DONT-FRAGMENT' = false,'ERROR-CODE' = undefined,
      'LIFETIME' = undefined,'MAPPED-ADDRESS' = undefined,
      'MESSAGE-INTEGRITY' = undefined,'NONCE' = undefined,'REALM' = undefined,
      'REQUESTED-ADDRESS-FAMILY' = undefined,
      'REQUESTED-TRANSPORT' = undefined,'SOFTWARE' = undefined,
      'UNKNOWN-ATTRIBUTES' = [],'USERNAME' = undefined,
      'XOR-MAPPED-ADDRESS' = undefined,'XOR-PEER-ADDRESS' = [],
      'XOR-RELAYED-ADDRESS' = undefined} (stun:process_data/3:457)
2026-09-16 17:29:31.177518+00:00 [debug] Responding to STUN request [TLS, session rubmra0m640e, anonymous, client 127.0.0.1:55694] (stun:process/4:357)
2026-09-16 17:29:31.177553+00:00 [debug] Running 'stun_query' hook [TLS, session rubmra0m640e, anonymous, client 127.0.0.1:55694] (stun:run_hook/3:744)
2026-09-16 17:29:31.177642+00:00 [debug] Got 'stun_query' event [TLS, session rubmra0m640e, anonymous, client 127.0.0.1:55694] (eturnal_module:handle_event/2:177)
2026-09-16 17:29:31.177683+00:00 [debug] Calling mod_log_stun:handle_event/2 [TLS, session rubmra0m640e, anonymous, client 127.0.0.1:55694] (eturnal_module:handle_event/2:180)
2026-09-16 17:29:31.177722+00:00 [info] Responding to STUN request [TLS, session rubmra0m640e, anonymous, client 127.0.0.1:55694] (mod_log_stun:handle_event/2:44)
2026-09-16 17:29:31.177772+00:00 [debug] Calling mod_stats_influx:handle_event/2 [TLS, session rubmra0m640e, anonymous, client 127.0.0.1:55694] (eturnal_module:handle_event/2:180)
2026-09-16 17:29:31.177822+00:00 [debug] Writing STUN query event to InfluxDB [TLS, session rubmra0m640e, anonymous, client 127.0.0.1:55694] (mod_stats_influx:on_stun_query/1:76)
2026-09-16 17:29:31.178031+00:00 [debug] Calling mod_stats_prometheus:handle_event/2 [TLS, session rubmra0m640e, anonymous, client 127.0.0.1:55694] (eturnal_module:handle_event/2:180)
2026-09-16 17:29:31.178088+00:00 [debug] Observing STUN query for Prometheus [TLS, session rubmra0m640e, anonymous, client 127.0.0.1:55694] (mod_stats_prometheus:on_stun_query/1:166)
2026-09-16 17:29:31.178208+00:00 [debug] Sending:
#stun{class = response,method = 1,magic = 554869826,
      trid = 62765598918917352447480306577,raw = <<>>,unsupported = [],
      'ALTERNATE-SERVER' = undefined,'CHANNEL-NUMBER' = undefined,
      'DATA' = undefined,'DONT-FRAGMENT' = false,'ERROR-CODE' = undefined,
      'LIFETIME' = undefined,'MAPPED-ADDRESS' = undefined,
      'MESSAGE-INTEGRITY' = undefined,'NONCE' = undefined,'REALM' = undefined,
      'REQUESTED-ADDRESS-FAMILY' = undefined,
      'REQUESTED-TRANSPORT' = undefined,'SOFTWARE' = <<"eturnal">>,
      'UNKNOWN-ATTRIBUTES' = [],'USERNAME' = undefined,
      'XOR-MAPPED-ADDRESS' = {{127,0,0,1},55694},
      'XOR-PEER-ADDRESS' = [],'XOR-RELAYED-ADDRESS' = undefined} (stun:send/3:500)
2026-09-16 17:29:31.178637+00:00 [info] Connection reset by peer [TLS, session rubmra0m640e, anonymous, client 127.0.0.1:55694] (stun:handle_info/3:206)
2026-09-16 17:29:31.203014+00:00 [info] Accepting connection: 127.0.0.1:43952 -> 127.0.0.1:34781 [TCP|TLS, session cxn31uroi1l4] (stun_acceptor:accept/3:158)
2026-09-16 17:29:31.203125+00:00 [debug] Determined transport protocol: TCP (stun:is_tls_handshake/1:690)
2026-09-16 17:29:31.203412+00:00 [debug] Received:
#stun{class = request,method = 1,magic = 554869826,
      trid = 55698577523810342398541262782,raw = <<>>,unsupported = [],
      'ALTERNATE-SERVER' = undefined,'CHANNEL-NUMBER' = undefined,
      'DATA' = undefined,'DONT-FRAGMENT' = false,'ERROR-CODE' = undefined,
      'LIFETIME' = undefined,'MAPPED-ADDRESS' = undefined,
      'MESSAGE-INTEGRITY' = undefined,'NONCE' = undefined,'REALM' = undefined,
      'REQUESTED-ADDRESS-FAMILY' = undefined,
      'REQUESTED-TRANSPORT' = undefined,'SOFTWARE' = undefined,
      'UNKNOWN-ATTRIBUTES' = [],'USERNAME' = undefined,
      'XOR-MAPPED-ADDRESS' = undefined,'XOR-PEER-ADDRESS' = [],
      'XOR-RELAYED-ADDRESS' = undefined} (stun:process_data/3:457)
2026-09-16 17:29:31.203518+00:00 [debug] Responding to STUN request [TCP, session cxn31uroi1l4, anonymous, client 127.0.0.1:43952] (stun:process/4:357)
2026-09-16 17:29:31.203561+00:00 [debug] Running 'stun_query' hook [TCP, session cxn31uroi1l4, anonymous, client 127.0.0.1:43952] (stun:run_hook/3:744)
2026-09-16 17:29:31.203602+00:00 [debug] Got 'stun_query' event [TCP, session cxn31uroi1l4, anonymous, client 127.0.0.1:43952] (eturnal_module:handle_event/2:177)
2026-09-16 17:29:31.203646+00:00 [debug] Calling mod_log_stun:handle_event/2 [TCP, session cxn31uroi1l4, anonymous, client 127.0.0.1:43952] (eturnal_module:handle_event/2:180)
2026-09-16 17:29:31.203690+00:00 [info] Responding to STUN request [TCP, session cxn31uroi1l4, anonymous, client 127.0.0.1:43952] (mod_log_stun:handle_event/2:44)
2026-09-16 17:29:31.203728+00:00 [debug] Calling mod_stats_influx:handle_event/2 [TCP, session cxn31uroi1l4, anonymous, client 127.0.0.1:43952] (eturnal_module:handle_event/2:180)
2026-09-16 17:29:31.203756+00:00 [debug] Writing STUN query event to InfluxDB [TCP, session cxn31uroi1l4, anonymous, client 127.0.0.1:43952] (mod_stats_influx:on_stun_query/1:76)
2026-09-16 17:29:31.203902+00:00 [debug] Calling mod_stats_prometheus:handle_event/2 [TCP, session cxn31uroi1l4, anonymous, client 127.0.0.1:43952] (eturnal_module:handle_event/2:180)
2026-09-16 17:29:31.203955+00:00 [debug] Observing STUN query for Prometheus [TCP, session cxn31uroi1l4, anonymous, client 127.0.0.1:43952] (mod_stats_prometheus:on_stun_query/1:166)
2026-09-16 17:29:31.204026+00:00 [debug] Sending:
#stun{class = response,method = 1,magic = 554869826,
      trid = 55698577523810342398541262782,raw = <<>>,unsupported = [],
      'ALTERNATE-SERVER' = undefined,'CHANNEL-NUMBER' = undefined,
      'DATA' = undefined,'DONT-FRAGMENT' = false,'ERROR-CODE' = undefined,
      'LIFETIME' = undefined,'MAPPED-ADDRESS' = undefined,
      'MESSAGE-INTEGRITY' = undefined,'NONCE' = undefined,'REALM' = undefined,
      'REQUESTED-ADDRESS-FAMILY' = undefined,
      'REQUESTED-TRANSPORT' = undefined,'SOFTWARE' = <<"eturnal">>,
      'UNKNOWN-ATTRIBUTES' = [],'USERNAME' = undefined,
      'XOR-MAPPED-ADDRESS' = {{127,0,0,1},43952},
      'XOR-PEER-ADDRESS' = [],'XOR-RELAYED-ADDRESS' = undefined} (stun:send/3:500)
2026-09-16 17:29:31.205633+00:00 [info] Connection reset by peer [TCP, session cxn31uroi1l4, anonymous, client 127.0.0.1:43952] (stun:handle_info/3:206)
2026-09-16 17:29:31.227673+00:00 [info] Accepting connection: 127.0.0.1:43966 -> 127.0.0.1:34781 [TCP|TLS, session ckb845p8wb0x] (stun_acceptor:accept/3:158)
2026-09-16 17:29:31.227803+00:00 [debug] Determined transport protocol: TLS (stun:is_tls_handshake/1:687)
2026-09-16 17:29:32.237453+00:00 [debug] Received:
#stun{class = request,method = 1,magic = 554869826,
      trid = 74671734711882131989099579048,raw = <<>>,unsupported = [],
      'ALTERNATE-SERVER' = undefined,'CHANNEL-NUMBER' = undefined,
      'DATA' = undefined,'DONT-FRAGMENT' = false,'ERROR-CODE' = undefined,
      'LIFETIME' = undefined,'MAPPED-ADDRESS' = undefined,
      'MESSAGE-INTEGRITY' = undefined,'NONCE' = undefined,'REALM' = undefined,
      'REQUESTED-ADDRESS-FAMILY' = undefined,
      'REQUESTED-TRANSPORT' = undefined,'SOFTWARE' = undefined,
      'UNKNOWN-ATTRIBUTES' = [],'USERNAME' = undefined,
      'XOR-MAPPED-ADDRESS' = undefined,'XOR-PEER-ADDRESS' = [],
      'XOR-RELAYED-ADDRESS' = undefined} (stun:process_data/3:457)
2026-09-16 17:29:32.237584+00:00 [debug] Responding to STUN request [TLS, session ckb845p8wb0x, anonymous, client 127.0.0.1:43966] (stun:process/4:357)
2026-09-16 17:29:32.237636+00:00 [debug] Running 'stun_query' hook [TLS, session ckb845p8wb0x, anonymous, client 127.0.0.1:43966] (stun:run_hook/3:744)
2026-09-16 17:29:32.237677+00:00 [debug] Got 'stun_query' event [TLS, session ckb845p8wb0x, anonymous, client 127.0.0.1:43966] (eturnal_module:handle_event/2:177)
2026-09-16 17:29:32.237739+00:00 [debug] Calling mod_log_stun:handle_event/2 [TLS, session ckb845p8wb0x, anonymous, client 127.0.0.1:43966] (eturnal_module:handle_event/2:180)
2026-09-16 17:29:32.237767+00:00 [info] Responding to STUN request [TLS, session ckb845p8wb0x, anonymous, client 127.0.0.1:43966] (mod_log_stun:handle_event/2:44)
2026-09-16 17:29:32.237798+00:00 [debug] Calling mod_stats_influx:handle_event/2 [TLS, session ckb845p8wb0x, anonymous, client 127.0.0.1:43966] (eturnal_module:handle_event/2:180)
2026-09-16 17:29:32.237823+00:00 [debug] Writing STUN query event to InfluxDB [TLS, session ckb845p8wb0x, anonymous, client 127.0.0.1:43966] (mod_stats_influx:on_stun_query/1:76)
2026-09-16 17:29:32.237999+00:00 [debug] Calling mod_stats_prometheus:handle_event/2 [TLS, session ckb845p8wb0x, anonymous, client 127.0.0.1:43966] (eturnal_module:handle_event/2:180)
2026-09-16 17:29:32.238057+00:00 [debug] Observing STUN query for Prometheus [TLS, session ckb845p8wb0x, anonymous, client 127.0.0.1:43966] (mod_stats_prometheus:on_stun_query/1:166)
2026-09-16 17:29:32.238145+00:00 [debug] Sending:
#stun{class = response,method = 1,magic = 554869826,
      trid = 74671734711882131989099579048,raw = <<>>,unsupported = [],
      'ALTERNATE-SERVER' = undefined,'CHANNEL-NUMBER' = undefined,
      'DATA' = undefined,'DONT-FRAGMENT' = false,'ERROR-CODE' = undefined,
      'LIFETIME' = undefined,'MAPPED-ADDRESS' = undefined,
      'MESSAGE-INTEGRITY' = undefined,'NONCE' = undefined,'REALM' = undefined,
      'REQUESTED-ADDRESS-FAMILY' = undefined,
      'REQUESTED-TRANSPORT' = undefined,'SOFTWARE' = <<"eturnal">>,
      'UNKNOWN-ATTRIBUTES' = [],'USERNAME' = undefined,
      'XOR-MAPPED-ADDRESS' = {{127,0,0,1},43966},
      'XOR-PEER-ADDRESS' = [],'XOR-RELAYED-ADDRESS' = undefined} (stun:send/3:500)
2026-09-16 17:29:32.238429+00:00 [info] Connection reset by peer [TLS, session ckb845p8wb0x, anonymous, client 127.0.0.1:43966] (stun:handle_info/3:206)
2026-09-16 17:29:32.262793+00:00 [debug] No NOTIFY_SOCKET, dropping STOPPING=1 notification (eturnal_systemd:handle_cast/2:99)
2026-09-16 17:29:32.262823+00:00 [debug] Terminating eturnal (shutdown) (eturnal:terminate/2:186)
2026-09-16 17:29:32.263051+00:00 [info] Stopped listening on 127.0.0.1:34780 (udp) (eturnal:stop_listeners/1:442)
2026-09-16 17:29:32.263206+00:00 [info] Stopped listening on 127.0.0.1:34780 (tcp) (eturnal:stop_listeners/1:442)
2026-09-16 17:29:32.263367+00:00 [info] Stopped listening on 127.0.0.1:53490 (tls) (eturnal:stop_listeners/1:442)
2026-09-16 17:29:32.263526+00:00 [info] Stopped listening on 127.0.0.1:34781 (auto) (eturnal:stop_listeners/1:442)
2026-09-16 17:29:32.265294+00:00 [debug] Calling mod_stats_prometheus:stop/1 (eturnal_module:stop/1:163)
2026-09-16 17:29:32.265474+00:00 [debug] Stopping mod_stats_prometheus (mod_stats_prometheus:stop/0:110)
2026-09-16 17:29:32.265733+00:00 [info] Stopped mod_stats_prometheus (eturnal:stop_modules/1:397)
2026-09-16 17:29:32.266609+00:00 [debug] Calling mod_log_stun:stop/1 (eturnal_module:stop/1:163)
2026-09-16 17:29:32.266705+00:00 [debug] Stopping mod_log_stun (mod_log_stun:stop/0:49)
2026-09-16 17:29:32.266769+00:00 [info] Stopped mod_log_stun (eturnal:stop_modules/1:397)
2026-09-16 17:29:32.267218+00:00 [debug] Calling mod_stats_influx:stop/1 (eturnal_module:stop/1:163)
2026-09-16 17:29:32.267356+00:00 [debug] Stopping mod_stats_influx (mod_stats_influx:stop/0:61)
2026-09-16 17:29:32.267465+00:00 [info] Stopped mod_stats_influx (eturnal:stop_modules/1:397)
2026-09-16 17:29:32.267698+00:00 [debug] Removed run/cert.pem (eturnal:clean_run_dir/0:875)
2026-09-16 17:29:32.267819+00:00 [debug] Terminating eturnal_systemd (shutdown) (eturnal_systemd:terminate/2:125)
2026-09-16 17:29:32.267962+00:00 [notice] Stopping eturnal 1.12.2 on Erlang/OTP 29 (ERTS 17.1) (eturnal_app:stop/1:53)
