2026-09-17 20:58:28.795601+00:00 [notice] Starting eturnal 1.12.3 on Erlang/OTP 29 (ERTS 17.1) (eturnal_app:start/2:34)
2026-09-17 20:58:28.795760+00:00 [debug] Starting supervisor: eturnal_sup (eturnal_sup:start_link/0:31)
2026-09-17 20:58:28.795871+00:00 [debug] Configuring eturnal_sup supervisor: [#{id => systemd,
                                       start =>
                                           {eturnal_systemd,start_link,[]}},
                                     #{id => eturnal,
                                       start => {eturnal,start_link,[]}}] (eturnal_sup:init/1:39)
2026-09-17 20:58:28.797335+00:00 [info] Got no NOTIFY_SOCKET, notifications disabled (eturnal_systemd:init/1:86)
2026-09-17 20:58:28.797462+00:00 [debug] PROGRESS REPORT:
    supervisor: {local,eturnal_sup}
    started: [{pid,<0.960.0>},
              {id,systemd},
              {mfargs,{eturnal_systemd,start_link,[]}},
              {restart_type,permanent},
              {significant,false},
              {shutdown,5000},
              {child_type,worker}]
 (supervisor:report_progress/3:2323)
2026-09-17 20:58:28.797575+00:00 [info] Relay IPv4 address: 127.0.0.1 (port range: 49152-65535) (eturnal:log_relay_addresses/0:349)
2026-09-17 20:58:28.797693+00:00 [info] Relay IPv6 address not configured (eturnal:log_relay_addresses/0:359)
2026-09-17 20:58:28.810460+00:00 [info] Cannot determine control query port: noport (eturnal:log_control_listener/0:373)
2026-09-17 20:58:28.810751+00:00 [debug] Using run directory run (eturnal:ensure_run_dir/0:863)
2026-09-17 20:58:28.810878+00:00 [debug] TURN configuration seems fine (eturnal:check_turn_config/0:603)
2026-09-17 20:58:28.811078+00:00 [warning] TLS enabled without 'tls_crt_file', creating self-signed certificate (eturnal:check_pem_file/0:809)
2026-09-17 20:58:30.087980+00:00 [debug] Calling mod_stats_prometheus:start/0 (eturnal_module:start/1:143)
2026-09-17 20:58:30.088290+00:00 [debug] Starting mod_stats_prometheus (mod_stats_prometheus:start/0:56)
2026-09-17 20:58:30.102689+00:00 [debug] PROGRESS REPORT:
    application: prometheus
    started_at: nonode@nohost
 (application_controller:info_started/2:2154)
2026-09-17 20:58:30.103862+00:00 [debug] PROGRESS REPORT:
    application: accept
    started_at: nonode@nohost
 (application_controller:info_started/2:2154)
2026-09-17 20:58:30.113810+00:00 [debug] PROGRESS REPORT:
    application: prometheus_httpd
    started_at: nonode@nohost
 (application_controller:info_started/2:2154)
2026-09-17 20:58:30.113865+00:00 [debug] Dependency prometheus_httpd was available already (eturnal_module:ensure_dep/2:284)
2026-09-17 20:58:30.142770+00:00 [debug] PROGRESS REPORT:
    supervisor: {local,httpd_instance_sup__127_0_0_1__9081default}
    started: [{pid,<0.980.0>},
              {id,{httpd_connection_sup,{127,0,0,1},9081,default}},
              {mfargs,{httpd_connection_sup,start_link,[[{127,0,0,1},9081]]}},
              {restart_type,permanent},
              {significant,false},
              {shutdown,5000},
              {child_type,supervisor}]
 (supervisor:report_progress/3:2323)
2026-09-17 20:58:30.145346+00:00 [debug] PROGRESS REPORT:
    supervisor: {local,httpd_instance_sup__127_0_0_1__9081default}
    started: [{pid,<0.981.0>},
              {id,{httpd_misc_sup,{127,0,0,1},9081,default}},
              {mfargs,{httpd_misc_sup,start_link,[{127,0,0,1},9081,default]}},
              {restart_type,permanent},
              {significant,false},
              {shutdown,infinity},
              {child_type,supervisor}]
 (supervisor:report_progress/3:2323)
2026-09-17 20:58:30.148693+00:00 [debug] PROGRESS REPORT:
    supervisor: {local,httpd_instance_sup__127_0_0_1__9081default}
    started: [{pid,<0.982.0>},
              {id,{httpd_manager,{127,0,0,1},9081,default}},
              {mfargs,
                  {httpd_manager,start_link,
                      [undefined,
                       [{bind_address,{127,0,0,1}},
                        {socket_type,ip_comm},
                        {port,9081},
                        {server_root,"run/mod_stats_prometheus/doc"},
                        {document_root,"run/mod_stats_prometheus/doc"},
                        {server_name,"Prometheus Exporter"},
                        {modules,[prometheus_httpd]}],
                       15000]}},
              {restart_type,permanent},
              {significant,false},
              {shutdown,4000},
              {child_type,worker}]
 (supervisor:report_progress/3:2323)
2026-09-17 20:58:30.159464+00:00 [debug] PROGRESS REPORT:
    supervisor: {local,httpd_acceptor_sup__127_0_0_1__9081default}
    started: [{pid,<0.984.0>},
              {id,{httpd_acceptor_sup,{127,0,0,1},9081,default}},
              {mfargs,{httpd_acceptor,start_link,
                                      [httpd__127_0_0_1__9081default,ip_comm,
                                       {127,0,0,1},
                                       9081,inet,
                                       httpd_conf__127_0_0_1__9081default,
                                       15000]}},
              {restart_type,transient},
              {significant,false},
              {shutdown,brutal_kill},
              {child_type,worker}]
 (supervisor:report_progress/3:2323)
2026-09-17 20:58:30.159607+00:00 [debug] PROGRESS REPORT:
    supervisor: {local,httpd_instance_sup__127_0_0_1__9081default}
    started: [{pid,<0.983.0>},
              {id,{httpd_acceptor_sup,{127,0,0,1},9081,default}},
              {mfargs,
                  {httpd_acceptor_sup,start_link,
                      [[{127,0,0,1},
                        9081,
                        [{bind_address,{127,0,0,1}},
                         {socket_type,ip_comm},
                         {port,9081},
                         {server_root,"run/mod_stats_prometheus/doc"},
                         {document_root,"run/mod_stats_prometheus/doc"},
                         {server_name,"Prometheus Exporter"},
                         {modules,[prometheus_httpd]}],
                        15000,undefined]]}},
              {restart_type,permanent},
              {significant,false},
              {shutdown,infinity},
              {child_type,supervisor}]
 (supervisor:report_progress/3:2323)
2026-09-17 20:58:30.159777+00:00 [debug] PROGRESS REPORT:
    supervisor: {local,httpd_sup}
    started: [{pid,<0.979.0>},
              {id,{httpd_instance_sup,{127,0,0,1},9081,default}},
              {mfargs,
                  {httpd_instance_sup,start_link,
                      [[{bind_address,{127,0,0,1}},
                        {socket_type,ip_comm},
                        {port,9081},
                        {server_root,"run/mod_stats_prometheus/doc"},
                        {document_root,"run/mod_stats_prometheus/doc"},
                        {server_name,"Prometheus Exporter"},
                        {modules,[prometheus_httpd]}],
                       15000,[]]}},
              {restart_type,permanent},
              {significant,false},
              {shutdown,infinity},
              {child_type,supervisor}]
 (supervisor:report_progress/3:2333)
2026-09-17 20:58:30.160005+00:00 [info] Started mod_stats_prometheus (eturnal:start_modules/0:384)
2026-09-17 20:58:30.160168+00:00 [debug] Calling mod_log_stun:start/0 (eturnal_module:start/1:143)
2026-09-17 20:58:30.160325+00:00 [debug] Starting mod_log_stun (mod_log_stun:start/0:38)
2026-09-17 20:58:30.160547+00:00 [info] Started mod_log_stun (eturnal:start_modules/0:384)
2026-09-17 20:58:30.160665+00:00 [debug] Calling mod_stats_influx:start/0 (eturnal_module:start/1:143)
2026-09-17 20:58:30.160961+00:00 [debug] Starting mod_stats_influx (mod_stats_influx:start/0:37)
2026-09-17 20:58:30.165172+00:00 [debug] PROGRESS REPORT:
    application: ulitos
    started_at: nonode@nohost
 (application_controller:info_started/2:2154)
2026-09-17 20:58:30.166645+00:00 [debug] PROGRESS REPORT:
    application: poolboy
    started_at: nonode@nohost
 (application_controller:info_started/2:2154)
2026-09-17 20:58:30.167537+00:00 [info]     msg: Starting application: influx_udp (influx_udp_app:start/2:10)
2026-09-17 20:58:30.170343+00:00 [debug] PROGRESS REPORT:
    supervisor: {local,influx_udp_sup}
    started: [{pid,<0.995.0>},
              {id,influx_udp},
              {mfargs,{influx_udp,start_link,[]}},
              {restart_type,permanent},
              {significant,false},
              {shutdown,5000},
              {child_type,worker}]
 (supervisor:report_progress/3:2323)
2026-09-17 20:58:30.170459+00:00 [debug] Dependency influx_udp was available already (eturnal_module:ensure_dep/2:284)
2026-09-17 20:58:30.170453+00:00 [debug] PROGRESS REPORT:
    application: influx_udp
    started_at: nonode@nohost
 (application_controller:info_started/2:2154)
2026-09-17 20:58:30.173275+00:00 [info]     options: #{port => 8089,host => "localhost",pool_size => 1,
               max_overflow => 1}
    msg: Start clients pool
    host: {127,0,0,1} (influx_udp:start_pool_/2:239)
2026-09-17 20:58:30.180182+00:00 [info]     port: 36726
    msg: Open UDP socket on port (influx_udp_worker:init/1:43)
2026-09-17 20:58:30.180361+00:00 [debug] PROGRESS REPORT:
    supervisor: {local,influx_udp_sup}
    started: [{pid,<0.998.0>},
              {id,stats_influx_pool},
              {mfargs,
                  {poolboy,start_link,
                      [[{name,{local,stats_influx_pool}},
                        {worker_module,influx_udp_worker},
                        {size,1},
                        {max_overflow,1}],
                       [{options,
                            #{port => 8089,
                              host => {127,0,0,1},
                              pool_size => 1,max_overflow => 1}}]]}},
              {restart_type,permanent},
              {significant,false},
              {shutdown,5000},
              {child_type,worker}]
 (supervisor:report_progress/3:2333)
2026-09-17 20:58:30.180684+00:00 [info] Started mod_stats_influx (eturnal:start_modules/0:384)
2026-09-17 20:58:30.180875+00:00 [debug] Starting listener 127.0.0.1:34780 (udp) with options:
[{use_turn,true},
 {auth_type,user},
 {turn_ipv4_address,{127,0,0,1}},
 {turn_min_port,49152},
 {turn_max_port,65535},
 {turn_max_allocations,10},
 {turn_max_permissions,10},
 {shaper,100000},
 {auth_realm,<<"eturnal.net">>},
 {server_name,<<"eturnal">>},
 {auth_fun,fun eturnal:get_password/2},
 {hook_fun,fun eturnal:run_hook/2},
 {turn_blacklist_clients,[{{127,0,0,1},8}]},
 {turn_blacklist_peers,[{{10,0,0,0},8},
                        {{100,64,0,0},10},
                        {{127,0,0,0},8},
                        {{169,254,0,0},16},
                        {{172,16,0,0},12},
                        {{192,0,0,0},24},
                        {{192,0,2,0},24},
                        {{192,88,99,0},24},
                        {{192,168,0,0},16},
                        {{198,18,0,0},15},
                        {{198,51,100,0},24},
                        {{203,0,113,0},24},
                        {{224,0,0,0},4},
                        {{240,0,0,0},4},
                        {{0,0,0,0,0,0,0,1},128},
                        {{100,65435,0,0,0,0,0,0},96},
                        {{256,0,0,0,0,0,0,0},64},
                        {{8193,3512,0,0,0,0,0,0},32},
                        {{64512,0,0,0,0,0,0,0},7},
                        {{65152,0,0,0,0,0,0,0},10},
                        {{65280,0,0,0,0,0,0,0},8}]},
 {turn_whitelist_clients,[{{127,0,0,1},32}]},
 {turn_whitelist_peers,[{{127,0,0,1},32},
                        {{203,0,113,113},32},
                        {{8193,3512,0,0,0,0,0,0},64}]}] (eturnal:start_listeners/0:419)
2026-09-17 20:58:30.193453+00:00 [info] Listening on 127.0.0.1:34780 (udp) (STUN/TURN) (eturnal:start_listeners/0:426)
2026-09-17 20:58:30.193591+00:00 [debug] Starting listener 127.0.0.1:34780 (tcp) with options:
[{use_turn,false},
 {auth_type,anonymous},
 {turn_ipv4_address,{127,0,0,1}},
 {turn_min_port,49152},
 {turn_max_port,65535},
 {turn_max_allocations,10},
 {turn_max_permissions,10},
 {shaper,100000},
 {auth_realm,<<"eturnal.net">>},
 {server_name,<<"eturnal">>},
 {auth_fun,fun eturnal:get_password/2},
 {hook_fun,fun eturnal:run_hook/2},
 {turn_blacklist_clients,[{{127,0,0,1},8}]},
 {turn_blacklist_peers,[{{10,0,0,0},8},
                        {{100,64,0,0},10},
                        {{127,0,0,0},8},
                        {{169,254,0,0},16},
                        {{172,16,0,0},12},
                        {{192,0,0,0},24},
                        {{192,0,2,0},24},
                        {{192,88,99,0},24},
                        {{192,168,0,0},16},
                        {{198,18,0,0},15},
                        {{198,51,100,0},24},
                        {{203,0,113,0},24},
                        {{224,0,0,0},4},
                        {{240,0,0,0},4},
                        {{0,0,0,0,0,0,0,1},128},
                        {{100,65435,0,0,0,0,0,0},96},
                        {{256,0,0,0,0,0,0,0},64},
                        {{8193,3512,0,0,0,0,0,0},32},
                        {{64512,0,0,0,0,0,0,0},7},
                        {{65152,0,0,0,0,0,0,0},10},
                        {{65280,0,0,0,0,0,0,0},8}]},
 {turn_whitelist_clients,[{{127,0,0,1},32}]},
 {turn_whitelist_peers,[{{127,0,0,1},32},
                        {{203,0,113,113},32},
                        {{8193,3512,0,0,0,0,0,0},64}]}] (eturnal:start_listeners/0:419)
2026-09-17 20:58:30.194257+00:00 [info] Listening on 127.0.0.1:34780 (tcp) (STUN only) (eturnal:start_listeners/0:426)
2026-09-17 20:58:30.194389+00:00 [debug] Starting listener 127.0.0.1:53490 (tls) with options:
[{use_turn,false},
 {auth_type,anonymous},
 {tls,true},
 {certfile,<<"run/cert.pem">>},
 {ciphers,<<"HIGH:!aNULL:@STRENGTH">>},
 {protocol_options,<<"no_tlsv1|no_tlsv1_1|cipher_server_preference">>},
 {turn_ipv4_address,{127,0,0,1}},
 {turn_min_port,49152},
 {turn_max_port,65535},
 {turn_max_allocations,10},
 {turn_max_permissions,10},
 {shaper,100000},
 {auth_realm,<<"eturnal.net">>},
 {server_name,<<"eturnal">>},
 {auth_fun,fun eturnal:get_password/2},
 {hook_fun,fun eturnal:run_hook/2},
 {turn_blacklist_clients,[{{127,0,0,1},8}]},
 {turn_blacklist_peers,[{{10,0,0,0},8},
                        {{100,64,0,0},10},
                        {{127,0,0,0},8},
                        {{169,254,0,0},16},
                        {{172,16,0,0},12},
                        {{192,0,0,0},24},
                        {{192,0,2,0},24},
                        {{192,88,99,0},24},
                        {{192,168,0,0},16},
                        {{198,18,0,0},15},
                        {{198,51,100,0},24},
                        {{203,0,113,0},24},
                        {{224,0,0,0},4},
                        {{240,0,0,0},4},
                        {{0,0,0,0,0,0,0,1},128},
                        {{100,65435,0,0,0,0,0,0},96},
                        {{256,0,0,0,0,0,0,0},64},
                        {{8193,3512,0,0,0,0,0,0},32},
                        {{64512,0,0,0,0,0,0,0},7},
                        {{65152,0,0,0,0,0,0,0},10},
                        {{65280,0,0,0,0,0,0,0},8}]},
 {turn_whitelist_clients,[{{127,0,0,1},32}]},
 {turn_whitelist_peers,[{{127,0,0,1},32},
                        {{203,0,113,113},32},
                        {{8193,3512,0,0,0,0,0,0},64}]}] (eturnal:start_listeners/0:419)
2026-09-17 20:58:30.195049+00:00 [info] Listening on 127.0.0.1:53490 (tls) (STUN only) (eturnal:start_listeners/0:426)
2026-09-17 20:58:30.195156+00:00 [debug] Starting listener 127.0.0.1:34781 (auto) with options:
[{use_turn,false},
 {auth_type,anonymous},
 {tls,optional},
 {certfile,<<"run/cert.pem">>},
 {ciphers,<<"HIGH:!aNULL:@STRENGTH">>},
 {protocol_options,<<"no_tlsv1|no_tlsv1_1|cipher_server_preference">>},
 {turn_ipv4_address,{127,0,0,1}},
 {turn_min_port,49152},
 {turn_max_port,65535},
 {turn_max_allocations,10},
 {turn_max_permissions,10},
 {shaper,100000},
 {auth_realm,<<"eturnal.net">>},
 {server_name,<<"eturnal">>},
 {auth_fun,fun eturnal:get_password/2},
 {hook_fun,fun eturnal:run_hook/2},
 {turn_blacklist_clients,[{{127,0,0,1},8}]},
 {turn_blacklist_peers,[{{10,0,0,0},8},
                        {{100,64,0,0},10},
                        {{127,0,0,0},8},
                        {{169,254,0,0},16},
                        {{172,16,0,0},12},
                        {{192,0,0,0},24},
                        {{192,0,2,0},24},
                        {{192,88,99,0},24},
                        {{192,168,0,0},16},
                        {{198,18,0,0},15},
                        {{198,51,100,0},24},
                        {{203,0,113,0},24},
                        {{224,0,0,0},4},
                        {{240,0,0,0},4},
                        {{0,0,0,0,0,0,0,1},128},
                        {{100,65435,0,0,0,0,0,0},96},
                        {{256,0,0,0,0,0,0,0},64},
                        {{8193,3512,0,0,0,0,0,0},32},
                        {{64512,0,0,0,0,0,0,0},7},
                        {{65152,0,0,0,0,0,0,0},10},
                        {{65280,0,0,0,0,0,0,0},8}]},
 {turn_whitelist_clients,[{{127,0,0,1},32}]},
 {turn_whitelist_peers,[{{127,0,0,1},32},
                        {{203,0,113,113},32},
                        {{8193,3512,0,0,0,0,0,0},64}]}] (eturnal:start_listeners/0:419)
2026-09-17 20:58:30.211971+00:00 [info] Listening on 127.0.0.1:34781 (auto) (STUN only) (eturnal:start_listeners/0:426)
2026-09-17 20:58:30.212133+00:00 [debug] Started 3 modules (eturnal:init/1:105)
2026-09-17 20:58:30.212228+00:00 [debug] Started 4 listeners (eturnal:init/1:106)
2026-09-17 20:58:30.212333+00:00 [debug] PROGRESS REPORT:
    supervisor: {local,eturnal_sup}
    started: [{pid,<0.962.0>},
              {id,eturnal},
              {mfargs,{eturnal,start_link,[]}},
              {restart_type,permanent},
              {significant,false},
              {shutdown,5000},
              {child_type,worker}]
 (supervisor:report_progress/3:2323)
2026-09-17 20:58:30.212422+00:00 [debug] No NOTIFY_SOCKET, dropping READY=1 notification (eturnal_systemd:handle_cast/2:99)
2026-09-17 20:58:30.212439+00:00 [debug] PROGRESS REPORT:
    application: eturnal
    started_at: nonode@nohost
 (application_controller:info_started/2:2154)
2026-09-17 20:58:30.239351+00:00 [debug] Handling API call: get_status() (eturnal_ctl:get_status/0:109)
2026-09-17 20:58:30.239440+00:00 [debug] eturnal call (get_status) returned ok (eturnal_ctl:call/1:439)
2026-09-17 20:58:30.263485+00:00 [debug] Handling API call: get_info() (eturnal_ctl:get_info/0:119)
2026-09-17 20:58:30.264085+00:00 [debug] eturnal call (get_info) returned {ok,
                                  {eturnal_node_info,<<"1.12.3">>,
                                   {"29","17.1"},
                                   3429,0,180,89740855,1,56930336}} (eturnal_ctl:call/1:442)
2026-09-17 20:58:30.288263+00:00 [debug] Handling API call: get_sessions() (eturnal_ctl:get_sessions/0:95)
2026-09-17 20:58:30.312123+00:00 [debug] Handling API call: get_sessions("alice") (eturnal_ctl:get_sessions/1:100)
2026-09-17 20:58:30.312347+00:00 [debug] Handling API call: get_sessions("1256900400:alice") (eturnal_ctl:get_sessions/1:100)
2026-09-17 20:58:30.312610+00:00 [debug] Handling API call: get_sessions(alice) (eturnal_ctl:get_sessions/1:100)
2026-09-17 20:58:30.312727+00:00 [debug] Cannot convert user name to binary: alice (eturnal_ctl:with_username/2:201)
2026-09-17 20:58:30.335684+00:00 [debug] Handling API call: disconnect("alice") (eturnal_ctl:disconnect/1:168)
2026-09-17 20:58:30.335910+00:00 [debug] Handling API call: disconnect(alice) (eturnal_ctl:disconnect/1:168)
2026-09-17 20:58:30.336058+00:00 [debug] Cannot convert user name to binary: alice (eturnal_ctl:with_username/2:201)
2026-09-17 20:58:30.360145+00:00 [debug] Handling API call: get_credentials("2009-10-30 11:00:00Z", []) (eturnal_ctl:get_credentials/2:60)
2026-09-17 20:58:30.360350+00:00 [debug] eturnal call ({get_password,<<"1256900400">>}) returned {ok,
                                                         <<"uEKlpcME7MNMMVRV8rUFPCTIFEs=">>} (eturnal_ctl:call/1:442)
2026-09-17 20:58:30.367104+00:00 [debug] Handling API call: get_credentials("86400", "alice") (eturnal_ctl:get_credentials/2:60)
2026-09-17 20:58:30.367269+00:00 [debug] eturnal call ({get_password,<<"1789765110:alice">>}) returned {ok,
                                                               <<"ncM+3vH+xrJK+PGJ1qPcedznWrI=">>} (eturnal_ctl:call/1:442)
2026-09-17 20:58:30.367403+00:00 [debug] Handling API call: get_password("1789765110:alice") (eturnal_ctl:get_password/1:79)
2026-09-17 20:58:30.367520+00:00 [debug] eturnal call ({get_password,<<"1789765110:alice">>}) returned {ok,
                                                               <<"ncM+3vH+xrJK+PGJ1qPcedznWrI=">>} (eturnal_ctl:call/1:442)
2026-09-17 20:58:30.367705+00:00 [debug] Handling API call: get_credentials("86400s", "alice") (eturnal_ctl:get_credentials/2:60)
2026-09-17 20:58:30.367845+00:00 [debug] eturnal call ({get_password,<<"1789765110:alice">>}) returned {ok,
                                                               <<"ncM+3vH+xrJK+PGJ1qPcedznWrI=">>} (eturnal_ctl:call/1:442)
2026-09-17 20:58:30.367973+00:00 [debug] Handling API call: get_password("1789765110:alice") (eturnal_ctl:get_password/1:79)
2026-09-17 20:58:30.368104+00:00 [debug] eturnal call ({get_password,<<"1789765110:alice">>}) returned {ok,
                                                               <<"ncM+3vH+xrJK+PGJ1qPcedznWrI=">>} (eturnal_ctl:call/1:442)
2026-09-17 20:58:30.368248+00:00 [debug] Handling API call: get_credentials("1440m", "alice") (eturnal_ctl:get_credentials/2:60)
2026-09-17 20:58:30.368351+00:00 [debug] eturnal call ({get_password,<<"1789765110:alice">>}) returned {ok,
                                                               <<"ncM+3vH+xrJK+PGJ1qPcedznWrI=">>} (eturnal_ctl:call/1:442)
2026-09-17 20:58:30.368477+00:00 [debug] Handling API call: get_password("1789765110:alice") (eturnal_ctl:get_password/1:79)
2026-09-17 20:58:30.368609+00:00 [debug] eturnal call ({get_password,<<"1789765110:alice">>}) returned {ok,
                                                               <<"ncM+3vH+xrJK+PGJ1qPcedznWrI=">>} (eturnal_ctl:call/1:442)
2026-09-17 20:58:30.368817+00:00 [debug] Handling API call: get_credentials("24h", "alice") (eturnal_ctl:get_credentials/2:60)
2026-09-17 20:58:30.368943+00:00 [debug] eturnal call ({get_password,<<"1789765110:alice">>}) returned {ok,
                                                               <<"ncM+3vH+xrJK+PGJ1qPcedznWrI=">>} (eturnal_ctl:call/1:442)
2026-09-17 20:58:30.369081+00:00 [debug] Handling API call: get_password("1789765110:alice") (eturnal_ctl:get_password/1:79)
2026-09-17 20:58:30.369183+00:00 [debug] eturnal call ({get_password,<<"1789765110:alice">>}) returned {ok,
                                                               <<"ncM+3vH+xrJK+PGJ1qPcedznWrI=">>} (eturnal_ctl:call/1:442)
2026-09-17 20:58:30.369323+00:00 [debug] Handling API call: get_credentials("1d", "alice") (eturnal_ctl:get_credentials/2:60)
2026-09-17 20:58:30.369437+00:00 [debug] eturnal call ({get_password,<<"1789765110:alice">>}) returned {ok,
                                                               <<"ncM+3vH+xrJK+PGJ1qPcedznWrI=">>} (eturnal_ctl:call/1:442)
2026-09-17 20:58:30.369567+00:00 [debug] Handling API call: get_password("1789765110:alice") (eturnal_ctl:get_password/1:79)
2026-09-17 20:58:30.369679+00:00 [debug] eturnal call ({get_password,<<"1789765110:alice">>}) returned {ok,
                                                               <<"ncM+3vH+xrJK+PGJ1qPcedznWrI=">>} (eturnal_ctl:call/1:442)
2026-09-17 20:58:30.369824+00:00 [debug] Handling API call: get_password("Invalid") (eturnal_ctl:get_password/1:79)
2026-09-17 20:58:30.369943+00:00 [debug] eturnal call ({get_password,<<"Invalid">>}) returned {error,no_credentials} (eturnal_ctl:call/1:445)
2026-09-17 20:58:30.370088+00:00 [debug] Handling API call: get_credentials("Invalid", []) (eturnal_ctl:get_credentials/2:60)
2026-09-17 20:58:30.370197+00:00 [debug] Invalid argument(s): "Invalid":[] (eturnal_ctl:get_credentials/2:73)
2026-09-17 20:58:30.370296+00:00 [debug] Handling API call: get_password(invalid) (eturnal_ctl:get_password/1:79)
2026-09-17 20:58:30.370383+00:00 [debug] Cannot convert user name to binary: invalid (eturnal_ctl:with_username/2:201)
2026-09-17 20:58:30.370466+00:00 [debug] Handling API call: get_credentials(invalid, []) (eturnal_ctl:get_credentials/2:60)
2026-09-17 20:58:30.370555+00:00 [debug] Invalid argument(s): invalid:[] (eturnal_ctl:get_credentials/2:73)
2026-09-17 20:58:30.370629+00:00 [debug] Handling API call: get_password([invalid]) (eturnal_ctl:get_password/1:79)
2026-09-17 20:58:30.370699+00:00 [debug] Cannot convert user name to binary: [invalid] (eturnal_ctl:with_username/2:201)
2026-09-17 20:58:30.370773+00:00 [debug] Handling API call: get_credentials([invalid], []) (eturnal_ctl:get_credentials/2:60)
2026-09-17 20:58:30.370863+00:00 [debug] Invalid argument(s): [invalid]:[] (eturnal_ctl:get_credentials/2:73)
2026-09-17 20:58:30.370982+00:00 [debug] Handling API call: get_credentials(1256900400, invalid) (eturnal_ctl:get_credentials/2:60)
2026-09-17 20:58:30.371096+00:00 [debug] Invalid argument(s): 1256900400:invalid (eturnal_ctl:get_credentials/2:73)
2026-09-17 20:58:30.371207+00:00 [debug] Handling API call: get_password("alice") (eturnal_ctl:get_password/1:79)
2026-09-17 20:58:30.371289+00:00 [debug] eturnal call ({get_password,<<"alice">>}) returned {ok,<<"l0vesBob">>} (eturnal_ctl:call/1:442)
2026-09-17 20:58:30.394868+00:00 [debug] Handling API call: set_loglevel(debug) (eturnal_ctl:set_loglevel/1:149)
2026-09-17 20:58:30.395017+00:00 [debug] eturnal call ({set_loglevel,debug}) returned ok (eturnal_ctl:call/1:439)
2026-09-17 20:58:30.395212+00:00 [debug] Handling API call: get_loglevel() (eturnal_ctl:get_loglevel/0:139)
2026-09-17 20:58:30.395338+00:00 [debug] eturnal call (get_loglevel) returned {ok,debug} (eturnal_ctl:call/1:442)
2026-09-17 20:58:30.395489+00:00 [debug] Handling API call: set_loglevel(invalid) (eturnal_ctl:set_loglevel/1:149)
2026-09-17 20:58:30.395567+00:00 [debug] Invalid log level: invalid (eturnal_ctl:set_loglevel/1:159)
2026-09-17 20:58:30.395699+00:00 [debug] Handling API call: get_loglevel() (eturnal_ctl:get_loglevel/0:139)
2026-09-17 20:58:30.395776+00:00 [debug] eturnal call (get_loglevel) returned {ok,debug} (eturnal_ctl:call/1:442)
2026-09-17 20:58:30.418761+00:00 [debug] Handling API call: get_version() (eturnal_ctl:get_version/0:129)
2026-09-17 20:58:30.418903+00:00 [debug] eturnal call (get_version) returned {ok,<<"1.12.3">>} (eturnal_ctl:call/1:442)
2026-09-17 20:58:30.441863+00:00 [debug] Handling API call: reload() (eturnal_ctl:reload/0:179)
2026-09-17 20:58:30.443923+00:00 [debug] Calling mod_log_stun:options/0 (eturnal_module:options/1:192)
2026-09-17 20:58:30.444082+00:00 [debug] Calling mod_stats_influx:options/0 (eturnal_module:options/1:192)
2026-09-17 20:58:30.444167+00:00 [debug] Calling mod_stats_prometheus:options/0 (eturnal_module:options/1:192)
2026-09-17 20:58:30.444758+00:00 [info] Reloading configuration (eturnal:reload/1:627)
2026-09-17 20:58:30.444871+00:00 [warning] TLS enabled without 'tls_crt_file', creating self-signed certificate (eturnal:check_pem_file/0:809)
2026-09-17 20:58:31.173866+00:00 [info] Using new TLS certificate (eturnal:reload/1:631)
2026-09-17 20:58:31.174989+00:00 [debug] Calling mod_stats_prometheus:stop/1 (eturnal_module:stop/1:163)
2026-09-17 20:58:31.175176+00:00 [debug] Stopping mod_stats_prometheus (mod_stats_prometheus:stop/0:110)
2026-09-17 20:58:31.175618+00:00 [info] Stopped mod_stats_prometheus (eturnal:stop_modules/1:397)
2026-09-17 20:58:31.176910+00:00 [debug] Calling mod_log_stun:stop/1 (eturnal_module:stop/1:163)
2026-09-17 20:58:31.177054+00:00 [debug] Stopping mod_log_stun (mod_log_stun:stop/0:49)
2026-09-17 20:58:31.177265+00:00 [info] Stopped mod_log_stun (eturnal:stop_modules/1:397)
2026-09-17 20:58:31.178000+00:00 [debug] Calling mod_stats_influx:stop/1 (eturnal_module:stop/1:163)
2026-09-17 20:58:31.178180+00:00 [debug] Stopping mod_stats_influx (mod_stats_influx:stop/0:61)
2026-09-17 20:58:31.178279+00:00 [info] Stopped mod_stats_influx (eturnal:stop_modules/1:397)
2026-09-17 20:58:31.178386+00:00 [debug] Calling mod_stats_prometheus:start/0 (eturnal_module:start/1:143)
2026-09-17 20:58:31.178454+00:00 [debug] Starting mod_stats_prometheus (mod_stats_prometheus:start/0:56)
2026-09-17 20:58:31.178514+00:00 [debug] Dependency prometheus_httpd was available already (eturnal_module:ensure_dep/2:284)
2026-09-17 20:58:31.178978+00:00 [debug] PROGRESS REPORT:
    supervisor: {local,httpd_instance_sup__127_0_0_1__9081default}
    started: [{pid,<0.1128.0>},
              {id,{httpd_connection_sup,{127,0,0,1},9081,default}},
              {mfargs,{httpd_connection_sup,start_link,[[{127,0,0,1},9081]]}},
              {restart_type,permanent},
              {significant,false},
              {shutdown,5000},
              {child_type,supervisor}]
 (supervisor:report_progress/3:2323)
2026-09-17 20:58:31.179152+00:00 [debug] PROGRESS REPORT:
    supervisor: {local,httpd_instance_sup__127_0_0_1__9081default}
    started: [{pid,<0.1129.0>},
              {id,{httpd_misc_sup,{127,0,0,1},9081,default}},
              {mfargs,{httpd_misc_sup,start_link,[{127,0,0,1},9081,default]}},
              {restart_type,permanent},
              {significant,false},
              {shutdown,infinity},
              {child_type,supervisor}]
 (supervisor:report_progress/3:2323)
2026-09-17 20:58:31.179582+00:00 [debug] PROGRESS REPORT:
    supervisor: {local,httpd_instance_sup__127_0_0_1__9081default}
    started: [{pid,<0.1130.0>},
              {id,{httpd_manager,{127,0,0,1},9081,default}},
              {mfargs,
                  {httpd_manager,start_link,
                      [undefined,
                       [{bind_address,{127,0,0,1}},
                        {socket_type,ip_comm},
                        {port,9081},
                        {server_root,"run/mod_stats_prometheus/doc"},
                        {document_root,"run/mod_stats_prometheus/doc"},
                        {server_name,"Prometheus Exporter"},
                        {modules,[prometheus_httpd]}],
                       15000]}},
              {restart_type,permanent},
              {significant,false},
              {shutdown,4000},
              {child_type,worker}]
 (supervisor:report_progress/3:2323)
2026-09-17 20:58:31.179936+00:00 [debug] PROGRESS REPORT:
    supervisor: {local,httpd_acceptor_sup__127_0_0_1__9081default}
    started: [{pid,<0.1132.0>},
              {id,{httpd_acceptor_sup,{127,0,0,1},9081,default}},
              {mfargs,{httpd_acceptor,start_link,
                                      [httpd__127_0_0_1__9081default,ip_comm,
                                       {127,0,0,1},
                                       9081,inet,
                                       httpd_conf__127_0_0_1__9081default,
                                       15000]}},
              {restart_type,transient},
              {significant,false},
              {shutdown,brutal_kill},
              {child_type,worker}]
 (supervisor:report_progress/3:2323)
2026-09-17 20:58:31.180094+00:00 [debug] PROGRESS REPORT:
    supervisor: {local,httpd_instance_sup__127_0_0_1__9081default}
    started: [{pid,<0.1131.0>},
              {id,{httpd_acceptor_sup,{127,0,0,1},9081,default}},
              {mfargs,
                  {httpd_acceptor_sup,start_link,
                      [[{127,0,0,1},
                        9081,
                        [{bind_address,{127,0,0,1}},
                         {socket_type,ip_comm},
                         {port,9081},
                         {server_root,"run/mod_stats_prometheus/doc"},
                         {document_root,"run/mod_stats_prometheus/doc"},
                         {server_name,"Prometheus Exporter"},
                         {modules,[prometheus_httpd]}],
                        15000,undefined]]}},
              {restart_type,permanent},
              {significant,false},
              {shutdown,infinity},
              {child_type,supervisor}]
 (supervisor:report_progress/3:2323)
2026-09-17 20:58:31.180228+00:00 [debug] PROGRESS REPORT:
    supervisor: {local,httpd_sup}
    started: [{pid,<0.1127.0>},
              {id,{httpd_instance_sup,{127,0,0,1},9081,default}},
              {mfargs,
                  {httpd_instance_sup,start_link,
                      [[{bind_address,{127,0,0,1}},
                        {socket_type,ip_comm},
                        {port,9081},
                        {server_root,"run/mod_stats_prometheus/doc"},
                        {document_root,"run/mod_stats_prometheus/doc"},
                        {server_name,"Prometheus Exporter"},
                        {modules,[prometheus_httpd]}],
                       15000,[]]}},
              {restart_type,permanent},
              {significant,false},
              {shutdown,infinity},
              {child_type,supervisor}]
 (supervisor:report_progress/3:2333)
2026-09-17 20:58:31.181533+00:00 [info] Started mod_stats_prometheus (eturnal:start_modules/0:384)
2026-09-17 20:58:31.181639+00:00 [debug] Calling mod_log_stun:start/0 (eturnal_module:start/1:143)
2026-09-17 20:58:31.181733+00:00 [debug] Starting mod_log_stun (mod_log_stun:start/0:38)
2026-09-17 20:58:31.182704+00:00 [info] Started mod_log_stun (eturnal:start_modules/0:384)
2026-09-17 20:58:31.182876+00:00 [debug] Calling mod_stats_influx:start/0 (eturnal_module:start/1:143)
2026-09-17 20:58:31.182984+00:00 [debug] Starting mod_stats_influx (mod_stats_influx:start/0:37)
2026-09-17 20:58:31.183298+00:00 [debug] Dependency influx_udp was available already (eturnal_module:ensure_dep/2:284)
2026-09-17 20:58:31.183758+00:00 [info]     options: #{port => 8089,host => "localhost",pool_size => 1,
               max_overflow => 1}
    msg: Start clients pool
    host: {127,0,0,1} (influx_udp:start_pool_/2:239)
2026-09-17 20:58:31.185463+00:00 [info] Started mod_stats_influx (eturnal:start_modules/0:384)
2026-09-17 20:58:31.185577+00:00 [debug] Restarted modules (eturnal:reload/1:639)
2026-09-17 20:58:31.185672+00:00 [debug] eturnal call (reload) returned ok (eturnal_ctl:call/1:439)
2026-09-17 20:58:31.186204+00:00 [debug] Handling API call: reload() (eturnal_ctl:reload/0:179)
2026-09-17 20:58:31.188440+00:00 [debug] Calling mod_log_stun:options/0 (eturnal_module:options/1:192)
2026-09-17 20:58:31.188568+00:00 [debug] Calling mod_stats_influx:options/0 (eturnal_module:options/1:192)
2026-09-17 20:58:31.188691+00:00 [debug] Calling mod_stats_prometheus:options/0 (eturnal_module:options/1:192)
2026-09-17 20:58:31.189334+00:00 [info] Reloading configuration (eturnal:reload/1:627)
2026-09-17 20:58:31.189541+00:00 [debug] Keeping PEM file (run/cert.pem) (eturnal:check_pem_file/0:806)
2026-09-17 20:58:31.189638+00:00 [debug] TLS certificate unchanged (eturnal:reload/1:633)
2026-09-17 20:58:31.192181+00:00 [debug] Calling mod_stats_prometheus:stop/1 (eturnal_module:stop/1:163)
2026-09-17 20:58:31.192318+00:00 [debug] Stopping mod_stats_prometheus (mod_stats_prometheus:stop/0:110)
2026-09-17 20:58:31.192531+00:00 [info] Stopped mod_stats_prometheus (eturnal:stop_modules/1:397)
2026-09-17 20:58:31.193378+00:00 [debug] Calling mod_log_stun:stop/1 (eturnal_module:stop/1:163)
2026-09-17 20:58:31.193493+00:00 [debug] Stopping mod_log_stun (mod_log_stun:stop/0:49)
2026-09-17 20:58:31.193575+00:00 [info] Stopped mod_log_stun (eturnal:stop_modules/1:397)
2026-09-17 20:58:31.194352+00:00 [debug] Calling mod_stats_influx:stop/1 (eturnal_module:stop/1:163)
2026-09-17 20:58:31.194538+00:00 [debug] Stopping mod_stats_influx (mod_stats_influx:stop/0:61)
2026-09-17 20:58:31.194676+00:00 [info] Stopped mod_stats_influx (eturnal:stop_modules/1:397)
2026-09-17 20:58:31.194757+00:00 [debug] Calling mod_stats_prometheus:start/0 (eturnal_module:start/1:143)
2026-09-17 20:58:31.194857+00:00 [debug] Starting mod_stats_prometheus (mod_stats_prometheus:start/0:56)
2026-09-17 20:58:31.194975+00:00 [debug] Dependency prometheus_httpd was available already (eturnal_module:ensure_dep/2:284)
2026-09-17 20:58:31.195555+00:00 [debug] PROGRESS REPORT:
    supervisor: {local,httpd_instance_sup__127_0_0_1__9081default}
    started: [{pid,<0.1163.0>},
              {id,{httpd_connection_sup,{127,0,0,1},9081,default}},
              {mfargs,{httpd_connection_sup,start_link,[[{127,0,0,1},9081]]}},
              {restart_type,permanent},
              {significant,false},
              {shutdown,5000},
              {child_type,supervisor}]
 (supervisor:report_progress/3:2323)
2026-09-17 20:58:31.195701+00:00 [debug] PROGRESS REPORT:
    supervisor: {local,httpd_instance_sup__127_0_0_1__9081default}
    started: [{pid,<0.1165.0>},
              {id,{httpd_misc_sup,{127,0,0,1},9081,default}},
              {mfargs,{httpd_misc_sup,start_link,[{127,0,0,1},9081,default]}},
              {restart_type,permanent},
              {significant,false},
              {shutdown,infinity},
              {child_type,supervisor}]
 (supervisor:report_progress/3:2323)
2026-09-17 20:58:31.195989+00:00 [debug] PROGRESS REPORT:
    supervisor: {local,httpd_instance_sup__127_0_0_1__9081default}
    started: [{pid,<0.1166.0>},
              {id,{httpd_manager,{127,0,0,1},9081,default}},
              {mfargs,
                  {httpd_manager,start_link,
                      [undefined,
                       [{bind_address,{127,0,0,1}},
                        {socket_type,ip_comm},
                        {port,9081},
                        {server_root,"run/mod_stats_prometheus/doc"},
                        {document_root,"run/mod_stats_prometheus/doc"},
                        {server_name,"Prometheus Exporter"},
                        {modules,[prometheus_httpd]}],
                       15000]}},
              {restart_type,permanent},
              {significant,false},
              {shutdown,4000},
              {child_type,worker}]
 (supervisor:report_progress/3:2323)
2026-09-17 20:58:31.196347+00:00 [debug] PROGRESS REPORT:
    supervisor: {local,httpd_acceptor_sup__127_0_0_1__9081default}
    started: [{pid,<0.1168.0>},
              {id,{httpd_acceptor_sup,{127,0,0,1},9081,default}},
              {mfargs,{httpd_acceptor,start_link,
                                      [httpd__127_0_0_1__9081default,ip_comm,
                                       {127,0,0,1},
                                       9081,inet,
                                       httpd_conf__127_0_0_1__9081default,
                                       15000]}},
              {restart_type,transient},
              {significant,false},
              {shutdown,brutal_kill},
              {child_type,worker}]
 (supervisor:report_progress/3:2323)
2026-09-17 20:58:31.196486+00:00 [debug] PROGRESS REPORT:
    supervisor: {local,httpd_instance_sup__127_0_0_1__9081default}
    started: [{pid,<0.1167.0>},
              {id,{httpd_acceptor_sup,{127,0,0,1},9081,default}},
              {mfargs,
                  {httpd_acceptor_sup,start_link,
                      [[{127,0,0,1},
                        9081,
                        [{bind_address,{127,0,0,1}},
                         {socket_type,ip_comm},
                         {port,9081},
                         {server_root,"run/mod_stats_prometheus/doc"},
                         {document_root,"run/mod_stats_prometheus/doc"},
                         {server_name,"Prometheus Exporter"},
                         {modules,[prometheus_httpd]}],
                        15000,undefined]]}},
              {restart_type,permanent},
              {significant,false},
              {shutdown,infinity},
              {child_type,supervisor}]
 (supervisor:report_progress/3:2323)
2026-09-17 20:58:31.196759+00:00 [debug] PROGRESS REPORT:
    supervisor: {local,httpd_sup}
    started: [{pid,<0.1162.0>},
              {id,{httpd_instance_sup,{127,0,0,1},9081,default}},
              {mfargs,
                  {httpd_instance_sup,start_link,
                      [[{bind_address,{127,0,0,1}},
                        {socket_type,ip_comm},
                        {port,9081},
                        {server_root,"run/mod_stats_prometheus/doc"},
                        {document_root,"run/mod_stats_prometheus/doc"},
                        {server_name,"Prometheus Exporter"},
                        {modules,[prometheus_httpd]}],
                       15000,[]]}},
              {restart_type,permanent},
              {significant,false},
              {shutdown,infinity},
              {child_type,supervisor}]
 (supervisor:report_progress/3:2333)
2026-09-17 20:58:31.197858+00:00 [info] Started mod_stats_prometheus (eturnal:start_modules/0:384)
2026-09-17 20:58:31.197976+00:00 [debug] Calling mod_log_stun:start/0 (eturnal_module:start/1:143)
2026-09-17 20:58:31.198127+00:00 [debug] Starting mod_log_stun (mod_log_stun:start/0:38)
2026-09-17 20:58:31.198778+00:00 [info] Started mod_log_stun (eturnal:start_modules/0:384)
2026-09-17 20:58:31.198894+00:00 [debug] Calling mod_stats_influx:start/0 (eturnal_module:start/1:143)
2026-09-17 20:58:31.199014+00:00 [debug] Starting mod_stats_influx (mod_stats_influx:start/0:37)
2026-09-17 20:58:31.199159+00:00 [debug] Dependency influx_udp was available already (eturnal_module:ensure_dep/2:284)
2026-09-17 20:58:31.199510+00:00 [info]     options: #{port => 8089,host => "localhost",pool_size => 1,
               max_overflow => 1}
    msg: Start clients pool
    host: {127,0,0,1} (influx_udp:start_pool_/2:239)
2026-09-17 20:58:31.200628+00:00 [info] Started mod_stats_influx (eturnal:start_modules/0:384)
2026-09-17 20:58:31.200719+00:00 [debug] Restarted modules (eturnal:reload/1:639)
2026-09-17 20:58:31.200827+00:00 [debug] eturnal call (reload) returned ok (eturnal_ctl:call/1:439)
2026-09-17 20:58:31.226946+00:00 [info] Accepting connection: 127.0.0.1:46880 -> 127.0.0.1:34780 [TCP, session 09pzpxyohbsz] (stun_acceptor:accept/3:158)
2026-09-17 20:58:31.250595+00:00 [info] Accepting connection: 127.0.0.1:58478 -> 127.0.0.1:53490 [TLS, session xm9hleswdwno] (stun_acceptor:accept/3:158)
2026-09-17 20:58:31.279759+00:00 [debug] Received:
#stun{class = request,method = 3,magic = 554869826,
      trid = 67892535564863894410897831366,raw = <<>>,unsupported = [],
      'ALTERNATE-SERVER' = undefined,'CHANNEL-NUMBER' = undefined,
      'DATA' = undefined,'DONT-FRAGMENT' = false,'ERROR-CODE' = undefined,
      'LIFETIME' = undefined,'MAPPED-ADDRESS' = undefined,
      'MESSAGE-INTEGRITY' = undefined,'NONCE' = undefined,'REALM' = undefined,
      'REQUESTED-ADDRESS-FAMILY' = undefined,
      'REQUESTED-TRANSPORT' = undefined,'SOFTWARE' = undefined,
      'UNKNOWN-ATTRIBUTES' = [],'USERNAME' = undefined,
      'XOR-MAPPED-ADDRESS' = undefined,'XOR-PEER-ADDRESS' = [],
      'XOR-RELAYED-ADDRESS' = undefined} (stun:udp_recv/5:146)
2026-09-17 20:58:31.279862+00:00 [debug] Sending:
#stun{class = error,method = 3,magic = 554869826,
      trid = 67892535564863894410897831366,raw = <<>>,unsupported = [],
      'ALTERNATE-SERVER' = undefined,'CHANNEL-NUMBER' = undefined,
      'DATA' = undefined,'DONT-FRAGMENT' = false,
      'ERROR-CODE' = {401,<<"Unauthorized">>},
      'LIFETIME' = undefined,'MAPPED-ADDRESS' = undefined,
      'MESSAGE-INTEGRITY' = undefined,'NONCE' = <<"3311089693">>,
      'REALM' = <<"eturnal.net">>,'REQUESTED-ADDRESS-FAMILY' = undefined,
      'REQUESTED-TRANSPORT' = undefined,'SOFTWARE' = <<"eturnal">>,
      'UNKNOWN-ATTRIBUTES' = [],'USERNAME' = undefined,
      'XOR-MAPPED-ADDRESS' = undefined,'XOR-PEER-ADDRESS' = [],
      'XOR-RELAYED-ADDRESS' = undefined} (stun:send/3:500)
2026-09-17 20:58:31.280133+00:00 [debug] Received:
#stun{class = request,method = 3,magic = 554869826,
      trid = 34606224653747230290062806681,
      raw = <<0,3,0,76,33,18,164,66,111,209,153,29,142,66,233,252,24,175,14,
              153,0,25,0,4,17,0,0,0,0,6,0,5,97,108,105,99,101,0,0,0,0,20,0,11,
              101,116,117,114,110,97,108,46,110,101,116,0,0,21,0,10,51,51,49,
              49,48,56,57,54,57,51,0,0>>,
      unsupported = [],'ALTERNATE-SERVER' = undefined,
      'CHANNEL-NUMBER' = undefined,'DATA' = undefined,'DONT-FRAGMENT' = false,
      'ERROR-CODE' = undefined,'LIFETIME' = undefined,
      'MAPPED-ADDRESS' = undefined,
      'MESSAGE-INTEGRITY' = <<24,43,158,21,127,7,171,188,102,224,120,16,84,217,
                              185,97,37,140,175,145>>,
      'NONCE' = <<"3311089693">>,'REALM' = <<"eturnal.net">>,
      'REQUESTED-ADDRESS-FAMILY' = undefined,'REQUESTED-TRANSPORT' = udp,
      'SOFTWARE' = undefined,'UNKNOWN-ATTRIBUTES' = [],
      'USERNAME' = <<"alice">>,'XOR-MAPPED-ADDRESS' = undefined,
      'XOR-PEER-ADDRESS' = [],'XOR-RELAYED-ADDRESS' = undefined} (stun:udp_recv/5:146)
2026-09-17 20:58:31.280219+00:00 [debug] Looking up password for: alice [UDP, session 52wrj241jepn, user alice, client 127.0.0.1:50225] (eturnal:get_password/2:259)
2026-09-17 20:58:31.280279+00:00 [info] Accepting long-term STUN/TURN authentication [UDP, session 52wrj241jepn, user alice, client 127.0.0.1:50225] (stun:process/2:289)
2026-09-17 20:58:31.282662+00:00 [debug] Running 'turn_session_start' hook [UDP, session 52wrj241jepn, user alice, client 127.0.0.1:50225] (turn:run_hook/3:753)
2026-09-17 20:58:31.282733+00:00 [debug] Got 'turn_session_start' event [UDP, session 52wrj241jepn, user alice, client 127.0.0.1:50225] (eturnal_module:handle_event/2:177)
2026-09-17 20:58:31.282775+00:00 [debug] Calling mod_stats_prometheus:handle_event/2 [UDP, session 52wrj241jepn, user alice, client 127.0.0.1:50225] (eturnal_module:handle_event/2:180)
2026-09-17 20:58:31.282833+00:00 [debug] Observing started TURN session 52wrj241jepn for Prometheus [UDP, session 52wrj241jepn, user alice, client 127.0.0.1:50225] (mod_stats_prometheus:on_turn_session_start/1:174)
2026-09-17 20:58:31.283003+00:00 [notice] Creating TURN allocation (lifetime: 600 seconds) [UDP, session 52wrj241jepn, user alice, client 127.0.0.1:50225, relay 127.0.0.1:56807] (turn:wait_for_allocate/2:226)
2026-09-17 20:58:31.283173+00:00 [debug] Sending:
#stun{class = response,method = 3,magic = 554869826,
      trid = 34606224653747230290062806681,raw = <<>>,unsupported = [],
      'ALTERNATE-SERVER' = undefined,'CHANNEL-NUMBER' = undefined,
      'DATA' = undefined,'DONT-FRAGMENT' = false,'ERROR-CODE' = undefined,
      'LIFETIME' = 600,'MAPPED-ADDRESS' = undefined,
      'MESSAGE-INTEGRITY' = undefined,'NONCE' = undefined,'REALM' = undefined,
      'REQUESTED-ADDRESS-FAMILY' = undefined,
      'REQUESTED-TRANSPORT' = undefined,'SOFTWARE' = <<"eturnal">>,
      'UNKNOWN-ATTRIBUTES' = [],'USERNAME' = undefined,
      'XOR-MAPPED-ADDRESS' = {{127,0,0,1},50225},
      'XOR-PEER-ADDRESS' = [],
      'XOR-RELAYED-ADDRESS' = {{127,0,0,1},56807}} (turn:send/2:549)
2026-09-17 20:58:31.283516+00:00 [debug] Received:
#stun{class = request,method = 4,magic = 554869826,
      trid = 54209134026014294879274352720,
      raw = <<0,4,0,76,33,18,164,66,175,40,190,163,250,102,167,200,218,41,64,
              80,0,6,0,5,97,108,105,99,101,0,0,0,0,20,0,11,101,116,117,114,110,
              97,108,46,110,101,116,0,0,21,0,10,51,51,49,49,48,56,57,54,57,51,
              0,0,0,13,0,4,0,0,0,0>>,
      unsupported = [],'ALTERNATE-SERVER' = undefined,
      'CHANNEL-NUMBER' = undefined,'DATA' = undefined,'DONT-FRAGMENT' = false,
      'ERROR-CODE' = undefined,'LIFETIME' = 0,'MAPPED-ADDRESS' = undefined,
      'MESSAGE-INTEGRITY' = <<213,107,213,187,51,60,65,144,145,34,135,216,112,
                              214,146,12,113,43,39,108>>,
      'NONCE' = <<"3311089693">>,'REALM' = <<"eturnal.net">>,
      'REQUESTED-ADDRESS-FAMILY' = undefined,
      'REQUESTED-TRANSPORT' = undefined,'SOFTWARE' = undefined,
      'UNKNOWN-ATTRIBUTES' = [],'USERNAME' = <<"alice">>,
      'XOR-MAPPED-ADDRESS' = undefined,'XOR-PEER-ADDRESS' = [],
      'XOR-RELAYED-ADDRESS' = undefined} (stun:udp_recv/5:146)
2026-09-17 20:58:31.283641+00:00 [debug] Looking up password for: alice [UDP, session 3tms647wcx80, user alice, client 127.0.0.1:50225] (eturnal:get_password/2:259)
2026-09-17 20:58:31.283718+00:00 [info] Accepting long-term STUN/TURN authentication [UDP, session 3tms647wcx80, user alice, client 127.0.0.1:50225] (stun:process/2:289)
2026-09-17 20:58:31.283760+00:00 [info] Client requested closing the TURN session [UDP, session 52wrj241jepn, user alice, client 127.0.0.1:50225, relay 127.0.0.1:56807] (turn:active/2:285)
2026-09-17 20:58:31.283857+00:00 [debug] Sending:
#stun{class = response,method = 4,magic = 554869826,
      trid = 54209134026014294879274352720,raw = <<>>,unsupported = [],
      'ALTERNATE-SERVER' = undefined,'CHANNEL-NUMBER' = undefined,
      'DATA' = undefined,'DONT-FRAGMENT' = false,'ERROR-CODE' = undefined,
      'LIFETIME' = 0,'MAPPED-ADDRESS' = undefined,
      'MESSAGE-INTEGRITY' = undefined,'NONCE' = undefined,'REALM' = undefined,
      'REQUESTED-ADDRESS-FAMILY' = undefined,
      'REQUESTED-TRANSPORT' = undefined,'SOFTWARE' = <<"eturnal">>,
      'UNKNOWN-ATTRIBUTES' = [],'USERNAME' = undefined,
      'XOR-MAPPED-ADDRESS' = undefined,'XOR-PEER-ADDRESS' = [],
      'XOR-RELAYED-ADDRESS' = undefined} (turn:send/2:549)
2026-09-17 20:58:31.283997+00:00 [info] Deleting TURN allocation [UDP, session 52wrj241jepn, user alice, client 127.0.0.1:50225, relay 127.0.0.1:56807] (turn:terminate/3:482)
2026-09-17 20:58:31.284074+00:00 [notice] Relayed 0 KiB (in 0 B / 0 packets, out 0 B / 0 packets), duration: 0 seconds [UDP, session 52wrj241jepn, user alice, client 127.0.0.1:50225, relay 127.0.0.1:56807] (turn:terminate/3:489)
2026-09-17 20:58:31.284280+00:00 [debug] Received:
#stun{class = request,method = 3,magic = 554869826,
      trid = 336605315932320751855771740,raw = <<>>,unsupported = [],
      'ALTERNATE-SERVER' = undefined,'CHANNEL-NUMBER' = undefined,
      'DATA' = undefined,'DONT-FRAGMENT' = false,'ERROR-CODE' = undefined,
      'LIFETIME' = undefined,'MAPPED-ADDRESS' = undefined,
      'MESSAGE-INTEGRITY' = undefined,'NONCE' = undefined,'REALM' = undefined,
      'REQUESTED-ADDRESS-FAMILY' = undefined,
      'REQUESTED-TRANSPORT' = undefined,'SOFTWARE' = undefined,
      'UNKNOWN-ATTRIBUTES' = [],'USERNAME' = undefined,
      'XOR-MAPPED-ADDRESS' = undefined,'XOR-PEER-ADDRESS' = [],
      'XOR-RELAYED-ADDRESS' = undefined} (stun:udp_recv/5:146)
2026-09-17 20:58:31.284289+00:00 [debug] Running 'turn_session_stop' hook [UDP, session 52wrj241jepn, user alice, client 127.0.0.1:50225, relay 127.0.0.1:56807] (turn:run_hook/3:753)
2026-09-17 20:58:31.284351+00:00 [debug] Got 'turn_session_stop' event [UDP, session 52wrj241jepn, user alice, client 127.0.0.1:50225, relay 127.0.0.1:56807] (eturnal_module:handle_event/2:177)
2026-09-17 20:58:31.284388+00:00 [debug] Sending:
#stun{class = error,method = 3,magic = 554869826,
      trid = 336605315932320751855771740,raw = <<>>,unsupported = [],
      'ALTERNATE-SERVER' = undefined,'CHANNEL-NUMBER' = undefined,
      'DATA' = undefined,'DONT-FRAGMENT' = false,
      'ERROR-CODE' = {401,<<"Unauthorized">>},
      'LIFETIME' = undefined,'MAPPED-ADDRESS' = undefined,
      'MESSAGE-INTEGRITY' = undefined,'NONCE' = <<"1412339295">>,
      'REALM' = <<"eturnal.net">>,'REQUESTED-ADDRESS-FAMILY' = undefined,
      'REQUESTED-TRANSPORT' = undefined,'SOFTWARE' = <<"eturnal">>,
      'UNKNOWN-ATTRIBUTES' = [],'USERNAME' = undefined,
      'XOR-MAPPED-ADDRESS' = undefined,'XOR-PEER-ADDRESS' = [],
      'XOR-RELAYED-ADDRESS' = undefined} (stun:send/3:500)
2026-09-17 20:58:31.284414+00:00 [debug] Calling mod_stats_influx:handle_event/2 [UDP, session 52wrj241jepn, user alice, client 127.0.0.1:50225, relay 127.0.0.1:56807] (eturnal_module:handle_event/2:180)
2026-09-17 20:58:31.284473+00:00 [debug] Writing stats of TURN session 52wrj241jepn to InfluxDB [UDP, session 52wrj241jepn, user alice, client 127.0.0.1:50225, relay 127.0.0.1:56807] (mod_stats_influx:on_turn_session_stop/1:87)
2026-09-17 20:58:31.284674+00:00 [debug] Received:
#stun{class = request,method = 3,magic = 554869826,
      trid = 75546875901416634157476390545,
      raw = <<0,3,0,80,33,18,164,66,244,26,233,60,215,38,204,212,119,128,166,
              145,0,25,0,4,17,0,0,0,0,6,0,10,50,49,52,53,57,49,51,50,48,48,0,0,
              0,20,0,11,101,116,117,114,110,97,108,46,110,101,116,0,0,21,0,10,
              49,52,49,50,51,51,57,50,57,53,0,0>>,
      unsupported = [],'ALTERNATE-SERVER' = undefined,
      'CHANNEL-NUMBER' = undefined,'DATA' = undefined,'DONT-FRAGMENT' = false,
      'ERROR-CODE' = undefined,'LIFETIME' = undefined,
      'MAPPED-ADDRESS' = undefined,
      'MESSAGE-INTEGRITY' = <<173,236,133,114,101,208,85,236,35,110,102,148,
                              216,119,234,38,183,72,167,78>>,
      'NONCE' = <<"1412339295">>,'REALM' = <<"eturnal.net">>,
      'REQUESTED-ADDRESS-FAMILY' = undefined,'REQUESTED-TRANSPORT' = udp,
      'SOFTWARE' = undefined,'UNKNOWN-ATTRIBUTES' = [],
      'USERNAME' = <<"2145913200">>,'XOR-MAPPED-ADDRESS' = undefined,
      'XOR-PEER-ADDRESS' = [],'XOR-RELAYED-ADDRESS' = undefined} (stun:udp_recv/5:146)
2026-09-17 20:58:31.284794+00:00 [debug] Deriving password for: 2145913200 [UDP, session eyduvmns9lit, user 2145913200, client 127.0.0.1:35078] (eturnal:get_password/2:245)
2026-09-17 20:58:31.284860+00:00 [info] Accepting long-term STUN/TURN authentication [UDP, session eyduvmns9lit, user 2145913200, client 127.0.0.1:35078] (stun:process/2:289)
2026-09-17 20:58:31.284969+00:00 [debug] Running 'turn_session_start' hook [UDP, session eyduvmns9lit, user 2145913200, client 127.0.0.1:35078] (turn:run_hook/3:753)
2026-09-17 20:58:31.285062+00:00 [debug] Got 'turn_session_start' event [UDP, session eyduvmns9lit, user 2145913200, client 127.0.0.1:35078] (eturnal_module:handle_event/2:177)
2026-09-17 20:58:31.285108+00:00 [debug] Calling mod_stats_prometheus:handle_event/2 [UDP, session eyduvmns9lit, user 2145913200, client 127.0.0.1:35078] (eturnal_module:handle_event/2:180)
2026-09-17 20:58:31.285155+00:00 [debug] Observing started TURN session eyduvmns9lit for Prometheus [UDP, session eyduvmns9lit, user 2145913200, client 127.0.0.1:35078] (mod_stats_prometheus:on_turn_session_start/1:174)
2026-09-17 20:58:31.285320+00:00 [notice] Creating TURN allocation (lifetime: 600 seconds) [UDP, session eyduvmns9lit, user 2145913200, client 127.0.0.1:35078, relay 127.0.0.1:60151] (turn:wait_for_allocate/2:226)
2026-09-17 20:58:31.285415+00:00 [debug] Sending:
#stun{class = response,method = 3,magic = 554869826,
      trid = 75546875901416634157476390545,raw = <<>>,unsupported = [],
      'ALTERNATE-SERVER' = undefined,'CHANNEL-NUMBER' = undefined,
      'DATA' = undefined,'DONT-FRAGMENT' = false,'ERROR-CODE' = undefined,
      'LIFETIME' = 600,'MAPPED-ADDRESS' = undefined,
      'MESSAGE-INTEGRITY' = undefined,'NONCE' = undefined,'REALM' = undefined,
      'REQUESTED-ADDRESS-FAMILY' = undefined,
      'REQUESTED-TRANSPORT' = undefined,'SOFTWARE' = <<"eturnal">>,
      'UNKNOWN-ATTRIBUTES' = [],'USERNAME' = undefined,
      'XOR-MAPPED-ADDRESS' = {{127,0,0,1},35078},
      'XOR-PEER-ADDRESS' = [],
      'XOR-RELAYED-ADDRESS' = {{127,0,0,1},60151}} (turn:send/2:549)
2026-09-17 20:58:31.285680+00:00 [debug] Received:
#stun{class = request,method = 4,magic = 554869826,
      trid = 69705283866449653267589315940,
      raw = <<0,4,0,80,33,18,164,66,225,58,220,2,22,15,141,143,250,233,61,100,
              0,6,0,10,50,49,52,53,57,49,51,50,48,48,0,0,0,20,0,11,101,116,117,
              114,110,97,108,46,110,101,116,0,0,21,0,10,49,52,49,50,51,51,57,
              50,57,53,0,0,0,13,0,4,0,0,0,0>>,
      unsupported = [],'ALTERNATE-SERVER' = undefined,
      'CHANNEL-NUMBER' = undefined,'DATA' = undefined,'DONT-FRAGMENT' = false,
      'ERROR-CODE' = undefined,'LIFETIME' = 0,'MAPPED-ADDRESS' = undefined,
      'MESSAGE-INTEGRITY' = <<144,4,233,1,233,151,8,14,160,83,23,191,237,154,
                              82,130,83,107,0,22>>,
      'NONCE' = <<"1412339295">>,'REALM' = <<"eturnal.net">>,
      'REQUESTED-ADDRESS-FAMILY' = undefined,
      'REQUESTED-TRANSPORT' = undefined,'SOFTWARE' = undefined,
      'UNKNOWN-ATTRIBUTES' = [],'USERNAME' = <<"2145913200">>,
      'XOR-MAPPED-ADDRESS' = undefined,'XOR-PEER-ADDRESS' = [],
      'XOR-RELAYED-ADDRESS' = undefined} (stun:udp_recv/5:146)
2026-09-17 20:58:31.285772+00:00 [debug] Deriving password for: 2145913200 [UDP, session wzmi4b1ql3nz, user 2145913200, client 127.0.0.1:35078] (eturnal:get_password/2:245)
2026-09-17 20:58:31.285833+00:00 [info] Accepting long-term STUN/TURN authentication [UDP, session wzmi4b1ql3nz, user 2145913200, client 127.0.0.1:35078] (stun:process/2:289)
2026-09-17 20:58:31.285892+00:00 [info] Client requested closing the TURN session [UDP, session eyduvmns9lit, user 2145913200, client 127.0.0.1:35078, relay 127.0.0.1:60151] (turn:active/2:285)
2026-09-17 20:58:31.286016+00:00 [debug] Sending:
#stun{class = response,method = 4,magic = 554869826,
      trid = 69705283866449653267589315940,raw = <<>>,unsupported = [],
      'ALTERNATE-SERVER' = undefined,'CHANNEL-NUMBER' = undefined,
      'DATA' = undefined,'DONT-FRAGMENT' = false,'ERROR-CODE' = undefined,
      'LIFETIME' = 0,'MAPPED-ADDRESS' = undefined,
      'MESSAGE-INTEGRITY' = undefined,'NONCE' = undefined,'REALM' = undefined,
      'REQUESTED-ADDRESS-FAMILY' = undefined,
      'REQUESTED-TRANSPORT' = undefined,'SOFTWARE' = <<"eturnal">>,
      'UNKNOWN-ATTRIBUTES' = [],'USERNAME' = undefined,
      'XOR-MAPPED-ADDRESS' = undefined,'XOR-PEER-ADDRESS' = [],
      'XOR-RELAYED-ADDRESS' = undefined} (turn:send/2:549)
2026-09-17 20:58:31.286136+00:00 [debug] Calling mod_stats_prometheus:handle_event/2 [UDP, session 52wrj241jepn, user alice, client 127.0.0.1:50225, relay 127.0.0.1:56807] (eturnal_module:handle_event/2:180)
2026-09-17 20:58:31.286168+00:00 [info] Deleting TURN allocation [UDP, session eyduvmns9lit, user 2145913200, client 127.0.0.1:35078, relay 127.0.0.1:60151] (turn:terminate/3:482)
2026-09-17 20:58:31.286195+00:00 [debug] Observing stopped TURN session 52wrj241jepn for Prometheus [UDP, session 52wrj241jepn, user alice, client 127.0.0.1:50225, relay 127.0.0.1:56807] (mod_stats_prometheus:on_turn_session_stop/1:187)
2026-09-17 20:58:31.286217+00:00 [notice] Relayed 0 KiB (in 0 B / 0 packets, out 0 B / 0 packets), duration: 0 seconds [UDP, session eyduvmns9lit, user 2145913200, client 127.0.0.1:35078, relay 127.0.0.1:60151] (turn:terminate/3:489)
2026-09-17 20:58:31.286329+00:00 [debug] Running 'turn_session_stop' hook [UDP, session eyduvmns9lit, user 2145913200, client 127.0.0.1:35078, relay 127.0.0.1:60151] (turn:run_hook/3:753)
2026-09-17 20:58:31.286387+00:00 [debug] Got 'turn_session_stop' event [UDP, session eyduvmns9lit, user 2145913200, client 127.0.0.1:35078, relay 127.0.0.1:60151] (eturnal_module:handle_event/2:177)
2026-09-17 20:58:31.286457+00:00 [debug] Calling mod_stats_influx:handle_event/2 [UDP, session eyduvmns9lit, user 2145913200, client 127.0.0.1:35078, relay 127.0.0.1:60151] (eturnal_module:handle_event/2:180)
2026-09-17 20:58:31.286519+00:00 [debug] Writing stats of TURN session eyduvmns9lit to InfluxDB [UDP, session eyduvmns9lit, user 2145913200, client 127.0.0.1:35078, relay 127.0.0.1:60151] (mod_stats_influx:on_turn_session_stop/1:87)
2026-09-17 20:58:31.286666+00:00 [debug] Calling mod_stats_prometheus:handle_event/2 [UDP, session eyduvmns9lit, user 2145913200, client 127.0.0.1:35078, relay 127.0.0.1:60151] (eturnal_module:handle_event/2:180)
2026-09-17 20:58:31.286737+00:00 [debug] Observing stopped TURN session eyduvmns9lit for Prometheus [UDP, session eyduvmns9lit, user 2145913200, client 127.0.0.1:35078, relay 127.0.0.1:60151] (mod_stats_prometheus:on_turn_session_stop/1:187)
2026-09-17 20:58:31.309847+00:00 [debug] Received:
#stun{class = request,method = 1,magic = 554869826,
      trid = 4630430547016014841176672263,raw = <<>>,unsupported = [],
      'ALTERNATE-SERVER' = undefined,'CHANNEL-NUMBER' = undefined,
      'DATA' = undefined,'DONT-FRAGMENT' = false,'ERROR-CODE' = undefined,
      'LIFETIME' = undefined,'MAPPED-ADDRESS' = undefined,
      'MESSAGE-INTEGRITY' = undefined,'NONCE' = undefined,'REALM' = undefined,
      'REQUESTED-ADDRESS-FAMILY' = undefined,
      'REQUESTED-TRANSPORT' = undefined,'SOFTWARE' = undefined,
      'UNKNOWN-ATTRIBUTES' = [],'USERNAME' = undefined,
      'XOR-MAPPED-ADDRESS' = undefined,'XOR-PEER-ADDRESS' = [],
      'XOR-RELAYED-ADDRESS' = undefined} (stun:udp_recv/5:146)
2026-09-17 20:58:31.309912+00:00 [debug] Responding to STUN request [UDP, session idwd70e9o8u1, anonymous, client 127.0.0.1:34991] (stun:process/4:357)
2026-09-17 20:58:31.309942+00:00 [debug] Running 'stun_query' hook [UDP, session idwd70e9o8u1, anonymous, client 127.0.0.1:34991] (stun:run_hook/3:747)
2026-09-17 20:58:31.309965+00:00 [debug] Got 'stun_query' event [UDP, session idwd70e9o8u1, anonymous, client 127.0.0.1:34991] (eturnal_module:handle_event/2:177)
2026-09-17 20:58:31.309994+00:00 [debug] Calling mod_log_stun:handle_event/2 [UDP, session idwd70e9o8u1, anonymous, client 127.0.0.1:34991] (eturnal_module:handle_event/2:180)
2026-09-17 20:58:31.310052+00:00 [info] Responding to STUN request [UDP, session idwd70e9o8u1, anonymous, client 127.0.0.1:34991] (mod_log_stun:handle_event/2:44)
2026-09-17 20:58:31.310087+00:00 [debug] Calling mod_stats_influx:handle_event/2 [UDP, session idwd70e9o8u1, anonymous, client 127.0.0.1:34991] (eturnal_module:handle_event/2:180)
2026-09-17 20:58:31.310111+00:00 [debug] Writing STUN query event to InfluxDB [UDP, session idwd70e9o8u1, anonymous, client 127.0.0.1:34991] (mod_stats_influx:on_stun_query/1:76)
2026-09-17 20:58:31.310201+00:00 [debug] Calling mod_stats_prometheus:handle_event/2 [UDP, session idwd70e9o8u1, anonymous, client 127.0.0.1:34991] (eturnal_module:handle_event/2:180)
2026-09-17 20:58:31.310232+00:00 [debug] Observing STUN query for Prometheus [UDP, session idwd70e9o8u1, anonymous, client 127.0.0.1:34991] (mod_stats_prometheus:on_stun_query/1:166)
2026-09-17 20:58:31.310280+00:00 [debug] Sending:
#stun{class = response,method = 1,magic = 554869826,
      trid = 4630430547016014841176672263,raw = <<>>,unsupported = [],
      'ALTERNATE-SERVER' = undefined,'CHANNEL-NUMBER' = undefined,
      'DATA' = undefined,'DONT-FRAGMENT' = false,'ERROR-CODE' = undefined,
      'LIFETIME' = undefined,'MAPPED-ADDRESS' = undefined,
      'MESSAGE-INTEGRITY' = undefined,'NONCE' = undefined,'REALM' = undefined,
      'REQUESTED-ADDRESS-FAMILY' = undefined,
      'REQUESTED-TRANSPORT' = undefined,'SOFTWARE' = <<"eturnal">>,
      'UNKNOWN-ATTRIBUTES' = [],'USERNAME' = undefined,
      'XOR-MAPPED-ADDRESS' = {{127,0,0,1},34991},
      'XOR-PEER-ADDRESS' = [],'XOR-RELAYED-ADDRESS' = undefined} (stun:send/3:500)
2026-09-17 20:58:31.334077+00:00 [info] Accepting connection: 127.0.0.1:46882 -> 127.0.0.1:34780 [TCP, session w40jp3xau8tq] (stun_acceptor:accept/3:158)
2026-09-17 20:58:31.334304+00:00 [debug] Received:
#stun{class = request,method = 1,magic = 554869826,
      trid = 78515085625392169666593033004,raw = <<>>,unsupported = [],
      'ALTERNATE-SERVER' = undefined,'CHANNEL-NUMBER' = undefined,
      'DATA' = undefined,'DONT-FRAGMENT' = false,'ERROR-CODE' = undefined,
      'LIFETIME' = undefined,'MAPPED-ADDRESS' = undefined,
      'MESSAGE-INTEGRITY' = undefined,'NONCE' = undefined,'REALM' = undefined,
      'REQUESTED-ADDRESS-FAMILY' = undefined,
      'REQUESTED-TRANSPORT' = undefined,'SOFTWARE' = undefined,
      'UNKNOWN-ATTRIBUTES' = [],'USERNAME' = undefined,
      'XOR-MAPPED-ADDRESS' = undefined,'XOR-PEER-ADDRESS' = [],
      'XOR-RELAYED-ADDRESS' = undefined} (stun:process_data/3:457)
2026-09-17 20:58:31.334366+00:00 [debug] Responding to STUN request [TCP, session w40jp3xau8tq, anonymous, client 127.0.0.1:46882] (stun:process/4:357)
2026-09-17 20:58:31.334434+00:00 [debug] Running 'stun_query' hook [TCP, session w40jp3xau8tq, anonymous, client 127.0.0.1:46882] (stun:run_hook/3:747)
2026-09-17 20:58:31.334473+00:00 [debug] Got 'stun_query' event [TCP, session w40jp3xau8tq, anonymous, client 127.0.0.1:46882] (eturnal_module:handle_event/2:177)
2026-09-17 20:58:31.334505+00:00 [debug] Calling mod_log_stun:handle_event/2 [TCP, session w40jp3xau8tq, anonymous, client 127.0.0.1:46882] (eturnal_module:handle_event/2:180)
2026-09-17 20:58:31.334550+00:00 [info] Responding to STUN request [TCP, session w40jp3xau8tq, anonymous, client 127.0.0.1:46882] (mod_log_stun:handle_event/2:44)
2026-09-17 20:58:31.334609+00:00 [debug] Calling mod_stats_influx:handle_event/2 [TCP, session w40jp3xau8tq, anonymous, client 127.0.0.1:46882] (eturnal_module:handle_event/2:180)
2026-09-17 20:58:31.334655+00:00 [debug] Writing STUN query event to InfluxDB [TCP, session w40jp3xau8tq, anonymous, client 127.0.0.1:46882] (mod_stats_influx:on_stun_query/1:76)
2026-09-17 20:58:31.334777+00:00 [debug] Calling mod_stats_prometheus:handle_event/2 [TCP, session w40jp3xau8tq, anonymous, client 127.0.0.1:46882] (eturnal_module:handle_event/2:180)
2026-09-17 20:58:31.334849+00:00 [debug] Observing STUN query for Prometheus [TCP, session w40jp3xau8tq, anonymous, client 127.0.0.1:46882] (mod_stats_prometheus:on_stun_query/1:166)
2026-09-17 20:58:31.334970+00:00 [debug] Sending:
#stun{class = response,method = 1,magic = 554869826,
      trid = 78515085625392169666593033004,raw = <<>>,unsupported = [],
      'ALTERNATE-SERVER' = undefined,'CHANNEL-NUMBER' = undefined,
      'DATA' = undefined,'DONT-FRAGMENT' = false,'ERROR-CODE' = undefined,
      'LIFETIME' = undefined,'MAPPED-ADDRESS' = undefined,
      'MESSAGE-INTEGRITY' = undefined,'NONCE' = undefined,'REALM' = undefined,
      'REQUESTED-ADDRESS-FAMILY' = undefined,
      'REQUESTED-TRANSPORT' = undefined,'SOFTWARE' = <<"eturnal">>,
      'UNKNOWN-ATTRIBUTES' = [],'USERNAME' = undefined,
      'XOR-MAPPED-ADDRESS' = {{127,0,0,1},46882},
      'XOR-PEER-ADDRESS' = [],'XOR-RELAYED-ADDRESS' = undefined} (stun:send/3:500)
2026-09-17 20:58:31.335986+00:00 [info] Connection reset by peer [TCP, session w40jp3xau8tq, anonymous, client 127.0.0.1:46882] (stun:handle_info/3:206)
2026-09-17 20:58:31.357999+00:00 [info] Accepting connection: 127.0.0.1:58490 -> 127.0.0.1:53490 [TLS, session pixhi5lf1d8y] (stun_acceptor:accept/3:158)
2026-09-17 20:58:32.366982+00:00 [debug] Received:
#stun{class = request,method = 1,magic = 554869826,
      trid = 27811837172370849530273470823,raw = <<>>,unsupported = [],
      'ALTERNATE-SERVER' = undefined,'CHANNEL-NUMBER' = undefined,
      'DATA' = undefined,'DONT-FRAGMENT' = false,'ERROR-CODE' = undefined,
      'LIFETIME' = undefined,'MAPPED-ADDRESS' = undefined,
      'MESSAGE-INTEGRITY' = undefined,'NONCE' = undefined,'REALM' = undefined,
      'REQUESTED-ADDRESS-FAMILY' = undefined,
      'REQUESTED-TRANSPORT' = undefined,'SOFTWARE' = undefined,
      'UNKNOWN-ATTRIBUTES' = [],'USERNAME' = undefined,
      'XOR-MAPPED-ADDRESS' = undefined,'XOR-PEER-ADDRESS' = [],
      'XOR-RELAYED-ADDRESS' = undefined} (stun:process_data/3:457)
2026-09-17 20:58:32.367179+00:00 [debug] Responding to STUN request [TLS, session pixhi5lf1d8y, anonymous, client 127.0.0.1:58490] (stun:process/4:357)
2026-09-17 20:58:32.367224+00:00 [debug] Running 'stun_query' hook [TLS, session pixhi5lf1d8y, anonymous, client 127.0.0.1:58490] (stun:run_hook/3:747)
2026-09-17 20:58:32.367326+00:00 [debug] Got 'stun_query' event [TLS, session pixhi5lf1d8y, anonymous, client 127.0.0.1:58490] (eturnal_module:handle_event/2:177)
2026-09-17 20:58:32.367383+00:00 [debug] Calling mod_log_stun:handle_event/2 [TLS, session pixhi5lf1d8y, anonymous, client 127.0.0.1:58490] (eturnal_module:handle_event/2:180)
2026-09-17 20:58:32.367432+00:00 [info] Responding to STUN request [TLS, session pixhi5lf1d8y, anonymous, client 127.0.0.1:58490] (mod_log_stun:handle_event/2:44)
2026-09-17 20:58:32.367492+00:00 [debug] Calling mod_stats_influx:handle_event/2 [TLS, session pixhi5lf1d8y, anonymous, client 127.0.0.1:58490] (eturnal_module:handle_event/2:180)
2026-09-17 20:58:32.367536+00:00 [debug] Writing STUN query event to InfluxDB [TLS, session pixhi5lf1d8y, anonymous, client 127.0.0.1:58490] (mod_stats_influx:on_stun_query/1:76)
2026-09-17 20:58:32.367741+00:00 [debug] Calling mod_stats_prometheus:handle_event/2 [TLS, session pixhi5lf1d8y, anonymous, client 127.0.0.1:58490] (eturnal_module:handle_event/2:180)
2026-09-17 20:58:32.367803+00:00 [debug] Observing STUN query for Prometheus [TLS, session pixhi5lf1d8y, anonymous, client 127.0.0.1:58490] (mod_stats_prometheus:on_stun_query/1:166)
2026-09-17 20:58:32.367892+00:00 [debug] Sending:
#stun{class = response,method = 1,magic = 554869826,
      trid = 27811837172370849530273470823,raw = <<>>,unsupported = [],
      'ALTERNATE-SERVER' = undefined,'CHANNEL-NUMBER' = undefined,
      'DATA' = undefined,'DONT-FRAGMENT' = false,'ERROR-CODE' = undefined,
      'LIFETIME' = undefined,'MAPPED-ADDRESS' = undefined,
      'MESSAGE-INTEGRITY' = undefined,'NONCE' = undefined,'REALM' = undefined,
      'REQUESTED-ADDRESS-FAMILY' = undefined,
      'REQUESTED-TRANSPORT' = undefined,'SOFTWARE' = <<"eturnal">>,
      'UNKNOWN-ATTRIBUTES' = [],'USERNAME' = undefined,
      'XOR-MAPPED-ADDRESS' = {{127,0,0,1},58490},
      'XOR-PEER-ADDRESS' = [],'XOR-RELAYED-ADDRESS' = undefined} (stun:send/3:500)
2026-09-17 20:58:32.368190+00:00 [info] Connection reset by peer [TLS, session pixhi5lf1d8y, anonymous, client 127.0.0.1:58490] (stun:handle_info/3:206)
2026-09-17 20:58:32.392411+00:00 [info] Accepting connection: 127.0.0.1:47088 -> 127.0.0.1:34781 [TCP|TLS, session sp9llp4xm2fh] (stun_acceptor:accept/3:158)
2026-09-17 20:58:32.392523+00:00 [debug] Determined transport protocol: TCP (stun:is_tls_handshake/1:693)
2026-09-17 20:58:32.392694+00:00 [debug] Received:
#stun{class = request,method = 1,magic = 554869826,
      trid = 976312695176803744990662132,raw = <<>>,unsupported = [],
      'ALTERNATE-SERVER' = undefined,'CHANNEL-NUMBER' = undefined,
      'DATA' = undefined,'DONT-FRAGMENT' = false,'ERROR-CODE' = undefined,
      'LIFETIME' = undefined,'MAPPED-ADDRESS' = undefined,
      'MESSAGE-INTEGRITY' = undefined,'NONCE' = undefined,'REALM' = undefined,
      'REQUESTED-ADDRESS-FAMILY' = undefined,
      'REQUESTED-TRANSPORT' = undefined,'SOFTWARE' = undefined,
      'UNKNOWN-ATTRIBUTES' = [],'USERNAME' = undefined,
      'XOR-MAPPED-ADDRESS' = undefined,'XOR-PEER-ADDRESS' = [],
      'XOR-RELAYED-ADDRESS' = undefined} (stun:process_data/3:457)
2026-09-17 20:58:32.392788+00:00 [debug] Responding to STUN request [TCP, session sp9llp4xm2fh, anonymous, client 127.0.0.1:47088] (stun:process/4:357)
2026-09-17 20:58:32.392845+00:00 [debug] Running 'stun_query' hook [TCP, session sp9llp4xm2fh, anonymous, client 127.0.0.1:47088] (stun:run_hook/3:747)
2026-09-17 20:58:32.392880+00:00 [debug] Got 'stun_query' event [TCP, session sp9llp4xm2fh, anonymous, client 127.0.0.1:47088] (eturnal_module:handle_event/2:177)
2026-09-17 20:58:32.392924+00:00 [debug] Calling mod_log_stun:handle_event/2 [TCP, session sp9llp4xm2fh, anonymous, client 127.0.0.1:47088] (eturnal_module:handle_event/2:180)
2026-09-17 20:58:32.392964+00:00 [info] Responding to STUN request [TCP, session sp9llp4xm2fh, anonymous, client 127.0.0.1:47088] (mod_log_stun:handle_event/2:44)
2026-09-17 20:58:32.392999+00:00 [debug] Calling mod_stats_influx:handle_event/2 [TCP, session sp9llp4xm2fh, anonymous, client 127.0.0.1:47088] (eturnal_module:handle_event/2:180)
2026-09-17 20:58:32.393054+00:00 [debug] Writing STUN query event to InfluxDB [TCP, session sp9llp4xm2fh, anonymous, client 127.0.0.1:47088] (mod_stats_influx:on_stun_query/1:76)
2026-09-17 20:58:32.393206+00:00 [debug] Calling mod_stats_prometheus:handle_event/2 [TCP, session sp9llp4xm2fh, anonymous, client 127.0.0.1:47088] (eturnal_module:handle_event/2:180)
2026-09-17 20:58:32.393242+00:00 [debug] Observing STUN query for Prometheus [TCP, session sp9llp4xm2fh, anonymous, client 127.0.0.1:47088] (mod_stats_prometheus:on_stun_query/1:166)
2026-09-17 20:58:32.393305+00:00 [debug] Sending:
#stun{class = response,method = 1,magic = 554869826,
      trid = 976312695176803744990662132,raw = <<>>,unsupported = [],
      'ALTERNATE-SERVER' = undefined,'CHANNEL-NUMBER' = undefined,
      'DATA' = undefined,'DONT-FRAGMENT' = false,'ERROR-CODE' = undefined,
      'LIFETIME' = undefined,'MAPPED-ADDRESS' = undefined,
      'MESSAGE-INTEGRITY' = undefined,'NONCE' = undefined,'REALM' = undefined,
      'REQUESTED-ADDRESS-FAMILY' = undefined,
      'REQUESTED-TRANSPORT' = undefined,'SOFTWARE' = <<"eturnal">>,
      'UNKNOWN-ATTRIBUTES' = [],'USERNAME' = undefined,
      'XOR-MAPPED-ADDRESS' = {{127,0,0,1},47088},
      'XOR-PEER-ADDRESS' = [],'XOR-RELAYED-ADDRESS' = undefined} (stun:send/3:500)
2026-09-17 20:58:32.394739+00:00 [info] Connection reset by peer [TCP, session sp9llp4xm2fh, anonymous, client 127.0.0.1:47088] (stun:handle_info/3:206)
2026-09-17 20:58:32.417224+00:00 [info] Accepting connection: 127.0.0.1:47098 -> 127.0.0.1:34781 [TCP|TLS, session m10gotxko2w9] (stun_acceptor:accept/3:158)
2026-09-17 20:58:32.417416+00:00 [debug] Determined transport protocol: TLS (stun:is_tls_handshake/1:690)
2026-09-17 20:58:33.425935+00:00 [debug] Received:
#stun{class = request,method = 1,magic = 554869826,
      trid = 3997530109826582338714936908,raw = <<>>,unsupported = [],
      'ALTERNATE-SERVER' = undefined,'CHANNEL-NUMBER' = undefined,
      'DATA' = undefined,'DONT-FRAGMENT' = false,'ERROR-CODE' = undefined,
      'LIFETIME' = undefined,'MAPPED-ADDRESS' = undefined,
      'MESSAGE-INTEGRITY' = undefined,'NONCE' = undefined,'REALM' = undefined,
      'REQUESTED-ADDRESS-FAMILY' = undefined,
      'REQUESTED-TRANSPORT' = undefined,'SOFTWARE' = undefined,
      'UNKNOWN-ATTRIBUTES' = [],'USERNAME' = undefined,
      'XOR-MAPPED-ADDRESS' = undefined,'XOR-PEER-ADDRESS' = [],
      'XOR-RELAYED-ADDRESS' = undefined} (stun:process_data/3:457)
2026-09-17 20:58:33.426074+00:00 [debug] Responding to STUN request [TLS, session m10gotxko2w9, anonymous, client 127.0.0.1:47098] (stun:process/4:357)
2026-09-17 20:58:33.426150+00:00 [debug] Running 'stun_query' hook [TLS, session m10gotxko2w9, anonymous, client 127.0.0.1:47098] (stun:run_hook/3:747)
2026-09-17 20:58:33.426186+00:00 [debug] Got 'stun_query' event [TLS, session m10gotxko2w9, anonymous, client 127.0.0.1:47098] (eturnal_module:handle_event/2:177)
2026-09-17 20:58:33.426265+00:00 [debug] Calling mod_log_stun:handle_event/2 [TLS, session m10gotxko2w9, anonymous, client 127.0.0.1:47098] (eturnal_module:handle_event/2:180)
2026-09-17 20:58:33.426299+00:00 [info] Responding to STUN request [TLS, session m10gotxko2w9, anonymous, client 127.0.0.1:47098] (mod_log_stun:handle_event/2:44)
2026-09-17 20:58:33.426347+00:00 [debug] Calling mod_stats_influx:handle_event/2 [TLS, session m10gotxko2w9, anonymous, client 127.0.0.1:47098] (eturnal_module:handle_event/2:180)
2026-09-17 20:58:33.426419+00:00 [debug] Writing STUN query event to InfluxDB [TLS, session m10gotxko2w9, anonymous, client 127.0.0.1:47098] (mod_stats_influx:on_stun_query/1:76)
2026-09-17 20:58:33.426675+00:00 [debug] Calling mod_stats_prometheus:handle_event/2 [TLS, session m10gotxko2w9, anonymous, client 127.0.0.1:47098] (eturnal_module:handle_event/2:180)
2026-09-17 20:58:33.426745+00:00 [debug] Observing STUN query for Prometheus [TLS, session m10gotxko2w9, anonymous, client 127.0.0.1:47098] (mod_stats_prometheus:on_stun_query/1:166)
2026-09-17 20:58:33.426860+00:00 [debug] Sending:
#stun{class = response,method = 1,magic = 554869826,
      trid = 3997530109826582338714936908,raw = <<>>,unsupported = [],
      'ALTERNATE-SERVER' = undefined,'CHANNEL-NUMBER' = undefined,
      'DATA' = undefined,'DONT-FRAGMENT' = false,'ERROR-CODE' = undefined,
      'LIFETIME' = undefined,'MAPPED-ADDRESS' = undefined,
      'MESSAGE-INTEGRITY' = undefined,'NONCE' = undefined,'REALM' = undefined,
      'REQUESTED-ADDRESS-FAMILY' = undefined,
      'REQUESTED-TRANSPORT' = undefined,'SOFTWARE' = <<"eturnal">>,
      'UNKNOWN-ATTRIBUTES' = [],'USERNAME' = undefined,
      'XOR-MAPPED-ADDRESS' = {{127,0,0,1},47098},
      'XOR-PEER-ADDRESS' = [],'XOR-RELAYED-ADDRESS' = undefined} (stun:send/3:500)
2026-09-17 20:58:33.427184+00:00 [info] Connection reset by peer [TLS, session m10gotxko2w9, anonymous, client 127.0.0.1:47098] (stun:handle_info/3:206)
2026-09-17 20:58:33.451419+00:00 [debug] No NOTIFY_SOCKET, dropping STOPPING=1 notification (eturnal_systemd:handle_cast/2:99)
2026-09-17 20:58:33.451443+00:00 [debug] Terminating eturnal (shutdown) (eturnal:terminate/2:186)
2026-09-17 20:58:33.451661+00:00 [info] Stopped listening on 127.0.0.1:34780 (udp) (eturnal:stop_listeners/1:442)
2026-09-17 20:58:33.451816+00:00 [info] Stopped listening on 127.0.0.1:34780 (tcp) (eturnal:stop_listeners/1:442)
2026-09-17 20:58:33.451976+00:00 [info] Stopped listening on 127.0.0.1:53490 (tls) (eturnal:stop_listeners/1:442)
2026-09-17 20:58:33.452179+00:00 [info] Stopped listening on 127.0.0.1:34781 (auto) (eturnal:stop_listeners/1:442)
2026-09-17 20:58:33.452974+00:00 [debug] Calling mod_stats_prometheus:stop/1 (eturnal_module:stop/1:163)
2026-09-17 20:58:33.453125+00:00 [debug] Stopping mod_stats_prometheus (mod_stats_prometheus:stop/0:110)
2026-09-17 20:58:33.453395+00:00 [info] Stopped mod_stats_prometheus (eturnal:stop_modules/1:397)
2026-09-17 20:58:33.454900+00:00 [debug] Calling mod_log_stun:stop/1 (eturnal_module:stop/1:163)
2026-09-17 20:58:33.455108+00:00 [debug] Stopping mod_log_stun (mod_log_stun:stop/0:49)
2026-09-17 20:58:33.455213+00:00 [info] Stopped mod_log_stun (eturnal:stop_modules/1:397)
2026-09-17 20:58:33.455729+00:00 [debug] Calling mod_stats_influx:stop/1 (eturnal_module:stop/1:163)
2026-09-17 20:58:33.455824+00:00 [debug] Stopping mod_stats_influx (mod_stats_influx:stop/0:61)
2026-09-17 20:58:33.455929+00:00 [info] Stopped mod_stats_influx (eturnal:stop_modules/1:397)
2026-09-17 20:58:33.456156+00:00 [debug] Removed run/cert.pem (eturnal:clean_run_dir/0:875)
2026-09-17 20:58:33.456285+00:00 [debug] Terminating eturnal_systemd (shutdown) (eturnal_systemd:terminate/2:125)
2026-09-17 20:58:33.456466+00:00 [notice] Stopping eturnal 1.12.3 on Erlang/OTP 29 (ERTS 17.1) (eturnal_app:stop/1:53)
