=== Suite started at 2026-09-17 20:44:47
=== Starting test, 19 test cases
=cases         19
=user          runner
=host          nohost
=hosts         nohost 
=emulator_vsn  17.1
=emulator      beam
=otp_release   29
=started       2026-09-17 20:44:47
=case          eturnal_SUITE:init_per_suite
=logfile       eturnal_suite.init_per_suite.html
=started       2026-09-17 20:44:47
=ended         2026-09-17 20:44:47
=result        ok
=elapsed       0.000003s
=case          eturnal_SUITE:start_eturnal
=logfile       eturnal_suite.start_eturnal.html
=started       2026-09-17 20:44:47
=ended         2026-09-17 20:44:47
=result        ok
=elapsed       0.560822s
=case          eturnal_SUITE:check_status
=logfile       eturnal_suite.check_status.html
=started       2026-09-17 20:44:47
=ended         2026-09-17 20:44:47
=result        ok
=elapsed       0.000254s
=case          eturnal_SUITE:check_info
=logfile       eturnal_suite.check_info.html
=started       2026-09-17 20:44:47
=ended         2026-09-17 20:44:47
=result        ok
=elapsed       0.000691s
=case          eturnal_SUITE:check_all_sessions
=logfile       eturnal_suite.check_all_sessions.html
=started       2026-09-17 20:44:47
=ended         2026-09-17 20:44:47
=result        ok
=elapsed       0.000171s
=case          eturnal_SUITE:check_user_sessions
=logfile       eturnal_suite.check_user_sessions.html
=started       2026-09-17 20:44:47
=ended         2026-09-17 20:44:47
=result        ok
=elapsed       0.000421s
=case          eturnal_SUITE:check_disconnect
=logfile       eturnal_suite.check_disconnect.html
=started       2026-09-17 20:44:47
=ended         2026-09-17 20:44:47
=result        ok
=elapsed       0.000262s
=case          eturnal_SUITE:check_credentials
=logfile       eturnal_suite.check_credentials.html
=started       2026-09-17 20:44:47
=ended         2026-09-17 20:44:47
=result        ok
=elapsed       0.003744s
=case          eturnal_SUITE:check_loglevel
=logfile       eturnal_suite.check_loglevel.html
=started       2026-09-17 20:44:47
=ended         2026-09-17 20:44:47
=result        ok
=elapsed       0.000571s
=case          eturnal_SUITE:check_version
=logfile       eturnal_suite.check_version.html
=started       2026-09-17 20:44:47
=ended         2026-09-17 20:44:47
=result        ok
=elapsed       0.000257s
=case          eturnal_SUITE:reload
=logfile       eturnal_suite.reload.html
=started       2026-09-17 20:44:47
=ended         2026-09-17 20:44:48
=result        ok
=elapsed       0.959880s
=case          eturnal_SUITE:connect_tcp
=logfile       eturnal_suite.connect_tcp.html
=started       2026-09-17 20:44:48
=ended         2026-09-17 20:44:48
=result        ok
=elapsed       0.000322s
=case          eturnal_SUITE:connect_tls
=logfile       eturnal_suite.connect_tls.html
=started       2026-09-17 20:44:48
=ended         2026-09-17 20:44:48
=result        ok
=elapsed       0.000705s
=case          eturnal_SUITE:turn_udp
=logfile       eturnal_suite.turn_udp.html
=started       2026-09-17 20:44:48
=ended         2026-09-17 20:44:48
=result        ok
=elapsed       0.006628s
=case          eturnal_SUITE:stun_udp
=logfile       eturnal_suite.stun_udp.html
=started       2026-09-17 20:44:48
=ended         2026-09-17 20:44:49
=result        ok
=elapsed       0.000865s
=case          eturnal_SUITE:stun_tcp
=logfile       eturnal_suite.stun_tcp.html
=started       2026-09-17 20:44:49
=ended         2026-09-17 20:44:49
=result        ok
=elapsed       0.001096s
=case          eturnal_SUITE:stun_tls
=logfile       eturnal_suite.stun_tls.html
=started       2026-09-17 20:44:49
=ended         2026-09-17 20:44:50
=result        ok
=elapsed       1.007475s
=case          eturnal_SUITE:stun_tcp_auto
=logfile       eturnal_suite.stun_tcp_auto.html
=started       2026-09-17 20:44:50
=ended         2026-09-17 20:44:50
=result        ok
=elapsed       0.001233s
=case          eturnal_SUITE:stun_tls_auto
=logfile       eturnal_suite.stun_tls_auto.html
=started       2026-09-17 20:44:50
=ended         2026-09-17 20:44:51
=result        ok
=elapsed       1.007006s
=case          eturnal_SUITE:stop_eturnal
=logfile       eturnal_suite.stop_eturnal.html
=started       2026-09-17 20:44:51
=ended         2026-09-17 20:44:51
=result        ok
=elapsed       0.014165s
=case          eturnal_SUITE:end_per_suite
=logfile       eturnal_suite.end_per_suite.html
=started       2026-09-17 20:44:51
=ended         2026-09-17 20:44:51
=result        ok
=elapsed       0.000000s
=group_time    4.012s
=== TEST COMPLETE, 19 ok, 0 failed of 19 test cases

=finished      2026-09-17 20:44:51
=failed        0
=successful    19
=user_skipped  0
=auto_skipped  0
=elapsed_time  4043464
