2026-09-16 16:52:06.752135+00:00 [notice] Starting eturnal 1.12.2 on Erlang/OTP 29 (ERTS 17.1) (eturnal_app:start/2:34)
2026-09-16 16:52:06.752371+00:00 [debug] Starting supervisor: eturnal_sup (eturnal_sup:start_link/0:31)
2026-09-16 16:52:06.752529+00:00 [debug] Configuring eturnal_sup supervisor: [#{id => systemd,
                                       start =>
                                           {eturnal_systemd,start_link,[]}},
                                     #{id => eturnal,
                                       start => {eturnal,start_link,[]}}] (eturnal_sup:init/1:39)
2026-09-16 16:52:06.753824+00:00 [info] Got no NOTIFY_SOCKET, notifications disabled (eturnal_systemd:init/1:86)
2026-09-16 16:52:06.753980+00:00 [debug] PROGRESS REPORT:
    supervisor: {local,eturnal_sup}
    started: [{pid,<0.960.0>},
              {id,systemd},
              {mfargs,{eturnal_systemd,start_link,[]}},
              {restart_type,permanent},
              {significant,false},
              {shutdown,5000},
              {child_type,worker}]
 (supervisor:report_progress/3:2323)
2026-09-16 16:52:06.754115+00:00 [info] Relay IPv4 address: 127.0.0.1 (port range: 49152-65535) (eturnal:log_relay_addresses/0:349)
2026-09-16 16:52:06.754265+00:00 [info] Relay IPv6 address not configured (eturnal:log_relay_addresses/0:359)
2026-09-16 16:52:06.763896+00:00 [info] Cannot determine control query port: noport (eturnal:log_control_listener/0:373)
2026-09-16 16:52:06.764460+00:00 [debug] Using run directory run (eturnal:ensure_run_dir/0:863)
2026-09-16 16:52:06.764620+00:00 [debug] TURN configuration seems fine (eturnal:check_turn_config/0:603)
2026-09-16 16:52:06.764772+00:00 [warning] TLS enabled without 'tls_crt_file', creating self-signed certificate (eturnal:check_pem_file/0:809)
2026-09-16 16:52:08.883750+00:00 [debug] Calling mod_stats_prometheus:start/0 (eturnal_module:start/1:143)
2026-09-16 16:52:08.884059+00:00 [debug] Starting mod_stats_prometheus (mod_stats_prometheus:start/0:56)
2026-09-16 16:52:08.900362+00:00 [debug] PROGRESS REPORT:
    application: prometheus
    started_at: nonode@nohost
 (application_controller:info_started/2:2154)
2026-09-16 16:52:08.901341+00:00 [debug] PROGRESS REPORT:
    application: accept
    started_at: nonode@nohost
 (application_controller:info_started/2:2154)
2026-09-16 16:52:08.912992+00:00 [debug] PROGRESS REPORT:
    application: prometheus_httpd
    started_at: nonode@nohost
 (application_controller:info_started/2:2154)
2026-09-16 16:52:08.913100+00:00 [debug] Dependency prometheus_httpd was available already (eturnal_module:ensure_dep/2:284)
2026-09-16 16:52:08.935756+00:00 [debug] PROGRESS REPORT:
    supervisor: {local,httpd_instance_sup__127_0_0_1__9081default}
    started: [{pid,<0.980.0>},
              {id,{httpd_connection_sup,{127,0,0,1},9081,default}},
              {mfargs,{httpd_connection_sup,start_link,[[{127,0,0,1},9081]]}},
              {restart_type,permanent},
              {significant,false},
              {shutdown,5000},
              {child_type,supervisor}]
 (supervisor:report_progress/3:2323)
2026-09-16 16:52:08.938149+00:00 [debug] PROGRESS REPORT:
    supervisor: {local,httpd_instance_sup__127_0_0_1__9081default}
    started: [{pid,<0.981.0>},
              {id,{httpd_misc_sup,{127,0,0,1},9081,default}},
              {mfargs,{httpd_misc_sup,start_link,[{127,0,0,1},9081,default]}},
              {restart_type,permanent},
              {significant,false},
              {shutdown,infinity},
              {child_type,supervisor}]
 (supervisor:report_progress/3:2323)
2026-09-16 16:52:08.941153+00:00 [debug] PROGRESS REPORT:
    supervisor: {local,httpd_instance_sup__127_0_0_1__9081default}
    started: [{pid,<0.982.0>},
              {id,{httpd_manager,{127,0,0,1},9081,default}},
              {mfargs,
                  {httpd_manager,start_link,
                      [undefined,
                       [{bind_address,{127,0,0,1}},
                        {socket_type,ip_comm},
                        {port,9081},
                        {server_root,"run/mod_stats_prometheus/doc"},
                        {document_root,"run/mod_stats_prometheus/doc"},
                        {server_name,"Prometheus Exporter"},
                        {modules,[prometheus_httpd]}],
                       15000]}},
              {restart_type,permanent},
              {significant,false},
              {shutdown,4000},
              {child_type,worker}]
 (supervisor:report_progress/3:2323)
2026-09-16 16:52:08.956378+00:00 [debug] PROGRESS REPORT:
    supervisor: {local,httpd_acceptor_sup__127_0_0_1__9081default}
    started: [{pid,<0.984.0>},
              {id,{httpd_acceptor_sup,{127,0,0,1},9081,default}},
              {mfargs,{httpd_acceptor,start_link,
                                      [httpd__127_0_0_1__9081default,ip_comm,
                                       {127,0,0,1},
                                       9081,inet,
                                       httpd_conf__127_0_0_1__9081default,
                                       15000]}},
              {restart_type,transient},
              {significant,false},
              {shutdown,brutal_kill},
              {child_type,worker}]
 (supervisor:report_progress/3:2323)
2026-09-16 16:52:08.956594+00:00 [debug] PROGRESS REPORT:
    supervisor: {local,httpd_instance_sup__127_0_0_1__9081default}
    started: [{pid,<0.983.0>},
              {id,{httpd_acceptor_sup,{127,0,0,1},9081,default}},
              {mfargs,
                  {httpd_acceptor_sup,start_link,
                      [[{127,0,0,1},
                        9081,
                        [{bind_address,{127,0,0,1}},
                         {socket_type,ip_comm},
                         {port,9081},
                         {server_root,"run/mod_stats_prometheus/doc"},
                         {document_root,"run/mod_stats_prometheus/doc"},
                         {server_name,"Prometheus Exporter"},
                         {modules,[prometheus_httpd]}],
                        15000,undefined]]}},
              {restart_type,permanent},
              {significant,false},
              {shutdown,infinity},
              {child_type,supervisor}]
 (supervisor:report_progress/3:2323)
2026-09-16 16:52:08.956760+00:00 [debug] PROGRESS REPORT:
    supervisor: {local,httpd_sup}
    started: [{pid,<0.979.0>},
              {id,{httpd_instance_sup,{127,0,0,1},9081,default}},
              {mfargs,
                  {httpd_instance_sup,start_link,
                      [[{bind_address,{127,0,0,1}},
                        {socket_type,ip_comm},
                        {port,9081},
                        {server_root,"run/mod_stats_prometheus/doc"},
                        {document_root,"run/mod_stats_prometheus/doc"},
                        {server_name,"Prometheus Exporter"},
                        {modules,[prometheus_httpd]}],
                       15000,[]]}},
              {restart_type,permanent},
              {significant,false},
              {shutdown,infinity},
              {child_type,supervisor}]
 (supervisor:report_progress/3:2333)
2026-09-16 16:52:08.956976+00:00 [info] Started mod_stats_prometheus (eturnal:start_modules/0:384)
2026-09-16 16:52:08.957122+00:00 [debug] Calling mod_log_stun:start/0 (eturnal_module:start/1:143)
2026-09-16 16:52:08.957285+00:00 [debug] Starting mod_log_stun (mod_log_stun:start/0:38)
2026-09-16 16:52:08.957501+00:00 [info] Started mod_log_stun (eturnal:start_modules/0:384)
2026-09-16 16:52:08.957614+00:00 [debug] Calling mod_stats_influx:start/0 (eturnal_module:start/1:143)
2026-09-16 16:52:08.958091+00:00 [debug] Starting mod_stats_influx (mod_stats_influx:start/0:37)
2026-09-16 16:52:08.961611+00:00 [debug] PROGRESS REPORT:
    application: ulitos
    started_at: nonode@nohost
 (application_controller:info_started/2:2154)
2026-09-16 16:52:08.962647+00:00 [debug] PROGRESS REPORT:
    application: poolboy
    started_at: nonode@nohost
 (application_controller:info_started/2:2154)
2026-09-16 16:52:08.963596+00:00 [info]     msg: Starting application: influx_udp (influx_udp_app:start/2:10)
2026-09-16 16:52:08.966331+00:00 [debug] PROGRESS REPORT:
    supervisor: {local,influx_udp_sup}
    started: [{pid,<0.995.0>},
              {id,influx_udp},
              {mfargs,{influx_udp,start_link,[]}},
              {restart_type,permanent},
              {significant,false},
              {shutdown,5000},
              {child_type,worker}]
 (supervisor:report_progress/3:2323)
2026-09-16 16:52:08.966481+00:00 [debug] PROGRESS REPORT:
    application: influx_udp
    started_at: nonode@nohost
 (application_controller:info_started/2:2154)
2026-09-16 16:52:08.966537+00:00 [debug] Dependency influx_udp was available already (eturnal_module:ensure_dep/2:284)
2026-09-16 16:52:08.968628+00:00 [info]     options: #{port => 8089,host => "localhost",pool_size => 1,
               max_overflow => 1}
    msg: Start clients pool
    host: {127,0,0,1} (influx_udp:start_pool_/2:239)
2026-09-16 16:52:08.975908+00:00 [info]     port: 46607
    msg: Open UDP socket on port (influx_udp_worker:init/1:43)
2026-09-16 16:52:08.976114+00:00 [debug] PROGRESS REPORT:
    supervisor: {local,influx_udp_sup}
    started: [{pid,<0.998.0>},
              {id,stats_influx_pool},
              {mfargs,
                  {poolboy,start_link,
                      [[{name,{local,stats_influx_pool}},
                        {worker_module,influx_udp_worker},
                        {size,1},
                        {max_overflow,1}],
                       [{options,
                            #{port => 8089,
                              host => {127,0,0,1},
                              pool_size => 1,max_overflow => 1}}]]}},
              {restart_type,permanent},
              {significant,false},
              {shutdown,5000},
              {child_type,worker}]
 (supervisor:report_progress/3:2333)
2026-09-16 16:52:08.976370+00:00 [info] Started mod_stats_influx (eturnal:start_modules/0:384)
2026-09-16 16:52:08.976612+00:00 [debug] Starting listener 127.0.0.1:34780 (udp) with options:
[{use_turn,true},
 {auth_type,user},
 {turn_ipv4_address,{127,0,0,1}},
 {turn_min_port,49152},
 {turn_max_port,65535},
 {turn_max_allocations,10},
 {turn_max_permissions,10},
 {shaper,100000},
 {auth_realm,<<"eturnal.net">>},
 {server_name,<<"eturnal">>},
 {auth_fun,fun eturnal:get_password/2},
 {hook_fun,fun eturnal:run_hook/2},
 {turn_blacklist_clients,[{{127,0,0,1},8}]},
 {turn_blacklist_peers,[{{10,0,0,0},8},
                        {{100,64,0,0},10},
                        {{127,0,0,0},8},
                        {{169,254,0,0},16},
                        {{172,16,0,0},12},
                        {{192,0,0,0},24},
                        {{192,0,2,0},24},
                        {{192,88,99,0},24},
                        {{192,168,0,0},16},
                        {{198,18,0,0},15},
                        {{198,51,100,0},24},
                        {{203,0,113,0},24},
                        {{224,0,0,0},4},
                        {{240,0,0,0},4},
                        {{0,0,0,0,0,0,0,1},128},
                        {{100,65435,0,0,0,0,0,0},96},
                        {{256,0,0,0,0,0,0,0},64},
                        {{8193,3512,0,0,0,0,0,0},32},
                        {{64512,0,0,0,0,0,0,0},7},
                        {{65152,0,0,0,0,0,0,0},10},
                        {{65280,0,0,0,0,0,0,0},8}]},
 {turn_whitelist_clients,[{{127,0,0,1},32}]},
 {turn_whitelist_peers,[{{127,0,0,1},32},
                        {{203,0,113,113},32},
                        {{8193,3512,0,0,0,0,0,0},64}]}] (eturnal:start_listeners/0:419)
2026-09-16 16:52:08.989929+00:00 [info] Listening on 127.0.0.1:34780 (udp) (STUN/TURN) (eturnal:start_listeners/0:426)
2026-09-16 16:52:08.990158+00:00 [debug] Starting listener 127.0.0.1:34780 (tcp) with options:
[{use_turn,false},
 {auth_type,anonymous},
 {turn_ipv4_address,{127,0,0,1}},
 {turn_min_port,49152},
 {turn_max_port,65535},
 {turn_max_allocations,10},
 {turn_max_permissions,10},
 {shaper,100000},
 {auth_realm,<<"eturnal.net">>},
 {server_name,<<"eturnal">>},
 {auth_fun,fun eturnal:get_password/2},
 {hook_fun,fun eturnal:run_hook/2},
 {turn_blacklist_clients,[{{127,0,0,1},8}]},
 {turn_blacklist_peers,[{{10,0,0,0},8},
                        {{100,64,0,0},10},
                        {{127,0,0,0},8},
                        {{169,254,0,0},16},
                        {{172,16,0,0},12},
                        {{192,0,0,0},24},
                        {{192,0,2,0},24},
                        {{192,88,99,0},24},
                        {{192,168,0,0},16},
                        {{198,18,0,0},15},
                        {{198,51,100,0},24},
                        {{203,0,113,0},24},
                        {{224,0,0,0},4},
                        {{240,0,0,0},4},
                        {{0,0,0,0,0,0,0,1},128},
                        {{100,65435,0,0,0,0,0,0},96},
                        {{256,0,0,0,0,0,0,0},64},
                        {{8193,3512,0,0,0,0,0,0},32},
                        {{64512,0,0,0,0,0,0,0},7},
                        {{65152,0,0,0,0,0,0,0},10},
                        {{65280,0,0,0,0,0,0,0},8}]},
 {turn_whitelist_clients,[{{127,0,0,1},32}]},
 {turn_whitelist_peers,[{{127,0,0,1},32},
                        {{203,0,113,113},32},
                        {{8193,3512,0,0,0,0,0,0},64}]}] (eturnal:start_listeners/0:419)
2026-09-16 16:52:08.990827+00:00 [info] Listening on 127.0.0.1:34780 (tcp) (STUN only) (eturnal:start_listeners/0:426)
2026-09-16 16:52:08.990942+00:00 [debug] Starting listener 127.0.0.1:53490 (tls) with options:
[{use_turn,false},
 {auth_type,anonymous},
 {tls,true},
 {certfile,<<"run/cert.pem">>},
 {ciphers,<<"HIGH:!aNULL:@STRENGTH">>},
 {protocol_options,<<"no_tlsv1|no_tlsv1_1|cipher_server_preference">>},
 {turn_ipv4_address,{127,0,0,1}},
 {turn_min_port,49152},
 {turn_max_port,65535},
 {turn_max_allocations,10},
 {turn_max_permissions,10},
 {shaper,100000},
 {auth_realm,<<"eturnal.net">>},
 {server_name,<<"eturnal">>},
 {auth_fun,fun eturnal:get_password/2},
 {hook_fun,fun eturnal:run_hook/2},
 {turn_blacklist_clients,[{{127,0,0,1},8}]},
 {turn_blacklist_peers,[{{10,0,0,0},8},
                        {{100,64,0,0},10},
                        {{127,0,0,0},8},
                        {{169,254,0,0},16},
                        {{172,16,0,0},12},
                        {{192,0,0,0},24},
                        {{192,0,2,0},24},
                        {{192,88,99,0},24},
                        {{192,168,0,0},16},
                        {{198,18,0,0},15},
                        {{198,51,100,0},24},
                        {{203,0,113,0},24},
                        {{224,0,0,0},4},
                        {{240,0,0,0},4},
                        {{0,0,0,0,0,0,0,1},128},
                        {{100,65435,0,0,0,0,0,0},96},
                        {{256,0,0,0,0,0,0,0},64},
                        {{8193,3512,0,0,0,0,0,0},32},
                        {{64512,0,0,0,0,0,0,0},7},
                        {{65152,0,0,0,0,0,0,0},10},
                        {{65280,0,0,0,0,0,0,0},8}]},
 {turn_whitelist_clients,[{{127,0,0,1},32}]},
 {turn_whitelist_peers,[{{127,0,0,1},32},
                        {{203,0,113,113},32},
                        {{8193,3512,0,0,0,0,0,0},64}]}] (eturnal:start_listeners/0:419)
2026-09-16 16:52:08.991521+00:00 [info] Listening on 127.0.0.1:53490 (tls) (STUN only) (eturnal:start_listeners/0:426)
2026-09-16 16:52:08.991647+00:00 [debug] Starting listener 127.0.0.1:34781 (auto) with options:
[{use_turn,false},
 {auth_type,anonymous},
 {tls,optional},
 {certfile,<<"run/cert.pem">>},
 {ciphers,<<"HIGH:!aNULL:@STRENGTH">>},
 {protocol_options,<<"no_tlsv1|no_tlsv1_1|cipher_server_preference">>},
 {turn_ipv4_address,{127,0,0,1}},
 {turn_min_port,49152},
 {turn_max_port,65535},
 {turn_max_allocations,10},
 {turn_max_permissions,10},
 {shaper,100000},
 {auth_realm,<<"eturnal.net">>},
 {server_name,<<"eturnal">>},
 {auth_fun,fun eturnal:get_password/2},
 {hook_fun,fun eturnal:run_hook/2},
 {turn_blacklist_clients,[{{127,0,0,1},8}]},
 {turn_blacklist_peers,[{{10,0,0,0},8},
                        {{100,64,0,0},10},
                        {{127,0,0,0},8},
                        {{169,254,0,0},16},
                        {{172,16,0,0},12},
                        {{192,0,0,0},24},
                        {{192,0,2,0},24},
                        {{192,88,99,0},24},
                        {{192,168,0,0},16},
                        {{198,18,0,0},15},
                        {{198,51,100,0},24},
                        {{203,0,113,0},24},
                        {{224,0,0,0},4},
                        {{240,0,0,0},4},
                        {{0,0,0,0,0,0,0,1},128},
                        {{100,65435,0,0,0,0,0,0},96},
                        {{256,0,0,0,0,0,0,0},64},
                        {{8193,3512,0,0,0,0,0,0},32},
                        {{64512,0,0,0,0,0,0,0},7},
                        {{65152,0,0,0,0,0,0,0},10},
                        {{65280,0,0,0,0,0,0,0},8}]},
 {turn_whitelist_clients,[{{127,0,0,1},32}]},
 {turn_whitelist_peers,[{{127,0,0,1},32},
                        {{203,0,113,113},32},
                        {{8193,3512,0,0,0,0,0,0},64}]}] (eturnal:start_listeners/0:419)
2026-09-16 16:52:09.006674+00:00 [info] Listening on 127.0.0.1:34781 (auto) (STUN only) (eturnal:start_listeners/0:426)
2026-09-16 16:52:09.006861+00:00 [debug] Started 3 modules (eturnal:init/1:105)
2026-09-16 16:52:09.006963+00:00 [debug] Started 4 listeners (eturnal:init/1:106)
2026-09-16 16:52:09.007069+00:00 [debug] PROGRESS REPORT:
    supervisor: {local,eturnal_sup}
    started: [{pid,<0.962.0>},
              {id,eturnal},
              {mfargs,{eturnal,start_link,[]}},
              {restart_type,permanent},
              {significant,false},
              {shutdown,5000},
              {child_type,worker}]
 (supervisor:report_progress/3:2323)
2026-09-16 16:52:09.007191+00:00 [debug] No NOTIFY_SOCKET, dropping READY=1 notification (eturnal_systemd:handle_cast/2:99)
2026-09-16 16:52:09.007245+00:00 [debug] PROGRESS REPORT:
    application: eturnal
    started_at: nonode@nohost
 (application_controller:info_started/2:2154)
2026-09-16 16:52:09.035034+00:00 [debug] Handling API call: get_status() (eturnal_ctl:get_status/0:109)
2026-09-16 16:52:09.035192+00:00 [debug] eturnal call (get_status) returned ok (eturnal_ctl:call/1:439)
2026-09-16 16:52:09.058501+00:00 [debug] Handling API call: get_info() (eturnal_ctl:get_info/0:119)
2026-09-16 16:52:09.059186+00:00 [debug] eturnal call (get_info) returned {ok,
                                  {eturnal_node_info,<<"1.12.2">>,
                                   {"29","17.1"},
                                   4416,0,180,93043248,1,56788320}} (eturnal_ctl:call/1:442)
2026-09-16 16:52:09.083695+00:00 [debug] Handling API call: get_sessions() (eturnal_ctl:get_sessions/0:95)
2026-09-16 16:52:09.108090+00:00 [debug] Handling API call: get_sessions("alice") (eturnal_ctl:get_sessions/1:100)
2026-09-16 16:52:09.108483+00:00 [debug] Handling API call: get_sessions("1256900400:alice") (eturnal_ctl:get_sessions/1:100)
2026-09-16 16:52:09.108797+00:00 [debug] Handling API call: get_sessions(alice) (eturnal_ctl:get_sessions/1:100)
2026-09-16 16:52:09.108921+00:00 [debug] Cannot convert user name to binary: alice (eturnal_ctl:with_username/2:201)
2026-09-16 16:52:09.133153+00:00 [debug] Handling API call: disconnect("alice") (eturnal_ctl:disconnect/1:168)
2026-09-16 16:52:09.133422+00:00 [debug] Handling API call: disconnect(alice) (eturnal_ctl:disconnect/1:168)
2026-09-16 16:52:09.133565+00:00 [debug] Cannot convert user name to binary: alice (eturnal_ctl:with_username/2:201)
2026-09-16 16:52:09.157686+00:00 [debug] Handling API call: get_credentials("2009-10-30 11:00:00Z", []) (eturnal_ctl:get_credentials/2:60)
2026-09-16 16:52:09.157918+00:00 [debug] eturnal call ({get_password,<<"1256900400">>}) returned {ok,
                                                         <<"uEKlpcME7MNMMVRV8rUFPCTIFEs=">>} (eturnal_ctl:call/1:442)
2026-09-16 16:52:09.162142+00:00 [debug] Handling API call: get_credentials("86400", "alice") (eturnal_ctl:get_credentials/2:60)
2026-09-16 16:52:09.162326+00:00 [debug] eturnal call ({get_password,<<"1789663929:alice">>}) returned {ok,
                                                               <<"m+kMNXO7RUqWboa5xOEqnVErX3s=">>} (eturnal_ctl:call/1:442)
2026-09-16 16:52:09.162478+00:00 [debug] Handling API call: get_password("1789663929:alice") (eturnal_ctl:get_password/1:79)
2026-09-16 16:52:09.162619+00:00 [debug] eturnal call ({get_password,<<"1789663929:alice">>}) returned {ok,
                                                               <<"m+kMNXO7RUqWboa5xOEqnVErX3s=">>} (eturnal_ctl:call/1:442)
2026-09-16 16:52:09.162788+00:00 [debug] Handling API call: get_credentials("86400s", "alice") (eturnal_ctl:get_credentials/2:60)
2026-09-16 16:52:09.162924+00:00 [debug] eturnal call ({get_password,<<"1789663929:alice">>}) returned {ok,
                                                               <<"m+kMNXO7RUqWboa5xOEqnVErX3s=">>} (eturnal_ctl:call/1:442)
2026-09-16 16:52:09.163046+00:00 [debug] Handling API call: get_password("1789663929:alice") (eturnal_ctl:get_password/1:79)
2026-09-16 16:52:09.163149+00:00 [debug] eturnal call ({get_password,<<"1789663929:alice">>}) returned {ok,
                                                               <<"m+kMNXO7RUqWboa5xOEqnVErX3s=">>} (eturnal_ctl:call/1:442)
2026-09-16 16:52:09.163316+00:00 [debug] Handling API call: get_credentials("1440m", "alice") (eturnal_ctl:get_credentials/2:60)
2026-09-16 16:52:09.163441+00:00 [debug] eturnal call ({get_password,<<"1789663929:alice">>}) returned {ok,
                                                               <<"m+kMNXO7RUqWboa5xOEqnVErX3s=">>} (eturnal_ctl:call/1:442)
2026-09-16 16:52:09.163545+00:00 [debug] Handling API call: get_password("1789663929:alice") (eturnal_ctl:get_password/1:79)
2026-09-16 16:52:09.163634+00:00 [debug] eturnal call ({get_password,<<"1789663929:alice">>}) returned {ok,
                                                               <<"m+kMNXO7RUqWboa5xOEqnVErX3s=">>} (eturnal_ctl:call/1:442)
2026-09-16 16:52:09.163807+00:00 [debug] Handling API call: get_credentials("24h", "alice") (eturnal_ctl:get_credentials/2:60)
2026-09-16 16:52:09.163927+00:00 [debug] eturnal call ({get_password,<<"1789663929:alice">>}) returned {ok,
                                                               <<"m+kMNXO7RUqWboa5xOEqnVErX3s=">>} (eturnal_ctl:call/1:442)
2026-09-16 16:52:09.164035+00:00 [debug] Handling API call: get_password("1789663929:alice") (eturnal_ctl:get_password/1:79)
2026-09-16 16:52:09.164131+00:00 [debug] eturnal call ({get_password,<<"1789663929:alice">>}) returned {ok,
                                                               <<"m+kMNXO7RUqWboa5xOEqnVErX3s=">>} (eturnal_ctl:call/1:442)
2026-09-16 16:52:09.164315+00:00 [debug] Handling API call: get_credentials("1d", "alice") (eturnal_ctl:get_credentials/2:60)
2026-09-16 16:52:09.164443+00:00 [debug] eturnal call ({get_password,<<"1789663929:alice">>}) returned {ok,
                                                               <<"m+kMNXO7RUqWboa5xOEqnVErX3s=">>} (eturnal_ctl:call/1:442)
2026-09-16 16:52:09.164585+00:00 [debug] Handling API call: get_password("1789663929:alice") (eturnal_ctl:get_password/1:79)
2026-09-16 16:52:09.164681+00:00 [debug] eturnal call ({get_password,<<"1789663929:alice">>}) returned {ok,
                                                               <<"m+kMNXO7RUqWboa5xOEqnVErX3s=">>} (eturnal_ctl:call/1:442)
2026-09-16 16:52:09.164832+00:00 [debug] Handling API call: get_password("Invalid") (eturnal_ctl:get_password/1:79)
2026-09-16 16:52:09.164949+00:00 [debug] eturnal call ({get_password,<<"Invalid">>}) returned {error,no_credentials} (eturnal_ctl:call/1:445)
2026-09-16 16:52:09.165030+00:00 [debug] Handling API call: get_credentials("Invalid", []) (eturnal_ctl:get_credentials/2:60)
2026-09-16 16:52:09.165094+00:00 [debug] Invalid argument(s): "Invalid":[] (eturnal_ctl:get_credentials/2:73)
2026-09-16 16:52:09.165146+00:00 [debug] Handling API call: get_password(invalid) (eturnal_ctl:get_password/1:79)
2026-09-16 16:52:09.165196+00:00 [debug] Cannot convert user name to binary: invalid (eturnal_ctl:with_username/2:201)
2026-09-16 16:52:09.165301+00:00 [debug] Handling API call: get_credentials(invalid, []) (eturnal_ctl:get_credentials/2:60)
2026-09-16 16:52:09.165384+00:00 [debug] Invalid argument(s): invalid:[] (eturnal_ctl:get_credentials/2:73)
2026-09-16 16:52:09.165439+00:00 [debug] Handling API call: get_password([invalid]) (eturnal_ctl:get_password/1:79)
2026-09-16 16:52:09.165491+00:00 [debug] Cannot convert user name to binary: [invalid] (eturnal_ctl:with_username/2:201)
2026-09-16 16:52:09.165580+00:00 [debug] Handling API call: get_credentials([invalid], []) (eturnal_ctl:get_credentials/2:60)
2026-09-16 16:52:09.165643+00:00 [debug] Invalid argument(s): [invalid]:[] (eturnal_ctl:get_credentials/2:73)
2026-09-16 16:52:09.165731+00:00 [debug] Handling API call: get_credentials(1256900400, invalid) (eturnal_ctl:get_credentials/2:60)
2026-09-16 16:52:09.165792+00:00 [debug] Invalid argument(s): 1256900400:invalid (eturnal_ctl:get_credentials/2:73)
2026-09-16 16:52:09.165871+00:00 [debug] Handling API call: get_password("alice") (eturnal_ctl:get_password/1:79)
2026-09-16 16:52:09.165951+00:00 [debug] eturnal call ({get_password,<<"alice">>}) returned {ok,<<"l0vesBob">>} (eturnal_ctl:call/1:442)
2026-09-16 16:52:09.189505+00:00 [debug] Handling API call: set_loglevel(debug) (eturnal_ctl:set_loglevel/1:149)
2026-09-16 16:52:09.189717+00:00 [debug] eturnal call ({set_loglevel,debug}) returned ok (eturnal_ctl:call/1:439)
2026-09-16 16:52:09.189893+00:00 [debug] Handling API call: get_loglevel() (eturnal_ctl:get_loglevel/0:139)
2026-09-16 16:52:09.190010+00:00 [debug] eturnal call (get_loglevel) returned {ok,debug} (eturnal_ctl:call/1:442)
2026-09-16 16:52:09.190181+00:00 [debug] Handling API call: set_loglevel(invalid) (eturnal_ctl:set_loglevel/1:149)
2026-09-16 16:52:09.190293+00:00 [debug] Invalid log level: invalid (eturnal_ctl:set_loglevel/1:159)
2026-09-16 16:52:09.190433+00:00 [debug] Handling API call: get_loglevel() (eturnal_ctl:get_loglevel/0:139)
2026-09-16 16:52:09.190513+00:00 [debug] eturnal call (get_loglevel) returned {ok,debug} (eturnal_ctl:call/1:442)
2026-09-16 16:52:09.214890+00:00 [debug] Handling API call: get_version() (eturnal_ctl:get_version/0:129)
2026-09-16 16:52:09.215073+00:00 [debug] eturnal call (get_version) returned {ok,<<"1.12.2">>} (eturnal_ctl:call/1:442)
2026-09-16 16:52:09.238577+00:00 [debug] Handling API call: reload() (eturnal_ctl:reload/0:179)
2026-09-16 16:52:09.240704+00:00 [debug] Calling mod_log_stun:options/0 (eturnal_module:options/1:192)
2026-09-16 16:52:09.240842+00:00 [debug] Calling mod_stats_influx:options/0 (eturnal_module:options/1:192)
2026-09-16 16:52:09.240939+00:00 [debug] Calling mod_stats_prometheus:options/0 (eturnal_module:options/1:192)
2026-09-16 16:52:09.241590+00:00 [info] Reloading configuration (eturnal:reload/1:627)
2026-09-16 16:52:09.241716+00:00 [warning] TLS enabled without 'tls_crt_file', creating self-signed certificate (eturnal:check_pem_file/0:809)
2026-09-16 16:52:10.230146+00:00 [info] Using new TLS certificate (eturnal:reload/1:631)
2026-09-16 16:52:10.231611+00:00 [debug] Calling mod_stats_prometheus:stop/1 (eturnal_module:stop/1:163)
2026-09-16 16:52:10.231772+00:00 [debug] Stopping mod_stats_prometheus (mod_stats_prometheus:stop/0:110)
2026-09-16 16:52:10.232107+00:00 [info] Stopped mod_stats_prometheus (eturnal:stop_modules/1:397)
2026-09-16 16:52:10.233131+00:00 [debug] Calling mod_log_stun:stop/1 (eturnal_module:stop/1:163)
2026-09-16 16:52:10.233224+00:00 [debug] Stopping mod_log_stun (mod_log_stun:stop/0:49)
2026-09-16 16:52:10.233353+00:00 [info] Stopped mod_log_stun (eturnal:stop_modules/1:397)
2026-09-16 16:52:10.233967+00:00 [debug] Calling mod_stats_influx:stop/1 (eturnal_module:stop/1:163)
2026-09-16 16:52:10.234156+00:00 [debug] Stopping mod_stats_influx (mod_stats_influx:stop/0:61)
2026-09-16 16:52:10.234455+00:00 [info] Stopped mod_stats_influx (eturnal:stop_modules/1:397)
2026-09-16 16:52:10.234569+00:00 [debug] Calling mod_stats_prometheus:start/0 (eturnal_module:start/1:143)
2026-09-16 16:52:10.234669+00:00 [debug] Starting mod_stats_prometheus (mod_stats_prometheus:start/0:56)
2026-09-16 16:52:10.234784+00:00 [debug] Dependency prometheus_httpd was available already (eturnal_module:ensure_dep/2:284)
2026-09-16 16:52:10.235404+00:00 [debug] PROGRESS REPORT:
    supervisor: {local,httpd_instance_sup__127_0_0_1__9081default}
    started: [{pid,<0.1128.0>},
              {id,{httpd_connection_sup,{127,0,0,1},9081,default}},
              {mfargs,{httpd_connection_sup,start_link,[[{127,0,0,1},9081]]}},
              {restart_type,permanent},
              {significant,false},
              {shutdown,5000},
              {child_type,supervisor}]
 (supervisor:report_progress/3:2323)
2026-09-16 16:52:10.235551+00:00 [debug] PROGRESS REPORT:
    supervisor: {local,httpd_instance_sup__127_0_0_1__9081default}
    started: [{pid,<0.1129.0>},
              {id,{httpd_misc_sup,{127,0,0,1},9081,default}},
              {mfargs,{httpd_misc_sup,start_link,[{127,0,0,1},9081,default]}},
              {restart_type,permanent},
              {significant,false},
              {shutdown,infinity},
              {child_type,supervisor}]
 (supervisor:report_progress/3:2323)
2026-09-16 16:52:10.235835+00:00 [debug] PROGRESS REPORT:
    supervisor: {local,httpd_instance_sup__127_0_0_1__9081default}
    started: [{pid,<0.1130.0>},
              {id,{httpd_manager,{127,0,0,1},9081,default}},
              {mfargs,
                  {httpd_manager,start_link,
                      [undefined,
                       [{bind_address,{127,0,0,1}},
                        {socket_type,ip_comm},
                        {port,9081},
                        {server_root,"run/mod_stats_prometheus/doc"},
                        {document_root,"run/mod_stats_prometheus/doc"},
                        {server_name,"Prometheus Exporter"},
                        {modules,[prometheus_httpd]}],
                       15000]}},
              {restart_type,permanent},
              {significant,false},
              {shutdown,4000},
              {child_type,worker}]
 (supervisor:report_progress/3:2323)
2026-09-16 16:52:10.236205+00:00 [debug] PROGRESS REPORT:
    supervisor: {local,httpd_acceptor_sup__127_0_0_1__9081default}
    started: [{pid,<0.1132.0>},
              {id,{httpd_acceptor_sup,{127,0,0,1},9081,default}},
              {mfargs,{httpd_acceptor,start_link,
                                      [httpd__127_0_0_1__9081default,ip_comm,
                                       {127,0,0,1},
                                       9081,inet,
                                       httpd_conf__127_0_0_1__9081default,
                                       15000]}},
              {restart_type,transient},
              {significant,false},
              {shutdown,brutal_kill},
              {child_type,worker}]
 (supervisor:report_progress/3:2323)
2026-09-16 16:52:10.236382+00:00 [debug] PROGRESS REPORT:
    supervisor: {local,httpd_instance_sup__127_0_0_1__9081default}
    started: [{pid,<0.1131.0>},
              {id,{httpd_acceptor_sup,{127,0,0,1},9081,default}},
              {mfargs,
                  {httpd_acceptor_sup,start_link,
                      [[{127,0,0,1},
                        9081,
                        [{bind_address,{127,0,0,1}},
                         {socket_type,ip_comm},
                         {port,9081},
                         {server_root,"run/mod_stats_prometheus/doc"},
                         {document_root,"run/mod_stats_prometheus/doc"},
                         {server_name,"Prometheus Exporter"},
                         {modules,[prometheus_httpd]}],
                        15000,undefined]]}},
              {restart_type,permanent},
              {significant,false},
              {shutdown,infinity},
              {child_type,supervisor}]
 (supervisor:report_progress/3:2323)
2026-09-16 16:52:10.236839+00:00 [debug] PROGRESS REPORT:
    supervisor: {local,httpd_sup}
    started: [{pid,<0.1127.0>},
              {id,{httpd_instance_sup,{127,0,0,1},9081,default}},
              {mfargs,
                  {httpd_instance_sup,start_link,
                      [[{bind_address,{127,0,0,1}},
                        {socket_type,ip_comm},
                        {port,9081},
                        {server_root,"run/mod_stats_prometheus/doc"},
                        {document_root,"run/mod_stats_prometheus/doc"},
                        {server_name,"Prometheus Exporter"},
                        {modules,[prometheus_httpd]}],
                       15000,[]]}},
              {restart_type,permanent},
              {significant,false},
              {shutdown,infinity},
              {child_type,supervisor}]
 (supervisor:report_progress/3:2333)
2026-09-16 16:52:10.238193+00:00 [info] Started mod_stats_prometheus (eturnal:start_modules/0:384)
2026-09-16 16:52:10.238359+00:00 [debug] Calling mod_log_stun:start/0 (eturnal_module:start/1:143)
2026-09-16 16:52:10.238428+00:00 [debug] Starting mod_log_stun (mod_log_stun:start/0:38)
2026-09-16 16:52:10.238861+00:00 [info] Started mod_log_stun (eturnal:start_modules/0:384)
2026-09-16 16:52:10.239007+00:00 [debug] Calling mod_stats_influx:start/0 (eturnal_module:start/1:143)
2026-09-16 16:52:10.239176+00:00 [debug] Starting mod_stats_influx (mod_stats_influx:start/0:37)
2026-09-16 16:52:10.239335+00:00 [debug] Dependency influx_udp was available already (eturnal_module:ensure_dep/2:284)
2026-09-16 16:52:10.239718+00:00 [info]     options: #{port => 8089,host => "localhost",pool_size => 1,
               max_overflow => 1}
    msg: Start clients pool
    host: {127,0,0,1} (influx_udp:start_pool_/2:239)
2026-09-16 16:52:10.240900+00:00 [info] Started mod_stats_influx (eturnal:start_modules/0:384)
2026-09-16 16:52:10.241007+00:00 [debug] Restarted modules (eturnal:reload/1:639)
2026-09-16 16:52:10.241197+00:00 [debug] eturnal call (reload) returned ok (eturnal_ctl:call/1:439)
2026-09-16 16:52:10.241688+00:00 [debug] Handling API call: reload() (eturnal_ctl:reload/0:179)
2026-09-16 16:52:10.244135+00:00 [debug] Calling mod_log_stun:options/0 (eturnal_module:options/1:192)
2026-09-16 16:52:10.244319+00:00 [debug] Calling mod_stats_influx:options/0 (eturnal_module:options/1:192)
2026-09-16 16:52:10.244456+00:00 [debug] Calling mod_stats_prometheus:options/0 (eturnal_module:options/1:192)
2026-09-16 16:52:10.245282+00:00 [info] Reloading configuration (eturnal:reload/1:627)
2026-09-16 16:52:10.245580+00:00 [debug] Keeping PEM file (run/cert.pem) (eturnal:check_pem_file/0:806)
2026-09-16 16:52:10.245723+00:00 [debug] TLS certificate unchanged (eturnal:reload/1:633)
2026-09-16 16:52:10.247567+00:00 [debug] Calling mod_stats_prometheus:stop/1 (eturnal_module:stop/1:163)
2026-09-16 16:52:10.247763+00:00 [debug] Stopping mod_stats_prometheus (mod_stats_prometheus:stop/0:110)
2026-09-16 16:52:10.248259+00:00 [info] Stopped mod_stats_prometheus (eturnal:stop_modules/1:397)
2026-09-16 16:52:10.249517+00:00 [debug] Calling mod_log_stun:stop/1 (eturnal_module:stop/1:163)
2026-09-16 16:52:10.249654+00:00 [debug] Stopping mod_log_stun (mod_log_stun:stop/0:49)
2026-09-16 16:52:10.249766+00:00 [info] Stopped mod_log_stun (eturnal:stop_modules/1:397)
2026-09-16 16:52:10.250403+00:00 [debug] Calling mod_stats_influx:stop/1 (eturnal_module:stop/1:163)
2026-09-16 16:52:10.250553+00:00 [debug] Stopping mod_stats_influx (mod_stats_influx:stop/0:61)
2026-09-16 16:52:10.250698+00:00 [info] Stopped mod_stats_influx (eturnal:stop_modules/1:397)
2026-09-16 16:52:10.250800+00:00 [debug] Calling mod_stats_prometheus:start/0 (eturnal_module:start/1:143)
2026-09-16 16:52:10.250897+00:00 [debug] Starting mod_stats_prometheus (mod_stats_prometheus:start/0:56)
2026-09-16 16:52:10.250997+00:00 [debug] Dependency prometheus_httpd was available already (eturnal_module:ensure_dep/2:284)
2026-09-16 16:52:10.251562+00:00 [debug] PROGRESS REPORT:
    supervisor: {local,httpd_instance_sup__127_0_0_1__9081default}
    started: [{pid,<0.1164.0>},
              {id,{httpd_connection_sup,{127,0,0,1},9081,default}},
              {mfargs,{httpd_connection_sup,start_link,[[{127,0,0,1},9081]]}},
              {restart_type,permanent},
              {significant,false},
              {shutdown,5000},
              {child_type,supervisor}]
 (supervisor:report_progress/3:2323)
2026-09-16 16:52:10.251708+00:00 [debug] PROGRESS REPORT:
    supervisor: {local,httpd_instance_sup__127_0_0_1__9081default}
    started: [{pid,<0.1165.0>},
              {id,{httpd_misc_sup,{127,0,0,1},9081,default}},
              {mfargs,{httpd_misc_sup,start_link,[{127,0,0,1},9081,default]}},
              {restart_type,permanent},
              {significant,false},
              {shutdown,infinity},
              {child_type,supervisor}]
 (supervisor:report_progress/3:2323)
2026-09-16 16:52:10.252018+00:00 [debug] PROGRESS REPORT:
    supervisor: {local,httpd_instance_sup__127_0_0_1__9081default}
    started: [{pid,<0.1166.0>},
              {id,{httpd_manager,{127,0,0,1},9081,default}},
              {mfargs,
                  {httpd_manager,start_link,
                      [undefined,
                       [{bind_address,{127,0,0,1}},
                        {socket_type,ip_comm},
                        {port,9081},
                        {server_root,"run/mod_stats_prometheus/doc"},
                        {document_root,"run/mod_stats_prometheus/doc"},
                        {server_name,"Prometheus Exporter"},
                        {modules,[prometheus_httpd]}],
                       15000]}},
              {restart_type,permanent},
              {significant,false},
              {shutdown,4000},
              {child_type,worker}]
 (supervisor:report_progress/3:2323)
2026-09-16 16:52:10.252386+00:00 [debug] PROGRESS REPORT:
    supervisor: {local,httpd_acceptor_sup__127_0_0_1__9081default}
    started: [{pid,<0.1168.0>},
              {id,{httpd_acceptor_sup,{127,0,0,1},9081,default}},
              {mfargs,{httpd_acceptor,start_link,
                                      [httpd__127_0_0_1__9081default,ip_comm,
                                       {127,0,0,1},
                                       9081,inet,
                                       httpd_conf__127_0_0_1__9081default,
                                       15000]}},
              {restart_type,transient},
              {significant,false},
              {shutdown,brutal_kill},
              {child_type,worker}]
 (supervisor:report_progress/3:2323)
2026-09-16 16:52:10.252526+00:00 [debug] PROGRESS REPORT:
    supervisor: {local,httpd_instance_sup__127_0_0_1__9081default}
    started: [{pid,<0.1167.0>},
              {id,{httpd_acceptor_sup,{127,0,0,1},9081,default}},
              {mfargs,
                  {httpd_acceptor_sup,start_link,
                      [[{127,0,0,1},
                        9081,
                        [{bind_address,{127,0,0,1}},
                         {socket_type,ip_comm},
                         {port,9081},
                         {server_root,"run/mod_stats_prometheus/doc"},
                         {document_root,"run/mod_stats_prometheus/doc"},
                         {server_name,"Prometheus Exporter"},
                         {modules,[prometheus_httpd]}],
                        15000,undefined]]}},
              {restart_type,permanent},
              {significant,false},
              {shutdown,infinity},
              {child_type,supervisor}]
 (supervisor:report_progress/3:2323)
2026-09-16 16:52:10.252650+00:00 [debug] PROGRESS REPORT:
    supervisor: {local,httpd_sup}
    started: [{pid,<0.1163.0>},
              {id,{httpd_instance_sup,{127,0,0,1},9081,default}},
              {mfargs,
                  {httpd_instance_sup,start_link,
                      [[{bind_address,{127,0,0,1}},
                        {socket_type,ip_comm},
                        {port,9081},
                        {server_root,"run/mod_stats_prometheus/doc"},
                        {document_root,"run/mod_stats_prometheus/doc"},
                        {server_name,"Prometheus Exporter"},
                        {modules,[prometheus_httpd]}],
                       15000,[]]}},
              {restart_type,permanent},
              {significant,false},
              {shutdown,infinity},
              {child_type,supervisor}]
 (supervisor:report_progress/3:2333)
2026-09-16 16:52:10.253822+00:00 [info] Started mod_stats_prometheus (eturnal:start_modules/0:384)
2026-09-16 16:52:10.253948+00:00 [debug] Calling mod_log_stun:start/0 (eturnal_module:start/1:143)
2026-09-16 16:52:10.254030+00:00 [debug] Starting mod_log_stun (mod_log_stun:start/0:38)
2026-09-16 16:52:10.255171+00:00 [info] Started mod_log_stun (eturnal:start_modules/0:384)
2026-09-16 16:52:10.255302+00:00 [debug] Calling mod_stats_influx:start/0 (eturnal_module:start/1:143)
2026-09-16 16:52:10.255387+00:00 [debug] Starting mod_stats_influx (mod_stats_influx:start/0:37)
2026-09-16 16:52:10.255528+00:00 [debug] Dependency influx_udp was available already (eturnal_module:ensure_dep/2:284)
2026-09-16 16:52:10.256079+00:00 [info]     options: #{port => 8089,host => "localhost",pool_size => 1,
               max_overflow => 1}
    msg: Start clients pool
    host: {127,0,0,1} (influx_udp:start_pool_/2:239)
2026-09-16 16:52:10.257881+00:00 [info] Started mod_stats_influx (eturnal:start_modules/0:384)
2026-09-16 16:52:10.257998+00:00 [debug] Restarted modules (eturnal:reload/1:639)
2026-09-16 16:52:10.258061+00:00 [debug] eturnal call (reload) returned ok (eturnal_ctl:call/1:439)
2026-09-16 16:52:10.284522+00:00 [info] Accepting connection: 127.0.0.1:51118 -> 127.0.0.1:34780 [TCP, session 3yd3mxksas8f] (stun_acceptor:accept/3:158)
2026-09-16 16:52:10.310279+00:00 [info] Accepting connection: 127.0.0.1:43482 -> 127.0.0.1:53490 [TLS, session bozcsi1kqzqq] (stun_acceptor:accept/3:158)
2026-09-16 16:52:10.340033+00:00 [debug] Received:
#stun{class = request,method = 3,magic = 554869826,
      trid = 15413212794099741508604046503,raw = <<>>,unsupported = [],
      'ALTERNATE-SERVER' = undefined,'CHANNEL-NUMBER' = undefined,
      'DATA' = undefined,'DONT-FRAGMENT' = false,'ERROR-CODE' = undefined,
      'LIFETIME' = undefined,'MAPPED-ADDRESS' = undefined,
      'MESSAGE-INTEGRITY' = undefined,'NONCE' = undefined,'REALM' = undefined,
      'REQUESTED-ADDRESS-FAMILY' = undefined,
      'REQUESTED-TRANSPORT' = undefined,'SOFTWARE' = undefined,
      'UNKNOWN-ATTRIBUTES' = [],'USERNAME' = undefined,
      'XOR-MAPPED-ADDRESS' = undefined,'XOR-PEER-ADDRESS' = [],
      'XOR-RELAYED-ADDRESS' = undefined} (stun:udp_recv/5:146)
2026-09-16 16:52:10.340205+00:00 [debug] Sending:
#stun{class = error,method = 3,magic = 554869826,
      trid = 15413212794099741508604046503,raw = <<>>,unsupported = [],
      'ALTERNATE-SERVER' = undefined,'CHANNEL-NUMBER' = undefined,
      'DATA' = undefined,'DONT-FRAGMENT' = false,
      'ERROR-CODE' = {401,<<"Unauthorized">>},
      'LIFETIME' = undefined,'MAPPED-ADDRESS' = undefined,
      'MESSAGE-INTEGRITY' = undefined,'NONCE' = <<"329880338">>,
      'REALM' = <<"eturnal.net">>,'REQUESTED-ADDRESS-FAMILY' = undefined,
      'REQUESTED-TRANSPORT' = undefined,'SOFTWARE' = <<"eturnal">>,
      'UNKNOWN-ATTRIBUTES' = [],'USERNAME' = undefined,
      'XOR-MAPPED-ADDRESS' = undefined,'XOR-PEER-ADDRESS' = [],
      'XOR-RELAYED-ADDRESS' = undefined} (stun:send/3:500)
2026-09-16 16:52:10.340577+00:00 [debug] Received:
#stun{class = request,method = 3,magic = 554869826,
      trid = 13064165943728653423262091225,
      raw = <<0,3,0,76,33,18,164,66,42,54,108,190,229,36,113,59,168,100,199,
              217,0,25,0,4,17,0,0,0,0,6,0,5,97,108,105,99,101,0,0,0,0,20,0,11,
              101,116,117,114,110,97,108,46,110,101,116,0,0,21,0,9,51,50,57,56,
              56,48,51,51,56,0,0,0>>,
      unsupported = [],'ALTERNATE-SERVER' = undefined,
      'CHANNEL-NUMBER' = undefined,'DATA' = undefined,'DONT-FRAGMENT' = false,
      'ERROR-CODE' = undefined,'LIFETIME' = undefined,
      'MAPPED-ADDRESS' = undefined,
      'MESSAGE-INTEGRITY' = <<165,78,97,31,189,110,214,174,62,0,208,155,169,
                              148,243,181,110,27,184,240>>,
      'NONCE' = <<"329880338">>,'REALM' = <<"eturnal.net">>,
      'REQUESTED-ADDRESS-FAMILY' = undefined,'REQUESTED-TRANSPORT' = udp,
      'SOFTWARE' = undefined,'UNKNOWN-ATTRIBUTES' = [],
      'USERNAME' = <<"alice">>,'XOR-MAPPED-ADDRESS' = undefined,
      'XOR-PEER-ADDRESS' = [],'XOR-RELAYED-ADDRESS' = undefined} (stun:udp_recv/5:146)
2026-09-16 16:52:10.340701+00:00 [debug] Looking up password for: alice [UDP, session 7e6vbmiz3yde, user alice, client 127.0.0.1:33395] (eturnal:get_password/2:259)
2026-09-16 16:52:10.340781+00:00 [info] Accepting long-term STUN/TURN authentication [UDP, session 7e6vbmiz3yde, user alice, client 127.0.0.1:33395] (stun:process/2:289)
2026-09-16 16:52:10.344543+00:00 [debug] Running 'turn_session_start' hook [UDP, session 7e6vbmiz3yde, user alice, client 127.0.0.1:33395] (turn:run_hook/3:753)
2026-09-16 16:52:10.344645+00:00 [debug] Got 'turn_session_start' event [UDP, session 7e6vbmiz3yde, user alice, client 127.0.0.1:33395] (eturnal_module:handle_event/2:177)
2026-09-16 16:52:10.344708+00:00 [debug] Calling mod_stats_prometheus:handle_event/2 [UDP, session 7e6vbmiz3yde, user alice, client 127.0.0.1:33395] (eturnal_module:handle_event/2:180)
2026-09-16 16:52:10.344781+00:00 [debug] Observing started TURN session 7e6vbmiz3yde for Prometheus [UDP, session 7e6vbmiz3yde, user alice, client 127.0.0.1:33395] (mod_stats_prometheus:on_turn_session_start/1:174)
2026-09-16 16:52:10.345021+00:00 [notice] Creating TURN allocation (lifetime: 599 seconds) [UDP, session 7e6vbmiz3yde, user alice, client 127.0.0.1:33395, relay 127.0.0.1:60804] (turn:wait_for_allocate/2:226)
2026-09-16 16:52:10.345148+00:00 [debug] Sending:
#stun{class = response,method = 3,magic = 554869826,
      trid = 13064165943728653423262091225,raw = <<>>,unsupported = [],
      'ALTERNATE-SERVER' = undefined,'CHANNEL-NUMBER' = undefined,
      'DATA' = undefined,'DONT-FRAGMENT' = false,'ERROR-CODE' = undefined,
      'LIFETIME' = 599,'MAPPED-ADDRESS' = undefined,
      'MESSAGE-INTEGRITY' = undefined,'NONCE' = undefined,'REALM' = undefined,
      'REQUESTED-ADDRESS-FAMILY' = undefined,
      'REQUESTED-TRANSPORT' = undefined,'SOFTWARE' = <<"eturnal">>,
      'UNKNOWN-ATTRIBUTES' = [],'USERNAME' = undefined,
      'XOR-MAPPED-ADDRESS' = {{127,0,0,1},33395},
      'XOR-PEER-ADDRESS' = [],
      'XOR-RELAYED-ADDRESS' = {{127,0,0,1},60804}} (turn:send/2:549)
2026-09-16 16:52:10.345495+00:00 [debug] Received:
#stun{class = request,method = 4,magic = 554869826,
      trid = 33103316914465550071776679770,
      raw = <<0,4,0,76,33,18,164,66,106,246,108,5,193,201,192,114,252,240,23,
              90,0,6,0,5,97,108,105,99,101,0,0,0,0,20,0,11,101,116,117,114,110,
              97,108,46,110,101,116,0,0,21,0,9,51,50,57,56,56,48,51,51,56,0,0,
              0,0,13,0,4,0,0,0,0>>,
      unsupported = [],'ALTERNATE-SERVER' = undefined,
      'CHANNEL-NUMBER' = undefined,'DATA' = undefined,'DONT-FRAGMENT' = false,
      'ERROR-CODE' = undefined,'LIFETIME' = 0,'MAPPED-ADDRESS' = undefined,
      'MESSAGE-INTEGRITY' = <<213,255,130,55,202,51,111,180,41,31,12,22,104,19,
                              84,142,144,11,10,211>>,
      'NONCE' = <<"329880338">>,'REALM' = <<"eturnal.net">>,
      'REQUESTED-ADDRESS-FAMILY' = undefined,
      'REQUESTED-TRANSPORT' = undefined,'SOFTWARE' = undefined,
      'UNKNOWN-ATTRIBUTES' = [],'USERNAME' = <<"alice">>,
      'XOR-MAPPED-ADDRESS' = undefined,'XOR-PEER-ADDRESS' = [],
      'XOR-RELAYED-ADDRESS' = undefined} (stun:udp_recv/5:146)
2026-09-16 16:52:10.345608+00:00 [debug] Looking up password for: alice [UDP, session 06edf0oygx3w, user alice, client 127.0.0.1:33395] (eturnal:get_password/2:259)
2026-09-16 16:52:10.345677+00:00 [info] Accepting long-term STUN/TURN authentication [UDP, session 06edf0oygx3w, user alice, client 127.0.0.1:33395] (stun:process/2:289)
2026-09-16 16:52:10.345723+00:00 [info] Client requested closing the TURN session [UDP, session 7e6vbmiz3yde, user alice, client 127.0.0.1:33395, relay 127.0.0.1:60804] (turn:active/2:285)
2026-09-16 16:52:10.345824+00:00 [debug] Sending:
#stun{class = response,method = 4,magic = 554869826,
      trid = 33103316914465550071776679770,raw = <<>>,unsupported = [],
      'ALTERNATE-SERVER' = undefined,'CHANNEL-NUMBER' = undefined,
      'DATA' = undefined,'DONT-FRAGMENT' = false,'ERROR-CODE' = undefined,
      'LIFETIME' = 0,'MAPPED-ADDRESS' = undefined,
      'MESSAGE-INTEGRITY' = undefined,'NONCE' = undefined,'REALM' = undefined,
      'REQUESTED-ADDRESS-FAMILY' = undefined,
      'REQUESTED-TRANSPORT' = undefined,'SOFTWARE' = <<"eturnal">>,
      'UNKNOWN-ATTRIBUTES' = [],'USERNAME' = undefined,
      'XOR-MAPPED-ADDRESS' = undefined,'XOR-PEER-ADDRESS' = [],
      'XOR-RELAYED-ADDRESS' = undefined} (turn:send/2:549)
2026-09-16 16:52:10.345977+00:00 [info] Deleting TURN allocation [UDP, session 7e6vbmiz3yde, user alice, client 127.0.0.1:33395, relay 127.0.0.1:60804] (turn:terminate/3:482)
2026-09-16 16:52:10.346043+00:00 [notice] Relayed 0 KiB (in 0 B / 0 packets, out 0 B / 0 packets), duration: 0 seconds [UDP, session 7e6vbmiz3yde, user alice, client 127.0.0.1:33395, relay 127.0.0.1:60804] (turn:terminate/3:489)
2026-09-16 16:52:10.346106+00:00 [debug] Running 'turn_session_stop' hook [UDP, session 7e6vbmiz3yde, user alice, client 127.0.0.1:33395, relay 127.0.0.1:60804] (turn:run_hook/3:753)
2026-09-16 16:52:10.346168+00:00 [debug] Got 'turn_session_stop' event [UDP, session 7e6vbmiz3yde, user alice, client 127.0.0.1:33395, relay 127.0.0.1:60804] (eturnal_module:handle_event/2:177)
2026-09-16 16:52:10.346206+00:00 [debug] Received:
#stun{class = request,method = 3,magic = 554869826,
      trid = 13313662922008352894552345539,raw = <<>>,unsupported = [],
      'ALTERNATE-SERVER' = undefined,'CHANNEL-NUMBER' = undefined,
      'DATA' = undefined,'DONT-FRAGMENT' = false,'ERROR-CODE' = undefined,
      'LIFETIME' = undefined,'MAPPED-ADDRESS' = undefined,
      'MESSAGE-INTEGRITY' = undefined,'NONCE' = undefined,'REALM' = undefined,
      'REQUESTED-ADDRESS-FAMILY' = undefined,
      'REQUESTED-TRANSPORT' = undefined,'SOFTWARE' = undefined,
      'UNKNOWN-ATTRIBUTES' = [],'USERNAME' = undefined,
      'XOR-MAPPED-ADDRESS' = undefined,'XOR-PEER-ADDRESS' = [],
      'XOR-RELAYED-ADDRESS' = undefined} (stun:udp_recv/5:146)
2026-09-16 16:52:10.346207+00:00 [debug] Calling mod_stats_influx:handle_event/2 [UDP, session 7e6vbmiz3yde, user alice, client 127.0.0.1:33395, relay 127.0.0.1:60804] (eturnal_module:handle_event/2:180)
2026-09-16 16:52:10.346340+00:00 [debug] Writing stats of TURN session 7e6vbmiz3yde to InfluxDB [UDP, session 7e6vbmiz3yde, user alice, client 127.0.0.1:33395, relay 127.0.0.1:60804] (mod_stats_influx:on_turn_session_stop/1:87)
2026-09-16 16:52:10.346365+00:00 [debug] Sending:
#stun{class = error,method = 3,magic = 554869826,
      trid = 13313662922008352894552345539,raw = <<>>,unsupported = [],
      'ALTERNATE-SERVER' = undefined,'CHANNEL-NUMBER' = undefined,
      'DATA' = undefined,'DONT-FRAGMENT' = false,
      'ERROR-CODE' = {401,<<"Unauthorized">>},
      'LIFETIME' = undefined,'MAPPED-ADDRESS' = undefined,
      'MESSAGE-INTEGRITY' = undefined,'NONCE' = <<"2797706090">>,
      'REALM' = <<"eturnal.net">>,'REQUESTED-ADDRESS-FAMILY' = undefined,
      'REQUESTED-TRANSPORT' = undefined,'SOFTWARE' = <<"eturnal">>,
      'UNKNOWN-ATTRIBUTES' = [],'USERNAME' = undefined,
      'XOR-MAPPED-ADDRESS' = undefined,'XOR-PEER-ADDRESS' = [],
      'XOR-RELAYED-ADDRESS' = undefined} (stun:send/3:500)
2026-09-16 16:52:10.346669+00:00 [debug] Received:
#stun{class = request,method = 3,magic = 554869826,
      trid = 40915573501941827054307321454,
      raw = <<0,3,0,80,33,18,164,66,132,52,145,179,246,252,11,11,217,171,38,
              110,0,25,0,4,17,0,0,0,0,6,0,10,50,49,52,53,57,49,51,50,48,48,0,0,
              0,20,0,11,101,116,117,114,110,97,108,46,110,101,116,0,0,21,0,10,
              50,55,57,55,55,48,54,48,57,48,0,0>>,
      unsupported = [],'ALTERNATE-SERVER' = undefined,
      'CHANNEL-NUMBER' = undefined,'DATA' = undefined,'DONT-FRAGMENT' = false,
      'ERROR-CODE' = undefined,'LIFETIME' = undefined,
      'MAPPED-ADDRESS' = undefined,
      'MESSAGE-INTEGRITY' = <<236,179,158,114,7,195,13,111,76,173,75,98,37,158,
                              3,145,26,224,245,18>>,
      'NONCE' = <<"2797706090">>,'REALM' = <<"eturnal.net">>,
      'REQUESTED-ADDRESS-FAMILY' = undefined,'REQUESTED-TRANSPORT' = udp,
      'SOFTWARE' = undefined,'UNKNOWN-ATTRIBUTES' = [],
      'USERNAME' = <<"2145913200">>,'XOR-MAPPED-ADDRESS' = undefined,
      'XOR-PEER-ADDRESS' = [],'XOR-RELAYED-ADDRESS' = undefined} (stun:udp_recv/5:146)
2026-09-16 16:52:10.346779+00:00 [debug] Deriving password for: 2145913200 [UDP, session bn60se4q6ufn, user 2145913200, client 127.0.0.1:39388] (eturnal:get_password/2:245)
2026-09-16 16:52:10.346963+00:00 [info] Accepting long-term STUN/TURN authentication [UDP, session bn60se4q6ufn, user 2145913200, client 127.0.0.1:39388] (stun:process/2:289)
2026-09-16 16:52:10.347062+00:00 [debug] Running 'turn_session_start' hook [UDP, session bn60se4q6ufn, user 2145913200, client 127.0.0.1:39388] (turn:run_hook/3:753)
2026-09-16 16:52:10.347110+00:00 [debug] Got 'turn_session_start' event [UDP, session bn60se4q6ufn, user 2145913200, client 127.0.0.1:39388] (eturnal_module:handle_event/2:177)
2026-09-16 16:52:10.347150+00:00 [debug] Calling mod_stats_prometheus:handle_event/2 [UDP, session bn60se4q6ufn, user 2145913200, client 127.0.0.1:39388] (eturnal_module:handle_event/2:180)
2026-09-16 16:52:10.347265+00:00 [debug] Observing started TURN session bn60se4q6ufn for Prometheus [UDP, session bn60se4q6ufn, user 2145913200, client 127.0.0.1:39388] (mod_stats_prometheus:on_turn_session_start/1:174)
2026-09-16 16:52:10.347489+00:00 [notice] Creating TURN allocation (lifetime: 600 seconds) [UDP, session bn60se4q6ufn, user 2145913200, client 127.0.0.1:39388, relay 127.0.0.1:63639] (turn:wait_for_allocate/2:226)
2026-09-16 16:52:10.347606+00:00 [debug] Sending:
#stun{class = response,method = 3,magic = 554869826,
      trid = 40915573501941827054307321454,raw = <<>>,unsupported = [],
      'ALTERNATE-SERVER' = undefined,'CHANNEL-NUMBER' = undefined,
      'DATA' = undefined,'DONT-FRAGMENT' = false,'ERROR-CODE' = undefined,
      'LIFETIME' = 600,'MAPPED-ADDRESS' = undefined,
      'MESSAGE-INTEGRITY' = undefined,'NONCE' = undefined,'REALM' = undefined,
      'REQUESTED-ADDRESS-FAMILY' = undefined,
      'REQUESTED-TRANSPORT' = undefined,'SOFTWARE' = <<"eturnal">>,
      'UNKNOWN-ATTRIBUTES' = [],'USERNAME' = undefined,
      'XOR-MAPPED-ADDRESS' = {{127,0,0,1},39388},
      'XOR-PEER-ADDRESS' = [],
      'XOR-RELAYED-ADDRESS' = {{127,0,0,1},63639}} (turn:send/2:549)
2026-09-16 16:52:10.347895+00:00 [debug] Received:
#stun{class = request,method = 4,magic = 554869826,
      trid = 48505491993296736534904575,
      raw = <<0,4,0,80,33,18,164,66,0,40,31,111,253,101,136,146,232,35,190,255,
              0,6,0,10,50,49,52,53,57,49,51,50,48,48,0,0,0,20,0,11,101,116,117,
              114,110,97,108,46,110,101,116,0,0,21,0,10,50,55,57,55,55,48,54,
              48,57,48,0,0,0,13,0,4,0,0,0,0>>,
      unsupported = [],'ALTERNATE-SERVER' = undefined,
      'CHANNEL-NUMBER' = undefined,'DATA' = undefined,'DONT-FRAGMENT' = false,
      'ERROR-CODE' = undefined,'LIFETIME' = 0,'MAPPED-ADDRESS' = undefined,
      'MESSAGE-INTEGRITY' = <<90,10,244,223,163,27,153,175,249,11,45,254,133,
                              197,150,245,63,104,52,129>>,
      'NONCE' = <<"2797706090">>,'REALM' = <<"eturnal.net">>,
      'REQUESTED-ADDRESS-FAMILY' = undefined,
      'REQUESTED-TRANSPORT' = undefined,'SOFTWARE' = undefined,
      'UNKNOWN-ATTRIBUTES' = [],'USERNAME' = <<"2145913200">>,
      'XOR-MAPPED-ADDRESS' = undefined,'XOR-PEER-ADDRESS' = [],
      'XOR-RELAYED-ADDRESS' = undefined} (stun:udp_recv/5:146)
2026-09-16 16:52:10.347990+00:00 [debug] Deriving password for: 2145913200 [UDP, session erevcylprfrc, user 2145913200, client 127.0.0.1:39388] (eturnal:get_password/2:245)
2026-09-16 16:52:10.348042+00:00 [info] Accepting long-term STUN/TURN authentication [UDP, session erevcylprfrc, user 2145913200, client 127.0.0.1:39388] (stun:process/2:289)
2026-09-16 16:52:10.348076+00:00 [info] Client requested closing the TURN session [UDP, session bn60se4q6ufn, user 2145913200, client 127.0.0.1:39388, relay 127.0.0.1:63639] (turn:active/2:285)
2026-09-16 16:52:10.348128+00:00 [debug] Sending:
#stun{class = response,method = 4,magic = 554869826,
      trid = 48505491993296736534904575,raw = <<>>,unsupported = [],
      'ALTERNATE-SERVER' = undefined,'CHANNEL-NUMBER' = undefined,
      'DATA' = undefined,'DONT-FRAGMENT' = false,'ERROR-CODE' = undefined,
      'LIFETIME' = 0,'MAPPED-ADDRESS' = undefined,
      'MESSAGE-INTEGRITY' = undefined,'NONCE' = undefined,'REALM' = undefined,
      'REQUESTED-ADDRESS-FAMILY' = undefined,
      'REQUESTED-TRANSPORT' = undefined,'SOFTWARE' = <<"eturnal">>,
      'UNKNOWN-ATTRIBUTES' = [],'USERNAME' = undefined,
      'XOR-MAPPED-ADDRESS' = undefined,'XOR-PEER-ADDRESS' = [],
      'XOR-RELAYED-ADDRESS' = undefined} (turn:send/2:549)
2026-09-16 16:52:10.348218+00:00 [info] Deleting TURN allocation [UDP, session bn60se4q6ufn, user 2145913200, client 127.0.0.1:39388, relay 127.0.0.1:63639] (turn:terminate/3:482)
2026-09-16 16:52:10.348299+00:00 [notice] Relayed 0 KiB (in 0 B / 0 packets, out 0 B / 0 packets), duration: 0 seconds [UDP, session bn60se4q6ufn, user 2145913200, client 127.0.0.1:39388, relay 127.0.0.1:63639] (turn:terminate/3:489)
2026-09-16 16:52:10.348355+00:00 [debug] Running 'turn_session_stop' hook [UDP, session bn60se4q6ufn, user 2145913200, client 127.0.0.1:39388, relay 127.0.0.1:63639] (turn:run_hook/3:753)
2026-09-16 16:52:10.348396+00:00 [debug] Got 'turn_session_stop' event [UDP, session bn60se4q6ufn, user 2145913200, client 127.0.0.1:39388, relay 127.0.0.1:63639] (eturnal_module:handle_event/2:177)
2026-09-16 16:52:10.348435+00:00 [debug] Calling mod_stats_influx:handle_event/2 [UDP, session bn60se4q6ufn, user 2145913200, client 127.0.0.1:39388, relay 127.0.0.1:63639] (eturnal_module:handle_event/2:180)
2026-09-16 16:52:10.348478+00:00 [debug] Writing stats of TURN session bn60se4q6ufn to InfluxDB [UDP, session bn60se4q6ufn, user 2145913200, client 127.0.0.1:39388, relay 127.0.0.1:63639] (mod_stats_influx:on_turn_session_stop/1:87)
2026-09-16 16:52:10.349979+00:00 [debug] Calling mod_stats_prometheus:handle_event/2 [UDP, session 7e6vbmiz3yde, user alice, client 127.0.0.1:33395, relay 127.0.0.1:60804] (eturnal_module:handle_event/2:180)
2026-09-16 16:52:10.350066+00:00 [debug] Observing stopped TURN session 7e6vbmiz3yde for Prometheus [UDP, session 7e6vbmiz3yde, user alice, client 127.0.0.1:33395, relay 127.0.0.1:60804] (mod_stats_prometheus:on_turn_session_stop/1:187)
2026-09-16 16:52:10.350157+00:00 [debug] Calling mod_stats_prometheus:handle_event/2 [UDP, session bn60se4q6ufn, user 2145913200, client 127.0.0.1:39388, relay 127.0.0.1:63639] (eturnal_module:handle_event/2:180)
2026-09-16 16:52:10.350217+00:00 [debug] Observing stopped TURN session bn60se4q6ufn for Prometheus [UDP, session bn60se4q6ufn, user 2145913200, client 127.0.0.1:39388, relay 127.0.0.1:63639] (mod_stats_prometheus:on_turn_session_stop/1:187)
2026-09-16 16:52:10.372932+00:00 [debug] Received:
#stun{class = request,method = 1,magic = 554869826,
      trid = 14109599799988949090488063185,raw = <<>>,unsupported = [],
      'ALTERNATE-SERVER' = undefined,'CHANNEL-NUMBER' = undefined,
      'DATA' = undefined,'DONT-FRAGMENT' = false,'ERROR-CODE' = undefined,
      'LIFETIME' = undefined,'MAPPED-ADDRESS' = undefined,
      'MESSAGE-INTEGRITY' = undefined,'NONCE' = undefined,'REALM' = undefined,
      'REQUESTED-ADDRESS-FAMILY' = undefined,
      'REQUESTED-TRANSPORT' = undefined,'SOFTWARE' = undefined,
      'UNKNOWN-ATTRIBUTES' = [],'USERNAME' = undefined,
      'XOR-MAPPED-ADDRESS' = undefined,'XOR-PEER-ADDRESS' = [],
      'XOR-RELAYED-ADDRESS' = undefined} (stun:udp_recv/5:146)
2026-09-16 16:52:10.373042+00:00 [debug] Responding to STUN request [UDP, session 9vy12l29p9px, anonymous, client 127.0.0.1:58649] (stun:process/4:357)
2026-09-16 16:52:10.373121+00:00 [debug] Running 'stun_query' hook [UDP, session 9vy12l29p9px, anonymous, client 127.0.0.1:58649] (stun:run_hook/3:744)
2026-09-16 16:52:10.373168+00:00 [debug] Got 'stun_query' event [UDP, session 9vy12l29p9px, anonymous, client 127.0.0.1:58649] (eturnal_module:handle_event/2:177)
2026-09-16 16:52:10.373220+00:00 [debug] Calling mod_log_stun:handle_event/2 [UDP, session 9vy12l29p9px, anonymous, client 127.0.0.1:58649] (eturnal_module:handle_event/2:180)
2026-09-16 16:52:10.373321+00:00 [info] Responding to STUN request [UDP, session 9vy12l29p9px, anonymous, client 127.0.0.1:58649] (mod_log_stun:handle_event/2:44)
2026-09-16 16:52:10.373356+00:00 [debug] Calling mod_stats_influx:handle_event/2 [UDP, session 9vy12l29p9px, anonymous, client 127.0.0.1:58649] (eturnal_module:handle_event/2:180)
2026-09-16 16:52:10.373393+00:00 [debug] Writing STUN query event to InfluxDB [UDP, session 9vy12l29p9px, anonymous, client 127.0.0.1:58649] (mod_stats_influx:on_stun_query/1:76)
2026-09-16 16:52:10.373581+00:00 [debug] Calling mod_stats_prometheus:handle_event/2 [UDP, session 9vy12l29p9px, anonymous, client 127.0.0.1:58649] (eturnal_module:handle_event/2:180)
2026-09-16 16:52:10.373639+00:00 [debug] Observing STUN query for Prometheus [UDP, session 9vy12l29p9px, anonymous, client 127.0.0.1:58649] (mod_stats_prometheus:on_stun_query/1:166)
2026-09-16 16:52:10.373708+00:00 [debug] Sending:
#stun{class = response,method = 1,magic = 554869826,
      trid = 14109599799988949090488063185,raw = <<>>,unsupported = [],
      'ALTERNATE-SERVER' = undefined,'CHANNEL-NUMBER' = undefined,
      'DATA' = undefined,'DONT-FRAGMENT' = false,'ERROR-CODE' = undefined,
      'LIFETIME' = undefined,'MAPPED-ADDRESS' = undefined,
      'MESSAGE-INTEGRITY' = undefined,'NONCE' = undefined,'REALM' = undefined,
      'REQUESTED-ADDRESS-FAMILY' = undefined,
      'REQUESTED-TRANSPORT' = undefined,'SOFTWARE' = <<"eturnal">>,
      'UNKNOWN-ATTRIBUTES' = [],'USERNAME' = undefined,
      'XOR-MAPPED-ADDRESS' = {{127,0,0,1},58649},
      'XOR-PEER-ADDRESS' = [],'XOR-RELAYED-ADDRESS' = undefined} (stun:send/3:500)
2026-09-16 16:52:10.397917+00:00 [info] Accepting connection: 127.0.0.1:51128 -> 127.0.0.1:34780 [TCP, session n6a2u4k9r12h] (stun_acceptor:accept/3:158)
2026-09-16 16:52:10.398223+00:00 [debug] Received:
#stun{class = request,method = 1,magic = 554869826,
      trid = 70628848909392116366849379304,raw = <<>>,unsupported = [],
      'ALTERNATE-SERVER' = undefined,'CHANNEL-NUMBER' = undefined,
      'DATA' = undefined,'DONT-FRAGMENT' = false,'ERROR-CODE' = undefined,
      'LIFETIME' = undefined,'MAPPED-ADDRESS' = undefined,
      'MESSAGE-INTEGRITY' = undefined,'NONCE' = undefined,'REALM' = undefined,
      'REQUESTED-ADDRESS-FAMILY' = undefined,
      'REQUESTED-TRANSPORT' = undefined,'SOFTWARE' = undefined,
      'UNKNOWN-ATTRIBUTES' = [],'USERNAME' = undefined,
      'XOR-MAPPED-ADDRESS' = undefined,'XOR-PEER-ADDRESS' = [],
      'XOR-RELAYED-ADDRESS' = undefined} (stun:process_data/3:457)
2026-09-16 16:52:10.398345+00:00 [debug] Responding to STUN request [TCP, session n6a2u4k9r12h, anonymous, client 127.0.0.1:51128] (stun:process/4:357)
2026-09-16 16:52:10.398448+00:00 [debug] Running 'stun_query' hook [TCP, session n6a2u4k9r12h, anonymous, client 127.0.0.1:51128] (stun:run_hook/3:744)
2026-09-16 16:52:10.398549+00:00 [debug] Got 'stun_query' event [TCP, session n6a2u4k9r12h, anonymous, client 127.0.0.1:51128] (eturnal_module:handle_event/2:177)
2026-09-16 16:52:10.398615+00:00 [debug] Calling mod_log_stun:handle_event/2 [TCP, session n6a2u4k9r12h, anonymous, client 127.0.0.1:51128] (eturnal_module:handle_event/2:180)
2026-09-16 16:52:10.398691+00:00 [info] Responding to STUN request [TCP, session n6a2u4k9r12h, anonymous, client 127.0.0.1:51128] (mod_log_stun:handle_event/2:44)
2026-09-16 16:52:10.398749+00:00 [debug] Calling mod_stats_influx:handle_event/2 [TCP, session n6a2u4k9r12h, anonymous, client 127.0.0.1:51128] (eturnal_module:handle_event/2:180)
2026-09-16 16:52:10.398823+00:00 [debug] Writing STUN query event to InfluxDB [TCP, session n6a2u4k9r12h, anonymous, client 127.0.0.1:51128] (mod_stats_influx:on_stun_query/1:76)
2026-09-16 16:52:10.399032+00:00 [debug] Calling mod_stats_prometheus:handle_event/2 [TCP, session n6a2u4k9r12h, anonymous, client 127.0.0.1:51128] (eturnal_module:handle_event/2:180)
2026-09-16 16:52:10.399088+00:00 [debug] Observing STUN query for Prometheus [TCP, session n6a2u4k9r12h, anonymous, client 127.0.0.1:51128] (mod_stats_prometheus:on_stun_query/1:166)
2026-09-16 16:52:10.399206+00:00 [debug] Sending:
#stun{class = response,method = 1,magic = 554869826,
      trid = 70628848909392116366849379304,raw = <<>>,unsupported = [],
      'ALTERNATE-SERVER' = undefined,'CHANNEL-NUMBER' = undefined,
      'DATA' = undefined,'DONT-FRAGMENT' = false,'ERROR-CODE' = undefined,
      'LIFETIME' = undefined,'MAPPED-ADDRESS' = undefined,
      'MESSAGE-INTEGRITY' = undefined,'NONCE' = undefined,'REALM' = undefined,
      'REQUESTED-ADDRESS-FAMILY' = undefined,
      'REQUESTED-TRANSPORT' = undefined,'SOFTWARE' = <<"eturnal">>,
      'UNKNOWN-ATTRIBUTES' = [],'USERNAME' = undefined,
      'XOR-MAPPED-ADDRESS' = {{127,0,0,1},51128},
      'XOR-PEER-ADDRESS' = [],'XOR-RELAYED-ADDRESS' = undefined} (stun:send/3:500)
2026-09-16 16:52:10.399905+00:00 [info] Connection reset by peer [TCP, session n6a2u4k9r12h, anonymous, client 127.0.0.1:51128] (stun:handle_info/3:206)
2026-09-16 16:52:10.424022+00:00 [info] Accepting connection: 127.0.0.1:43490 -> 127.0.0.1:53490 [TLS, session nkarchs3o12f] (stun_acceptor:accept/3:158)
2026-09-16 16:52:11.433261+00:00 [debug] Received:
#stun{class = request,method = 1,magic = 554869826,
      trid = 11177068482215958322655179652,raw = <<>>,unsupported = [],
      'ALTERNATE-SERVER' = undefined,'CHANNEL-NUMBER' = undefined,
      'DATA' = undefined,'DONT-FRAGMENT' = false,'ERROR-CODE' = undefined,
      'LIFETIME' = undefined,'MAPPED-ADDRESS' = undefined,
      'MESSAGE-INTEGRITY' = undefined,'NONCE' = undefined,'REALM' = undefined,
      'REQUESTED-ADDRESS-FAMILY' = undefined,
      'REQUESTED-TRANSPORT' = undefined,'SOFTWARE' = undefined,
      'UNKNOWN-ATTRIBUTES' = [],'USERNAME' = undefined,
      'XOR-MAPPED-ADDRESS' = undefined,'XOR-PEER-ADDRESS' = [],
      'XOR-RELAYED-ADDRESS' = undefined} (stun:process_data/3:457)
2026-09-16 16:52:11.433438+00:00 [debug] Responding to STUN request [TLS, session nkarchs3o12f, anonymous, client 127.0.0.1:43490] (stun:process/4:357)
2026-09-16 16:52:11.433556+00:00 [debug] Running 'stun_query' hook [TLS, session nkarchs3o12f, anonymous, client 127.0.0.1:43490] (stun:run_hook/3:744)
2026-09-16 16:52:11.433611+00:00 [debug] Got 'stun_query' event [TLS, session nkarchs3o12f, anonymous, client 127.0.0.1:43490] (eturnal_module:handle_event/2:177)
2026-09-16 16:52:11.433709+00:00 [debug] Calling mod_log_stun:handle_event/2 [TLS, session nkarchs3o12f, anonymous, client 127.0.0.1:43490] (eturnal_module:handle_event/2:180)
2026-09-16 16:52:11.433793+00:00 [info] Responding to STUN request [TLS, session nkarchs3o12f, anonymous, client 127.0.0.1:43490] (mod_log_stun:handle_event/2:44)
2026-09-16 16:52:11.433861+00:00 [debug] Calling mod_stats_influx:handle_event/2 [TLS, session nkarchs3o12f, anonymous, client 127.0.0.1:43490] (eturnal_module:handle_event/2:180)
2026-09-16 16:52:11.433941+00:00 [debug] Writing STUN query event to InfluxDB [TLS, session nkarchs3o12f, anonymous, client 127.0.0.1:43490] (mod_stats_influx:on_stun_query/1:76)
2026-09-16 16:52:11.434151+00:00 [debug] Calling mod_stats_prometheus:handle_event/2 [TLS, session nkarchs3o12f, anonymous, client 127.0.0.1:43490] (eturnal_module:handle_event/2:180)
2026-09-16 16:52:11.434202+00:00 [debug] Observing STUN query for Prometheus [TLS, session nkarchs3o12f, anonymous, client 127.0.0.1:43490] (mod_stats_prometheus:on_stun_query/1:166)
2026-09-16 16:52:11.434383+00:00 [debug] Sending:
#stun{class = response,method = 1,magic = 554869826,
      trid = 11177068482215958322655179652,raw = <<>>,unsupported = [],
      'ALTERNATE-SERVER' = undefined,'CHANNEL-NUMBER' = undefined,
      'DATA' = undefined,'DONT-FRAGMENT' = false,'ERROR-CODE' = undefined,
      'LIFETIME' = undefined,'MAPPED-ADDRESS' = undefined,
      'MESSAGE-INTEGRITY' = undefined,'NONCE' = undefined,'REALM' = undefined,
      'REQUESTED-ADDRESS-FAMILY' = undefined,
      'REQUESTED-TRANSPORT' = undefined,'SOFTWARE' = <<"eturnal">>,
      'UNKNOWN-ATTRIBUTES' = [],'USERNAME' = undefined,
      'XOR-MAPPED-ADDRESS' = {{127,0,0,1},43490},
      'XOR-PEER-ADDRESS' = [],'XOR-RELAYED-ADDRESS' = undefined} (stun:send/3:500)
2026-09-16 16:52:11.434889+00:00 [info] Connection reset by peer [TLS, session nkarchs3o12f, anonymous, client 127.0.0.1:43490] (stun:handle_info/3:206)
2026-09-16 16:52:11.459811+00:00 [info] Accepting connection: 127.0.0.1:48358 -> 127.0.0.1:34781 [TCP|TLS, session nv0gb5g2c0jk] (stun_acceptor:accept/3:158)
2026-09-16 16:52:11.459969+00:00 [debug] Determined transport protocol: TCP (stun:is_tls_handshake/1:690)
2026-09-16 16:52:11.460367+00:00 [debug] Received:
#stun{class = request,method = 1,magic = 554869826,
      trid = 66328704230820074962089525096,raw = <<>>,unsupported = [],
      'ALTERNATE-SERVER' = undefined,'CHANNEL-NUMBER' = undefined,
      'DATA' = undefined,'DONT-FRAGMENT' = false,'ERROR-CODE' = undefined,
      'LIFETIME' = undefined,'MAPPED-ADDRESS' = undefined,
      'MESSAGE-INTEGRITY' = undefined,'NONCE' = undefined,'REALM' = undefined,
      'REQUESTED-ADDRESS-FAMILY' = undefined,
      'REQUESTED-TRANSPORT' = undefined,'SOFTWARE' = undefined,
      'UNKNOWN-ATTRIBUTES' = [],'USERNAME' = undefined,
      'XOR-MAPPED-ADDRESS' = undefined,'XOR-PEER-ADDRESS' = [],
      'XOR-RELAYED-ADDRESS' = undefined} (stun:process_data/3:457)
2026-09-16 16:52:11.460496+00:00 [debug] Responding to STUN request [TCP, session nv0gb5g2c0jk, anonymous, client 127.0.0.1:48358] (stun:process/4:357)
2026-09-16 16:52:11.460545+00:00 [debug] Running 'stun_query' hook [TCP, session nv0gb5g2c0jk, anonymous, client 127.0.0.1:48358] (stun:run_hook/3:744)
2026-09-16 16:52:11.460585+00:00 [debug] Got 'stun_query' event [TCP, session nv0gb5g2c0jk, anonymous, client 127.0.0.1:48358] (eturnal_module:handle_event/2:177)
2026-09-16 16:52:11.460635+00:00 [debug] Calling mod_log_stun:handle_event/2 [TCP, session nv0gb5g2c0jk, anonymous, client 127.0.0.1:48358] (eturnal_module:handle_event/2:180)
2026-09-16 16:52:11.460698+00:00 [info] Responding to STUN request [TCP, session nv0gb5g2c0jk, anonymous, client 127.0.0.1:48358] (mod_log_stun:handle_event/2:44)
2026-09-16 16:52:11.460759+00:00 [debug] Calling mod_stats_influx:handle_event/2 [TCP, session nv0gb5g2c0jk, anonymous, client 127.0.0.1:48358] (eturnal_module:handle_event/2:180)
2026-09-16 16:52:11.460840+00:00 [debug] Writing STUN query event to InfluxDB [TCP, session nv0gb5g2c0jk, anonymous, client 127.0.0.1:48358] (mod_stats_influx:on_stun_query/1:76)
2026-09-16 16:52:11.461034+00:00 [debug] Calling mod_stats_prometheus:handle_event/2 [TCP, session nv0gb5g2c0jk, anonymous, client 127.0.0.1:48358] (eturnal_module:handle_event/2:180)
2026-09-16 16:52:11.461075+00:00 [debug] Observing STUN query for Prometheus [TCP, session nv0gb5g2c0jk, anonymous, client 127.0.0.1:48358] (mod_stats_prometheus:on_stun_query/1:166)
2026-09-16 16:52:11.461160+00:00 [debug] Sending:
#stun{class = response,method = 1,magic = 554869826,
      trid = 66328704230820074962089525096,raw = <<>>,unsupported = [],
      'ALTERNATE-SERVER' = undefined,'CHANNEL-NUMBER' = undefined,
      'DATA' = undefined,'DONT-FRAGMENT' = false,'ERROR-CODE' = undefined,
      'LIFETIME' = undefined,'MAPPED-ADDRESS' = undefined,
      'MESSAGE-INTEGRITY' = undefined,'NONCE' = undefined,'REALM' = undefined,
      'REQUESTED-ADDRESS-FAMILY' = undefined,
      'REQUESTED-TRANSPORT' = undefined,'SOFTWARE' = <<"eturnal">>,
      'UNKNOWN-ATTRIBUTES' = [],'USERNAME' = undefined,
      'XOR-MAPPED-ADDRESS' = {{127,0,0,1},48358},
      'XOR-PEER-ADDRESS' = [],'XOR-RELAYED-ADDRESS' = undefined} (stun:send/3:500)
2026-09-16 16:52:11.461479+00:00 [info] Connection reset by peer [TCP, session nv0gb5g2c0jk, anonymous, client 127.0.0.1:48358] (stun:handle_info/3:206)
2026-09-16 16:52:11.486333+00:00 [info] Accepting connection: 127.0.0.1:48364 -> 127.0.0.1:34781 [TCP|TLS, session e62vonns5tnc] (stun_acceptor:accept/3:158)
2026-09-16 16:52:11.486802+00:00 [debug] Determined transport protocol: TLS (stun:is_tls_handshake/1:687)
2026-09-16 16:52:12.496271+00:00 [debug] Received:
#stun{class = request,method = 1,magic = 554869826,
      trid = 58917081712758916787200500774,raw = <<>>,unsupported = [],
      'ALTERNATE-SERVER' = undefined,'CHANNEL-NUMBER' = undefined,
      'DATA' = undefined,'DONT-FRAGMENT' = false,'ERROR-CODE' = undefined,
      'LIFETIME' = undefined,'MAPPED-ADDRESS' = undefined,
      'MESSAGE-INTEGRITY' = undefined,'NONCE' = undefined,'REALM' = undefined,
      'REQUESTED-ADDRESS-FAMILY' = undefined,
      'REQUESTED-TRANSPORT' = undefined,'SOFTWARE' = undefined,
      'UNKNOWN-ATTRIBUTES' = [],'USERNAME' = undefined,
      'XOR-MAPPED-ADDRESS' = undefined,'XOR-PEER-ADDRESS' = [],
      'XOR-RELAYED-ADDRESS' = undefined} (stun:process_data/3:457)
2026-09-16 16:52:12.496421+00:00 [debug] Responding to STUN request [TLS, session e62vonns5tnc, anonymous, client 127.0.0.1:48364] (stun:process/4:357)
2026-09-16 16:52:12.496492+00:00 [debug] Running 'stun_query' hook [TLS, session e62vonns5tnc, anonymous, client 127.0.0.1:48364] (stun:run_hook/3:744)
2026-09-16 16:52:12.496553+00:00 [debug] Got 'stun_query' event [TLS, session e62vonns5tnc, anonymous, client 127.0.0.1:48364] (eturnal_module:handle_event/2:177)
2026-09-16 16:52:12.496600+00:00 [debug] Calling mod_log_stun:handle_event/2 [TLS, session e62vonns5tnc, anonymous, client 127.0.0.1:48364] (eturnal_module:handle_event/2:180)
2026-09-16 16:52:12.496639+00:00 [info] Responding to STUN request [TLS, session e62vonns5tnc, anonymous, client 127.0.0.1:48364] (mod_log_stun:handle_event/2:44)
2026-09-16 16:52:12.496692+00:00 [debug] Calling mod_stats_influx:handle_event/2 [TLS, session e62vonns5tnc, anonymous, client 127.0.0.1:48364] (eturnal_module:handle_event/2:180)
2026-09-16 16:52:12.496728+00:00 [debug] Writing STUN query event to InfluxDB [TLS, session e62vonns5tnc, anonymous, client 127.0.0.1:48364] (mod_stats_influx:on_stun_query/1:76)
2026-09-16 16:52:12.496920+00:00 [debug] Calling mod_stats_prometheus:handle_event/2 [TLS, session e62vonns5tnc, anonymous, client 127.0.0.1:48364] (eturnal_module:handle_event/2:180)
2026-09-16 16:52:12.496974+00:00 [debug] Observing STUN query for Prometheus [TLS, session e62vonns5tnc, anonymous, client 127.0.0.1:48364] (mod_stats_prometheus:on_stun_query/1:166)
2026-09-16 16:52:12.497057+00:00 [debug] Sending:
#stun{class = response,method = 1,magic = 554869826,
      trid = 58917081712758916787200500774,raw = <<>>,unsupported = [],
      'ALTERNATE-SERVER' = undefined,'CHANNEL-NUMBER' = undefined,
      'DATA' = undefined,'DONT-FRAGMENT' = false,'ERROR-CODE' = undefined,
      'LIFETIME' = undefined,'MAPPED-ADDRESS' = undefined,
      'MESSAGE-INTEGRITY' = undefined,'NONCE' = undefined,'REALM' = undefined,
      'REQUESTED-ADDRESS-FAMILY' = undefined,
      'REQUESTED-TRANSPORT' = undefined,'SOFTWARE' = <<"eturnal">>,
      'UNKNOWN-ATTRIBUTES' = [],'USERNAME' = undefined,
      'XOR-MAPPED-ADDRESS' = {{127,0,0,1},48364},
      'XOR-PEER-ADDRESS' = [],'XOR-RELAYED-ADDRESS' = undefined} (stun:send/3:500)
2026-09-16 16:52:12.497370+00:00 [info] Connection reset by peer [TLS, session e62vonns5tnc, anonymous, client 127.0.0.1:48364] (stun:handle_info/3:206)
2026-09-16 16:52:12.522043+00:00 [debug] No NOTIFY_SOCKET, dropping STOPPING=1 notification (eturnal_systemd:handle_cast/2:99)
2026-09-16 16:52:12.522059+00:00 [debug] Terminating eturnal (shutdown) (eturnal:terminate/2:186)
2026-09-16 16:52:12.522322+00:00 [info] Stopped listening on 127.0.0.1:34780 (udp) (eturnal:stop_listeners/1:442)
2026-09-16 16:52:12.522527+00:00 [info] Stopped listening on 127.0.0.1:34780 (tcp) (eturnal:stop_listeners/1:442)
2026-09-16 16:52:12.522664+00:00 [info] Stopped listening on 127.0.0.1:53490 (tls) (eturnal:stop_listeners/1:442)
2026-09-16 16:52:12.522844+00:00 [info] Stopped listening on 127.0.0.1:34781 (auto) (eturnal:stop_listeners/1:442)
2026-09-16 16:52:12.524925+00:00 [debug] Calling mod_stats_prometheus:stop/1 (eturnal_module:stop/1:163)
2026-09-16 16:52:12.525126+00:00 [debug] Stopping mod_stats_prometheus (mod_stats_prometheus:stop/0:110)
2026-09-16 16:52:12.525585+00:00 [info] Stopped mod_stats_prometheus (eturnal:stop_modules/1:397)
2026-09-16 16:52:12.526635+00:00 [debug] Calling mod_log_stun:stop/1 (eturnal_module:stop/1:163)
2026-09-16 16:52:12.526773+00:00 [debug] Stopping mod_log_stun (mod_log_stun:stop/0:49)
2026-09-16 16:52:12.526868+00:00 [info] Stopped mod_log_stun (eturnal:stop_modules/1:397)
2026-09-16 16:52:12.527733+00:00 [debug] Calling mod_stats_influx:stop/1 (eturnal_module:stop/1:163)
2026-09-16 16:52:12.527858+00:00 [debug] Stopping mod_stats_influx (mod_stats_influx:stop/0:61)
2026-09-16 16:52:12.527956+00:00 [info] Stopped mod_stats_influx (eturnal:stop_modules/1:397)
2026-09-16 16:52:12.528214+00:00 [debug] Removed run/cert.pem (eturnal:clean_run_dir/0:875)
2026-09-16 16:52:12.528377+00:00 [debug] Terminating eturnal_systemd (shutdown) (eturnal_systemd:terminate/2:125)
2026-09-16 16:52:12.528552+00:00 [notice] Stopping eturnal 1.12.2 on Erlang/OTP 29 (ERTS 17.1) (eturnal_app:stop/1:53)
