=== Suite started at 2026-09-16 16:58:58
=== Starting test, 19 test cases
=cases         19
=user          runner
=host          nohost
=hosts         nohost 
=emulator_vsn  17.1
=emulator      beam
=otp_release   29
=started       2026-09-16 16:58:58
=case          eturnal_SUITE:init_per_suite
=logfile       eturnal_suite.init_per_suite.html
=started       2026-09-16 16:58:58
=ended         2026-09-16 16:58:58
=result        ok
=elapsed       0.000004s
=case          eturnal_SUITE:start_eturnal
=logfile       eturnal_suite.start_eturnal.html
=started       2026-09-16 16:58:58
=ended         2026-09-16 16:58:59
=result        ok
=elapsed       1.558379s
=case          eturnal_SUITE:check_status
=logfile       eturnal_suite.check_status.html
=started       2026-09-16 16:58:59
=ended         2026-09-16 16:58:59
=result        ok
=elapsed       0.000401s
=case          eturnal_SUITE:check_info
=logfile       eturnal_suite.check_info.html
=started       2026-09-16 16:58:59
=ended         2026-09-16 16:58:59
=result        ok
=elapsed       0.001024s
=case          eturnal_SUITE:check_all_sessions
=logfile       eturnal_suite.check_all_sessions.html
=started       2026-09-16 16:58:59
=ended         2026-09-16 16:58:59
=result        ok
=elapsed       0.000283s
=case          eturnal_SUITE:check_user_sessions
=logfile       eturnal_suite.check_user_sessions.html
=started       2026-09-16 16:58:59
=ended         2026-09-16 16:58:59
=result        ok
=elapsed       0.000807s
=case          eturnal_SUITE:check_disconnect
=logfile       eturnal_suite.check_disconnect.html
=started       2026-09-16 16:58:59
=ended         2026-09-16 16:58:59
=result        ok
=elapsed       0.000638s
=case          eturnal_SUITE:check_credentials
=logfile       eturnal_suite.check_credentials.html
=started       2026-09-16 16:58:59
=ended         2026-09-16 16:59:00
=result        ok
=elapsed       0.007579s
=case          eturnal_SUITE:check_loglevel
=logfile       eturnal_suite.check_loglevel.html
=started       2026-09-16 16:59:00
=ended         2026-09-16 16:59:00
=result        ok
=elapsed       0.001111s
=case          eturnal_SUITE:check_version
=logfile       eturnal_suite.check_version.html
=started       2026-09-16 16:59:00
=ended         2026-09-16 16:59:00
=result        ok
=elapsed       0.000425s
=case          eturnal_SUITE:reload
=logfile       eturnal_suite.reload.html
=started       2026-09-16 16:59:00
=ended         2026-09-16 16:59:00
=result        ok
=elapsed       0.883198s
=case          eturnal_SUITE:connect_tcp
=logfile       eturnal_suite.connect_tcp.html
=started       2026-09-16 16:59:00
=ended         2026-09-16 16:59:00
=result        ok
=elapsed       0.000469s
=case          eturnal_SUITE:connect_tls
=logfile       eturnal_suite.connect_tls.html
=started       2026-09-16 16:59:00
=ended         2026-09-16 16:59:01
=result        ok
=elapsed       0.001050s
=case          eturnal_SUITE:turn_udp
=logfile       eturnal_suite.turn_udp.html
=started       2026-09-16 16:59:01
=ended         2026-09-16 16:59:01
=result        ok
=elapsed       0.014481s
=case          eturnal_SUITE:stun_udp
=logfile       eturnal_suite.stun_udp.html
=started       2026-09-16 16:59:01
=ended         2026-09-16 16:59:01
=result        ok
=elapsed       0.001434s
=case          eturnal_SUITE:stun_tcp
=logfile       eturnal_suite.stun_tcp.html
=started       2026-09-16 16:59:01
=ended         2026-09-16 16:59:01
=result        ok
=elapsed       0.001697s
=case          eturnal_SUITE:stun_tls
=logfile       eturnal_suite.stun_tls.html
=started       2026-09-16 16:59:01
=ended         2026-09-16 16:59:02
=result        ok
=elapsed       1.011786s
=case          eturnal_SUITE:stun_tcp_auto
=logfile       eturnal_suite.stun_tcp_auto.html
=started       2026-09-16 16:59:02
=ended         2026-09-16 16:59:02
=result        ok
=elapsed       0.001923s
=case          eturnal_SUITE:stun_tls_auto
=logfile       eturnal_suite.stun_tls_auto.html
=started       2026-09-16 16:59:02
=ended         2026-09-16 16:59:03
=result        ok
=elapsed       1.011573s
=case          eturnal_SUITE:stop_eturnal
=logfile       eturnal_suite.stop_eturnal.html
=started       2026-09-16 16:59:03
=ended         2026-09-16 16:59:03
=result        ok
=elapsed       0.013136s
=case          eturnal_SUITE:end_per_suite
=logfile       eturnal_suite.end_per_suite.html
=started       2026-09-16 16:59:03
=ended         2026-09-16 16:59:03
=result        ok
=elapsed       0.000000s
=group_time    4.983s
=== TEST COMPLETE, 19 ok, 0 failed of 19 test cases

=finished      2026-09-16 16:59:03
=failed        0
=successful    19
=user_skipped  0
=auto_skipped  0
=elapsed_time  5025069
