2026-09-18 12:58:41.742862+00:00 [notice] Starting eturnal 1.12.3 on Erlang/OTP 29 (ERTS 17.1) (eturnal_app:start/2:34)
2026-09-18 12:58:41.743025+00:00 [debug] Starting supervisor: eturnal_sup (eturnal_sup:start_link/0:31)
2026-09-18 12:58:41.743145+00:00 [debug] Configuring eturnal_sup supervisor: [#{id => systemd,
                                       start =>
                                           {eturnal_systemd,start_link,[]}},
                                     #{id => eturnal,
                                       start => {eturnal,start_link,[]}}] (eturnal_sup:init/1:39)
2026-09-18 12:58:41.744467+00:00 [info] Got no NOTIFY_SOCKET, notifications disabled (eturnal_systemd:init/1:86)
2026-09-18 12:58:41.744609+00:00 [debug] PROGRESS REPORT:
    supervisor: {local,eturnal_sup}
    started: [{pid,<0.960.0>},
              {id,systemd},
              {mfargs,{eturnal_systemd,start_link,[]}},
              {restart_type,permanent},
              {significant,false},
              {shutdown,5000},
              {child_type,worker}]
 (supervisor:report_progress/3:2323)
2026-09-18 12:58:41.744739+00:00 [info] Relay IPv4 address: 127.0.0.1 (port range: 49152-65535) (eturnal:log_relay_addresses/0:349)
2026-09-18 12:58:41.744890+00:00 [info] Relay IPv6 address not configured (eturnal:log_relay_addresses/0:359)
2026-09-18 12:58:41.756366+00:00 [info] Cannot determine control query port: noport (eturnal:log_control_listener/0:373)
2026-09-18 12:58:41.756679+00:00 [debug] Using run directory run (eturnal:ensure_run_dir/0:863)
2026-09-18 12:58:41.756828+00:00 [debug] TURN configuration seems fine (eturnal:check_turn_config/0:603)
2026-09-18 12:58:41.756949+00:00 [warning] TLS enabled without 'tls_crt_file', creating self-signed certificate (eturnal:check_pem_file/0:809)
2026-09-18 12:58:42.817292+00:00 [debug] Calling mod_stats_prometheus:start/0 (eturnal_module:start/1:143)
2026-09-18 12:58:42.817474+00:00 [debug] Starting mod_stats_prometheus (mod_stats_prometheus:start/0:56)
2026-09-18 12:58:42.828438+00:00 [debug] PROGRESS REPORT:
    application: prometheus
    started_at: nonode@nohost
 (application_controller:info_started/2:2154)
2026-09-18 12:58:42.830826+00:00 [debug] PROGRESS REPORT:
    application: accept
    started_at: nonode@nohost
 (application_controller:info_started/2:2154)
2026-09-18 12:58:42.842749+00:00 [debug] PROGRESS REPORT:
    application: prometheus_httpd
    started_at: nonode@nohost
 (application_controller:info_started/2:2154)
2026-09-18 12:58:42.842753+00:00 [debug] Dependency prometheus_httpd was available already (eturnal_module:ensure_dep/2:284)
2026-09-18 12:58:42.865400+00:00 [debug] PROGRESS REPORT:
    supervisor: {local,httpd_instance_sup__127_0_0_1__9081default}
    started: [{pid,<0.980.0>},
              {id,{httpd_connection_sup,{127,0,0,1},9081,default}},
              {mfargs,{httpd_connection_sup,start_link,[[{127,0,0,1},9081]]}},
              {restart_type,permanent},
              {significant,false},
              {shutdown,5000},
              {child_type,supervisor}]
 (supervisor:report_progress/3:2323)
2026-09-18 12:58:42.870621+00:00 [debug] PROGRESS REPORT:
    supervisor: {local,httpd_instance_sup__127_0_0_1__9081default}
    started: [{pid,<0.981.0>},
              {id,{httpd_misc_sup,{127,0,0,1},9081,default}},
              {mfargs,{httpd_misc_sup,start_link,[{127,0,0,1},9081,default]}},
              {restart_type,permanent},
              {significant,false},
              {shutdown,infinity},
              {child_type,supervisor}]
 (supervisor:report_progress/3:2323)
2026-09-18 12:58:42.874119+00:00 [debug] PROGRESS REPORT:
    supervisor: {local,httpd_instance_sup__127_0_0_1__9081default}
    started: [{pid,<0.982.0>},
              {id,{httpd_manager,{127,0,0,1},9081,default}},
              {mfargs,
                  {httpd_manager,start_link,
                      [undefined,
                       [{bind_address,{127,0,0,1}},
                        {socket_type,ip_comm},
                        {port,9081},
                        {server_root,"run/mod_stats_prometheus/doc"},
                        {document_root,"run/mod_stats_prometheus/doc"},
                        {server_name,"Prometheus Exporter"},
                        {modules,[prometheus_httpd]}],
                       15000]}},
              {restart_type,permanent},
              {significant,false},
              {shutdown,4000},
              {child_type,worker}]
 (supervisor:report_progress/3:2323)
2026-09-18 12:58:42.891124+00:00 [debug] PROGRESS REPORT:
    supervisor: {local,httpd_acceptor_sup__127_0_0_1__9081default}
    started: [{pid,<0.984.0>},
              {id,{httpd_acceptor_sup,{127,0,0,1},9081,default}},
              {mfargs,{httpd_acceptor,start_link,
                                      [httpd__127_0_0_1__9081default,ip_comm,
                                       {127,0,0,1},
                                       9081,inet,
                                       httpd_conf__127_0_0_1__9081default,
                                       15000]}},
              {restart_type,transient},
              {significant,false},
              {shutdown,brutal_kill},
              {child_type,worker}]
 (supervisor:report_progress/3:2323)
2026-09-18 12:58:42.891282+00:00 [debug] PROGRESS REPORT:
    supervisor: {local,httpd_instance_sup__127_0_0_1__9081default}
    started: [{pid,<0.983.0>},
              {id,{httpd_acceptor_sup,{127,0,0,1},9081,default}},
              {mfargs,
                  {httpd_acceptor_sup,start_link,
                      [[{127,0,0,1},
                        9081,
                        [{bind_address,{127,0,0,1}},
                         {socket_type,ip_comm},
                         {port,9081},
                         {server_root,"run/mod_stats_prometheus/doc"},
                         {document_root,"run/mod_stats_prometheus/doc"},
                         {server_name,"Prometheus Exporter"},
                         {modules,[prometheus_httpd]}],
                        15000,undefined]]}},
              {restart_type,permanent},
              {significant,false},
              {shutdown,infinity},
              {child_type,supervisor}]
 (supervisor:report_progress/3:2323)
2026-09-18 12:58:42.891441+00:00 [debug] PROGRESS REPORT:
    supervisor: {local,httpd_sup}
    started: [{pid,<0.979.0>},
              {id,{httpd_instance_sup,{127,0,0,1},9081,default}},
              {mfargs,
                  {httpd_instance_sup,start_link,
                      [[{bind_address,{127,0,0,1}},
                        {socket_type,ip_comm},
                        {port,9081},
                        {server_root,"run/mod_stats_prometheus/doc"},
                        {document_root,"run/mod_stats_prometheus/doc"},
                        {server_name,"Prometheus Exporter"},
                        {modules,[prometheus_httpd]}],
                       15000,[]]}},
              {restart_type,permanent},
              {significant,false},
              {shutdown,infinity},
              {child_type,supervisor}]
 (supervisor:report_progress/3:2333)
2026-09-18 12:58:42.891609+00:00 [info] Started mod_stats_prometheus (eturnal:start_modules/0:384)
2026-09-18 12:58:42.891719+00:00 [debug] Calling mod_log_stun:start/0 (eturnal_module:start/1:143)
2026-09-18 12:58:42.891867+00:00 [debug] Starting mod_log_stun (mod_log_stun:start/0:38)
2026-09-18 12:58:42.892004+00:00 [info] Started mod_log_stun (eturnal:start_modules/0:384)
2026-09-18 12:58:42.892103+00:00 [debug] Calling mod_stats_influx:start/0 (eturnal_module:start/1:143)
2026-09-18 12:58:42.892631+00:00 [debug] Starting mod_stats_influx (mod_stats_influx:start/0:37)
2026-09-18 12:58:42.894641+00:00 [debug] PROGRESS REPORT:
    application: ulitos
    started_at: nonode@nohost
 (application_controller:info_started/2:2154)
2026-09-18 12:58:42.895784+00:00 [debug] PROGRESS REPORT:
    application: poolboy
    started_at: nonode@nohost
 (application_controller:info_started/2:2154)
2026-09-18 12:58:42.896526+00:00 [info]     msg: Starting application: influx_udp (influx_udp_app:start/2:10)
2026-09-18 12:58:42.898276+00:00 [debug] PROGRESS REPORT:
    supervisor: {local,influx_udp_sup}
    started: [{pid,<0.995.0>},
              {id,influx_udp},
              {mfargs,{influx_udp,start_link,[]}},
              {restart_type,permanent},
              {significant,false},
              {shutdown,5000},
              {child_type,worker}]
 (supervisor:report_progress/3:2323)
2026-09-18 12:58:42.898417+00:00 [debug] PROGRESS REPORT:
    application: influx_udp
    started_at: nonode@nohost
 (application_controller:info_started/2:2154)
2026-09-18 12:58:42.898464+00:00 [debug] Dependency influx_udp was available already (eturnal_module:ensure_dep/2:284)
2026-09-18 12:58:42.900381+00:00 [info]     options: #{port => 8089,host => "localhost",pool_size => 1,
               max_overflow => 1}
    msg: Start clients pool
    host: {127,0,0,1} (influx_udp:start_pool_/2:239)
2026-09-18 12:58:42.908118+00:00 [info]     port: 33175
    msg: Open UDP socket on port (influx_udp_worker:init/1:43)
2026-09-18 12:58:42.908280+00:00 [debug] PROGRESS REPORT:
    supervisor: {local,influx_udp_sup}
    started: [{pid,<0.998.0>},
              {id,stats_influx_pool},
              {mfargs,
                  {poolboy,start_link,
                      [[{name,{local,stats_influx_pool}},
                        {worker_module,influx_udp_worker},
                        {size,1},
                        {max_overflow,1}],
                       [{options,
                            #{port => 8089,
                              host => {127,0,0,1},
                              pool_size => 1,max_overflow => 1}}]]}},
              {restart_type,permanent},
              {significant,false},
              {shutdown,5000},
              {child_type,worker}]
 (supervisor:report_progress/3:2333)
2026-09-18 12:58:42.908443+00:00 [info] Started mod_stats_influx (eturnal:start_modules/0:384)
2026-09-18 12:58:42.908631+00:00 [debug] Starting listener 127.0.0.1:34780 (udp) with options:
[{use_turn,true},
 {auth_type,user},
 {turn_ipv4_address,{127,0,0,1}},
 {turn_min_port,49152},
 {turn_max_port,65535},
 {turn_max_allocations,10},
 {turn_max_permissions,10},
 {shaper,100000},
 {auth_realm,<<"eturnal.net">>},
 {server_name,<<"eturnal">>},
 {auth_fun,fun eturnal:get_password/2},
 {hook_fun,fun eturnal:run_hook/2},
 {turn_blacklist_clients,[{{127,0,0,1},8}]},
 {turn_blacklist_peers,[{{10,0,0,0},8},
                        {{100,64,0,0},10},
                        {{127,0,0,0},8},
                        {{169,254,0,0},16},
                        {{172,16,0,0},12},
                        {{192,0,0,0},24},
                        {{192,0,2,0},24},
                        {{192,88,99,0},24},
                        {{192,168,0,0},16},
                        {{198,18,0,0},15},
                        {{198,51,100,0},24},
                        {{203,0,113,0},24},
                        {{224,0,0,0},4},
                        {{240,0,0,0},4},
                        {{0,0,0,0,0,0,0,1},128},
                        {{100,65435,0,0,0,0,0,0},96},
                        {{256,0,0,0,0,0,0,0},64},
                        {{8193,3512,0,0,0,0,0,0},32},
                        {{64512,0,0,0,0,0,0,0},7},
                        {{65152,0,0,0,0,0,0,0},10},
                        {{65280,0,0,0,0,0,0,0},8}]},
 {turn_whitelist_clients,[{{127,0,0,1},32}]},
 {turn_whitelist_peers,[{{127,0,0,1},32},
                        {{203,0,113,113},32},
                        {{8193,3512,0,0,0,0,0,0},64}]}] (eturnal:start_listeners/0:419)
2026-09-18 12:58:42.923408+00:00 [info] Listening on 127.0.0.1:34780 (udp) (STUN/TURN) (eturnal:start_listeners/0:426)
2026-09-18 12:58:42.923533+00:00 [debug] Starting listener 127.0.0.1:34780 (tcp) with options:
[{use_turn,false},
 {auth_type,anonymous},
 {turn_ipv4_address,{127,0,0,1}},
 {turn_min_port,49152},
 {turn_max_port,65535},
 {turn_max_allocations,10},
 {turn_max_permissions,10},
 {shaper,100000},
 {auth_realm,<<"eturnal.net">>},
 {server_name,<<"eturnal">>},
 {auth_fun,fun eturnal:get_password/2},
 {hook_fun,fun eturnal:run_hook/2},
 {turn_blacklist_clients,[{{127,0,0,1},8}]},
 {turn_blacklist_peers,[{{10,0,0,0},8},
                        {{100,64,0,0},10},
                        {{127,0,0,0},8},
                        {{169,254,0,0},16},
                        {{172,16,0,0},12},
                        {{192,0,0,0},24},
                        {{192,0,2,0},24},
                        {{192,88,99,0},24},
                        {{192,168,0,0},16},
                        {{198,18,0,0},15},
                        {{198,51,100,0},24},
                        {{203,0,113,0},24},
                        {{224,0,0,0},4},
                        {{240,0,0,0},4},
                        {{0,0,0,0,0,0,0,1},128},
                        {{100,65435,0,0,0,0,0,0},96},
                        {{256,0,0,0,0,0,0,0},64},
                        {{8193,3512,0,0,0,0,0,0},32},
                        {{64512,0,0,0,0,0,0,0},7},
                        {{65152,0,0,0,0,0,0,0},10},
                        {{65280,0,0,0,0,0,0,0},8}]},
 {turn_whitelist_clients,[{{127,0,0,1},32}]},
 {turn_whitelist_peers,[{{127,0,0,1},32},
                        {{203,0,113,113},32},
                        {{8193,3512,0,0,0,0,0,0},64}]}] (eturnal:start_listeners/0:419)
2026-09-18 12:58:42.924170+00:00 [info] Listening on 127.0.0.1:34780 (tcp) (STUN only) (eturnal:start_listeners/0:426)
2026-09-18 12:58:42.924282+00:00 [debug] Starting listener 127.0.0.1:53490 (tls) with options:
[{use_turn,false},
 {auth_type,anonymous},
 {tls,true},
 {certfile,<<"run/cert.pem">>},
 {ciphers,<<"HIGH:!aNULL:@STRENGTH">>},
 {protocol_options,<<"no_tlsv1|no_tlsv1_1|cipher_server_preference">>},
 {turn_ipv4_address,{127,0,0,1}},
 {turn_min_port,49152},
 {turn_max_port,65535},
 {turn_max_allocations,10},
 {turn_max_permissions,10},
 {shaper,100000},
 {auth_realm,<<"eturnal.net">>},
 {server_name,<<"eturnal">>},
 {auth_fun,fun eturnal:get_password/2},
 {hook_fun,fun eturnal:run_hook/2},
 {turn_blacklist_clients,[{{127,0,0,1},8}]},
 {turn_blacklist_peers,[{{10,0,0,0},8},
                        {{100,64,0,0},10},
                        {{127,0,0,0},8},
                        {{169,254,0,0},16},
                        {{172,16,0,0},12},
                        {{192,0,0,0},24},
                        {{192,0,2,0},24},
                        {{192,88,99,0},24},
                        {{192,168,0,0},16},
                        {{198,18,0,0},15},
                        {{198,51,100,0},24},
                        {{203,0,113,0},24},
                        {{224,0,0,0},4},
                        {{240,0,0,0},4},
                        {{0,0,0,0,0,0,0,1},128},
                        {{100,65435,0,0,0,0,0,0},96},
                        {{256,0,0,0,0,0,0,0},64},
                        {{8193,3512,0,0,0,0,0,0},32},
                        {{64512,0,0,0,0,0,0,0},7},
                        {{65152,0,0,0,0,0,0,0},10},
                        {{65280,0,0,0,0,0,0,0},8}]},
 {turn_whitelist_clients,[{{127,0,0,1},32}]},
 {turn_whitelist_peers,[{{127,0,0,1},32},
                        {{203,0,113,113},32},
                        {{8193,3512,0,0,0,0,0,0},64}]}] (eturnal:start_listeners/0:419)
2026-09-18 12:58:42.924833+00:00 [info] Listening on 127.0.0.1:53490 (tls) (STUN only) (eturnal:start_listeners/0:426)
2026-09-18 12:58:42.924932+00:00 [debug] Starting listener 127.0.0.1:34781 (auto) with options:
[{use_turn,false},
 {auth_type,anonymous},
 {tls,optional},
 {certfile,<<"run/cert.pem">>},
 {ciphers,<<"HIGH:!aNULL:@STRENGTH">>},
 {protocol_options,<<"no_tlsv1|no_tlsv1_1|cipher_server_preference">>},
 {turn_ipv4_address,{127,0,0,1}},
 {turn_min_port,49152},
 {turn_max_port,65535},
 {turn_max_allocations,10},
 {turn_max_permissions,10},
 {shaper,100000},
 {auth_realm,<<"eturnal.net">>},
 {server_name,<<"eturnal">>},
 {auth_fun,fun eturnal:get_password/2},
 {hook_fun,fun eturnal:run_hook/2},
 {turn_blacklist_clients,[{{127,0,0,1},8}]},
 {turn_blacklist_peers,[{{10,0,0,0},8},
                        {{100,64,0,0},10},
                        {{127,0,0,0},8},
                        {{169,254,0,0},16},
                        {{172,16,0,0},12},
                        {{192,0,0,0},24},
                        {{192,0,2,0},24},
                        {{192,88,99,0},24},
                        {{192,168,0,0},16},
                        {{198,18,0,0},15},
                        {{198,51,100,0},24},
                        {{203,0,113,0},24},
                        {{224,0,0,0},4},
                        {{240,0,0,0},4},
                        {{0,0,0,0,0,0,0,1},128},
                        {{100,65435,0,0,0,0,0,0},96},
                        {{256,0,0,0,0,0,0,0},64},
                        {{8193,3512,0,0,0,0,0,0},32},
                        {{64512,0,0,0,0,0,0,0},7},
                        {{65152,0,0,0,0,0,0,0},10},
                        {{65280,0,0,0,0,0,0,0},8}]},
 {turn_whitelist_clients,[{{127,0,0,1},32}]},
 {turn_whitelist_peers,[{{127,0,0,1},32},
                        {{203,0,113,113},32},
                        {{8193,3512,0,0,0,0,0,0},64}]}] (eturnal:start_listeners/0:419)
2026-09-18 12:58:42.937647+00:00 [info] Listening on 127.0.0.1:34781 (auto) (STUN only) (eturnal:start_listeners/0:426)
2026-09-18 12:58:42.937834+00:00 [debug] Started 3 modules (eturnal:init/1:105)
2026-09-18 12:58:42.937923+00:00 [debug] Started 4 listeners (eturnal:init/1:106)
2026-09-18 12:58:42.938021+00:00 [debug] PROGRESS REPORT:
    supervisor: {local,eturnal_sup}
    started: [{pid,<0.962.0>},
              {id,eturnal},
              {mfargs,{eturnal,start_link,[]}},
              {restart_type,permanent},
              {significant,false},
              {shutdown,5000},
              {child_type,worker}]
 (supervisor:report_progress/3:2323)
2026-09-18 12:58:42.938133+00:00 [debug] No NOTIFY_SOCKET, dropping READY=1 notification (eturnal_systemd:handle_cast/2:99)
2026-09-18 12:58:42.938140+00:00 [debug] PROGRESS REPORT:
    application: eturnal
    started_at: nonode@nohost
 (application_controller:info_started/2:2154)
2026-09-18 12:58:42.964112+00:00 [debug] Handling API call: get_status() (eturnal_ctl:get_status/0:109)
2026-09-18 12:58:42.964207+00:00 [debug] eturnal call (get_status) returned ok (eturnal_ctl:call/1:439)
2026-09-18 12:58:42.987937+00:00 [debug] Handling API call: get_info() (eturnal_ctl:get_info/0:119)
2026-09-18 12:58:42.988504+00:00 [debug] eturnal call (get_info) returned {ok,
                                  {eturnal_node_info,<<"1.12.3">>,
                                   {"29","17.1"},
                                   3244,0,180,88801863,1,56926200}} (eturnal_ctl:call/1:442)
2026-09-18 12:58:43.012062+00:00 [debug] Handling API call: get_sessions() (eturnal_ctl:get_sessions/0:95)
2026-09-18 12:58:43.035854+00:00 [debug] Handling API call: get_sessions("alice") (eturnal_ctl:get_sessions/1:100)
2026-09-18 12:58:43.036109+00:00 [debug] Handling API call: get_sessions("1256900400:alice") (eturnal_ctl:get_sessions/1:100)
2026-09-18 12:58:43.036368+00:00 [debug] Handling API call: get_sessions(alice) (eturnal_ctl:get_sessions/1:100)
2026-09-18 12:58:43.036471+00:00 [debug] Cannot convert user name to binary: alice (eturnal_ctl:with_username/2:201)
2026-09-18 12:58:43.059685+00:00 [debug] Handling API call: disconnect("alice") (eturnal_ctl:disconnect/1:168)
2026-09-18 12:58:43.059942+00:00 [debug] Handling API call: disconnect(alice) (eturnal_ctl:disconnect/1:168)
2026-09-18 12:58:43.060093+00:00 [debug] Cannot convert user name to binary: alice (eturnal_ctl:with_username/2:201)
2026-09-18 12:58:43.083874+00:00 [debug] Handling API call: get_credentials("2009-10-30 11:00:00Z", []) (eturnal_ctl:get_credentials/2:60)
2026-09-18 12:58:43.084067+00:00 [debug] eturnal call ({get_password,<<"1256900400">>}) returned {ok,
                                                         <<"uEKlpcME7MNMMVRV8rUFPCTIFEs=">>} (eturnal_ctl:call/1:442)
2026-09-18 12:58:43.087221+00:00 [debug] Handling API call: get_credentials("86400", "alice") (eturnal_ctl:get_credentials/2:60)
2026-09-18 12:58:43.087378+00:00 [debug] eturnal call ({get_password,<<"1789822723:alice">>}) returned {ok,
                                                               <<"tRCffBubG/dKvUvZPuNwk5lGrI4=">>} (eturnal_ctl:call/1:442)
2026-09-18 12:58:43.087548+00:00 [debug] Handling API call: get_password("1789822723:alice") (eturnal_ctl:get_password/1:79)
2026-09-18 12:58:43.087673+00:00 [debug] eturnal call ({get_password,<<"1789822723:alice">>}) returned {ok,
                                                               <<"tRCffBubG/dKvUvZPuNwk5lGrI4=">>} (eturnal_ctl:call/1:442)
2026-09-18 12:58:43.087876+00:00 [debug] Handling API call: get_credentials("86400s", "alice") (eturnal_ctl:get_credentials/2:60)
2026-09-18 12:58:43.088003+00:00 [debug] eturnal call ({get_password,<<"1789822723:alice">>}) returned {ok,
                                                               <<"tRCffBubG/dKvUvZPuNwk5lGrI4=">>} (eturnal_ctl:call/1:442)
2026-09-18 12:58:43.088128+00:00 [debug] Handling API call: get_password("1789822723:alice") (eturnal_ctl:get_password/1:79)
2026-09-18 12:58:43.088252+00:00 [debug] eturnal call ({get_password,<<"1789822723:alice">>}) returned {ok,
                                                               <<"tRCffBubG/dKvUvZPuNwk5lGrI4=">>} (eturnal_ctl:call/1:442)
2026-09-18 12:58:43.088416+00:00 [debug] Handling API call: get_credentials("1440m", "alice") (eturnal_ctl:get_credentials/2:60)
2026-09-18 12:58:43.088567+00:00 [debug] eturnal call ({get_password,<<"1789822723:alice">>}) returned {ok,
                                                               <<"tRCffBubG/dKvUvZPuNwk5lGrI4=">>} (eturnal_ctl:call/1:442)
2026-09-18 12:58:43.088701+00:00 [debug] Handling API call: get_password("1789822723:alice") (eturnal_ctl:get_password/1:79)
2026-09-18 12:58:43.088819+00:00 [debug] eturnal call ({get_password,<<"1789822723:alice">>}) returned {ok,
                                                               <<"tRCffBubG/dKvUvZPuNwk5lGrI4=">>} (eturnal_ctl:call/1:442)
2026-09-18 12:58:43.089006+00:00 [debug] Handling API call: get_credentials("24h", "alice") (eturnal_ctl:get_credentials/2:60)
2026-09-18 12:58:43.089144+00:00 [debug] eturnal call ({get_password,<<"1789822723:alice">>}) returned {ok,
                                                               <<"tRCffBubG/dKvUvZPuNwk5lGrI4=">>} (eturnal_ctl:call/1:442)
2026-09-18 12:58:43.089278+00:00 [debug] Handling API call: get_password("1789822723:alice") (eturnal_ctl:get_password/1:79)
2026-09-18 12:58:43.089397+00:00 [debug] eturnal call ({get_password,<<"1789822723:alice">>}) returned {ok,
                                                               <<"tRCffBubG/dKvUvZPuNwk5lGrI4=">>} (eturnal_ctl:call/1:442)
2026-09-18 12:58:43.089562+00:00 [debug] Handling API call: get_credentials("1d", "alice") (eturnal_ctl:get_credentials/2:60)
2026-09-18 12:58:43.089679+00:00 [debug] eturnal call ({get_password,<<"1789822723:alice">>}) returned {ok,
                                                               <<"tRCffBubG/dKvUvZPuNwk5lGrI4=">>} (eturnal_ctl:call/1:442)
2026-09-18 12:58:43.089785+00:00 [debug] Handling API call: get_password("1789822723:alice") (eturnal_ctl:get_password/1:79)
2026-09-18 12:58:43.089901+00:00 [debug] eturnal call ({get_password,<<"1789822723:alice">>}) returned {ok,
                                                               <<"tRCffBubG/dKvUvZPuNwk5lGrI4=">>} (eturnal_ctl:call/1:442)
2026-09-18 12:58:43.090019+00:00 [debug] Handling API call: get_password("Invalid") (eturnal_ctl:get_password/1:79)
2026-09-18 12:58:43.090097+00:00 [debug] eturnal call ({get_password,<<"Invalid">>}) returned {error,no_credentials} (eturnal_ctl:call/1:445)
2026-09-18 12:58:43.090166+00:00 [debug] Handling API call: get_credentials("Invalid", []) (eturnal_ctl:get_credentials/2:60)
2026-09-18 12:58:43.090221+00:00 [debug] Invalid argument(s): "Invalid":[] (eturnal_ctl:get_credentials/2:73)
2026-09-18 12:58:43.090272+00:00 [debug] Handling API call: get_password(invalid) (eturnal_ctl:get_password/1:79)
2026-09-18 12:58:43.090323+00:00 [debug] Cannot convert user name to binary: invalid (eturnal_ctl:with_username/2:201)
2026-09-18 12:58:43.090380+00:00 [debug] Handling API call: get_credentials(invalid, []) (eturnal_ctl:get_credentials/2:60)
2026-09-18 12:58:43.090440+00:00 [debug] Invalid argument(s): invalid:[] (eturnal_ctl:get_credentials/2:73)
2026-09-18 12:58:43.090492+00:00 [debug] Handling API call: get_password([invalid]) (eturnal_ctl:get_password/1:79)
2026-09-18 12:58:43.090543+00:00 [debug] Cannot convert user name to binary: [invalid] (eturnal_ctl:with_username/2:201)
2026-09-18 12:58:43.090630+00:00 [debug] Handling API call: get_credentials([invalid], []) (eturnal_ctl:get_credentials/2:60)
2026-09-18 12:58:43.090743+00:00 [debug] Invalid argument(s): [invalid]:[] (eturnal_ctl:get_credentials/2:73)
2026-09-18 12:58:43.090929+00:00 [debug] Handling API call: get_credentials(1256900400, invalid) (eturnal_ctl:get_credentials/2:60)
2026-09-18 12:58:43.091033+00:00 [debug] Invalid argument(s): 1256900400:invalid (eturnal_ctl:get_credentials/2:73)
2026-09-18 12:58:43.091164+00:00 [debug] Handling API call: get_password("alice") (eturnal_ctl:get_password/1:79)
2026-09-18 12:58:43.091287+00:00 [debug] eturnal call ({get_password,<<"alice">>}) returned {ok,<<"l0vesBob">>} (eturnal_ctl:call/1:442)
2026-09-18 12:58:43.114630+00:00 [debug] Handling API call: set_loglevel(debug) (eturnal_ctl:set_loglevel/1:149)
2026-09-18 12:58:43.114765+00:00 [debug] eturnal call ({set_loglevel,debug}) returned ok (eturnal_ctl:call/1:439)
2026-09-18 12:58:43.114920+00:00 [debug] Handling API call: get_loglevel() (eturnal_ctl:get_loglevel/0:139)
2026-09-18 12:58:43.114981+00:00 [debug] eturnal call (get_loglevel) returned {ok,debug} (eturnal_ctl:call/1:442)
2026-09-18 12:58:43.115129+00:00 [debug] Handling API call: set_loglevel(invalid) (eturnal_ctl:set_loglevel/1:149)
2026-09-18 12:58:43.115211+00:00 [debug] Invalid log level: invalid (eturnal_ctl:set_loglevel/1:159)
2026-09-18 12:58:43.115344+00:00 [debug] Handling API call: get_loglevel() (eturnal_ctl:get_loglevel/0:139)
2026-09-18 12:58:43.115450+00:00 [debug] eturnal call (get_loglevel) returned {ok,debug} (eturnal_ctl:call/1:442)
2026-09-18 12:58:43.138985+00:00 [debug] Handling API call: get_version() (eturnal_ctl:get_version/0:129)
2026-09-18 12:58:43.139122+00:00 [debug] eturnal call (get_version) returned {ok,<<"1.12.3">>} (eturnal_ctl:call/1:442)
2026-09-18 12:58:43.163152+00:00 [debug] Handling API call: reload() (eturnal_ctl:reload/0:179)
2026-09-18 12:58:43.165262+00:00 [debug] Calling mod_log_stun:options/0 (eturnal_module:options/1:192)
2026-09-18 12:58:43.165396+00:00 [debug] Calling mod_stats_influx:options/0 (eturnal_module:options/1:192)
2026-09-18 12:58:43.165505+00:00 [debug] Calling mod_stats_prometheus:options/0 (eturnal_module:options/1:192)
2026-09-18 12:58:43.166036+00:00 [info] Reloading configuration (eturnal:reload/1:627)
2026-09-18 12:58:43.166218+00:00 [warning] TLS enabled without 'tls_crt_file', creating self-signed certificate (eturnal:check_pem_file/0:809)
2026-09-18 12:58:43.725402+00:00 [info] Using new TLS certificate (eturnal:reload/1:631)
2026-09-18 12:58:43.726332+00:00 [debug] Calling mod_stats_prometheus:stop/1 (eturnal_module:stop/1:163)
2026-09-18 12:58:43.726463+00:00 [debug] Stopping mod_stats_prometheus (mod_stats_prometheus:stop/0:110)
2026-09-18 12:58:43.726713+00:00 [info] Stopped mod_stats_prometheus (eturnal:stop_modules/1:397)
2026-09-18 12:58:43.728046+00:00 [debug] Calling mod_log_stun:stop/1 (eturnal_module:stop/1:163)
2026-09-18 12:58:43.728123+00:00 [debug] Stopping mod_log_stun (mod_log_stun:stop/0:49)
2026-09-18 12:58:43.728180+00:00 [info] Stopped mod_log_stun (eturnal:stop_modules/1:397)
2026-09-18 12:58:43.728943+00:00 [debug] Calling mod_stats_influx:stop/1 (eturnal_module:stop/1:163)
2026-09-18 12:58:43.729062+00:00 [debug] Stopping mod_stats_influx (mod_stats_influx:stop/0:61)
2026-09-18 12:58:43.729191+00:00 [info] Stopped mod_stats_influx (eturnal:stop_modules/1:397)
2026-09-18 12:58:43.729277+00:00 [debug] Calling mod_stats_prometheus:start/0 (eturnal_module:start/1:143)
2026-09-18 12:58:43.729384+00:00 [debug] Starting mod_stats_prometheus (mod_stats_prometheus:start/0:56)
2026-09-18 12:58:43.729533+00:00 [debug] Dependency prometheus_httpd was available already (eturnal_module:ensure_dep/2:284)
2026-09-18 12:58:43.730172+00:00 [debug] PROGRESS REPORT:
    supervisor: {local,httpd_instance_sup__127_0_0_1__9081default}
    started: [{pid,<0.1125.0>},
              {id,{httpd_connection_sup,{127,0,0,1},9081,default}},
              {mfargs,{httpd_connection_sup,start_link,[[{127,0,0,1},9081]]}},
              {restart_type,permanent},
              {significant,false},
              {shutdown,5000},
              {child_type,supervisor}]
 (supervisor:report_progress/3:2323)
2026-09-18 12:58:43.730338+00:00 [debug] PROGRESS REPORT:
    supervisor: {local,httpd_instance_sup__127_0_0_1__9081default}
    started: [{pid,<0.1126.0>},
              {id,{httpd_misc_sup,{127,0,0,1},9081,default}},
              {mfargs,{httpd_misc_sup,start_link,[{127,0,0,1},9081,default]}},
              {restart_type,permanent},
              {significant,false},
              {shutdown,infinity},
              {child_type,supervisor}]
 (supervisor:report_progress/3:2323)
2026-09-18 12:58:43.730854+00:00 [debug] PROGRESS REPORT:
    supervisor: {local,httpd_instance_sup__127_0_0_1__9081default}
    started: [{pid,<0.1127.0>},
              {id,{httpd_manager,{127,0,0,1},9081,default}},
              {mfargs,
                  {httpd_manager,start_link,
                      [undefined,
                       [{bind_address,{127,0,0,1}},
                        {socket_type,ip_comm},
                        {port,9081},
                        {server_root,"run/mod_stats_prometheus/doc"},
                        {document_root,"run/mod_stats_prometheus/doc"},
                        {server_name,"Prometheus Exporter"},
                        {modules,[prometheus_httpd]}],
                       15000]}},
              {restart_type,permanent},
              {significant,false},
              {shutdown,4000},
              {child_type,worker}]
 (supervisor:report_progress/3:2323)
2026-09-18 12:58:43.731246+00:00 [debug] PROGRESS REPORT:
    supervisor: {local,httpd_acceptor_sup__127_0_0_1__9081default}
    started: [{pid,<0.1131.0>},
              {id,{httpd_acceptor_sup,{127,0,0,1},9081,default}},
              {mfargs,{httpd_acceptor,start_link,
                                      [httpd__127_0_0_1__9081default,ip_comm,
                                       {127,0,0,1},
                                       9081,inet,
                                       httpd_conf__127_0_0_1__9081default,
                                       15000]}},
              {restart_type,transient},
              {significant,false},
              {shutdown,brutal_kill},
              {child_type,worker}]
 (supervisor:report_progress/3:2323)
2026-09-18 12:58:43.731390+00:00 [debug] PROGRESS REPORT:
    supervisor: {local,httpd_instance_sup__127_0_0_1__9081default}
    started: [{pid,<0.1130.0>},
              {id,{httpd_acceptor_sup,{127,0,0,1},9081,default}},
              {mfargs,
                  {httpd_acceptor_sup,start_link,
                      [[{127,0,0,1},
                        9081,
                        [{bind_address,{127,0,0,1}},
                         {socket_type,ip_comm},
                         {port,9081},
                         {server_root,"run/mod_stats_prometheus/doc"},
                         {document_root,"run/mod_stats_prometheus/doc"},
                         {server_name,"Prometheus Exporter"},
                         {modules,[prometheus_httpd]}],
                        15000,undefined]]}},
              {restart_type,permanent},
              {significant,false},
              {shutdown,infinity},
              {child_type,supervisor}]
 (supervisor:report_progress/3:2323)
2026-09-18 12:58:43.731541+00:00 [debug] PROGRESS REPORT:
    supervisor: {local,httpd_sup}
    started: [{pid,<0.1124.0>},
              {id,{httpd_instance_sup,{127,0,0,1},9081,default}},
              {mfargs,
                  {httpd_instance_sup,start_link,
                      [[{bind_address,{127,0,0,1}},
                        {socket_type,ip_comm},
                        {port,9081},
                        {server_root,"run/mod_stats_prometheus/doc"},
                        {document_root,"run/mod_stats_prometheus/doc"},
                        {server_name,"Prometheus Exporter"},
                        {modules,[prometheus_httpd]}],
                       15000,[]]}},
              {restart_type,permanent},
              {significant,false},
              {shutdown,infinity},
              {child_type,supervisor}]
 (supervisor:report_progress/3:2333)
2026-09-18 12:58:43.733327+00:00 [info] Started mod_stats_prometheus (eturnal:start_modules/0:384)
2026-09-18 12:58:43.733457+00:00 [debug] Calling mod_log_stun:start/0 (eturnal_module:start/1:143)
2026-09-18 12:58:43.733567+00:00 [debug] Starting mod_log_stun (mod_log_stun:start/0:38)
2026-09-18 12:58:43.734790+00:00 [info] Started mod_log_stun (eturnal:start_modules/0:384)
2026-09-18 12:58:43.734906+00:00 [debug] Calling mod_stats_influx:start/0 (eturnal_module:start/1:143)
2026-09-18 12:58:43.735023+00:00 [debug] Starting mod_stats_influx (mod_stats_influx:start/0:37)
2026-09-18 12:58:43.735149+00:00 [debug] Dependency influx_udp was available already (eturnal_module:ensure_dep/2:284)
2026-09-18 12:58:43.735562+00:00 [info]     options: #{port => 8089,host => "localhost",pool_size => 1,
               max_overflow => 1}
    msg: Start clients pool
    host: {127,0,0,1} (influx_udp:start_pool_/2:239)
2026-09-18 12:58:43.736658+00:00 [info] Started mod_stats_influx (eturnal:start_modules/0:384)
2026-09-18 12:58:43.736767+00:00 [debug] Restarted modules (eturnal:reload/1:639)
2026-09-18 12:58:43.736911+00:00 [debug] eturnal call (reload) returned ok (eturnal_ctl:call/1:439)
2026-09-18 12:58:43.737166+00:00 [debug] Handling API call: reload() (eturnal_ctl:reload/0:179)
2026-09-18 12:58:43.739104+00:00 [debug] Calling mod_log_stun:options/0 (eturnal_module:options/1:192)
2026-09-18 12:58:43.739223+00:00 [debug] Calling mod_stats_influx:options/0 (eturnal_module:options/1:192)
2026-09-18 12:58:43.739335+00:00 [debug] Calling mod_stats_prometheus:options/0 (eturnal_module:options/1:192)
2026-09-18 12:58:43.739986+00:00 [info] Reloading configuration (eturnal:reload/1:627)
2026-09-18 12:58:43.740157+00:00 [debug] Keeping PEM file (run/cert.pem) (eturnal:check_pem_file/0:806)
2026-09-18 12:58:43.740289+00:00 [debug] TLS certificate unchanged (eturnal:reload/1:633)
2026-09-18 12:58:43.741689+00:00 [debug] Calling mod_stats_prometheus:stop/1 (eturnal_module:stop/1:163)
2026-09-18 12:58:43.741845+00:00 [debug] Stopping mod_stats_prometheus (mod_stats_prometheus:stop/0:110)
2026-09-18 12:58:43.742085+00:00 [info] Stopped mod_stats_prometheus (eturnal:stop_modules/1:397)
2026-09-18 12:58:43.743160+00:00 [debug] Calling mod_log_stun:stop/1 (eturnal_module:stop/1:163)
2026-09-18 12:58:43.743320+00:00 [debug] Stopping mod_log_stun (mod_log_stun:stop/0:49)
2026-09-18 12:58:43.743421+00:00 [info] Stopped mod_log_stun (eturnal:stop_modules/1:397)
2026-09-18 12:58:43.744605+00:00 [debug] Calling mod_stats_influx:stop/1 (eturnal_module:stop/1:163)
2026-09-18 12:58:43.744717+00:00 [debug] Stopping mod_stats_influx (mod_stats_influx:stop/0:61)
2026-09-18 12:58:43.744834+00:00 [info] Stopped mod_stats_influx (eturnal:stop_modules/1:397)
2026-09-18 12:58:43.744929+00:00 [debug] Calling mod_stats_prometheus:start/0 (eturnal_module:start/1:143)
2026-09-18 12:58:43.745023+00:00 [debug] Starting mod_stats_prometheus (mod_stats_prometheus:start/0:56)
2026-09-18 12:58:43.745122+00:00 [debug] Dependency prometheus_httpd was available already (eturnal_module:ensure_dep/2:284)
2026-09-18 12:58:43.745660+00:00 [debug] PROGRESS REPORT:
    supervisor: {local,httpd_instance_sup__127_0_0_1__9081default}
    started: [{pid,<0.1164.0>},
              {id,{httpd_connection_sup,{127,0,0,1},9081,default}},
              {mfargs,{httpd_connection_sup,start_link,[[{127,0,0,1},9081]]}},
              {restart_type,permanent},
              {significant,false},
              {shutdown,5000},
              {child_type,supervisor}]
 (supervisor:report_progress/3:2323)
2026-09-18 12:58:43.745836+00:00 [debug] PROGRESS REPORT:
    supervisor: {local,httpd_instance_sup__127_0_0_1__9081default}
    started: [{pid,<0.1165.0>},
              {id,{httpd_misc_sup,{127,0,0,1},9081,default}},
              {mfargs,{httpd_misc_sup,start_link,[{127,0,0,1},9081,default]}},
              {restart_type,permanent},
              {significant,false},
              {shutdown,infinity},
              {child_type,supervisor}]
 (supervisor:report_progress/3:2323)
2026-09-18 12:58:43.746359+00:00 [debug] PROGRESS REPORT:
    supervisor: {local,httpd_instance_sup__127_0_0_1__9081default}
    started: [{pid,<0.1166.0>},
              {id,{httpd_manager,{127,0,0,1},9081,default}},
              {mfargs,
                  {httpd_manager,start_link,
                      [undefined,
                       [{bind_address,{127,0,0,1}},
                        {socket_type,ip_comm},
                        {port,9081},
                        {server_root,"run/mod_stats_prometheus/doc"},
                        {document_root,"run/mod_stats_prometheus/doc"},
                        {server_name,"Prometheus Exporter"},
                        {modules,[prometheus_httpd]}],
                       15000]}},
              {restart_type,permanent},
              {significant,false},
              {shutdown,4000},
              {child_type,worker}]
 (supervisor:report_progress/3:2323)
2026-09-18 12:58:43.746655+00:00 [debug] PROGRESS REPORT:
    supervisor: {local,httpd_acceptor_sup__127_0_0_1__9081default}
    started: [{pid,<0.1168.0>},
              {id,{httpd_acceptor_sup,{127,0,0,1},9081,default}},
              {mfargs,{httpd_acceptor,start_link,
                                      [httpd__127_0_0_1__9081default,ip_comm,
                                       {127,0,0,1},
                                       9081,inet,
                                       httpd_conf__127_0_0_1__9081default,
                                       15000]}},
              {restart_type,transient},
              {significant,false},
              {shutdown,brutal_kill},
              {child_type,worker}]
 (supervisor:report_progress/3:2323)
2026-09-18 12:58:43.746788+00:00 [debug] PROGRESS REPORT:
    supervisor: {local,httpd_instance_sup__127_0_0_1__9081default}
    started: [{pid,<0.1167.0>},
              {id,{httpd_acceptor_sup,{127,0,0,1},9081,default}},
              {mfargs,
                  {httpd_acceptor_sup,start_link,
                      [[{127,0,0,1},
                        9081,
                        [{bind_address,{127,0,0,1}},
                         {socket_type,ip_comm},
                         {port,9081},
                         {server_root,"run/mod_stats_prometheus/doc"},
                         {document_root,"run/mod_stats_prometheus/doc"},
                         {server_name,"Prometheus Exporter"},
                         {modules,[prometheus_httpd]}],
                        15000,undefined]]}},
              {restart_type,permanent},
              {significant,false},
              {shutdown,infinity},
              {child_type,supervisor}]
 (supervisor:report_progress/3:2323)
2026-09-18 12:58:43.746940+00:00 [debug] PROGRESS REPORT:
    supervisor: {local,httpd_sup}
    started: [{pid,<0.1163.0>},
              {id,{httpd_instance_sup,{127,0,0,1},9081,default}},
              {mfargs,
                  {httpd_instance_sup,start_link,
                      [[{bind_address,{127,0,0,1}},
                        {socket_type,ip_comm},
                        {port,9081},
                        {server_root,"run/mod_stats_prometheus/doc"},
                        {document_root,"run/mod_stats_prometheus/doc"},
                        {server_name,"Prometheus Exporter"},
                        {modules,[prometheus_httpd]}],
                       15000,[]]}},
              {restart_type,permanent},
              {significant,false},
              {shutdown,infinity},
              {child_type,supervisor}]
 (supervisor:report_progress/3:2333)
2026-09-18 12:58:43.747991+00:00 [info] Started mod_stats_prometheus (eturnal:start_modules/0:384)
2026-09-18 12:58:43.748140+00:00 [debug] Calling mod_log_stun:start/0 (eturnal_module:start/1:143)
2026-09-18 12:58:43.748248+00:00 [debug] Starting mod_log_stun (mod_log_stun:start/0:38)
2026-09-18 12:58:43.749405+00:00 [info] Started mod_log_stun (eturnal:start_modules/0:384)
2026-09-18 12:58:43.749535+00:00 [debug] Calling mod_stats_influx:start/0 (eturnal_module:start/1:143)
2026-09-18 12:58:43.749621+00:00 [debug] Starting mod_stats_influx (mod_stats_influx:start/0:37)
2026-09-18 12:58:43.749698+00:00 [debug] Dependency influx_udp was available already (eturnal_module:ensure_dep/2:284)
2026-09-18 12:58:43.750020+00:00 [info]     options: #{port => 8089,host => "localhost",pool_size => 1,
               max_overflow => 1}
    msg: Start clients pool
    host: {127,0,0,1} (influx_udp:start_pool_/2:239)
2026-09-18 12:58:43.750659+00:00 [info] Started mod_stats_influx (eturnal:start_modules/0:384)
2026-09-18 12:58:43.750778+00:00 [debug] Restarted modules (eturnal:reload/1:639)
2026-09-18 12:58:43.750902+00:00 [debug] eturnal call (reload) returned ok (eturnal_ctl:call/1:439)
2026-09-18 12:58:43.777092+00:00 [info] Accepting connection: 127.0.0.1:35842 -> 127.0.0.1:34780 [TCP, session wesrm55iwl54] (stun_acceptor:accept/3:158)
2026-09-18 12:58:43.800582+00:00 [info] Accepting connection: 127.0.0.1:57374 -> 127.0.0.1:53490 [TLS, session 25i5j7ircyrd] (stun_acceptor:accept/3:158)
2026-09-18 12:58:43.828334+00:00 [debug] Received:
#stun{class = request,method = 3,magic = 554869826,
      trid = 27753759335242142780740567394,raw = <<>>,unsupported = [],
      'ALTERNATE-SERVER' = undefined,'CHANNEL-NUMBER' = undefined,
      'DATA' = undefined,'DONT-FRAGMENT' = false,'ERROR-CODE' = undefined,
      'LIFETIME' = undefined,'MAPPED-ADDRESS' = undefined,
      'MESSAGE-INTEGRITY' = undefined,'NONCE' = undefined,'REALM' = undefined,
      'REQUESTED-ADDRESS-FAMILY' = undefined,
      'REQUESTED-TRANSPORT' = undefined,'SOFTWARE' = undefined,
      'UNKNOWN-ATTRIBUTES' = [],'USERNAME' = undefined,
      'XOR-MAPPED-ADDRESS' = undefined,'XOR-PEER-ADDRESS' = [],
      'XOR-RELAYED-ADDRESS' = undefined} (stun:udp_recv/5:146)
2026-09-18 12:58:43.828480+00:00 [debug] Sending:
#stun{class = error,method = 3,magic = 554869826,
      trid = 27753759335242142780740567394,raw = <<>>,unsupported = [],
      'ALTERNATE-SERVER' = undefined,'CHANNEL-NUMBER' = undefined,
      'DATA' = undefined,'DONT-FRAGMENT' = false,
      'ERROR-CODE' = {401,<<"Unauthorized">>},
      'LIFETIME' = undefined,'MAPPED-ADDRESS' = undefined,
      'MESSAGE-INTEGRITY' = undefined,'NONCE' = <<"2433979161">>,
      'REALM' = <<"eturnal.net">>,'REQUESTED-ADDRESS-FAMILY' = undefined,
      'REQUESTED-TRANSPORT' = undefined,'SOFTWARE' = <<"eturnal">>,
      'UNKNOWN-ATTRIBUTES' = [],'USERNAME' = undefined,
      'XOR-MAPPED-ADDRESS' = undefined,'XOR-PEER-ADDRESS' = [],
      'XOR-RELAYED-ADDRESS' = undefined} (stun:send/3:500)
2026-09-18 12:58:43.828759+00:00 [debug] Received:
#stun{class = request,method = 3,magic = 554869826,
      trid = 42338694128294871291799443066,
      raw = <<0,3,0,76,33,18,164,66,136,205,191,55,180,111,163,218,131,234,150,
              122,0,25,0,4,17,0,0,0,0,6,0,5,97,108,105,99,101,0,0,0,0,20,0,11,
              101,116,117,114,110,97,108,46,110,101,116,0,0,21,0,10,50,52,51,
              51,57,55,57,49,54,49,0,0>>,
      unsupported = [],'ALTERNATE-SERVER' = undefined,
      'CHANNEL-NUMBER' = undefined,'DATA' = undefined,'DONT-FRAGMENT' = false,
      'ERROR-CODE' = undefined,'LIFETIME' = undefined,
      'MAPPED-ADDRESS' = undefined,
      'MESSAGE-INTEGRITY' = <<99,63,46,59,128,185,231,27,134,223,54,180,93,252,
                              21,240,120,196,2,184>>,
      'NONCE' = <<"2433979161">>,'REALM' = <<"eturnal.net">>,
      'REQUESTED-ADDRESS-FAMILY' = undefined,'REQUESTED-TRANSPORT' = udp,
      'SOFTWARE' = undefined,'UNKNOWN-ATTRIBUTES' = [],
      'USERNAME' = <<"alice">>,'XOR-MAPPED-ADDRESS' = undefined,
      'XOR-PEER-ADDRESS' = [],'XOR-RELAYED-ADDRESS' = undefined} (stun:udp_recv/5:146)
2026-09-18 12:58:43.828907+00:00 [debug] Looking up password for: alice [UDP, session vrk0oofmuaih, user alice, client 127.0.0.1:37998] (eturnal:get_password/2:259)
2026-09-18 12:58:43.828994+00:00 [info] Accepting long-term STUN/TURN authentication [UDP, session vrk0oofmuaih, user alice, client 127.0.0.1:37998] (stun:process/2:289)
2026-09-18 12:58:43.831403+00:00 [debug] Running 'turn_session_start' hook [UDP, session vrk0oofmuaih, user alice, client 127.0.0.1:37998] (turn:run_hook/3:753)
2026-09-18 12:58:43.831480+00:00 [debug] Got 'turn_session_start' event [UDP, session vrk0oofmuaih, user alice, client 127.0.0.1:37998] (eturnal_module:handle_event/2:177)
2026-09-18 12:58:43.831551+00:00 [debug] Calling mod_stats_prometheus:handle_event/2 [UDP, session vrk0oofmuaih, user alice, client 127.0.0.1:37998] (eturnal_module:handle_event/2:180)
2026-09-18 12:58:43.831628+00:00 [debug] Observing started TURN session vrk0oofmuaih for Prometheus [UDP, session vrk0oofmuaih, user alice, client 127.0.0.1:37998] (mod_stats_prometheus:on_turn_session_start/1:174)
2026-09-18 12:58:43.831897+00:00 [notice] Creating TURN allocation (lifetime: 599 seconds) [UDP, session vrk0oofmuaih, user alice, client 127.0.0.1:37998, relay 127.0.0.1:53953] (turn:wait_for_allocate/2:226)
2026-09-18 12:58:43.831992+00:00 [debug] Sending:
#stun{class = response,method = 3,magic = 554869826,
      trid = 42338694128294871291799443066,raw = <<>>,unsupported = [],
      'ALTERNATE-SERVER' = undefined,'CHANNEL-NUMBER' = undefined,
      'DATA' = undefined,'DONT-FRAGMENT' = false,'ERROR-CODE' = undefined,
      'LIFETIME' = 599,'MAPPED-ADDRESS' = undefined,
      'MESSAGE-INTEGRITY' = undefined,'NONCE' = undefined,'REALM' = undefined,
      'REQUESTED-ADDRESS-FAMILY' = undefined,
      'REQUESTED-TRANSPORT' = undefined,'SOFTWARE' = <<"eturnal">>,
      'UNKNOWN-ATTRIBUTES' = [],'USERNAME' = undefined,
      'XOR-MAPPED-ADDRESS' = {{127,0,0,1},37998},
      'XOR-PEER-ADDRESS' = [],
      'XOR-RELAYED-ADDRESS' = {{127,0,0,1},53953}} (turn:send/2:549)
2026-09-18 12:58:43.832280+00:00 [debug] Received:
#stun{class = request,method = 4,magic = 554869826,
      trid = 4721345991430302103854489355,
      raw = <<0,4,0,76,33,18,164,66,15,65,103,231,12,88,88,207,225,21,159,11,0,
              6,0,5,97,108,105,99,101,0,0,0,0,20,0,11,101,116,117,114,110,97,
              108,46,110,101,116,0,0,21,0,10,50,52,51,51,57,55,57,49,54,49,0,0,
              0,13,0,4,0,0,0,0>>,
      unsupported = [],'ALTERNATE-SERVER' = undefined,
      'CHANNEL-NUMBER' = undefined,'DATA' = undefined,'DONT-FRAGMENT' = false,
      'ERROR-CODE' = undefined,'LIFETIME' = 0,'MAPPED-ADDRESS' = undefined,
      'MESSAGE-INTEGRITY' = <<79,86,195,11,43,239,124,86,124,93,144,197,38,160,
                              1,218,10,67,106,82>>,
      'NONCE' = <<"2433979161">>,'REALM' = <<"eturnal.net">>,
      'REQUESTED-ADDRESS-FAMILY' = undefined,
      'REQUESTED-TRANSPORT' = undefined,'SOFTWARE' = undefined,
      'UNKNOWN-ATTRIBUTES' = [],'USERNAME' = <<"alice">>,
      'XOR-MAPPED-ADDRESS' = undefined,'XOR-PEER-ADDRESS' = [],
      'XOR-RELAYED-ADDRESS' = undefined} (stun:udp_recv/5:146)
2026-09-18 12:58:43.832413+00:00 [debug] Looking up password for: alice [UDP, session 9ninqgapp29o, user alice, client 127.0.0.1:37998] (eturnal:get_password/2:259)
2026-09-18 12:58:43.832459+00:00 [info] Accepting long-term STUN/TURN authentication [UDP, session 9ninqgapp29o, user alice, client 127.0.0.1:37998] (stun:process/2:289)
2026-09-18 12:58:43.832499+00:00 [info] Client requested closing the TURN session [UDP, session vrk0oofmuaih, user alice, client 127.0.0.1:37998, relay 127.0.0.1:53953] (turn:active/2:285)
2026-09-18 12:58:43.832586+00:00 [debug] Sending:
#stun{class = response,method = 4,magic = 554869826,
      trid = 4721345991430302103854489355,raw = <<>>,unsupported = [],
      'ALTERNATE-SERVER' = undefined,'CHANNEL-NUMBER' = undefined,
      'DATA' = undefined,'DONT-FRAGMENT' = false,'ERROR-CODE' = undefined,
      'LIFETIME' = 0,'MAPPED-ADDRESS' = undefined,
      'MESSAGE-INTEGRITY' = undefined,'NONCE' = undefined,'REALM' = undefined,
      'REQUESTED-ADDRESS-FAMILY' = undefined,
      'REQUESTED-TRANSPORT' = undefined,'SOFTWARE' = <<"eturnal">>,
      'UNKNOWN-ATTRIBUTES' = [],'USERNAME' = undefined,
      'XOR-MAPPED-ADDRESS' = undefined,'XOR-PEER-ADDRESS' = [],
      'XOR-RELAYED-ADDRESS' = undefined} (turn:send/2:549)
2026-09-18 12:58:43.832709+00:00 [info] Deleting TURN allocation [UDP, session vrk0oofmuaih, user alice, client 127.0.0.1:37998, relay 127.0.0.1:53953] (turn:terminate/3:482)
2026-09-18 12:58:43.832749+00:00 [notice] Relayed 0 KiB (in 0 B / 0 packets, out 0 B / 0 packets), duration: 0 seconds [UDP, session vrk0oofmuaih, user alice, client 127.0.0.1:37998, relay 127.0.0.1:53953] (turn:terminate/3:489)
2026-09-18 12:58:43.832819+00:00 [debug] Running 'turn_session_stop' hook [UDP, session vrk0oofmuaih, user alice, client 127.0.0.1:37998, relay 127.0.0.1:53953] (turn:run_hook/3:753)
2026-09-18 12:58:43.832876+00:00 [debug] Got 'turn_session_stop' event [UDP, session vrk0oofmuaih, user alice, client 127.0.0.1:37998, relay 127.0.0.1:53953] (eturnal_module:handle_event/2:177)
2026-09-18 12:58:43.832911+00:00 [debug] Received:
#stun{class = request,method = 3,magic = 554869826,
      trid = 65758264163963512304510633586,raw = <<>>,unsupported = [],
      'ALTERNATE-SERVER' = undefined,'CHANNEL-NUMBER' = undefined,
      'DATA' = undefined,'DONT-FRAGMENT' = false,'ERROR-CODE' = undefined,
      'LIFETIME' = undefined,'MAPPED-ADDRESS' = undefined,
      'MESSAGE-INTEGRITY' = undefined,'NONCE' = undefined,'REALM' = undefined,
      'REQUESTED-ADDRESS-FAMILY' = undefined,
      'REQUESTED-TRANSPORT' = undefined,'SOFTWARE' = undefined,
      'UNKNOWN-ATTRIBUTES' = [],'USERNAME' = undefined,
      'XOR-MAPPED-ADDRESS' = undefined,'XOR-PEER-ADDRESS' = [],
      'XOR-RELAYED-ADDRESS' = undefined} (stun:udp_recv/5:146)
2026-09-18 12:58:43.832948+00:00 [debug] Calling mod_stats_influx:handle_event/2 [UDP, session vrk0oofmuaih, user alice, client 127.0.0.1:37998, relay 127.0.0.1:53953] (eturnal_module:handle_event/2:180)
2026-09-18 12:58:43.832994+00:00 [debug] Writing stats of TURN session vrk0oofmuaih to InfluxDB [UDP, session vrk0oofmuaih, user alice, client 127.0.0.1:37998, relay 127.0.0.1:53953] (mod_stats_influx:on_turn_session_stop/1:87)
2026-09-18 12:58:43.833031+00:00 [debug] Sending:
#stun{class = error,method = 3,magic = 554869826,
      trid = 65758264163963512304510633586,raw = <<>>,unsupported = [],
      'ALTERNATE-SERVER' = undefined,'CHANNEL-NUMBER' = undefined,
      'DATA' = undefined,'DONT-FRAGMENT' = false,
      'ERROR-CODE' = {401,<<"Unauthorized">>},
      'LIFETIME' = undefined,'MAPPED-ADDRESS' = undefined,
      'MESSAGE-INTEGRITY' = undefined,'NONCE' = <<"2155721964">>,
      'REALM' = <<"eturnal.net">>,'REQUESTED-ADDRESS-FAMILY' = undefined,
      'REQUESTED-TRANSPORT' = undefined,'SOFTWARE' = <<"eturnal">>,
      'UNKNOWN-ATTRIBUTES' = [],'USERNAME' = undefined,
      'XOR-MAPPED-ADDRESS' = undefined,'XOR-PEER-ADDRESS' = [],
      'XOR-RELAYED-ADDRESS' = undefined} (stun:send/3:500)
2026-09-18 12:58:43.833300+00:00 [debug] Received:
#stun{class = request,method = 3,magic = 554869826,
      trid = 74455103009133581066579424114,
      raw = <<0,3,0,80,33,18,164,66,240,147,209,85,193,185,54,39,98,19,51,114,
              0,25,0,4,17,0,0,0,0,6,0,10,50,49,52,53,57,49,51,50,48,48,0,0,0,
              20,0,11,101,116,117,114,110,97,108,46,110,101,116,0,0,21,0,10,50,
              49,53,53,55,50,49,57,54,52,0,0>>,
      unsupported = [],'ALTERNATE-SERVER' = undefined,
      'CHANNEL-NUMBER' = undefined,'DATA' = undefined,'DONT-FRAGMENT' = false,
      'ERROR-CODE' = undefined,'LIFETIME' = undefined,
      'MAPPED-ADDRESS' = undefined,
      'MESSAGE-INTEGRITY' = <<244,139,116,7,62,203,87,203,206,114,186,120,18,
                              119,63,154,102,48,220,108>>,
      'NONCE' = <<"2155721964">>,'REALM' = <<"eturnal.net">>,
      'REQUESTED-ADDRESS-FAMILY' = undefined,'REQUESTED-TRANSPORT' = udp,
      'SOFTWARE' = undefined,'UNKNOWN-ATTRIBUTES' = [],
      'USERNAME' = <<"2145913200">>,'XOR-MAPPED-ADDRESS' = undefined,
      'XOR-PEER-ADDRESS' = [],'XOR-RELAYED-ADDRESS' = undefined} (stun:udp_recv/5:146)
2026-09-18 12:58:43.833430+00:00 [debug] Deriving password for: 2145913200 [UDP, session me2r3gqcwpfc, user 2145913200, client 127.0.0.1:34683] (eturnal:get_password/2:245)
2026-09-18 12:58:43.833660+00:00 [info] Accepting long-term STUN/TURN authentication [UDP, session me2r3gqcwpfc, user 2145913200, client 127.0.0.1:34683] (stun:process/2:289)
2026-09-18 12:58:43.833777+00:00 [debug] Running 'turn_session_start' hook [UDP, session me2r3gqcwpfc, user 2145913200, client 127.0.0.1:34683] (turn:run_hook/3:753)
2026-09-18 12:58:43.833865+00:00 [debug] Got 'turn_session_start' event [UDP, session me2r3gqcwpfc, user 2145913200, client 127.0.0.1:34683] (eturnal_module:handle_event/2:177)
2026-09-18 12:58:43.833945+00:00 [debug] Calling mod_stats_prometheus:handle_event/2 [UDP, session me2r3gqcwpfc, user 2145913200, client 127.0.0.1:34683] (eturnal_module:handle_event/2:180)
2026-09-18 12:58:43.834030+00:00 [debug] Observing started TURN session me2r3gqcwpfc for Prometheus [UDP, session me2r3gqcwpfc, user 2145913200, client 127.0.0.1:34683] (mod_stats_prometheus:on_turn_session_start/1:174)
2026-09-18 12:58:43.834213+00:00 [notice] Creating TURN allocation (lifetime: 600 seconds) [UDP, session me2r3gqcwpfc, user 2145913200, client 127.0.0.1:34683, relay 127.0.0.1:61972] (turn:wait_for_allocate/2:226)
2026-09-18 12:58:43.834325+00:00 [debug] Sending:
#stun{class = response,method = 3,magic = 554869826,
      trid = 74455103009133581066579424114,raw = <<>>,unsupported = [],
      'ALTERNATE-SERVER' = undefined,'CHANNEL-NUMBER' = undefined,
      'DATA' = undefined,'DONT-FRAGMENT' = false,'ERROR-CODE' = undefined,
      'LIFETIME' = 600,'MAPPED-ADDRESS' = undefined,
      'MESSAGE-INTEGRITY' = undefined,'NONCE' = undefined,'REALM' = undefined,
      'REQUESTED-ADDRESS-FAMILY' = undefined,
      'REQUESTED-TRANSPORT' = undefined,'SOFTWARE' = <<"eturnal">>,
      'UNKNOWN-ATTRIBUTES' = [],'USERNAME' = undefined,
      'XOR-MAPPED-ADDRESS' = {{127,0,0,1},34683},
      'XOR-PEER-ADDRESS' = [],
      'XOR-RELAYED-ADDRESS' = {{127,0,0,1},61972}} (turn:send/2:549)
2026-09-18 12:58:43.834635+00:00 [debug] Received:
#stun{class = request,method = 4,magic = 554869826,
      trid = 12955317348777542893772923402,
      raw = <<0,4,0,80,33,18,164,66,41,220,99,40,189,59,106,179,32,6,226,10,0,
              6,0,10,50,49,52,53,57,49,51,50,48,48,0,0,0,20,0,11,101,116,117,
              114,110,97,108,46,110,101,116,0,0,21,0,10,50,49,53,53,55,50,49,
              57,54,52,0,0,0,13,0,4,0,0,0,0>>,
      unsupported = [],'ALTERNATE-SERVER' = undefined,
      'CHANNEL-NUMBER' = undefined,'DATA' = undefined,'DONT-FRAGMENT' = false,
      'ERROR-CODE' = undefined,'LIFETIME' = 0,'MAPPED-ADDRESS' = undefined,
      'MESSAGE-INTEGRITY' = <<13,139,103,255,75,137,89,132,74,146,250,230,204,
                              199,53,224,72,188,247,23>>,
      'NONCE' = <<"2155721964">>,'REALM' = <<"eturnal.net">>,
      'REQUESTED-ADDRESS-FAMILY' = undefined,
      'REQUESTED-TRANSPORT' = undefined,'SOFTWARE' = undefined,
      'UNKNOWN-ATTRIBUTES' = [],'USERNAME' = <<"2145913200">>,
      'XOR-MAPPED-ADDRESS' = undefined,'XOR-PEER-ADDRESS' = [],
      'XOR-RELAYED-ADDRESS' = undefined} (stun:udp_recv/5:146)
2026-09-18 12:58:43.834769+00:00 [debug] Deriving password for: 2145913200 [UDP, session 1za5gbclywov, user 2145913200, client 127.0.0.1:34683] (eturnal:get_password/2:245)
2026-09-18 12:58:43.834893+00:00 [info] Accepting long-term STUN/TURN authentication [UDP, session 1za5gbclywov, user 2145913200, client 127.0.0.1:34683] (stun:process/2:289)
2026-09-18 12:58:43.834974+00:00 [info] Client requested closing the TURN session [UDP, session me2r3gqcwpfc, user 2145913200, client 127.0.0.1:34683, relay 127.0.0.1:61972] (turn:active/2:285)
2026-09-18 12:58:43.835104+00:00 [debug] Sending:
#stun{class = response,method = 4,magic = 554869826,
      trid = 12955317348777542893772923402,raw = <<>>,unsupported = [],
      'ALTERNATE-SERVER' = undefined,'CHANNEL-NUMBER' = undefined,
      'DATA' = undefined,'DONT-FRAGMENT' = false,'ERROR-CODE' = undefined,
      'LIFETIME' = 0,'MAPPED-ADDRESS' = undefined,
      'MESSAGE-INTEGRITY' = undefined,'NONCE' = undefined,'REALM' = undefined,
      'REQUESTED-ADDRESS-FAMILY' = undefined,
      'REQUESTED-TRANSPORT' = undefined,'SOFTWARE' = <<"eturnal">>,
      'UNKNOWN-ATTRIBUTES' = [],'USERNAME' = undefined,
      'XOR-MAPPED-ADDRESS' = undefined,'XOR-PEER-ADDRESS' = [],
      'XOR-RELAYED-ADDRESS' = undefined} (turn:send/2:549)
2026-09-18 12:58:43.835253+00:00 [info] Deleting TURN allocation [UDP, session me2r3gqcwpfc, user 2145913200, client 127.0.0.1:34683, relay 127.0.0.1:61972] (turn:terminate/3:482)
2026-09-18 12:58:43.835309+00:00 [notice] Relayed 0 KiB (in 0 B / 0 packets, out 0 B / 0 packets), duration: 0 seconds [UDP, session me2r3gqcwpfc, user 2145913200, client 127.0.0.1:34683, relay 127.0.0.1:61972] (turn:terminate/3:489)
2026-09-18 12:58:43.835362+00:00 [debug] Running 'turn_session_stop' hook [UDP, session me2r3gqcwpfc, user 2145913200, client 127.0.0.1:34683, relay 127.0.0.1:61972] (turn:run_hook/3:753)
2026-09-18 12:58:43.835411+00:00 [debug] Got 'turn_session_stop' event [UDP, session me2r3gqcwpfc, user 2145913200, client 127.0.0.1:34683, relay 127.0.0.1:61972] (eturnal_module:handle_event/2:177)
2026-09-18 12:58:43.835458+00:00 [debug] Calling mod_stats_influx:handle_event/2 [UDP, session me2r3gqcwpfc, user 2145913200, client 127.0.0.1:34683, relay 127.0.0.1:61972] (eturnal_module:handle_event/2:180)
2026-09-18 12:58:43.835523+00:00 [debug] Writing stats of TURN session me2r3gqcwpfc to InfluxDB [UDP, session me2r3gqcwpfc, user 2145913200, client 127.0.0.1:34683, relay 127.0.0.1:61972] (mod_stats_influx:on_turn_session_stop/1:87)
2026-09-18 12:58:43.835520+00:00 [debug] Calling mod_stats_prometheus:handle_event/2 [UDP, session vrk0oofmuaih, user alice, client 127.0.0.1:37998, relay 127.0.0.1:53953] (eturnal_module:handle_event/2:180)
2026-09-18 12:58:43.835619+00:00 [debug] Observing stopped TURN session vrk0oofmuaih for Prometheus [UDP, session vrk0oofmuaih, user alice, client 127.0.0.1:37998, relay 127.0.0.1:53953] (mod_stats_prometheus:on_turn_session_stop/1:187)
2026-09-18 12:58:43.835660+00:00 [debug] Calling mod_stats_prometheus:handle_event/2 [UDP, session me2r3gqcwpfc, user 2145913200, client 127.0.0.1:34683, relay 127.0.0.1:61972] (eturnal_module:handle_event/2:180)
2026-09-18 12:58:43.835714+00:00 [debug] Observing stopped TURN session me2r3gqcwpfc for Prometheus [UDP, session me2r3gqcwpfc, user 2145913200, client 127.0.0.1:34683, relay 127.0.0.1:61972] (mod_stats_prometheus:on_turn_session_stop/1:187)
2026-09-18 12:58:43.859175+00:00 [debug] Received:
#stun{class = request,method = 1,magic = 554869826,
      trid = 65657829937993205513766875653,raw = <<>>,unsupported = [],
      'ALTERNATE-SERVER' = undefined,'CHANNEL-NUMBER' = undefined,
      'DATA' = undefined,'DONT-FRAGMENT' = false,'ERROR-CODE' = undefined,
      'LIFETIME' = undefined,'MAPPED-ADDRESS' = undefined,
      'MESSAGE-INTEGRITY' = undefined,'NONCE' = undefined,'REALM' = undefined,
      'REQUESTED-ADDRESS-FAMILY' = undefined,
      'REQUESTED-TRANSPORT' = undefined,'SOFTWARE' = undefined,
      'UNKNOWN-ATTRIBUTES' = [],'USERNAME' = undefined,
      'XOR-MAPPED-ADDRESS' = undefined,'XOR-PEER-ADDRESS' = [],
      'XOR-RELAYED-ADDRESS' = undefined} (stun:udp_recv/5:146)
2026-09-18 12:58:43.859253+00:00 [debug] Responding to STUN request [UDP, session fvn8ud86oxls, anonymous, client 127.0.0.1:47733] (stun:process/4:357)
2026-09-18 12:58:43.859293+00:00 [debug] Running 'stun_query' hook [UDP, session fvn8ud86oxls, anonymous, client 127.0.0.1:47733] (stun:run_hook/3:747)
2026-09-18 12:58:43.859331+00:00 [debug] Got 'stun_query' event [UDP, session fvn8ud86oxls, anonymous, client 127.0.0.1:47733] (eturnal_module:handle_event/2:177)
2026-09-18 12:58:43.859351+00:00 [debug] Calling mod_log_stun:handle_event/2 [UDP, session fvn8ud86oxls, anonymous, client 127.0.0.1:47733] (eturnal_module:handle_event/2:180)
2026-09-18 12:58:43.859382+00:00 [info] Responding to STUN request [UDP, session fvn8ud86oxls, anonymous, client 127.0.0.1:47733] (mod_log_stun:handle_event/2:44)
2026-09-18 12:58:43.859408+00:00 [debug] Calling mod_stats_influx:handle_event/2 [UDP, session fvn8ud86oxls, anonymous, client 127.0.0.1:47733] (eturnal_module:handle_event/2:180)
2026-09-18 12:58:43.859431+00:00 [debug] Writing STUN query event to InfluxDB [UDP, session fvn8ud86oxls, anonymous, client 127.0.0.1:47733] (mod_stats_influx:on_stun_query/1:76)
2026-09-18 12:58:43.859536+00:00 [debug] Calling mod_stats_prometheus:handle_event/2 [UDP, session fvn8ud86oxls, anonymous, client 127.0.0.1:47733] (eturnal_module:handle_event/2:180)
2026-09-18 12:58:43.859595+00:00 [debug] Observing STUN query for Prometheus [UDP, session fvn8ud86oxls, anonymous, client 127.0.0.1:47733] (mod_stats_prometheus:on_stun_query/1:166)
2026-09-18 12:58:43.859733+00:00 [debug] Sending:
#stun{class = response,method = 1,magic = 554869826,
      trid = 65657829937993205513766875653,raw = <<>>,unsupported = [],
      'ALTERNATE-SERVER' = undefined,'CHANNEL-NUMBER' = undefined,
      'DATA' = undefined,'DONT-FRAGMENT' = false,'ERROR-CODE' = undefined,
      'LIFETIME' = undefined,'MAPPED-ADDRESS' = undefined,
      'MESSAGE-INTEGRITY' = undefined,'NONCE' = undefined,'REALM' = undefined,
      'REQUESTED-ADDRESS-FAMILY' = undefined,
      'REQUESTED-TRANSPORT' = undefined,'SOFTWARE' = <<"eturnal">>,
      'UNKNOWN-ATTRIBUTES' = [],'USERNAME' = undefined,
      'XOR-MAPPED-ADDRESS' = {{127,0,0,1},47733},
      'XOR-PEER-ADDRESS' = [],'XOR-RELAYED-ADDRESS' = undefined} (stun:send/3:500)
2026-09-18 12:58:43.883263+00:00 [info] Accepting connection: 127.0.0.1:35854 -> 127.0.0.1:34780 [TCP, session l044g6zearvu] (stun_acceptor:accept/3:158)
2026-09-18 12:58:43.883485+00:00 [debug] Received:
#stun{class = request,method = 1,magic = 554869826,
      trid = 68867926422879472365346782944,raw = <<>>,unsupported = [],
      'ALTERNATE-SERVER' = undefined,'CHANNEL-NUMBER' = undefined,
      'DATA' = undefined,'DONT-FRAGMENT' = false,'ERROR-CODE' = undefined,
      'LIFETIME' = undefined,'MAPPED-ADDRESS' = undefined,
      'MESSAGE-INTEGRITY' = undefined,'NONCE' = undefined,'REALM' = undefined,
      'REQUESTED-ADDRESS-FAMILY' = undefined,
      'REQUESTED-TRANSPORT' = undefined,'SOFTWARE' = undefined,
      'UNKNOWN-ATTRIBUTES' = [],'USERNAME' = undefined,
      'XOR-MAPPED-ADDRESS' = undefined,'XOR-PEER-ADDRESS' = [],
      'XOR-RELAYED-ADDRESS' = undefined} (stun:process_data/3:457)
2026-09-18 12:58:43.883573+00:00 [debug] Responding to STUN request [TCP, session l044g6zearvu, anonymous, client 127.0.0.1:35854] (stun:process/4:357)
2026-09-18 12:58:43.883622+00:00 [debug] Running 'stun_query' hook [TCP, session l044g6zearvu, anonymous, client 127.0.0.1:35854] (stun:run_hook/3:747)
2026-09-18 12:58:43.883670+00:00 [debug] Got 'stun_query' event [TCP, session l044g6zearvu, anonymous, client 127.0.0.1:35854] (eturnal_module:handle_event/2:177)
2026-09-18 12:58:43.883698+00:00 [debug] Calling mod_log_stun:handle_event/2 [TCP, session l044g6zearvu, anonymous, client 127.0.0.1:35854] (eturnal_module:handle_event/2:180)
2026-09-18 12:58:43.883740+00:00 [info] Responding to STUN request [TCP, session l044g6zearvu, anonymous, client 127.0.0.1:35854] (mod_log_stun:handle_event/2:44)
2026-09-18 12:58:43.883769+00:00 [debug] Calling mod_stats_influx:handle_event/2 [TCP, session l044g6zearvu, anonymous, client 127.0.0.1:35854] (eturnal_module:handle_event/2:180)
2026-09-18 12:58:43.883826+00:00 [debug] Writing STUN query event to InfluxDB [TCP, session l044g6zearvu, anonymous, client 127.0.0.1:35854] (mod_stats_influx:on_stun_query/1:76)
2026-09-18 12:58:43.883975+00:00 [debug] Calling mod_stats_prometheus:handle_event/2 [TCP, session l044g6zearvu, anonymous, client 127.0.0.1:35854] (eturnal_module:handle_event/2:180)
2026-09-18 12:58:43.884037+00:00 [debug] Observing STUN query for Prometheus [TCP, session l044g6zearvu, anonymous, client 127.0.0.1:35854] (mod_stats_prometheus:on_stun_query/1:166)
2026-09-18 12:58:43.884144+00:00 [debug] Sending:
#stun{class = response,method = 1,magic = 554869826,
      trid = 68867926422879472365346782944,raw = <<>>,unsupported = [],
      'ALTERNATE-SERVER' = undefined,'CHANNEL-NUMBER' = undefined,
      'DATA' = undefined,'DONT-FRAGMENT' = false,'ERROR-CODE' = undefined,
      'LIFETIME' = undefined,'MAPPED-ADDRESS' = undefined,
      'MESSAGE-INTEGRITY' = undefined,'NONCE' = undefined,'REALM' = undefined,
      'REQUESTED-ADDRESS-FAMILY' = undefined,
      'REQUESTED-TRANSPORT' = undefined,'SOFTWARE' = <<"eturnal">>,
      'UNKNOWN-ATTRIBUTES' = [],'USERNAME' = undefined,
      'XOR-MAPPED-ADDRESS' = {{127,0,0,1},35854},
      'XOR-PEER-ADDRESS' = [],'XOR-RELAYED-ADDRESS' = undefined} (stun:send/3:500)
2026-09-18 12:58:43.884626+00:00 [info] Connection reset by peer [TCP, session l044g6zearvu, anonymous, client 127.0.0.1:35854] (stun:handle_info/3:206)
2026-09-18 12:58:43.908088+00:00 [info] Accepting connection: 127.0.0.1:57378 -> 127.0.0.1:53490 [TLS, session l8fgben3v2n8] (stun_acceptor:accept/3:158)
2026-09-18 12:58:44.916947+00:00 [debug] Received:
#stun{class = request,method = 1,magic = 554869826,
      trid = 21159404065732226486933233514,raw = <<>>,unsupported = [],
      'ALTERNATE-SERVER' = undefined,'CHANNEL-NUMBER' = undefined,
      'DATA' = undefined,'DONT-FRAGMENT' = false,'ERROR-CODE' = undefined,
      'LIFETIME' = undefined,'MAPPED-ADDRESS' = undefined,
      'MESSAGE-INTEGRITY' = undefined,'NONCE' = undefined,'REALM' = undefined,
      'REQUESTED-ADDRESS-FAMILY' = undefined,
      'REQUESTED-TRANSPORT' = undefined,'SOFTWARE' = undefined,
      'UNKNOWN-ATTRIBUTES' = [],'USERNAME' = undefined,
      'XOR-MAPPED-ADDRESS' = undefined,'XOR-PEER-ADDRESS' = [],
      'XOR-RELAYED-ADDRESS' = undefined} (stun:process_data/3:457)
2026-09-18 12:58:44.917112+00:00 [debug] Responding to STUN request [TLS, session l8fgben3v2n8, anonymous, client 127.0.0.1:57378] (stun:process/4:357)
2026-09-18 12:58:44.917162+00:00 [debug] Running 'stun_query' hook [TLS, session l8fgben3v2n8, anonymous, client 127.0.0.1:57378] (stun:run_hook/3:747)
2026-09-18 12:58:44.917220+00:00 [debug] Got 'stun_query' event [TLS, session l8fgben3v2n8, anonymous, client 127.0.0.1:57378] (eturnal_module:handle_event/2:177)
2026-09-18 12:58:44.917305+00:00 [debug] Calling mod_log_stun:handle_event/2 [TLS, session l8fgben3v2n8, anonymous, client 127.0.0.1:57378] (eturnal_module:handle_event/2:180)
2026-09-18 12:58:44.917359+00:00 [info] Responding to STUN request [TLS, session l8fgben3v2n8, anonymous, client 127.0.0.1:57378] (mod_log_stun:handle_event/2:44)
2026-09-18 12:58:44.917398+00:00 [debug] Calling mod_stats_influx:handle_event/2 [TLS, session l8fgben3v2n8, anonymous, client 127.0.0.1:57378] (eturnal_module:handle_event/2:180)
2026-09-18 12:58:44.917455+00:00 [debug] Writing STUN query event to InfluxDB [TLS, session l8fgben3v2n8, anonymous, client 127.0.0.1:57378] (mod_stats_influx:on_stun_query/1:76)
2026-09-18 12:58:44.917587+00:00 [debug] Calling mod_stats_prometheus:handle_event/2 [TLS, session l8fgben3v2n8, anonymous, client 127.0.0.1:57378] (eturnal_module:handle_event/2:180)
2026-09-18 12:58:44.917628+00:00 [debug] Observing STUN query for Prometheus [TLS, session l8fgben3v2n8, anonymous, client 127.0.0.1:57378] (mod_stats_prometheus:on_stun_query/1:166)
2026-09-18 12:58:44.917706+00:00 [debug] Sending:
#stun{class = response,method = 1,magic = 554869826,
      trid = 21159404065732226486933233514,raw = <<>>,unsupported = [],
      'ALTERNATE-SERVER' = undefined,'CHANNEL-NUMBER' = undefined,
      'DATA' = undefined,'DONT-FRAGMENT' = false,'ERROR-CODE' = undefined,
      'LIFETIME' = undefined,'MAPPED-ADDRESS' = undefined,
      'MESSAGE-INTEGRITY' = undefined,'NONCE' = undefined,'REALM' = undefined,
      'REQUESTED-ADDRESS-FAMILY' = undefined,
      'REQUESTED-TRANSPORT' = undefined,'SOFTWARE' = <<"eturnal">>,
      'UNKNOWN-ATTRIBUTES' = [],'USERNAME' = undefined,
      'XOR-MAPPED-ADDRESS' = {{127,0,0,1},57378},
      'XOR-PEER-ADDRESS' = [],'XOR-RELAYED-ADDRESS' = undefined} (stun:send/3:500)
2026-09-18 12:58:44.918094+00:00 [info] Connection reset by peer [TLS, session l8fgben3v2n8, anonymous, client 127.0.0.1:57378] (stun:handle_info/3:206)
2026-09-18 12:58:44.942468+00:00 [info] Accepting connection: 127.0.0.1:42490 -> 127.0.0.1:34781 [TCP|TLS, session 5tshwb0dqmbm] (stun_acceptor:accept/3:158)
2026-09-18 12:58:44.942586+00:00 [debug] Determined transport protocol: TCP (stun:is_tls_handshake/1:693)
2026-09-18 12:58:44.942849+00:00 [debug] Received:
#stun{class = request,method = 1,magic = 554869826,
      trid = 73408645891666308436898329587,raw = <<>>,unsupported = [],
      'ALTERNATE-SERVER' = undefined,'CHANNEL-NUMBER' = undefined,
      'DATA' = undefined,'DONT-FRAGMENT' = false,'ERROR-CODE' = undefined,
      'LIFETIME' = undefined,'MAPPED-ADDRESS' = undefined,
      'MESSAGE-INTEGRITY' = undefined,'NONCE' = undefined,'REALM' = undefined,
      'REQUESTED-ADDRESS-FAMILY' = undefined,
      'REQUESTED-TRANSPORT' = undefined,'SOFTWARE' = undefined,
      'UNKNOWN-ATTRIBUTES' = [],'USERNAME' = undefined,
      'XOR-MAPPED-ADDRESS' = undefined,'XOR-PEER-ADDRESS' = [],
      'XOR-RELAYED-ADDRESS' = undefined} (stun:process_data/3:457)
2026-09-18 12:58:44.942952+00:00 [debug] Responding to STUN request [TCP, session 5tshwb0dqmbm, anonymous, client 127.0.0.1:42490] (stun:process/4:357)
2026-09-18 12:58:44.943020+00:00 [debug] Running 'stun_query' hook [TCP, session 5tshwb0dqmbm, anonymous, client 127.0.0.1:42490] (stun:run_hook/3:747)
2026-09-18 12:58:44.943063+00:00 [debug] Got 'stun_query' event [TCP, session 5tshwb0dqmbm, anonymous, client 127.0.0.1:42490] (eturnal_module:handle_event/2:177)
2026-09-18 12:58:44.943118+00:00 [debug] Calling mod_log_stun:handle_event/2 [TCP, session 5tshwb0dqmbm, anonymous, client 127.0.0.1:42490] (eturnal_module:handle_event/2:180)
2026-09-18 12:58:44.943168+00:00 [info] Responding to STUN request [TCP, session 5tshwb0dqmbm, anonymous, client 127.0.0.1:42490] (mod_log_stun:handle_event/2:44)
2026-09-18 12:58:44.943205+00:00 [debug] Calling mod_stats_influx:handle_event/2 [TCP, session 5tshwb0dqmbm, anonymous, client 127.0.0.1:42490] (eturnal_module:handle_event/2:180)
2026-09-18 12:58:44.943263+00:00 [debug] Writing STUN query event to InfluxDB [TCP, session 5tshwb0dqmbm, anonymous, client 127.0.0.1:42490] (mod_stats_influx:on_stun_query/1:76)
2026-09-18 12:58:44.943404+00:00 [debug] Calling mod_stats_prometheus:handle_event/2 [TCP, session 5tshwb0dqmbm, anonymous, client 127.0.0.1:42490] (eturnal_module:handle_event/2:180)
2026-09-18 12:58:44.943455+00:00 [debug] Observing STUN query for Prometheus [TCP, session 5tshwb0dqmbm, anonymous, client 127.0.0.1:42490] (mod_stats_prometheus:on_stun_query/1:166)
2026-09-18 12:58:44.943576+00:00 [debug] Sending:
#stun{class = response,method = 1,magic = 554869826,
      trid = 73408645891666308436898329587,raw = <<>>,unsupported = [],
      'ALTERNATE-SERVER' = undefined,'CHANNEL-NUMBER' = undefined,
      'DATA' = undefined,'DONT-FRAGMENT' = false,'ERROR-CODE' = undefined,
      'LIFETIME' = undefined,'MAPPED-ADDRESS' = undefined,
      'MESSAGE-INTEGRITY' = undefined,'NONCE' = undefined,'REALM' = undefined,
      'REQUESTED-ADDRESS-FAMILY' = undefined,
      'REQUESTED-TRANSPORT' = undefined,'SOFTWARE' = <<"eturnal">>,
      'UNKNOWN-ATTRIBUTES' = [],'USERNAME' = undefined,
      'XOR-MAPPED-ADDRESS' = {{127,0,0,1},42490},
      'XOR-PEER-ADDRESS' = [],'XOR-RELAYED-ADDRESS' = undefined} (stun:send/3:500)
2026-09-18 12:58:44.944628+00:00 [info] Connection reset by peer [TCP, session 5tshwb0dqmbm, anonymous, client 127.0.0.1:42490] (stun:handle_info/3:206)
2026-09-18 12:58:44.967576+00:00 [info] Accepting connection: 127.0.0.1:42492 -> 127.0.0.1:34781 [TCP|TLS, session m99ga2pbpfeu] (stun_acceptor:accept/3:158)
2026-09-18 12:58:44.967681+00:00 [debug] Determined transport protocol: TLS (stun:is_tls_handshake/1:690)
2026-09-18 12:58:45.975936+00:00 [debug] Received:
#stun{class = request,method = 1,magic = 554869826,
      trid = 34595766769456701696252863315,raw = <<>>,unsupported = [],
      'ALTERNATE-SERVER' = undefined,'CHANNEL-NUMBER' = undefined,
      'DATA' = undefined,'DONT-FRAGMENT' = false,'ERROR-CODE' = undefined,
      'LIFETIME' = undefined,'MAPPED-ADDRESS' = undefined,
      'MESSAGE-INTEGRITY' = undefined,'NONCE' = undefined,'REALM' = undefined,
      'REQUESTED-ADDRESS-FAMILY' = undefined,
      'REQUESTED-TRANSPORT' = undefined,'SOFTWARE' = undefined,
      'UNKNOWN-ATTRIBUTES' = [],'USERNAME' = undefined,
      'XOR-MAPPED-ADDRESS' = undefined,'XOR-PEER-ADDRESS' = [],
      'XOR-RELAYED-ADDRESS' = undefined} (stun:process_data/3:457)
2026-09-18 12:58:45.976051+00:00 [debug] Responding to STUN request [TLS, session m99ga2pbpfeu, anonymous, client 127.0.0.1:42492] (stun:process/4:357)
2026-09-18 12:58:45.976181+00:00 [debug] Running 'stun_query' hook [TLS, session m99ga2pbpfeu, anonymous, client 127.0.0.1:42492] (stun:run_hook/3:747)
2026-09-18 12:58:45.976276+00:00 [debug] Got 'stun_query' event [TLS, session m99ga2pbpfeu, anonymous, client 127.0.0.1:42492] (eturnal_module:handle_event/2:177)
2026-09-18 12:58:45.976373+00:00 [debug] Calling mod_log_stun:handle_event/2 [TLS, session m99ga2pbpfeu, anonymous, client 127.0.0.1:42492] (eturnal_module:handle_event/2:180)
2026-09-18 12:58:45.976440+00:00 [info] Responding to STUN request [TLS, session m99ga2pbpfeu, anonymous, client 127.0.0.1:42492] (mod_log_stun:handle_event/2:44)
2026-09-18 12:58:45.976500+00:00 [debug] Calling mod_stats_influx:handle_event/2 [TLS, session m99ga2pbpfeu, anonymous, client 127.0.0.1:42492] (eturnal_module:handle_event/2:180)
2026-09-18 12:58:45.976552+00:00 [debug] Writing STUN query event to InfluxDB [TLS, session m99ga2pbpfeu, anonymous, client 127.0.0.1:42492] (mod_stats_influx:on_stun_query/1:76)
2026-09-18 12:58:45.976765+00:00 [debug] Calling mod_stats_prometheus:handle_event/2 [TLS, session m99ga2pbpfeu, anonymous, client 127.0.0.1:42492] (eturnal_module:handle_event/2:180)
2026-09-18 12:58:45.976861+00:00 [debug] Observing STUN query for Prometheus [TLS, session m99ga2pbpfeu, anonymous, client 127.0.0.1:42492] (mod_stats_prometheus:on_stun_query/1:166)
2026-09-18 12:58:45.976949+00:00 [debug] Sending:
#stun{class = response,method = 1,magic = 554869826,
      trid = 34595766769456701696252863315,raw = <<>>,unsupported = [],
      'ALTERNATE-SERVER' = undefined,'CHANNEL-NUMBER' = undefined,
      'DATA' = undefined,'DONT-FRAGMENT' = false,'ERROR-CODE' = undefined,
      'LIFETIME' = undefined,'MAPPED-ADDRESS' = undefined,
      'MESSAGE-INTEGRITY' = undefined,'NONCE' = undefined,'REALM' = undefined,
      'REQUESTED-ADDRESS-FAMILY' = undefined,
      'REQUESTED-TRANSPORT' = undefined,'SOFTWARE' = <<"eturnal">>,
      'UNKNOWN-ATTRIBUTES' = [],'USERNAME' = undefined,
      'XOR-MAPPED-ADDRESS' = {{127,0,0,1},42492},
      'XOR-PEER-ADDRESS' = [],'XOR-RELAYED-ADDRESS' = undefined} (stun:send/3:500)
2026-09-18 12:58:45.977179+00:00 [info] Connection reset by peer [TLS, session m99ga2pbpfeu, anonymous, client 127.0.0.1:42492] (stun:handle_info/3:206)
2026-09-18 12:58:46.000976+00:00 [debug] No NOTIFY_SOCKET, dropping STOPPING=1 notification (eturnal_systemd:handle_cast/2:99)
2026-09-18 12:58:46.000991+00:00 [debug] Terminating eturnal (shutdown) (eturnal:terminate/2:186)
2026-09-18 12:58:46.001253+00:00 [info] Stopped listening on 127.0.0.1:34780 (udp) (eturnal:stop_listeners/1:442)
2026-09-18 12:58:46.001424+00:00 [info] Stopped listening on 127.0.0.1:34780 (tcp) (eturnal:stop_listeners/1:442)
2026-09-18 12:58:46.001584+00:00 [info] Stopped listening on 127.0.0.1:53490 (tls) (eturnal:stop_listeners/1:442)
2026-09-18 12:58:46.001745+00:00 [info] Stopped listening on 127.0.0.1:34781 (auto) (eturnal:stop_listeners/1:442)
2026-09-18 12:58:46.002519+00:00 [debug] Calling mod_stats_prometheus:stop/1 (eturnal_module:stop/1:163)
2026-09-18 12:58:46.002712+00:00 [debug] Stopping mod_stats_prometheus (mod_stats_prometheus:stop/0:110)
2026-09-18 12:58:46.003024+00:00 [info] Stopped mod_stats_prometheus (eturnal:stop_modules/1:397)
2026-09-18 12:58:46.004847+00:00 [debug] Calling mod_log_stun:stop/1 (eturnal_module:stop/1:163)
2026-09-18 12:58:46.005053+00:00 [debug] Stopping mod_log_stun (mod_log_stun:stop/0:49)
2026-09-18 12:58:46.005155+00:00 [info] Stopped mod_log_stun (eturnal:stop_modules/1:397)
2026-09-18 12:58:46.005685+00:00 [debug] Calling mod_stats_influx:stop/1 (eturnal_module:stop/1:163)
2026-09-18 12:58:46.005825+00:00 [debug] Stopping mod_stats_influx (mod_stats_influx:stop/0:61)
2026-09-18 12:58:46.005918+00:00 [info] Stopped mod_stats_influx (eturnal:stop_modules/1:397)
2026-09-18 12:58:46.006174+00:00 [debug] Removed run/cert.pem (eturnal:clean_run_dir/0:875)
2026-09-18 12:58:46.006390+00:00 [debug] Terminating eturnal_systemd (shutdown) (eturnal_systemd:terminate/2:125)
2026-09-18 12:58:46.006565+00:00 [notice] Stopping eturnal 1.12.3 on Erlang/OTP 29 (ERTS 17.1) (eturnal_app:stop/1:53)
