=== Suite started at 2026-09-17 16:26:11
=== Starting test, 19 test cases
=cases         19
=user          runner
=host          nohost
=hosts         nohost 
=emulator_vsn  17.1
=emulator      beam
=otp_release   29
=started       2026-09-17 16:26:11
=case          eturnal_SUITE:init_per_suite
=logfile       eturnal_suite.init_per_suite.html
=started       2026-09-17 16:26:11
=ended         2026-09-17 16:26:11
=result        ok
=elapsed       0.000015s
=case          eturnal_SUITE:start_eturnal
=logfile       eturnal_suite.start_eturnal.html
=started       2026-09-17 16:26:11
=ended         2026-09-17 16:26:12
=result        ok
=elapsed       1.038642s
=case          eturnal_SUITE:check_status
=logfile       eturnal_suite.check_status.html
=started       2026-09-17 16:26:12
=ended         2026-09-17 16:26:12
=result        ok
=elapsed       0.000295s
=case          eturnal_SUITE:check_info
=logfile       eturnal_suite.check_info.html
=started       2026-09-17 16:26:12
=ended         2026-09-17 16:26:12
=result        ok
=elapsed       0.000853s
=case          eturnal_SUITE:check_all_sessions
=logfile       eturnal_suite.check_all_sessions.html
=started       2026-09-17 16:26:12
=ended         2026-09-17 16:26:12
=result        ok
=elapsed       0.000200s
=case          eturnal_SUITE:check_user_sessions
=logfile       eturnal_suite.check_user_sessions.html
=started       2026-09-17 16:26:12
=ended         2026-09-17 16:26:12
=result        ok
=elapsed       0.000735s
=case          eturnal_SUITE:check_disconnect
=logfile       eturnal_suite.check_disconnect.html
=started       2026-09-17 16:26:12
=ended         2026-09-17 16:26:12
=result        ok
=elapsed       0.000441s
=case          eturnal_SUITE:check_credentials
=logfile       eturnal_suite.check_credentials.html
=started       2026-09-17 16:26:12
=ended         2026-09-17 16:26:12
=result        ok
=elapsed       0.006983s
=case          eturnal_SUITE:check_loglevel
=logfile       eturnal_suite.check_loglevel.html
=started       2026-09-17 16:26:12
=ended         2026-09-17 16:26:12
=result        ok
=elapsed       0.001126s
=case          eturnal_SUITE:check_version
=logfile       eturnal_suite.check_version.html
=started       2026-09-17 16:26:12
=ended         2026-09-17 16:26:12
=result        ok
=elapsed       0.000336s
=case          eturnal_SUITE:reload
=logfile       eturnal_suite.reload.html
=started       2026-09-17 16:26:12
=ended         2026-09-17 16:26:13
=result        ok
=elapsed       0.805039s
=case          eturnal_SUITE:connect_tcp
=logfile       eturnal_suite.connect_tcp.html
=started       2026-09-17 16:26:13
=ended         2026-09-17 16:26:13
=result        ok
=elapsed       0.000319s
=case          eturnal_SUITE:connect_tls
=logfile       eturnal_suite.connect_tls.html
=started       2026-09-17 16:26:13
=ended         2026-09-17 16:26:13
=result        ok
=elapsed       0.000816s
=case          eturnal_SUITE:turn_udp
=logfile       eturnal_suite.turn_udp.html
=started       2026-09-17 16:26:13
=ended         2026-09-17 16:26:13
=result        ok
=elapsed       0.010313s
=case          eturnal_SUITE:stun_udp
=logfile       eturnal_suite.stun_udp.html
=started       2026-09-17 16:26:13
=ended         2026-09-17 16:26:13
=result        ok
=elapsed       0.000908s
=case          eturnal_SUITE:stun_tcp
=logfile       eturnal_suite.stun_tcp.html
=started       2026-09-17 16:26:13
=ended         2026-09-17 16:26:13
=result        ok
=elapsed       0.001375s
=case          eturnal_SUITE:stun_tls
=logfile       eturnal_suite.stun_tls.html
=started       2026-09-17 16:26:13
=ended         2026-09-17 16:26:14
=result        ok
=elapsed       1.009591s
=case          eturnal_SUITE:stun_tcp_auto
=logfile       eturnal_suite.stun_tcp_auto.html
=started       2026-09-17 16:26:14
=ended         2026-09-17 16:26:14
=result        ok
=elapsed       0.001518s
=case          eturnal_SUITE:stun_tls_auto
=logfile       eturnal_suite.stun_tls_auto.html
=started       2026-09-17 16:26:14
=ended         2026-09-17 16:26:15
=result        ok
=elapsed       1.010569s
=case          eturnal_SUITE:stop_eturnal
=logfile       eturnal_suite.stop_eturnal.html
=started       2026-09-17 16:26:15
=ended         2026-09-17 16:26:15
=result        ok
=elapsed       0.009279s
=case          eturnal_SUITE:end_per_suite
=logfile       eturnal_suite.end_per_suite.html
=started       2026-09-17 16:26:15
=ended         2026-09-17 16:26:15
=result        ok
=elapsed       0.000000s
=group_time    4.366s
=== TEST COMPLETE, 19 ok, 0 failed of 19 test cases

=finished      2026-09-17 16:26:15
=failed        0
=successful    19
=user_skipped  0
=auto_skipped  0
=elapsed_time  4402061
