=== Suite started at 2026-09-16 17:29:25
=== Starting test, 19 test cases
=cases         19
=user          runner
=host          nohost
=hosts         nohost 
=emulator_vsn  17.1
=emulator      beam
=otp_release   29
=started       2026-09-16 17:29:25
=case          eturnal_SUITE:init_per_suite
=logfile       eturnal_suite.init_per_suite.html
=started       2026-09-16 17:29:25
=ended         2026-09-16 17:29:25
=result        ok
=elapsed       0.000004s
=case          eturnal_SUITE:start_eturnal
=logfile       eturnal_suite.start_eturnal.html
=started       2026-09-16 17:29:25
=ended         2026-09-16 17:29:28
=result        ok
=elapsed       2.672981s
=case          eturnal_SUITE:check_status
=logfile       eturnal_suite.check_status.html
=started       2026-09-16 17:29:28
=ended         2026-09-16 17:29:28
=result        ok
=elapsed       0.000351s
=case          eturnal_SUITE:check_info
=logfile       eturnal_suite.check_info.html
=started       2026-09-16 17:29:28
=ended         2026-09-16 17:29:28
=result        ok
=elapsed       0.000956s
=case          eturnal_SUITE:check_all_sessions
=logfile       eturnal_suite.check_all_sessions.html
=started       2026-09-16 17:29:28
=ended         2026-09-16 17:29:28
=result        ok
=elapsed       0.000246s
=case          eturnal_SUITE:check_user_sessions
=logfile       eturnal_suite.check_user_sessions.html
=started       2026-09-16 17:29:28
=ended         2026-09-16 17:29:28
=result        ok
=elapsed       0.000888s
=case          eturnal_SUITE:check_disconnect
=logfile       eturnal_suite.check_disconnect.html
=started       2026-09-16 17:29:28
=ended         2026-09-16 17:29:28
=result        ok
=elapsed       0.000613s
=case          eturnal_SUITE:check_credentials
=logfile       eturnal_suite.check_credentials.html
=started       2026-09-16 17:29:28
=ended         2026-09-16 17:29:28
=result        ok
=elapsed       0.007961s
=case          eturnal_SUITE:check_loglevel
=logfile       eturnal_suite.check_loglevel.html
=started       2026-09-16 17:29:28
=ended         2026-09-16 17:29:28
=result        ok
=elapsed       0.001040s
=case          eturnal_SUITE:check_version
=logfile       eturnal_suite.check_version.html
=started       2026-09-16 17:29:28
=ended         2026-09-16 17:29:28
=result        ok
=elapsed       0.000431s
=case          eturnal_SUITE:reload
=logfile       eturnal_suite.reload.html
=started       2026-09-16 17:29:28
=ended         2026-09-16 17:29:30
=result        ok
=elapsed       1.154400s
=case          eturnal_SUITE:connect_tcp
=logfile       eturnal_suite.connect_tcp.html
=started       2026-09-16 17:29:30
=ended         2026-09-16 17:29:30
=result        ok
=elapsed       0.000335s
=case          eturnal_SUITE:connect_tls
=logfile       eturnal_suite.connect_tls.html
=started       2026-09-16 17:29:30
=ended         2026-09-16 17:29:30
=result        ok
=elapsed       0.000964s
=case          eturnal_SUITE:turn_udp
=logfile       eturnal_suite.turn_udp.html
=started       2026-09-16 17:29:30
=ended         2026-09-16 17:29:30
=result        ok
=elapsed       0.011205s
=case          eturnal_SUITE:stun_udp
=logfile       eturnal_suite.stun_udp.html
=started       2026-09-16 17:29:30
=ended         2026-09-16 17:29:30
=result        ok
=elapsed       0.001021s
=case          eturnal_SUITE:stun_tcp
=logfile       eturnal_suite.stun_tcp.html
=started       2026-09-16 17:29:30
=ended         2026-09-16 17:29:30
=result        ok
=elapsed       0.001472s
=case          eturnal_SUITE:stun_tls
=logfile       eturnal_suite.stun_tls.html
=started       2026-09-16 17:29:30
=ended         2026-09-16 17:29:31
=result        ok
=elapsed       1.010728s
=case          eturnal_SUITE:stun_tcp_auto
=logfile       eturnal_suite.stun_tcp_auto.html
=started       2026-09-16 17:29:31
=ended         2026-09-16 17:29:31
=result        ok
=elapsed       0.001747s
=case          eturnal_SUITE:stun_tls_auto
=logfile       eturnal_suite.stun_tls_auto.html
=started       2026-09-16 17:29:31
=ended         2026-09-16 17:29:32
=result        ok
=elapsed       1.011428s
=case          eturnal_SUITE:stop_eturnal
=logfile       eturnal_suite.stop_eturnal.html
=started       2026-09-16 17:29:32
=ended         2026-09-16 17:29:32
=result        ok
=elapsed       0.008081s
=case          eturnal_SUITE:end_per_suite
=logfile       eturnal_suite.end_per_suite.html
=started       2026-09-16 17:29:32
=ended         2026-09-16 17:29:32
=result        ok
=elapsed       0.000000s
=group_time    6.357s
=== TEST COMPLETE, 19 ok, 0 failed of 19 test cases

=finished      2026-09-16 17:29:32
=failed        0
=successful    19
=user_skipped  0
=auto_skipped  0
=elapsed_time  6396868
