2026-09-16 18:27:56.323276+00:00 [notice] Starting eturnal 1.12.2 on Erlang/OTP 29 (ERTS 17.1) (eturnal_app:start/2:34)
2026-09-16 18:27:56.323443+00:00 [debug] Starting supervisor: eturnal_sup (eturnal_sup:start_link/0:31)
2026-09-16 18:27:56.323547+00:00 [debug] Configuring eturnal_sup supervisor: [#{id => systemd,
                                       start =>
                                           {eturnal_systemd,start_link,[]}},
                                     #{id => eturnal,
                                       start => {eturnal,start_link,[]}}] (eturnal_sup:init/1:39)
2026-09-16 18:27:56.324686+00:00 [info] Got no NOTIFY_SOCKET, notifications disabled (eturnal_systemd:init/1:86)
2026-09-16 18:27:56.324827+00:00 [debug] PROGRESS REPORT:
    supervisor: {local,eturnal_sup}
    started: [{pid,<0.960.0>},
              {id,systemd},
              {mfargs,{eturnal_systemd,start_link,[]}},
              {restart_type,permanent},
              {significant,false},
              {shutdown,5000},
              {child_type,worker}]
 (supervisor:report_progress/3:2323)
2026-09-16 18:27:56.324941+00:00 [info] Relay IPv4 address: 127.0.0.1 (port range: 49152-65535) (eturnal:log_relay_addresses/0:349)
2026-09-16 18:27:56.325071+00:00 [info] Relay IPv6 address not configured (eturnal:log_relay_addresses/0:359)
2026-09-16 18:27:56.351625+00:00 [info] Cannot determine control query port: noport (eturnal:log_control_listener/0:373)
2026-09-16 18:27:56.351937+00:00 [debug] Using run directory run (eturnal:ensure_run_dir/0:863)
2026-09-16 18:27:56.352032+00:00 [debug] TURN configuration seems fine (eturnal:check_turn_config/0:603)
2026-09-16 18:27:56.352121+00:00 [warning] TLS enabled without 'tls_crt_file', creating self-signed certificate (eturnal:check_pem_file/0:809)
2026-09-16 18:27:58.191606+00:00 [debug] Calling mod_stats_prometheus:start/0 (eturnal_module:start/1:143)
2026-09-16 18:27:58.191858+00:00 [debug] Starting mod_stats_prometheus (mod_stats_prometheus:start/0:56)
2026-09-16 18:27:58.201999+00:00 [debug] PROGRESS REPORT:
    application: prometheus
    started_at: nonode@nohost
 (application_controller:info_started/2:2154)
2026-09-16 18:27:58.204821+00:00 [debug] PROGRESS REPORT:
    application: accept
    started_at: nonode@nohost
 (application_controller:info_started/2:2154)
2026-09-16 18:27:58.217100+00:00 [debug] PROGRESS REPORT:
    application: prometheus_httpd
    started_at: nonode@nohost
 (application_controller:info_started/2:2154)
2026-09-16 18:27:58.217169+00:00 [debug] Dependency prometheus_httpd was available already (eturnal_module:ensure_dep/2:284)
2026-09-16 18:27:58.243672+00:00 [debug] PROGRESS REPORT:
    supervisor: {local,httpd_instance_sup__127_0_0_1__9081default}
    started: [{pid,<0.980.0>},
              {id,{httpd_connection_sup,{127,0,0,1},9081,default}},
              {mfargs,{httpd_connection_sup,start_link,[[{127,0,0,1},9081]]}},
              {restart_type,permanent},
              {significant,false},
              {shutdown,5000},
              {child_type,supervisor}]
 (supervisor:report_progress/3:2323)
2026-09-16 18:27:58.245800+00:00 [debug] PROGRESS REPORT:
    supervisor: {local,httpd_instance_sup__127_0_0_1__9081default}
    started: [{pid,<0.981.0>},
              {id,{httpd_misc_sup,{127,0,0,1},9081,default}},
              {mfargs,{httpd_misc_sup,start_link,[{127,0,0,1},9081,default]}},
              {restart_type,permanent},
              {significant,false},
              {shutdown,infinity},
              {child_type,supervisor}]
 (supervisor:report_progress/3:2323)
2026-09-16 18:27:58.248625+00:00 [debug] PROGRESS REPORT:
    supervisor: {local,httpd_instance_sup__127_0_0_1__9081default}
    started: [{pid,<0.982.0>},
              {id,{httpd_manager,{127,0,0,1},9081,default}},
              {mfargs,
                  {httpd_manager,start_link,
                      [undefined,
                       [{bind_address,{127,0,0,1}},
                        {socket_type,ip_comm},
                        {port,9081},
                        {server_root,"run/mod_stats_prometheus/doc"},
                        {document_root,"run/mod_stats_prometheus/doc"},
                        {server_name,"Prometheus Exporter"},
                        {modules,[prometheus_httpd]}],
                       15000]}},
              {restart_type,permanent},
              {significant,false},
              {shutdown,4000},
              {child_type,worker}]
 (supervisor:report_progress/3:2323)
2026-09-16 18:27:58.267134+00:00 [debug] PROGRESS REPORT:
    supervisor: {local,httpd_acceptor_sup__127_0_0_1__9081default}
    started: [{pid,<0.984.0>},
              {id,{httpd_acceptor_sup,{127,0,0,1},9081,default}},
              {mfargs,{httpd_acceptor,start_link,
                                      [httpd__127_0_0_1__9081default,ip_comm,
                                       {127,0,0,1},
                                       9081,inet,
                                       httpd_conf__127_0_0_1__9081default,
                                       15000]}},
              {restart_type,transient},
              {significant,false},
              {shutdown,brutal_kill},
              {child_type,worker}]
 (supervisor:report_progress/3:2323)
2026-09-16 18:27:58.267297+00:00 [debug] PROGRESS REPORT:
    supervisor: {local,httpd_instance_sup__127_0_0_1__9081default}
    started: [{pid,<0.983.0>},
              {id,{httpd_acceptor_sup,{127,0,0,1},9081,default}},
              {mfargs,
                  {httpd_acceptor_sup,start_link,
                      [[{127,0,0,1},
                        9081,
                        [{bind_address,{127,0,0,1}},
                         {socket_type,ip_comm},
                         {port,9081},
                         {server_root,"run/mod_stats_prometheus/doc"},
                         {document_root,"run/mod_stats_prometheus/doc"},
                         {server_name,"Prometheus Exporter"},
                         {modules,[prometheus_httpd]}],
                        15000,undefined]]}},
              {restart_type,permanent},
              {significant,false},
              {shutdown,infinity},
              {child_type,supervisor}]
 (supervisor:report_progress/3:2323)
2026-09-16 18:27:58.267451+00:00 [debug] PROGRESS REPORT:
    supervisor: {local,httpd_sup}
    started: [{pid,<0.979.0>},
              {id,{httpd_instance_sup,{127,0,0,1},9081,default}},
              {mfargs,
                  {httpd_instance_sup,start_link,
                      [[{bind_address,{127,0,0,1}},
                        {socket_type,ip_comm},
                        {port,9081},
                        {server_root,"run/mod_stats_prometheus/doc"},
                        {document_root,"run/mod_stats_prometheus/doc"},
                        {server_name,"Prometheus Exporter"},
                        {modules,[prometheus_httpd]}],
                       15000,[]]}},
              {restart_type,permanent},
              {significant,false},
              {shutdown,infinity},
              {child_type,supervisor}]
 (supervisor:report_progress/3:2333)
2026-09-16 18:27:58.267696+00:00 [info] Started mod_stats_prometheus (eturnal:start_modules/0:384)
2026-09-16 18:27:58.267807+00:00 [debug] Calling mod_log_stun:start/0 (eturnal_module:start/1:143)
2026-09-16 18:27:58.267960+00:00 [debug] Starting mod_log_stun (mod_log_stun:start/0:38)
2026-09-16 18:27:58.268134+00:00 [info] Started mod_log_stun (eturnal:start_modules/0:384)
2026-09-16 18:27:58.268222+00:00 [debug] Calling mod_stats_influx:start/0 (eturnal_module:start/1:143)
2026-09-16 18:27:58.268543+00:00 [debug] Starting mod_stats_influx (mod_stats_influx:start/0:37)
2026-09-16 18:27:58.272102+00:00 [debug] PROGRESS REPORT:
    application: ulitos
    started_at: nonode@nohost
 (application_controller:info_started/2:2154)
2026-09-16 18:27:58.273153+00:00 [debug] PROGRESS REPORT:
    application: poolboy
    started_at: nonode@nohost
 (application_controller:info_started/2:2154)
2026-09-16 18:27:58.273913+00:00 [info]     msg: Starting application: influx_udp (influx_udp_app:start/2:10)
2026-09-16 18:27:58.277216+00:00 [debug] PROGRESS REPORT:
    supervisor: {local,influx_udp_sup}
    started: [{pid,<0.995.0>},
              {id,influx_udp},
              {mfargs,{influx_udp,start_link,[]}},
              {restart_type,permanent},
              {significant,false},
              {shutdown,5000},
              {child_type,worker}]
 (supervisor:report_progress/3:2323)
2026-09-16 18:27:58.277352+00:00 [debug] Dependency influx_udp was available already (eturnal_module:ensure_dep/2:284)
2026-09-16 18:27:58.277351+00:00 [debug] PROGRESS REPORT:
    application: influx_udp
    started_at: nonode@nohost
 (application_controller:info_started/2:2154)
2026-09-16 18:27:58.281510+00:00 [info]     options: #{port => 8089,host => "localhost",pool_size => 1,
               max_overflow => 1}
    msg: Start clients pool
    host: {127,0,0,1} (influx_udp:start_pool_/2:239)
2026-09-16 18:27:58.293351+00:00 [info]     port: 58843
    msg: Open UDP socket on port (influx_udp_worker:init/1:43)
2026-09-16 18:27:58.293519+00:00 [debug] PROGRESS REPORT:
    supervisor: {local,influx_udp_sup}
    started: [{pid,<0.998.0>},
              {id,stats_influx_pool},
              {mfargs,
                  {poolboy,start_link,
                      [[{name,{local,stats_influx_pool}},
                        {worker_module,influx_udp_worker},
                        {size,1},
                        {max_overflow,1}],
                       [{options,
                            #{port => 8089,
                              host => {127,0,0,1},
                              pool_size => 1,max_overflow => 1}}]]}},
              {restart_type,permanent},
              {significant,false},
              {shutdown,5000},
              {child_type,worker}]
 (supervisor:report_progress/3:2333)
2026-09-16 18:27:58.293703+00:00 [info] Started mod_stats_influx (eturnal:start_modules/0:384)
2026-09-16 18:27:58.293829+00:00 [debug] Starting listener 127.0.0.1:34780 (udp) with options:
[{use_turn,true},
 {auth_type,user},
 {turn_ipv4_address,{127,0,0,1}},
 {turn_min_port,49152},
 {turn_max_port,65535},
 {turn_max_allocations,10},
 {turn_max_permissions,10},
 {shaper,100000},
 {auth_realm,<<"eturnal.net">>},
 {server_name,<<"eturnal">>},
 {auth_fun,fun eturnal:get_password/2},
 {hook_fun,fun eturnal:run_hook/2},
 {turn_blacklist_clients,[{{127,0,0,1},8}]},
 {turn_blacklist_peers,[{{10,0,0,0},8},
                        {{100,64,0,0},10},
                        {{127,0,0,0},8},
                        {{169,254,0,0},16},
                        {{172,16,0,0},12},
                        {{192,0,0,0},24},
                        {{192,0,2,0},24},
                        {{192,88,99,0},24},
                        {{192,168,0,0},16},
                        {{198,18,0,0},15},
                        {{198,51,100,0},24},
                        {{203,0,113,0},24},
                        {{224,0,0,0},4},
                        {{240,0,0,0},4},
                        {{0,0,0,0,0,0,0,1},128},
                        {{100,65435,0,0,0,0,0,0},96},
                        {{256,0,0,0,0,0,0,0},64},
                        {{8193,3512,0,0,0,0,0,0},32},
                        {{64512,0,0,0,0,0,0,0},7},
                        {{65152,0,0,0,0,0,0,0},10},
                        {{65280,0,0,0,0,0,0,0},8}]},
 {turn_whitelist_clients,[{{127,0,0,1},32}]},
 {turn_whitelist_peers,[{{127,0,0,1},32},
                        {{203,0,113,113},32},
                        {{8193,3512,0,0,0,0,0,0},64}]}] (eturnal:start_listeners/0:419)
2026-09-16 18:27:58.310915+00:00 [info] Listening on 127.0.0.1:34780 (udp) (STUN/TURN) (eturnal:start_listeners/0:426)
2026-09-16 18:27:58.311060+00:00 [debug] Starting listener 127.0.0.1:34780 (tcp) with options:
[{use_turn,false},
 {auth_type,anonymous},
 {turn_ipv4_address,{127,0,0,1}},
 {turn_min_port,49152},
 {turn_max_port,65535},
 {turn_max_allocations,10},
 {turn_max_permissions,10},
 {shaper,100000},
 {auth_realm,<<"eturnal.net">>},
 {server_name,<<"eturnal">>},
 {auth_fun,fun eturnal:get_password/2},
 {hook_fun,fun eturnal:run_hook/2},
 {turn_blacklist_clients,[{{127,0,0,1},8}]},
 {turn_blacklist_peers,[{{10,0,0,0},8},
                        {{100,64,0,0},10},
                        {{127,0,0,0},8},
                        {{169,254,0,0},16},
                        {{172,16,0,0},12},
                        {{192,0,0,0},24},
                        {{192,0,2,0},24},
                        {{192,88,99,0},24},
                        {{192,168,0,0},16},
                        {{198,18,0,0},15},
                        {{198,51,100,0},24},
                        {{203,0,113,0},24},
                        {{224,0,0,0},4},
                        {{240,0,0,0},4},
                        {{0,0,0,0,0,0,0,1},128},
                        {{100,65435,0,0,0,0,0,0},96},
                        {{256,0,0,0,0,0,0,0},64},
                        {{8193,3512,0,0,0,0,0,0},32},
                        {{64512,0,0,0,0,0,0,0},7},
                        {{65152,0,0,0,0,0,0,0},10},
                        {{65280,0,0,0,0,0,0,0},8}]},
 {turn_whitelist_clients,[{{127,0,0,1},32}]},
 {turn_whitelist_peers,[{{127,0,0,1},32},
                        {{203,0,113,113},32},
                        {{8193,3512,0,0,0,0,0,0},64}]}] (eturnal:start_listeners/0:419)
2026-09-16 18:27:58.311648+00:00 [info] Listening on 127.0.0.1:34780 (tcp) (STUN only) (eturnal:start_listeners/0:426)
2026-09-16 18:27:58.311763+00:00 [debug] Starting listener 127.0.0.1:53490 (tls) with options:
[{use_turn,false},
 {auth_type,anonymous},
 {tls,true},
 {certfile,<<"run/cert.pem">>},
 {ciphers,<<"HIGH:!aNULL:@STRENGTH">>},
 {protocol_options,<<"no_tlsv1|no_tlsv1_1|cipher_server_preference">>},
 {turn_ipv4_address,{127,0,0,1}},
 {turn_min_port,49152},
 {turn_max_port,65535},
 {turn_max_allocations,10},
 {turn_max_permissions,10},
 {shaper,100000},
 {auth_realm,<<"eturnal.net">>},
 {server_name,<<"eturnal">>},
 {auth_fun,fun eturnal:get_password/2},
 {hook_fun,fun eturnal:run_hook/2},
 {turn_blacklist_clients,[{{127,0,0,1},8}]},
 {turn_blacklist_peers,[{{10,0,0,0},8},
                        {{100,64,0,0},10},
                        {{127,0,0,0},8},
                        {{169,254,0,0},16},
                        {{172,16,0,0},12},
                        {{192,0,0,0},24},
                        {{192,0,2,0},24},
                        {{192,88,99,0},24},
                        {{192,168,0,0},16},
                        {{198,18,0,0},15},
                        {{198,51,100,0},24},
                        {{203,0,113,0},24},
                        {{224,0,0,0},4},
                        {{240,0,0,0},4},
                        {{0,0,0,0,0,0,0,1},128},
                        {{100,65435,0,0,0,0,0,0},96},
                        {{256,0,0,0,0,0,0,0},64},
                        {{8193,3512,0,0,0,0,0,0},32},
                        {{64512,0,0,0,0,0,0,0},7},
                        {{65152,0,0,0,0,0,0,0},10},
                        {{65280,0,0,0,0,0,0,0},8}]},
 {turn_whitelist_clients,[{{127,0,0,1},32}]},
 {turn_whitelist_peers,[{{127,0,0,1},32},
                        {{203,0,113,113},32},
                        {{8193,3512,0,0,0,0,0,0},64}]}] (eturnal:start_listeners/0:419)
2026-09-16 18:27:58.312394+00:00 [info] Listening on 127.0.0.1:53490 (tls) (STUN only) (eturnal:start_listeners/0:426)
2026-09-16 18:27:58.312491+00:00 [debug] Starting listener 127.0.0.1:34781 (auto) with options:
[{use_turn,false},
 {auth_type,anonymous},
 {tls,optional},
 {certfile,<<"run/cert.pem">>},
 {ciphers,<<"HIGH:!aNULL:@STRENGTH">>},
 {protocol_options,<<"no_tlsv1|no_tlsv1_1|cipher_server_preference">>},
 {turn_ipv4_address,{127,0,0,1}},
 {turn_min_port,49152},
 {turn_max_port,65535},
 {turn_max_allocations,10},
 {turn_max_permissions,10},
 {shaper,100000},
 {auth_realm,<<"eturnal.net">>},
 {server_name,<<"eturnal">>},
 {auth_fun,fun eturnal:get_password/2},
 {hook_fun,fun eturnal:run_hook/2},
 {turn_blacklist_clients,[{{127,0,0,1},8}]},
 {turn_blacklist_peers,[{{10,0,0,0},8},
                        {{100,64,0,0},10},
                        {{127,0,0,0},8},
                        {{169,254,0,0},16},
                        {{172,16,0,0},12},
                        {{192,0,0,0},24},
                        {{192,0,2,0},24},
                        {{192,88,99,0},24},
                        {{192,168,0,0},16},
                        {{198,18,0,0},15},
                        {{198,51,100,0},24},
                        {{203,0,113,0},24},
                        {{224,0,0,0},4},
                        {{240,0,0,0},4},
                        {{0,0,0,0,0,0,0,1},128},
                        {{100,65435,0,0,0,0,0,0},96},
                        {{256,0,0,0,0,0,0,0},64},
                        {{8193,3512,0,0,0,0,0,0},32},
                        {{64512,0,0,0,0,0,0,0},7},
                        {{65152,0,0,0,0,0,0,0},10},
                        {{65280,0,0,0,0,0,0,0},8}]},
 {turn_whitelist_clients,[{{127,0,0,1},32}]},
 {turn_whitelist_peers,[{{127,0,0,1},32},
                        {{203,0,113,113},32},
                        {{8193,3512,0,0,0,0,0,0},64}]}] (eturnal:start_listeners/0:419)
2026-09-16 18:27:58.327324+00:00 [info] Listening on 127.0.0.1:34781 (auto) (STUN only) (eturnal:start_listeners/0:426)
2026-09-16 18:27:58.327454+00:00 [debug] Started 3 modules (eturnal:init/1:105)
2026-09-16 18:27:58.327531+00:00 [debug] Started 4 listeners (eturnal:init/1:106)
2026-09-16 18:27:58.327618+00:00 [debug] PROGRESS REPORT:
    supervisor: {local,eturnal_sup}
    started: [{pid,<0.962.0>},
              {id,eturnal},
              {mfargs,{eturnal,start_link,[]}},
              {restart_type,permanent},
              {significant,false},
              {shutdown,5000},
              {child_type,worker}]
 (supervisor:report_progress/3:2323)
2026-09-16 18:27:58.327743+00:00 [debug] No NOTIFY_SOCKET, dropping READY=1 notification (eturnal_systemd:handle_cast/2:99)
2026-09-16 18:27:58.327724+00:00 [debug] PROGRESS REPORT:
    application: eturnal
    started_at: nonode@nohost
 (application_controller:info_started/2:2154)
2026-09-16 18:27:58.353732+00:00 [debug] Handling API call: get_status() (eturnal_ctl:get_status/0:109)
2026-09-16 18:27:58.353853+00:00 [debug] eturnal call (get_status) returned ok (eturnal_ctl:call/1:439)
2026-09-16 18:27:58.377615+00:00 [debug] Handling API call: get_info() (eturnal_ctl:get_info/0:119)
2026-09-16 18:27:58.378277+00:00 [debug] eturnal call (get_info) returned {ok,
                                  {eturnal_node_info,<<"1.12.2">>,
                                   {"29","17.1"},
                                   4021,0,180,91843758,1,57011640}} (eturnal_ctl:call/1:442)
2026-09-16 18:27:58.401489+00:00 [debug] Handling API call: get_sessions() (eturnal_ctl:get_sessions/0:95)
2026-09-16 18:27:58.424733+00:00 [debug] Handling API call: get_sessions("alice") (eturnal_ctl:get_sessions/1:100)
2026-09-16 18:27:58.424993+00:00 [debug] Handling API call: get_sessions("1256900400:alice") (eturnal_ctl:get_sessions/1:100)
2026-09-16 18:27:58.425253+00:00 [debug] Handling API call: get_sessions(alice) (eturnal_ctl:get_sessions/1:100)
2026-09-16 18:27:58.425355+00:00 [debug] Cannot convert user name to binary: alice (eturnal_ctl:with_username/2:201)
2026-09-16 18:27:58.448550+00:00 [debug] Handling API call: disconnect("alice") (eturnal_ctl:disconnect/1:168)
2026-09-16 18:27:58.448821+00:00 [debug] Handling API call: disconnect(alice) (eturnal_ctl:disconnect/1:168)
2026-09-16 18:27:58.448930+00:00 [debug] Cannot convert user name to binary: alice (eturnal_ctl:with_username/2:201)
2026-09-16 18:27:58.472771+00:00 [debug] Handling API call: get_credentials("2009-10-30 11:00:00Z", []) (eturnal_ctl:get_credentials/2:60)
2026-09-16 18:27:58.472991+00:00 [debug] eturnal call ({get_password,<<"1256900400">>}) returned {ok,
                                                         <<"uEKlpcME7MNMMVRV8rUFPCTIFEs=">>} (eturnal_ctl:call/1:442)
2026-09-16 18:27:58.476211+00:00 [debug] Handling API call: get_credentials("86400", "alice") (eturnal_ctl:get_credentials/2:60)
2026-09-16 18:27:58.476366+00:00 [debug] eturnal call ({get_password,<<"1789669678:alice">>}) returned {ok,
                                                               <<"io7FKmgDJXmtInY9vfiGuUGoBZc=">>} (eturnal_ctl:call/1:442)
2026-09-16 18:27:58.476498+00:00 [debug] Handling API call: get_password("1789669678:alice") (eturnal_ctl:get_password/1:79)
2026-09-16 18:27:58.476645+00:00 [debug] eturnal call ({get_password,<<"1789669678:alice">>}) returned {ok,
                                                               <<"io7FKmgDJXmtInY9vfiGuUGoBZc=">>} (eturnal_ctl:call/1:442)
2026-09-16 18:27:58.476819+00:00 [debug] Handling API call: get_credentials("86400s", "alice") (eturnal_ctl:get_credentials/2:60)
2026-09-16 18:27:58.476948+00:00 [debug] eturnal call ({get_password,<<"1789669678:alice">>}) returned {ok,
                                                               <<"io7FKmgDJXmtInY9vfiGuUGoBZc=">>} (eturnal_ctl:call/1:442)
2026-09-16 18:27:58.477067+00:00 [debug] Handling API call: get_password("1789669678:alice") (eturnal_ctl:get_password/1:79)
2026-09-16 18:27:58.477173+00:00 [debug] eturnal call ({get_password,<<"1789669678:alice">>}) returned {ok,
                                                               <<"io7FKmgDJXmtInY9vfiGuUGoBZc=">>} (eturnal_ctl:call/1:442)
2026-09-16 18:27:58.477332+00:00 [debug] Handling API call: get_credentials("1440m", "alice") (eturnal_ctl:get_credentials/2:60)
2026-09-16 18:27:58.477449+00:00 [debug] eturnal call ({get_password,<<"1789669678:alice">>}) returned {ok,
                                                               <<"io7FKmgDJXmtInY9vfiGuUGoBZc=">>} (eturnal_ctl:call/1:442)
2026-09-16 18:27:58.477559+00:00 [debug] Handling API call: get_password("1789669678:alice") (eturnal_ctl:get_password/1:79)
2026-09-16 18:27:58.477679+00:00 [debug] eturnal call ({get_password,<<"1789669678:alice">>}) returned {ok,
                                                               <<"io7FKmgDJXmtInY9vfiGuUGoBZc=">>} (eturnal_ctl:call/1:442)
2026-09-16 18:27:58.477834+00:00 [debug] Handling API call: get_credentials("24h", "alice") (eturnal_ctl:get_credentials/2:60)
2026-09-16 18:27:58.477951+00:00 [debug] eturnal call ({get_password,<<"1789669678:alice">>}) returned {ok,
                                                               <<"io7FKmgDJXmtInY9vfiGuUGoBZc=">>} (eturnal_ctl:call/1:442)
2026-09-16 18:27:58.478061+00:00 [debug] Handling API call: get_password("1789669678:alice") (eturnal_ctl:get_password/1:79)
2026-09-16 18:27:58.478152+00:00 [debug] eturnal call ({get_password,<<"1789669678:alice">>}) returned {ok,
                                                               <<"io7FKmgDJXmtInY9vfiGuUGoBZc=">>} (eturnal_ctl:call/1:442)
2026-09-16 18:27:58.478292+00:00 [debug] Handling API call: get_credentials("1d", "alice") (eturnal_ctl:get_credentials/2:60)
2026-09-16 18:27:58.478414+00:00 [debug] eturnal call ({get_password,<<"1789669678:alice">>}) returned {ok,
                                                               <<"io7FKmgDJXmtInY9vfiGuUGoBZc=">>} (eturnal_ctl:call/1:442)
2026-09-16 18:27:58.478554+00:00 [debug] Handling API call: get_password("1789669678:alice") (eturnal_ctl:get_password/1:79)
2026-09-16 18:27:58.478694+00:00 [debug] eturnal call ({get_password,<<"1789669678:alice">>}) returned {ok,
                                                               <<"io7FKmgDJXmtInY9vfiGuUGoBZc=">>} (eturnal_ctl:call/1:442)
2026-09-16 18:27:58.478860+00:00 [debug] Handling API call: get_password("Invalid") (eturnal_ctl:get_password/1:79)
2026-09-16 18:27:58.478974+00:00 [debug] eturnal call ({get_password,<<"Invalid">>}) returned {error,no_credentials} (eturnal_ctl:call/1:445)
2026-09-16 18:27:58.479063+00:00 [debug] Handling API call: get_credentials("Invalid", []) (eturnal_ctl:get_credentials/2:60)
2026-09-16 18:27:58.479145+00:00 [debug] Invalid argument(s): "Invalid":[] (eturnal_ctl:get_credentials/2:73)
2026-09-16 18:27:58.479230+00:00 [debug] Handling API call: get_password(invalid) (eturnal_ctl:get_password/1:79)
2026-09-16 18:27:58.479311+00:00 [debug] Cannot convert user name to binary: invalid (eturnal_ctl:with_username/2:201)
2026-09-16 18:27:58.479395+00:00 [debug] Handling API call: get_credentials(invalid, []) (eturnal_ctl:get_credentials/2:60)
2026-09-16 18:27:58.479476+00:00 [debug] Invalid argument(s): invalid:[] (eturnal_ctl:get_credentials/2:73)
2026-09-16 18:27:58.479567+00:00 [debug] Handling API call: get_password([invalid]) (eturnal_ctl:get_password/1:79)
2026-09-16 18:27:58.479666+00:00 [debug] Cannot convert user name to binary: [invalid] (eturnal_ctl:with_username/2:201)
2026-09-16 18:27:58.479741+00:00 [debug] Handling API call: get_credentials([invalid], []) (eturnal_ctl:get_credentials/2:60)
2026-09-16 18:27:58.479826+00:00 [debug] Invalid argument(s): [invalid]:[] (eturnal_ctl:get_credentials/2:73)
2026-09-16 18:27:58.479959+00:00 [debug] Handling API call: get_credentials(1256900400, invalid) (eturnal_ctl:get_credentials/2:60)
2026-09-16 18:27:58.480041+00:00 [debug] Invalid argument(s): 1256900400:invalid (eturnal_ctl:get_credentials/2:73)
2026-09-16 18:27:58.480154+00:00 [debug] Handling API call: get_password("alice") (eturnal_ctl:get_password/1:79)
2026-09-16 18:27:58.480229+00:00 [debug] eturnal call ({get_password,<<"alice">>}) returned {ok,<<"l0vesBob">>} (eturnal_ctl:call/1:442)
2026-09-16 18:27:58.503249+00:00 [debug] Handling API call: set_loglevel(debug) (eturnal_ctl:set_loglevel/1:149)
2026-09-16 18:27:58.503440+00:00 [debug] eturnal call ({set_loglevel,debug}) returned ok (eturnal_ctl:call/1:439)
2026-09-16 18:27:58.503618+00:00 [debug] Handling API call: get_loglevel() (eturnal_ctl:get_loglevel/0:139)
2026-09-16 18:27:58.503703+00:00 [debug] eturnal call (get_loglevel) returned {ok,debug} (eturnal_ctl:call/1:442)
2026-09-16 18:27:58.503855+00:00 [debug] Handling API call: set_loglevel(invalid) (eturnal_ctl:set_loglevel/1:149)
2026-09-16 18:27:58.503936+00:00 [debug] Invalid log level: invalid (eturnal_ctl:set_loglevel/1:159)
2026-09-16 18:27:58.504069+00:00 [debug] Handling API call: get_loglevel() (eturnal_ctl:get_loglevel/0:139)
2026-09-16 18:27:58.504139+00:00 [debug] eturnal call (get_loglevel) returned {ok,debug} (eturnal_ctl:call/1:442)
2026-09-16 18:27:58.527294+00:00 [debug] Handling API call: get_version() (eturnal_ctl:get_version/0:129)
2026-09-16 18:27:58.527436+00:00 [debug] eturnal call (get_version) returned {ok,<<"1.12.2">>} (eturnal_ctl:call/1:442)
2026-09-16 18:27:58.550374+00:00 [debug] Handling API call: reload() (eturnal_ctl:reload/0:179)
2026-09-16 18:27:58.552327+00:00 [debug] Calling mod_log_stun:options/0 (eturnal_module:options/1:192)
2026-09-16 18:27:58.552475+00:00 [debug] Calling mod_stats_influx:options/0 (eturnal_module:options/1:192)
2026-09-16 18:27:58.552576+00:00 [debug] Calling mod_stats_prometheus:options/0 (eturnal_module:options/1:192)
2026-09-16 18:27:58.553122+00:00 [info] Reloading configuration (eturnal:reload/1:627)
2026-09-16 18:27:58.553218+00:00 [warning] TLS enabled without 'tls_crt_file', creating self-signed certificate (eturnal:check_pem_file/0:809)
2026-09-16 18:28:01.726278+00:00 [info] Using new TLS certificate (eturnal:reload/1:631)
2026-09-16 18:28:01.727463+00:00 [debug] Calling mod_stats_prometheus:stop/1 (eturnal_module:stop/1:163)
2026-09-16 18:28:01.727619+00:00 [debug] Stopping mod_stats_prometheus (mod_stats_prometheus:stop/0:110)
2026-09-16 18:28:01.727916+00:00 [info] Stopped mod_stats_prometheus (eturnal:stop_modules/1:397)
2026-09-16 18:28:01.728970+00:00 [debug] Calling mod_log_stun:stop/1 (eturnal_module:stop/1:163)
2026-09-16 18:28:01.729085+00:00 [debug] Stopping mod_log_stun (mod_log_stun:stop/0:49)
2026-09-16 18:28:01.729184+00:00 [info] Stopped mod_log_stun (eturnal:stop_modules/1:397)
2026-09-16 18:28:01.729756+00:00 [debug] Calling mod_stats_influx:stop/1 (eturnal_module:stop/1:163)
2026-09-16 18:28:01.729881+00:00 [debug] Stopping mod_stats_influx (mod_stats_influx:stop/0:61)
2026-09-16 18:28:01.730000+00:00 [info] Stopped mod_stats_influx (eturnal:stop_modules/1:397)
2026-09-16 18:28:01.730090+00:00 [debug] Calling mod_stats_prometheus:start/0 (eturnal_module:start/1:143)
2026-09-16 18:28:01.730168+00:00 [debug] Starting mod_stats_prometheus (mod_stats_prometheus:start/0:56)
2026-09-16 18:28:01.730264+00:00 [debug] Dependency prometheus_httpd was available already (eturnal_module:ensure_dep/2:284)
2026-09-16 18:28:01.730870+00:00 [debug] PROGRESS REPORT:
    supervisor: {local,httpd_instance_sup__127_0_0_1__9081default}
    started: [{pid,<0.1128.0>},
              {id,{httpd_connection_sup,{127,0,0,1},9081,default}},
              {mfargs,{httpd_connection_sup,start_link,[[{127,0,0,1},9081]]}},
              {restart_type,permanent},
              {significant,false},
              {shutdown,5000},
              {child_type,supervisor}]
 (supervisor:report_progress/3:2323)
2026-09-16 18:28:01.731019+00:00 [debug] PROGRESS REPORT:
    supervisor: {local,httpd_instance_sup__127_0_0_1__9081default}
    started: [{pid,<0.1129.0>},
              {id,{httpd_misc_sup,{127,0,0,1},9081,default}},
              {mfargs,{httpd_misc_sup,start_link,[{127,0,0,1},9081,default]}},
              {restart_type,permanent},
              {significant,false},
              {shutdown,infinity},
              {child_type,supervisor}]
 (supervisor:report_progress/3:2323)
2026-09-16 18:28:01.731286+00:00 [debug] PROGRESS REPORT:
    supervisor: {local,httpd_instance_sup__127_0_0_1__9081default}
    started: [{pid,<0.1130.0>},
              {id,{httpd_manager,{127,0,0,1},9081,default}},
              {mfargs,
                  {httpd_manager,start_link,
                      [undefined,
                       [{bind_address,{127,0,0,1}},
                        {socket_type,ip_comm},
                        {port,9081},
                        {server_root,"run/mod_stats_prometheus/doc"},
                        {document_root,"run/mod_stats_prometheus/doc"},
                        {server_name,"Prometheus Exporter"},
                        {modules,[prometheus_httpd]}],
                       15000]}},
              {restart_type,permanent},
              {significant,false},
              {shutdown,4000},
              {child_type,worker}]
 (supervisor:report_progress/3:2323)
2026-09-16 18:28:01.731662+00:00 [debug] PROGRESS REPORT:
    supervisor: {local,httpd_acceptor_sup__127_0_0_1__9081default}
    started: [{pid,<0.1132.0>},
              {id,{httpd_acceptor_sup,{127,0,0,1},9081,default}},
              {mfargs,{httpd_acceptor,start_link,
                                      [httpd__127_0_0_1__9081default,ip_comm,
                                       {127,0,0,1},
                                       9081,inet,
                                       httpd_conf__127_0_0_1__9081default,
                                       15000]}},
              {restart_type,transient},
              {significant,false},
              {shutdown,brutal_kill},
              {child_type,worker}]
 (supervisor:report_progress/3:2323)
2026-09-16 18:28:01.731801+00:00 [debug] PROGRESS REPORT:
    supervisor: {local,httpd_instance_sup__127_0_0_1__9081default}
    started: [{pid,<0.1131.0>},
              {id,{httpd_acceptor_sup,{127,0,0,1},9081,default}},
              {mfargs,
                  {httpd_acceptor_sup,start_link,
                      [[{127,0,0,1},
                        9081,
                        [{bind_address,{127,0,0,1}},
                         {socket_type,ip_comm},
                         {port,9081},
                         {server_root,"run/mod_stats_prometheus/doc"},
                         {document_root,"run/mod_stats_prometheus/doc"},
                         {server_name,"Prometheus Exporter"},
                         {modules,[prometheus_httpd]}],
                        15000,undefined]]}},
              {restart_type,permanent},
              {significant,false},
              {shutdown,infinity},
              {child_type,supervisor}]
 (supervisor:report_progress/3:2323)
2026-09-16 18:28:01.731924+00:00 [debug] PROGRESS REPORT:
    supervisor: {local,httpd_sup}
    started: [{pid,<0.1127.0>},
              {id,{httpd_instance_sup,{127,0,0,1},9081,default}},
              {mfargs,
                  {httpd_instance_sup,start_link,
                      [[{bind_address,{127,0,0,1}},
                        {socket_type,ip_comm},
                        {port,9081},
                        {server_root,"run/mod_stats_prometheus/doc"},
                        {document_root,"run/mod_stats_prometheus/doc"},
                        {server_name,"Prometheus Exporter"},
                        {modules,[prometheus_httpd]}],
                       15000,[]]}},
              {restart_type,permanent},
              {significant,false},
              {shutdown,infinity},
              {child_type,supervisor}]
 (supervisor:report_progress/3:2333)
2026-09-16 18:28:01.732506+00:00 [info] Started mod_stats_prometheus (eturnal:start_modules/0:384)
2026-09-16 18:28:01.732653+00:00 [debug] Calling mod_log_stun:start/0 (eturnal_module:start/1:143)
2026-09-16 18:28:01.732771+00:00 [debug] Starting mod_log_stun (mod_log_stun:start/0:38)
2026-09-16 18:28:01.733738+00:00 [info] Started mod_log_stun (eturnal:start_modules/0:384)
2026-09-16 18:28:01.733839+00:00 [debug] Calling mod_stats_influx:start/0 (eturnal_module:start/1:143)
2026-09-16 18:28:01.733922+00:00 [debug] Starting mod_stats_influx (mod_stats_influx:start/0:37)
2026-09-16 18:28:01.734015+00:00 [debug] Dependency influx_udp was available already (eturnal_module:ensure_dep/2:284)
2026-09-16 18:28:01.734342+00:00 [info]     options: #{port => 8089,host => "localhost",pool_size => 1,
               max_overflow => 1}
    msg: Start clients pool
    host: {127,0,0,1} (influx_udp:start_pool_/2:239)
2026-09-16 18:28:01.735309+00:00 [info] Started mod_stats_influx (eturnal:start_modules/0:384)
2026-09-16 18:28:01.735431+00:00 [debug] Restarted modules (eturnal:reload/1:639)
2026-09-16 18:28:01.735519+00:00 [debug] eturnal call (reload) returned ok (eturnal_ctl:call/1:439)
2026-09-16 18:28:01.735775+00:00 [debug] Handling API call: reload() (eturnal_ctl:reload/0:179)
2026-09-16 18:28:01.738181+00:00 [debug] Calling mod_log_stun:options/0 (eturnal_module:options/1:192)
2026-09-16 18:28:01.738322+00:00 [debug] Calling mod_stats_influx:options/0 (eturnal_module:options/1:192)
2026-09-16 18:28:01.738404+00:00 [debug] Calling mod_stats_prometheus:options/0 (eturnal_module:options/1:192)
2026-09-16 18:28:01.738981+00:00 [info] Reloading configuration (eturnal:reload/1:627)
2026-09-16 18:28:01.739197+00:00 [debug] Keeping PEM file (run/cert.pem) (eturnal:check_pem_file/0:806)
2026-09-16 18:28:01.739296+00:00 [debug] TLS certificate unchanged (eturnal:reload/1:633)
2026-09-16 18:28:01.741164+00:00 [debug] Calling mod_stats_prometheus:stop/1 (eturnal_module:stop/1:163)
2026-09-16 18:28:01.741294+00:00 [debug] Stopping mod_stats_prometheus (mod_stats_prometheus:stop/0:110)
2026-09-16 18:28:01.741574+00:00 [info] Stopped mod_stats_prometheus (eturnal:stop_modules/1:397)
2026-09-16 18:28:01.742355+00:00 [debug] Calling mod_log_stun:stop/1 (eturnal_module:stop/1:163)
2026-09-16 18:28:01.742480+00:00 [debug] Stopping mod_log_stun (mod_log_stun:stop/0:49)
2026-09-16 18:28:01.742551+00:00 [info] Stopped mod_log_stun (eturnal:stop_modules/1:397)
2026-09-16 18:28:01.744238+00:00 [debug] Calling mod_stats_influx:stop/1 (eturnal_module:stop/1:163)
2026-09-16 18:28:01.744313+00:00 [debug] Stopping mod_stats_influx (mod_stats_influx:stop/0:61)
2026-09-16 18:28:01.744422+00:00 [info] Stopped mod_stats_influx (eturnal:stop_modules/1:397)
2026-09-16 18:28:01.744517+00:00 [debug] Calling mod_stats_prometheus:start/0 (eturnal_module:start/1:143)
2026-09-16 18:28:01.744616+00:00 [debug] Starting mod_stats_prometheus (mod_stats_prometheus:start/0:56)
2026-09-16 18:28:01.744703+00:00 [debug] Dependency prometheus_httpd was available already (eturnal_module:ensure_dep/2:284)
2026-09-16 18:28:01.745451+00:00 [debug] PROGRESS REPORT:
    supervisor: {local,httpd_instance_sup__127_0_0_1__9081default}
    started: [{pid,<0.1164.0>},
              {id,{httpd_connection_sup,{127,0,0,1},9081,default}},
              {mfargs,{httpd_connection_sup,start_link,[[{127,0,0,1},9081]]}},
              {restart_type,permanent},
              {significant,false},
              {shutdown,5000},
              {child_type,supervisor}]
 (supervisor:report_progress/3:2323)
2026-09-16 18:28:01.745634+00:00 [debug] PROGRESS REPORT:
    supervisor: {local,httpd_instance_sup__127_0_0_1__9081default}
    started: [{pid,<0.1165.0>},
              {id,{httpd_misc_sup,{127,0,0,1},9081,default}},
              {mfargs,{httpd_misc_sup,start_link,[{127,0,0,1},9081,default]}},
              {restart_type,permanent},
              {significant,false},
              {shutdown,infinity},
              {child_type,supervisor}]
 (supervisor:report_progress/3:2323)
2026-09-16 18:28:01.745898+00:00 [debug] PROGRESS REPORT:
    supervisor: {local,httpd_instance_sup__127_0_0_1__9081default}
    started: [{pid,<0.1166.0>},
              {id,{httpd_manager,{127,0,0,1},9081,default}},
              {mfargs,
                  {httpd_manager,start_link,
                      [undefined,
                       [{bind_address,{127,0,0,1}},
                        {socket_type,ip_comm},
                        {port,9081},
                        {server_root,"run/mod_stats_prometheus/doc"},
                        {document_root,"run/mod_stats_prometheus/doc"},
                        {server_name,"Prometheus Exporter"},
                        {modules,[prometheus_httpd]}],
                       15000]}},
              {restart_type,permanent},
              {significant,false},
              {shutdown,4000},
              {child_type,worker}]
 (supervisor:report_progress/3:2323)
2026-09-16 18:28:01.746230+00:00 [debug] PROGRESS REPORT:
    supervisor: {local,httpd_acceptor_sup__127_0_0_1__9081default}
    started: [{pid,<0.1168.0>},
              {id,{httpd_acceptor_sup,{127,0,0,1},9081,default}},
              {mfargs,{httpd_acceptor,start_link,
                                      [httpd__127_0_0_1__9081default,ip_comm,
                                       {127,0,0,1},
                                       9081,inet,
                                       httpd_conf__127_0_0_1__9081default,
                                       15000]}},
              {restart_type,transient},
              {significant,false},
              {shutdown,brutal_kill},
              {child_type,worker}]
 (supervisor:report_progress/3:2323)
2026-09-16 18:28:01.746361+00:00 [debug] PROGRESS REPORT:
    supervisor: {local,httpd_instance_sup__127_0_0_1__9081default}
    started: [{pid,<0.1167.0>},
              {id,{httpd_acceptor_sup,{127,0,0,1},9081,default}},
              {mfargs,
                  {httpd_acceptor_sup,start_link,
                      [[{127,0,0,1},
                        9081,
                        [{bind_address,{127,0,0,1}},
                         {socket_type,ip_comm},
                         {port,9081},
                         {server_root,"run/mod_stats_prometheus/doc"},
                         {document_root,"run/mod_stats_prometheus/doc"},
                         {server_name,"Prometheus Exporter"},
                         {modules,[prometheus_httpd]}],
                        15000,undefined]]}},
              {restart_type,permanent},
              {significant,false},
              {shutdown,infinity},
              {child_type,supervisor}]
 (supervisor:report_progress/3:2323)
2026-09-16 18:28:01.746439+00:00 [debug] PROGRESS REPORT:
    supervisor: {local,httpd_sup}
    started: [{pid,<0.1163.0>},
              {id,{httpd_instance_sup,{127,0,0,1},9081,default}},
              {mfargs,
                  {httpd_instance_sup,start_link,
                      [[{bind_address,{127,0,0,1}},
                        {socket_type,ip_comm},
                        {port,9081},
                        {server_root,"run/mod_stats_prometheus/doc"},
                        {document_root,"run/mod_stats_prometheus/doc"},
                        {server_name,"Prometheus Exporter"},
                        {modules,[prometheus_httpd]}],
                       15000,[]]}},
              {restart_type,permanent},
              {significant,false},
              {shutdown,infinity},
              {child_type,supervisor}]
 (supervisor:report_progress/3:2333)
2026-09-16 18:28:01.747486+00:00 [info] Started mod_stats_prometheus (eturnal:start_modules/0:384)
2026-09-16 18:28:01.747627+00:00 [debug] Calling mod_log_stun:start/0 (eturnal_module:start/1:143)
2026-09-16 18:28:01.747695+00:00 [debug] Starting mod_log_stun (mod_log_stun:start/0:38)
2026-09-16 18:28:01.748738+00:00 [info] Started mod_log_stun (eturnal:start_modules/0:384)
2026-09-16 18:28:01.748857+00:00 [debug] Calling mod_stats_influx:start/0 (eturnal_module:start/1:143)
2026-09-16 18:28:01.748937+00:00 [debug] Starting mod_stats_influx (mod_stats_influx:start/0:37)
2026-09-16 18:28:01.749057+00:00 [debug] Dependency influx_udp was available already (eturnal_module:ensure_dep/2:284)
2026-09-16 18:28:01.750702+00:00 [info]     options: #{port => 8089,host => "localhost",pool_size => 1,
               max_overflow => 1}
    msg: Start clients pool
    host: {127,0,0,1} (influx_udp:start_pool_/2:239)
2026-09-16 18:28:01.751486+00:00 [info] Started mod_stats_influx (eturnal:start_modules/0:384)
2026-09-16 18:28:01.751581+00:00 [debug] Restarted modules (eturnal:reload/1:639)
2026-09-16 18:28:01.751675+00:00 [debug] eturnal call (reload) returned ok (eturnal_ctl:call/1:439)
2026-09-16 18:28:01.777202+00:00 [info] Accepting connection: 127.0.0.1:56382 -> 127.0.0.1:34780 [TCP, session brlmgv7bmxpj] (stun_acceptor:accept/3:158)
2026-09-16 18:28:01.799974+00:00 [info] Accepting connection: 127.0.0.1:37960 -> 127.0.0.1:53490 [TLS, session u7d2tcumv2l8] (stun_acceptor:accept/3:158)
2026-09-16 18:28:01.828430+00:00 [debug] Received:
#stun{class = request,method = 3,magic = 554869826,
      trid = 35936479161374270786713617697,raw = <<>>,unsupported = [],
      'ALTERNATE-SERVER' = undefined,'CHANNEL-NUMBER' = undefined,
      'DATA' = undefined,'DONT-FRAGMENT' = false,'ERROR-CODE' = undefined,
      'LIFETIME' = undefined,'MAPPED-ADDRESS' = undefined,
      'MESSAGE-INTEGRITY' = undefined,'NONCE' = undefined,'REALM' = undefined,
      'REQUESTED-ADDRESS-FAMILY' = undefined,
      'REQUESTED-TRANSPORT' = undefined,'SOFTWARE' = undefined,
      'UNKNOWN-ATTRIBUTES' = [],'USERNAME' = undefined,
      'XOR-MAPPED-ADDRESS' = undefined,'XOR-PEER-ADDRESS' = [],
      'XOR-RELAYED-ADDRESS' = undefined} (stun:udp_recv/5:146)
2026-09-16 18:28:01.828585+00:00 [debug] Sending:
#stun{class = error,method = 3,magic = 554869826,
      trid = 35936479161374270786713617697,raw = <<>>,unsupported = [],
      'ALTERNATE-SERVER' = undefined,'CHANNEL-NUMBER' = undefined,
      'DATA' = undefined,'DONT-FRAGMENT' = false,
      'ERROR-CODE' = {401,<<"Unauthorized">>},
      'LIFETIME' = undefined,'MAPPED-ADDRESS' = undefined,
      'MESSAGE-INTEGRITY' = undefined,'NONCE' = <<"505862052">>,
      'REALM' = <<"eturnal.net">>,'REQUESTED-ADDRESS-FAMILY' = undefined,
      'REQUESTED-TRANSPORT' = undefined,'SOFTWARE' = <<"eturnal">>,
      'UNKNOWN-ATTRIBUTES' = [],'USERNAME' = undefined,
      'XOR-MAPPED-ADDRESS' = undefined,'XOR-PEER-ADDRESS' = [],
      'XOR-RELAYED-ADDRESS' = undefined} (stun:send/3:500)
2026-09-16 18:28:01.828849+00:00 [debug] Received:
#stun{class = request,method = 3,magic = 554869826,
      trid = 5135304527235656718857664412,
      raw = <<0,3,0,76,33,18,164,66,16,151,211,8,61,124,65,215,236,77,247,156,
              0,25,0,4,17,0,0,0,0,6,0,5,97,108,105,99,101,0,0,0,0,20,0,11,101,
              116,117,114,110,97,108,46,110,101,116,0,0,21,0,9,53,48,53,56,54,
              50,48,53,50,0,0,0>>,
      unsupported = [],'ALTERNATE-SERVER' = undefined,
      'CHANNEL-NUMBER' = undefined,'DATA' = undefined,'DONT-FRAGMENT' = false,
      'ERROR-CODE' = undefined,'LIFETIME' = undefined,
      'MAPPED-ADDRESS' = undefined,
      'MESSAGE-INTEGRITY' = <<62,75,29,206,27,1,13,24,44,91,26,186,81,60,204,
                              90,129,27,126,88>>,
      'NONCE' = <<"505862052">>,'REALM' = <<"eturnal.net">>,
      'REQUESTED-ADDRESS-FAMILY' = undefined,'REQUESTED-TRANSPORT' = udp,
      'SOFTWARE' = undefined,'UNKNOWN-ATTRIBUTES' = [],
      'USERNAME' = <<"alice">>,'XOR-MAPPED-ADDRESS' = undefined,
      'XOR-PEER-ADDRESS' = [],'XOR-RELAYED-ADDRESS' = undefined} (stun:udp_recv/5:146)
2026-09-16 18:28:01.828958+00:00 [debug] Looking up password for: alice [UDP, session 9zz6iana8s33, user alice, client 127.0.0.1:56425] (eturnal:get_password/2:259)
2026-09-16 18:28:01.829023+00:00 [info] Accepting long-term STUN/TURN authentication [UDP, session 9zz6iana8s33, user alice, client 127.0.0.1:56425] (stun:process/2:289)
2026-09-16 18:28:01.831375+00:00 [debug] Running 'turn_session_start' hook [UDP, session 9zz6iana8s33, user alice, client 127.0.0.1:56425] (turn:run_hook/3:753)
2026-09-16 18:28:01.831455+00:00 [debug] Got 'turn_session_start' event [UDP, session 9zz6iana8s33, user alice, client 127.0.0.1:56425] (eturnal_module:handle_event/2:177)
2026-09-16 18:28:01.831550+00:00 [debug] Calling mod_stats_prometheus:handle_event/2 [UDP, session 9zz6iana8s33, user alice, client 127.0.0.1:56425] (eturnal_module:handle_event/2:180)
2026-09-16 18:28:01.831623+00:00 [debug] Observing started TURN session 9zz6iana8s33 for Prometheus [UDP, session 9zz6iana8s33, user alice, client 127.0.0.1:56425] (mod_stats_prometheus:on_turn_session_start/1:174)
2026-09-16 18:28:01.831833+00:00 [notice] Creating TURN allocation (lifetime: 600 seconds) [UDP, session 9zz6iana8s33, user alice, client 127.0.0.1:56425, relay 127.0.0.1:53948] (turn:wait_for_allocate/2:226)
2026-09-16 18:28:01.831973+00:00 [debug] Sending:
#stun{class = response,method = 3,magic = 554869826,
      trid = 5135304527235656718857664412,raw = <<>>,unsupported = [],
      'ALTERNATE-SERVER' = undefined,'CHANNEL-NUMBER' = undefined,
      'DATA' = undefined,'DONT-FRAGMENT' = false,'ERROR-CODE' = undefined,
      'LIFETIME' = 600,'MAPPED-ADDRESS' = undefined,
      'MESSAGE-INTEGRITY' = undefined,'NONCE' = undefined,'REALM' = undefined,
      'REQUESTED-ADDRESS-FAMILY' = undefined,
      'REQUESTED-TRANSPORT' = undefined,'SOFTWARE' = <<"eturnal">>,
      'UNKNOWN-ATTRIBUTES' = [],'USERNAME' = undefined,
      'XOR-MAPPED-ADDRESS' = {{127,0,0,1},56425},
      'XOR-PEER-ADDRESS' = [],
      'XOR-RELAYED-ADDRESS' = {{127,0,0,1},53948}} (turn:send/2:549)
2026-09-16 18:28:01.832287+00:00 [debug] Received:
#stun{class = request,method = 4,magic = 554869826,
      trid = 64599341867102723485275427213,
      raw = <<0,4,0,76,33,18,164,66,208,187,82,187,172,29,188,182,91,186,145,
              141,0,6,0,5,97,108,105,99,101,0,0,0,0,20,0,11,101,116,117,114,
              110,97,108,46,110,101,116,0,0,21,0,9,53,48,53,56,54,50,48,53,50,
              0,0,0,0,13,0,4,0,0,0,0>>,
      unsupported = [],'ALTERNATE-SERVER' = undefined,
      'CHANNEL-NUMBER' = undefined,'DATA' = undefined,'DONT-FRAGMENT' = false,
      'ERROR-CODE' = undefined,'LIFETIME' = 0,'MAPPED-ADDRESS' = undefined,
      'MESSAGE-INTEGRITY' = <<148,83,79,122,205,224,213,10,45,23,15,203,212,81,
                              64,147,47,38,231,136>>,
      'NONCE' = <<"505862052">>,'REALM' = <<"eturnal.net">>,
      'REQUESTED-ADDRESS-FAMILY' = undefined,
      'REQUESTED-TRANSPORT' = undefined,'SOFTWARE' = undefined,
      'UNKNOWN-ATTRIBUTES' = [],'USERNAME' = <<"alice">>,
      'XOR-MAPPED-ADDRESS' = undefined,'XOR-PEER-ADDRESS' = [],
      'XOR-RELAYED-ADDRESS' = undefined} (stun:udp_recv/5:146)
2026-09-16 18:28:01.832386+00:00 [debug] Looking up password for: alice [UDP, session l2hh0zqublgv, user alice, client 127.0.0.1:56425] (eturnal:get_password/2:259)
2026-09-16 18:28:01.832441+00:00 [info] Accepting long-term STUN/TURN authentication [UDP, session l2hh0zqublgv, user alice, client 127.0.0.1:56425] (stun:process/2:289)
2026-09-16 18:28:01.832470+00:00 [info] Client requested closing the TURN session [UDP, session 9zz6iana8s33, user alice, client 127.0.0.1:56425, relay 127.0.0.1:53948] (turn:active/2:285)
2026-09-16 18:28:01.832551+00:00 [debug] Sending:
#stun{class = response,method = 4,magic = 554869826,
      trid = 64599341867102723485275427213,raw = <<>>,unsupported = [],
      'ALTERNATE-SERVER' = undefined,'CHANNEL-NUMBER' = undefined,
      'DATA' = undefined,'DONT-FRAGMENT' = false,'ERROR-CODE' = undefined,
      'LIFETIME' = 0,'MAPPED-ADDRESS' = undefined,
      'MESSAGE-INTEGRITY' = undefined,'NONCE' = undefined,'REALM' = undefined,
      'REQUESTED-ADDRESS-FAMILY' = undefined,
      'REQUESTED-TRANSPORT' = undefined,'SOFTWARE' = <<"eturnal">>,
      'UNKNOWN-ATTRIBUTES' = [],'USERNAME' = undefined,
      'XOR-MAPPED-ADDRESS' = undefined,'XOR-PEER-ADDRESS' = [],
      'XOR-RELAYED-ADDRESS' = undefined} (turn:send/2:549)
2026-09-16 18:28:01.832682+00:00 [info] Deleting TURN allocation [UDP, session 9zz6iana8s33, user alice, client 127.0.0.1:56425, relay 127.0.0.1:53948] (turn:terminate/3:482)
2026-09-16 18:28:01.832721+00:00 [notice] Relayed 0 KiB (in 0 B / 0 packets, out 0 B / 0 packets), duration: 0 seconds [UDP, session 9zz6iana8s33, user alice, client 127.0.0.1:56425, relay 127.0.0.1:53948] (turn:terminate/3:489)
2026-09-16 18:28:01.832827+00:00 [debug] Running 'turn_session_stop' hook [UDP, session 9zz6iana8s33, user alice, client 127.0.0.1:56425, relay 127.0.0.1:53948] (turn:run_hook/3:753)
2026-09-16 18:28:01.832871+00:00 [debug] Got 'turn_session_stop' event [UDP, session 9zz6iana8s33, user alice, client 127.0.0.1:56425, relay 127.0.0.1:53948] (eturnal_module:handle_event/2:177)
2026-09-16 18:28:01.832880+00:00 [debug] Received:
#stun{class = request,method = 3,magic = 554869826,
      trid = 44524090298918278130483783423,raw = <<>>,unsupported = [],
      'ALTERNATE-SERVER' = undefined,'CHANNEL-NUMBER' = undefined,
      'DATA' = undefined,'DONT-FRAGMENT' = false,'ERROR-CODE' = undefined,
      'LIFETIME' = undefined,'MAPPED-ADDRESS' = undefined,
      'MESSAGE-INTEGRITY' = undefined,'NONCE' = undefined,'REALM' = undefined,
      'REQUESTED-ADDRESS-FAMILY' = undefined,
      'REQUESTED-TRANSPORT' = undefined,'SOFTWARE' = undefined,
      'UNKNOWN-ATTRIBUTES' = [],'USERNAME' = undefined,
      'XOR-MAPPED-ADDRESS' = undefined,'XOR-PEER-ADDRESS' = [],
      'XOR-RELAYED-ADDRESS' = undefined} (stun:udp_recv/5:146)
2026-09-16 18:28:01.832923+00:00 [debug] Calling mod_stats_influx:handle_event/2 [UDP, session 9zz6iana8s33, user alice, client 127.0.0.1:56425, relay 127.0.0.1:53948] (eturnal_module:handle_event/2:180)
2026-09-16 18:28:01.832974+00:00 [debug] Writing stats of TURN session 9zz6iana8s33 to InfluxDB [UDP, session 9zz6iana8s33, user alice, client 127.0.0.1:56425, relay 127.0.0.1:53948] (mod_stats_influx:on_turn_session_stop/1:87)
2026-09-16 18:28:01.832998+00:00 [debug] Sending:
#stun{class = error,method = 3,magic = 554869826,
      trid = 44524090298918278130483783423,raw = <<>>,unsupported = [],
      'ALTERNATE-SERVER' = undefined,'CHANNEL-NUMBER' = undefined,
      'DATA' = undefined,'DONT-FRAGMENT' = false,
      'ERROR-CODE' = {401,<<"Unauthorized">>},
      'LIFETIME' = undefined,'MAPPED-ADDRESS' = undefined,
      'MESSAGE-INTEGRITY' = undefined,'NONCE' = <<"3675317906">>,
      'REALM' = <<"eturnal.net">>,'REQUESTED-ADDRESS-FAMILY' = undefined,
      'REQUESTED-TRANSPORT' = undefined,'SOFTWARE' = <<"eturnal">>,
      'UNKNOWN-ATTRIBUTES' = [],'USERNAME' = undefined,
      'XOR-MAPPED-ADDRESS' = undefined,'XOR-PEER-ADDRESS' = [],
      'XOR-RELAYED-ADDRESS' = undefined} (stun:send/3:500)
2026-09-16 18:28:01.833254+00:00 [debug] Received:
#stun{class = request,method = 3,magic = 554869826,
      trid = 57937128228704761097094208773,
      raw = <<0,3,0,80,33,18,164,66,187,52,120,30,168,26,10,190,49,224,157,5,0,
              25,0,4,17,0,0,0,0,6,0,10,50,49,52,53,57,49,51,50,48,48,0,0,0,20,
              0,11,101,116,117,114,110,97,108,46,110,101,116,0,0,21,0,10,51,54,
              55,53,51,49,55,57,48,54,0,0>>,
      unsupported = [],'ALTERNATE-SERVER' = undefined,
      'CHANNEL-NUMBER' = undefined,'DATA' = undefined,'DONT-FRAGMENT' = false,
      'ERROR-CODE' = undefined,'LIFETIME' = undefined,
      'MAPPED-ADDRESS' = undefined,
      'MESSAGE-INTEGRITY' = <<229,231,23,1,149,213,183,204,232,22,44,126,247,
                              42,159,211,103,144,145,23>>,
      'NONCE' = <<"3675317906">>,'REALM' = <<"eturnal.net">>,
      'REQUESTED-ADDRESS-FAMILY' = undefined,'REQUESTED-TRANSPORT' = udp,
      'SOFTWARE' = undefined,'UNKNOWN-ATTRIBUTES' = [],
      'USERNAME' = <<"2145913200">>,'XOR-MAPPED-ADDRESS' = undefined,
      'XOR-PEER-ADDRESS' = [],'XOR-RELAYED-ADDRESS' = undefined} (stun:udp_recv/5:146)
2026-09-16 18:28:01.833383+00:00 [debug] Deriving password for: 2145913200 [UDP, session nvuii8o3xrdl, user 2145913200, client 127.0.0.1:48025] (eturnal:get_password/2:245)
2026-09-16 18:28:01.833445+00:00 [info] Accepting long-term STUN/TURN authentication [UDP, session nvuii8o3xrdl, user 2145913200, client 127.0.0.1:48025] (stun:process/2:289)
2026-09-16 18:28:01.833551+00:00 [debug] Running 'turn_session_start' hook [UDP, session nvuii8o3xrdl, user 2145913200, client 127.0.0.1:48025] (turn:run_hook/3:753)
2026-09-16 18:28:01.833636+00:00 [debug] Got 'turn_session_start' event [UDP, session nvuii8o3xrdl, user 2145913200, client 127.0.0.1:48025] (eturnal_module:handle_event/2:177)
2026-09-16 18:28:01.833751+00:00 [debug] Calling mod_stats_prometheus:handle_event/2 [UDP, session nvuii8o3xrdl, user 2145913200, client 127.0.0.1:48025] (eturnal_module:handle_event/2:180)
2026-09-16 18:28:01.833834+00:00 [debug] Observing started TURN session nvuii8o3xrdl for Prometheus [UDP, session nvuii8o3xrdl, user 2145913200, client 127.0.0.1:48025] (mod_stats_prometheus:on_turn_session_start/1:174)
2026-09-16 18:28:01.834034+00:00 [notice] Creating TURN allocation (lifetime: 600 seconds) [UDP, session nvuii8o3xrdl, user 2145913200, client 127.0.0.1:48025, relay 127.0.0.1:61844] (turn:wait_for_allocate/2:226)
2026-09-16 18:28:01.834160+00:00 [debug] Sending:
#stun{class = response,method = 3,magic = 554869826,
      trid = 57937128228704761097094208773,raw = <<>>,unsupported = [],
      'ALTERNATE-SERVER' = undefined,'CHANNEL-NUMBER' = undefined,
      'DATA' = undefined,'DONT-FRAGMENT' = false,'ERROR-CODE' = undefined,
      'LIFETIME' = 600,'MAPPED-ADDRESS' = undefined,
      'MESSAGE-INTEGRITY' = undefined,'NONCE' = undefined,'REALM' = undefined,
      'REQUESTED-ADDRESS-FAMILY' = undefined,
      'REQUESTED-TRANSPORT' = undefined,'SOFTWARE' = <<"eturnal">>,
      'UNKNOWN-ATTRIBUTES' = [],'USERNAME' = undefined,
      'XOR-MAPPED-ADDRESS' = {{127,0,0,1},48025},
      'XOR-PEER-ADDRESS' = [],
      'XOR-RELAYED-ADDRESS' = {{127,0,0,1},61844}} (turn:send/2:549)
2026-09-16 18:28:01.834426+00:00 [debug] Received:
#stun{class = request,method = 4,magic = 554869826,
      trid = 5586481423828903946229281043,
      raw = <<0,4,0,80,33,18,164,66,18,13,7,116,208,49,216,131,70,198,113,19,0,
              6,0,10,50,49,52,53,57,49,51,50,48,48,0,0,0,20,0,11,101,116,117,
              114,110,97,108,46,110,101,116,0,0,21,0,10,51,54,55,53,51,49,55,
              57,48,54,0,0,0,13,0,4,0,0,0,0>>,
      unsupported = [],'ALTERNATE-SERVER' = undefined,
      'CHANNEL-NUMBER' = undefined,'DATA' = undefined,'DONT-FRAGMENT' = false,
      'ERROR-CODE' = undefined,'LIFETIME' = 0,'MAPPED-ADDRESS' = undefined,
      'MESSAGE-INTEGRITY' = <<54,36,199,187,102,148,12,99,48,141,41,153,102,10,
                              250,64,170,123,188,168>>,
      'NONCE' = <<"3675317906">>,'REALM' = <<"eturnal.net">>,
      'REQUESTED-ADDRESS-FAMILY' = undefined,
      'REQUESTED-TRANSPORT' = undefined,'SOFTWARE' = undefined,
      'UNKNOWN-ATTRIBUTES' = [],'USERNAME' = <<"2145913200">>,
      'XOR-MAPPED-ADDRESS' = undefined,'XOR-PEER-ADDRESS' = [],
      'XOR-RELAYED-ADDRESS' = undefined} (stun:udp_recv/5:146)
2026-09-16 18:28:01.834536+00:00 [debug] Deriving password for: 2145913200 [UDP, session bu223giwqkib, user 2145913200, client 127.0.0.1:48025] (eturnal:get_password/2:245)
2026-09-16 18:28:01.834608+00:00 [info] Accepting long-term STUN/TURN authentication [UDP, session bu223giwqkib, user 2145913200, client 127.0.0.1:48025] (stun:process/2:289)
2026-09-16 18:28:01.834648+00:00 [info] Client requested closing the TURN session [UDP, session nvuii8o3xrdl, user 2145913200, client 127.0.0.1:48025, relay 127.0.0.1:61844] (turn:active/2:285)
2026-09-16 18:28:01.834720+00:00 [debug] Sending:
#stun{class = response,method = 4,magic = 554869826,
      trid = 5586481423828903946229281043,raw = <<>>,unsupported = [],
      'ALTERNATE-SERVER' = undefined,'CHANNEL-NUMBER' = undefined,
      'DATA' = undefined,'DONT-FRAGMENT' = false,'ERROR-CODE' = undefined,
      'LIFETIME' = 0,'MAPPED-ADDRESS' = undefined,
      'MESSAGE-INTEGRITY' = undefined,'NONCE' = undefined,'REALM' = undefined,
      'REQUESTED-ADDRESS-FAMILY' = undefined,
      'REQUESTED-TRANSPORT' = undefined,'SOFTWARE' = <<"eturnal">>,
      'UNKNOWN-ATTRIBUTES' = [],'USERNAME' = undefined,
      'XOR-MAPPED-ADDRESS' = undefined,'XOR-PEER-ADDRESS' = [],
      'XOR-RELAYED-ADDRESS' = undefined} (turn:send/2:549)
2026-09-16 18:28:01.834830+00:00 [info] Deleting TURN allocation [UDP, session nvuii8o3xrdl, user 2145913200, client 127.0.0.1:48025, relay 127.0.0.1:61844] (turn:terminate/3:482)
2026-09-16 18:28:01.834885+00:00 [notice] Relayed 0 KiB (in 0 B / 0 packets, out 0 B / 0 packets), duration: 0 seconds [UDP, session nvuii8o3xrdl, user 2145913200, client 127.0.0.1:48025, relay 127.0.0.1:61844] (turn:terminate/3:489)
2026-09-16 18:28:01.834927+00:00 [debug] Running 'turn_session_stop' hook [UDP, session nvuii8o3xrdl, user 2145913200, client 127.0.0.1:48025, relay 127.0.0.1:61844] (turn:run_hook/3:753)
2026-09-16 18:28:01.834962+00:00 [debug] Got 'turn_session_stop' event [UDP, session nvuii8o3xrdl, user 2145913200, client 127.0.0.1:48025, relay 127.0.0.1:61844] (eturnal_module:handle_event/2:177)
2026-09-16 18:28:01.834995+00:00 [debug] Calling mod_stats_influx:handle_event/2 [UDP, session nvuii8o3xrdl, user 2145913200, client 127.0.0.1:48025, relay 127.0.0.1:61844] (eturnal_module:handle_event/2:180)
2026-09-16 18:28:01.835063+00:00 [debug] Writing stats of TURN session nvuii8o3xrdl to InfluxDB [UDP, session nvuii8o3xrdl, user 2145913200, client 127.0.0.1:48025, relay 127.0.0.1:61844] (mod_stats_influx:on_turn_session_stop/1:87)
2026-09-16 18:28:01.835485+00:00 [debug] Calling mod_stats_prometheus:handle_event/2 [UDP, session 9zz6iana8s33, user alice, client 127.0.0.1:56425, relay 127.0.0.1:53948] (eturnal_module:handle_event/2:180)
2026-09-16 18:28:01.835547+00:00 [debug] Observing stopped TURN session 9zz6iana8s33 for Prometheus [UDP, session 9zz6iana8s33, user alice, client 127.0.0.1:56425, relay 127.0.0.1:53948] (mod_stats_prometheus:on_turn_session_stop/1:187)
2026-09-16 18:28:01.835552+00:00 [debug] Calling mod_stats_prometheus:handle_event/2 [UDP, session nvuii8o3xrdl, user 2145913200, client 127.0.0.1:48025, relay 127.0.0.1:61844] (eturnal_module:handle_event/2:180)
2026-09-16 18:28:01.835621+00:00 [debug] Observing stopped TURN session nvuii8o3xrdl for Prometheus [UDP, session nvuii8o3xrdl, user 2145913200, client 127.0.0.1:48025, relay 127.0.0.1:61844] (mod_stats_prometheus:on_turn_session_stop/1:187)
2026-09-16 18:28:01.858948+00:00 [debug] Received:
#stun{class = request,method = 1,magic = 554869826,
      trid = 20685027093100101125953919317,raw = <<>>,unsupported = [],
      'ALTERNATE-SERVER' = undefined,'CHANNEL-NUMBER' = undefined,
      'DATA' = undefined,'DONT-FRAGMENT' = false,'ERROR-CODE' = undefined,
      'LIFETIME' = undefined,'MAPPED-ADDRESS' = undefined,
      'MESSAGE-INTEGRITY' = undefined,'NONCE' = undefined,'REALM' = undefined,
      'REQUESTED-ADDRESS-FAMILY' = undefined,
      'REQUESTED-TRANSPORT' = undefined,'SOFTWARE' = undefined,
      'UNKNOWN-ATTRIBUTES' = [],'USERNAME' = undefined,
      'XOR-MAPPED-ADDRESS' = undefined,'XOR-PEER-ADDRESS' = [],
      'XOR-RELAYED-ADDRESS' = undefined} (stun:udp_recv/5:146)
2026-09-16 18:28:01.859040+00:00 [debug] Responding to STUN request [UDP, session glu1fqykt6mc, anonymous, client 127.0.0.1:49116] (stun:process/4:357)
2026-09-16 18:28:01.859082+00:00 [debug] Running 'stun_query' hook [UDP, session glu1fqykt6mc, anonymous, client 127.0.0.1:49116] (stun:run_hook/3:747)
2026-09-16 18:28:01.859113+00:00 [debug] Got 'stun_query' event [UDP, session glu1fqykt6mc, anonymous, client 127.0.0.1:49116] (eturnal_module:handle_event/2:177)
2026-09-16 18:28:01.859152+00:00 [debug] Calling mod_log_stun:handle_event/2 [UDP, session glu1fqykt6mc, anonymous, client 127.0.0.1:49116] (eturnal_module:handle_event/2:180)
2026-09-16 18:28:01.859192+00:00 [info] Responding to STUN request [UDP, session glu1fqykt6mc, anonymous, client 127.0.0.1:49116] (mod_log_stun:handle_event/2:44)
2026-09-16 18:28:01.859226+00:00 [debug] Calling mod_stats_influx:handle_event/2 [UDP, session glu1fqykt6mc, anonymous, client 127.0.0.1:49116] (eturnal_module:handle_event/2:180)
2026-09-16 18:28:01.859256+00:00 [debug] Writing STUN query event to InfluxDB [UDP, session glu1fqykt6mc, anonymous, client 127.0.0.1:49116] (mod_stats_influx:on_stun_query/1:76)
2026-09-16 18:28:01.859371+00:00 [debug] Calling mod_stats_prometheus:handle_event/2 [UDP, session glu1fqykt6mc, anonymous, client 127.0.0.1:49116] (eturnal_module:handle_event/2:180)
2026-09-16 18:28:01.859418+00:00 [debug] Observing STUN query for Prometheus [UDP, session glu1fqykt6mc, anonymous, client 127.0.0.1:49116] (mod_stats_prometheus:on_stun_query/1:166)
2026-09-16 18:28:01.859471+00:00 [debug] Sending:
#stun{class = response,method = 1,magic = 554869826,
      trid = 20685027093100101125953919317,raw = <<>>,unsupported = [],
      'ALTERNATE-SERVER' = undefined,'CHANNEL-NUMBER' = undefined,
      'DATA' = undefined,'DONT-FRAGMENT' = false,'ERROR-CODE' = undefined,
      'LIFETIME' = undefined,'MAPPED-ADDRESS' = undefined,
      'MESSAGE-INTEGRITY' = undefined,'NONCE' = undefined,'REALM' = undefined,
      'REQUESTED-ADDRESS-FAMILY' = undefined,
      'REQUESTED-TRANSPORT' = undefined,'SOFTWARE' = <<"eturnal">>,
      'UNKNOWN-ATTRIBUTES' = [],'USERNAME' = undefined,
      'XOR-MAPPED-ADDRESS' = {{127,0,0,1},49116},
      'XOR-PEER-ADDRESS' = [],'XOR-RELAYED-ADDRESS' = undefined} (stun:send/3:500)
2026-09-16 18:28:01.883908+00:00 [info] Accepting connection: 127.0.0.1:56394 -> 127.0.0.1:34780 [TCP, session qqq6wouj0gem] (stun_acceptor:accept/3:158)
2026-09-16 18:28:01.884224+00:00 [debug] Received:
#stun{class = request,method = 1,magic = 554869826,
      trid = 63556057693365078072997819374,raw = <<>>,unsupported = [],
      'ALTERNATE-SERVER' = undefined,'CHANNEL-NUMBER' = undefined,
      'DATA' = undefined,'DONT-FRAGMENT' = false,'ERROR-CODE' = undefined,
      'LIFETIME' = undefined,'MAPPED-ADDRESS' = undefined,
      'MESSAGE-INTEGRITY' = undefined,'NONCE' = undefined,'REALM' = undefined,
      'REQUESTED-ADDRESS-FAMILY' = undefined,
      'REQUESTED-TRANSPORT' = undefined,'SOFTWARE' = undefined,
      'UNKNOWN-ATTRIBUTES' = [],'USERNAME' = undefined,
      'XOR-MAPPED-ADDRESS' = undefined,'XOR-PEER-ADDRESS' = [],
      'XOR-RELAYED-ADDRESS' = undefined} (stun:process_data/3:457)
2026-09-16 18:28:01.884327+00:00 [debug] Responding to STUN request [TCP, session qqq6wouj0gem, anonymous, client 127.0.0.1:56394] (stun:process/4:357)
2026-09-16 18:28:01.884400+00:00 [debug] Running 'stun_query' hook [TCP, session qqq6wouj0gem, anonymous, client 127.0.0.1:56394] (stun:run_hook/3:747)
2026-09-16 18:28:01.884491+00:00 [debug] Got 'stun_query' event [TCP, session qqq6wouj0gem, anonymous, client 127.0.0.1:56394] (eturnal_module:handle_event/2:177)
2026-09-16 18:28:01.884543+00:00 [debug] Calling mod_log_stun:handle_event/2 [TCP, session qqq6wouj0gem, anonymous, client 127.0.0.1:56394] (eturnal_module:handle_event/2:180)
2026-09-16 18:28:01.884620+00:00 [info] Responding to STUN request [TCP, session qqq6wouj0gem, anonymous, client 127.0.0.1:56394] (mod_log_stun:handle_event/2:44)
2026-09-16 18:28:01.884671+00:00 [debug] Calling mod_stats_influx:handle_event/2 [TCP, session qqq6wouj0gem, anonymous, client 127.0.0.1:56394] (eturnal_module:handle_event/2:180)
2026-09-16 18:28:01.884737+00:00 [debug] Writing STUN query event to InfluxDB [TCP, session qqq6wouj0gem, anonymous, client 127.0.0.1:56394] (mod_stats_influx:on_stun_query/1:76)
2026-09-16 18:28:01.884925+00:00 [debug] Calling mod_stats_prometheus:handle_event/2 [TCP, session qqq6wouj0gem, anonymous, client 127.0.0.1:56394] (eturnal_module:handle_event/2:180)
2026-09-16 18:28:01.884969+00:00 [debug] Observing STUN query for Prometheus [TCP, session qqq6wouj0gem, anonymous, client 127.0.0.1:56394] (mod_stats_prometheus:on_stun_query/1:166)
2026-09-16 18:28:01.885085+00:00 [debug] Sending:
#stun{class = response,method = 1,magic = 554869826,
      trid = 63556057693365078072997819374,raw = <<>>,unsupported = [],
      'ALTERNATE-SERVER' = undefined,'CHANNEL-NUMBER' = undefined,
      'DATA' = undefined,'DONT-FRAGMENT' = false,'ERROR-CODE' = undefined,
      'LIFETIME' = undefined,'MAPPED-ADDRESS' = undefined,
      'MESSAGE-INTEGRITY' = undefined,'NONCE' = undefined,'REALM' = undefined,
      'REQUESTED-ADDRESS-FAMILY' = undefined,
      'REQUESTED-TRANSPORT' = undefined,'SOFTWARE' = <<"eturnal">>,
      'UNKNOWN-ATTRIBUTES' = [],'USERNAME' = undefined,
      'XOR-MAPPED-ADDRESS' = {{127,0,0,1},56394},
      'XOR-PEER-ADDRESS' = [],'XOR-RELAYED-ADDRESS' = undefined} (stun:send/3:500)
2026-09-16 18:28:01.885367+00:00 [info] Connection reset by peer [TCP, session qqq6wouj0gem, anonymous, client 127.0.0.1:56394] (stun:handle_info/3:206)
2026-09-16 18:28:01.908975+00:00 [info] Accepting connection: 127.0.0.1:37966 -> 127.0.0.1:53490 [TLS, session 2y4gpc92ar9r] (stun_acceptor:accept/3:158)
2026-09-16 18:28:02.918665+00:00 [debug] Received:
#stun{class = request,method = 1,magic = 554869826,
      trid = 23837101744408581404928133208,raw = <<>>,unsupported = [],
      'ALTERNATE-SERVER' = undefined,'CHANNEL-NUMBER' = undefined,
      'DATA' = undefined,'DONT-FRAGMENT' = false,'ERROR-CODE' = undefined,
      'LIFETIME' = undefined,'MAPPED-ADDRESS' = undefined,
      'MESSAGE-INTEGRITY' = undefined,'NONCE' = undefined,'REALM' = undefined,
      'REQUESTED-ADDRESS-FAMILY' = undefined,
      'REQUESTED-TRANSPORT' = undefined,'SOFTWARE' = undefined,
      'UNKNOWN-ATTRIBUTES' = [],'USERNAME' = undefined,
      'XOR-MAPPED-ADDRESS' = undefined,'XOR-PEER-ADDRESS' = [],
      'XOR-RELAYED-ADDRESS' = undefined} (stun:process_data/3:457)
2026-09-16 18:28:02.918810+00:00 [debug] Responding to STUN request [TLS, session 2y4gpc92ar9r, anonymous, client 127.0.0.1:37966] (stun:process/4:357)
2026-09-16 18:28:02.918846+00:00 [debug] Running 'stun_query' hook [TLS, session 2y4gpc92ar9r, anonymous, client 127.0.0.1:37966] (stun:run_hook/3:747)
2026-09-16 18:28:02.918891+00:00 [debug] Got 'stun_query' event [TLS, session 2y4gpc92ar9r, anonymous, client 127.0.0.1:37966] (eturnal_module:handle_event/2:177)
2026-09-16 18:28:02.918922+00:00 [debug] Calling mod_log_stun:handle_event/2 [TLS, session 2y4gpc92ar9r, anonymous, client 127.0.0.1:37966] (eturnal_module:handle_event/2:180)
2026-09-16 18:28:02.918964+00:00 [info] Responding to STUN request [TLS, session 2y4gpc92ar9r, anonymous, client 127.0.0.1:37966] (mod_log_stun:handle_event/2:44)
2026-09-16 18:28:02.918993+00:00 [debug] Calling mod_stats_influx:handle_event/2 [TLS, session 2y4gpc92ar9r, anonymous, client 127.0.0.1:37966] (eturnal_module:handle_event/2:180)
2026-09-16 18:28:02.919036+00:00 [debug] Writing STUN query event to InfluxDB [TLS, session 2y4gpc92ar9r, anonymous, client 127.0.0.1:37966] (mod_stats_influx:on_stun_query/1:76)
2026-09-16 18:28:02.919208+00:00 [debug] Calling mod_stats_prometheus:handle_event/2 [TLS, session 2y4gpc92ar9r, anonymous, client 127.0.0.1:37966] (eturnal_module:handle_event/2:180)
2026-09-16 18:28:02.919254+00:00 [debug] Observing STUN query for Prometheus [TLS, session 2y4gpc92ar9r, anonymous, client 127.0.0.1:37966] (mod_stats_prometheus:on_stun_query/1:166)
2026-09-16 18:28:02.919335+00:00 [debug] Sending:
#stun{class = response,method = 1,magic = 554869826,
      trid = 23837101744408581404928133208,raw = <<>>,unsupported = [],
      'ALTERNATE-SERVER' = undefined,'CHANNEL-NUMBER' = undefined,
      'DATA' = undefined,'DONT-FRAGMENT' = false,'ERROR-CODE' = undefined,
      'LIFETIME' = undefined,'MAPPED-ADDRESS' = undefined,
      'MESSAGE-INTEGRITY' = undefined,'NONCE' = undefined,'REALM' = undefined,
      'REQUESTED-ADDRESS-FAMILY' = undefined,
      'REQUESTED-TRANSPORT' = undefined,'SOFTWARE' = <<"eturnal">>,
      'UNKNOWN-ATTRIBUTES' = [],'USERNAME' = undefined,
      'XOR-MAPPED-ADDRESS' = {{127,0,0,1},37966},
      'XOR-PEER-ADDRESS' = [],'XOR-RELAYED-ADDRESS' = undefined} (stun:send/3:500)
2026-09-16 18:28:02.919728+00:00 [info] Connection reset by peer [TLS, session 2y4gpc92ar9r, anonymous, client 127.0.0.1:37966] (stun:handle_info/3:206)
2026-09-16 18:28:02.943153+00:00 [info] Accepting connection: 127.0.0.1:47082 -> 127.0.0.1:34781 [TCP|TLS, session 6vmldzw5qewu] (stun_acceptor:accept/3:158)
2026-09-16 18:28:02.943273+00:00 [debug] Determined transport protocol: TCP (stun:is_tls_handshake/1:693)
2026-09-16 18:28:02.943502+00:00 [debug] Received:
#stun{class = request,method = 1,magic = 554869826,
      trid = 43552822099338308527642082380,raw = <<>>,unsupported = [],
      'ALTERNATE-SERVER' = undefined,'CHANNEL-NUMBER' = undefined,
      'DATA' = undefined,'DONT-FRAGMENT' = false,'ERROR-CODE' = undefined,
      'LIFETIME' = undefined,'MAPPED-ADDRESS' = undefined,
      'MESSAGE-INTEGRITY' = undefined,'NONCE' = undefined,'REALM' = undefined,
      'REQUESTED-ADDRESS-FAMILY' = undefined,
      'REQUESTED-TRANSPORT' = undefined,'SOFTWARE' = undefined,
      'UNKNOWN-ATTRIBUTES' = [],'USERNAME' = undefined,
      'XOR-MAPPED-ADDRESS' = undefined,'XOR-PEER-ADDRESS' = [],
      'XOR-RELAYED-ADDRESS' = undefined} (stun:process_data/3:457)
2026-09-16 18:28:02.943645+00:00 [debug] Responding to STUN request [TCP, session 6vmldzw5qewu, anonymous, client 127.0.0.1:47082] (stun:process/4:357)
2026-09-16 18:28:02.943689+00:00 [debug] Running 'stun_query' hook [TCP, session 6vmldzw5qewu, anonymous, client 127.0.0.1:47082] (stun:run_hook/3:747)
2026-09-16 18:28:02.943718+00:00 [debug] Got 'stun_query' event [TCP, session 6vmldzw5qewu, anonymous, client 127.0.0.1:47082] (eturnal_module:handle_event/2:177)
2026-09-16 18:28:02.943763+00:00 [debug] Calling mod_log_stun:handle_event/2 [TCP, session 6vmldzw5qewu, anonymous, client 127.0.0.1:47082] (eturnal_module:handle_event/2:180)
2026-09-16 18:28:02.943802+00:00 [info] Responding to STUN request [TCP, session 6vmldzw5qewu, anonymous, client 127.0.0.1:47082] (mod_log_stun:handle_event/2:44)
2026-09-16 18:28:02.943836+00:00 [debug] Calling mod_stats_influx:handle_event/2 [TCP, session 6vmldzw5qewu, anonymous, client 127.0.0.1:47082] (eturnal_module:handle_event/2:180)
2026-09-16 18:28:02.943864+00:00 [debug] Writing STUN query event to InfluxDB [TCP, session 6vmldzw5qewu, anonymous, client 127.0.0.1:47082] (mod_stats_influx:on_stun_query/1:76)
2026-09-16 18:28:02.944028+00:00 [debug] Calling mod_stats_prometheus:handle_event/2 [TCP, session 6vmldzw5qewu, anonymous, client 127.0.0.1:47082] (eturnal_module:handle_event/2:180)
2026-09-16 18:28:02.944061+00:00 [debug] Observing STUN query for Prometheus [TCP, session 6vmldzw5qewu, anonymous, client 127.0.0.1:47082] (mod_stats_prometheus:on_stun_query/1:166)
2026-09-16 18:28:02.944125+00:00 [debug] Sending:
#stun{class = response,method = 1,magic = 554869826,
      trid = 43552822099338308527642082380,raw = <<>>,unsupported = [],
      'ALTERNATE-SERVER' = undefined,'CHANNEL-NUMBER' = undefined,
      'DATA' = undefined,'DONT-FRAGMENT' = false,'ERROR-CODE' = undefined,
      'LIFETIME' = undefined,'MAPPED-ADDRESS' = undefined,
      'MESSAGE-INTEGRITY' = undefined,'NONCE' = undefined,'REALM' = undefined,
      'REQUESTED-ADDRESS-FAMILY' = undefined,
      'REQUESTED-TRANSPORT' = undefined,'SOFTWARE' = <<"eturnal">>,
      'UNKNOWN-ATTRIBUTES' = [],'USERNAME' = undefined,
      'XOR-MAPPED-ADDRESS' = {{127,0,0,1},47082},
      'XOR-PEER-ADDRESS' = [],'XOR-RELAYED-ADDRESS' = undefined} (stun:send/3:500)
2026-09-16 18:28:02.945406+00:00 [info] Connection reset by peer [TCP, session 6vmldzw5qewu, anonymous, client 127.0.0.1:47082] (stun:handle_info/3:206)
2026-09-16 18:28:02.967766+00:00 [info] Accepting connection: 127.0.0.1:47098 -> 127.0.0.1:34781 [TCP|TLS, session 2og9df1z4mhl] (stun_acceptor:accept/3:158)
2026-09-16 18:28:02.967914+00:00 [debug] Determined transport protocol: TLS (stun:is_tls_handshake/1:690)
2026-09-16 18:28:03.977757+00:00 [debug] Received:
#stun{class = request,method = 1,magic = 554869826,
      trid = 62725695258927576084215197963,raw = <<>>,unsupported = [],
      'ALTERNATE-SERVER' = undefined,'CHANNEL-NUMBER' = undefined,
      'DATA' = undefined,'DONT-FRAGMENT' = false,'ERROR-CODE' = undefined,
      'LIFETIME' = undefined,'MAPPED-ADDRESS' = undefined,
      'MESSAGE-INTEGRITY' = undefined,'NONCE' = undefined,'REALM' = undefined,
      'REQUESTED-ADDRESS-FAMILY' = undefined,
      'REQUESTED-TRANSPORT' = undefined,'SOFTWARE' = undefined,
      'UNKNOWN-ATTRIBUTES' = [],'USERNAME' = undefined,
      'XOR-MAPPED-ADDRESS' = undefined,'XOR-PEER-ADDRESS' = [],
      'XOR-RELAYED-ADDRESS' = undefined} (stun:process_data/3:457)
2026-09-16 18:28:03.977928+00:00 [debug] Responding to STUN request [TLS, session 2og9df1z4mhl, anonymous, client 127.0.0.1:47098] (stun:process/4:357)
2026-09-16 18:28:03.978050+00:00 [debug] Running 'stun_query' hook [TLS, session 2og9df1z4mhl, anonymous, client 127.0.0.1:47098] (stun:run_hook/3:747)
2026-09-16 18:28:03.978166+00:00 [debug] Got 'stun_query' event [TLS, session 2og9df1z4mhl, anonymous, client 127.0.0.1:47098] (eturnal_module:handle_event/2:177)
2026-09-16 18:28:03.978229+00:00 [debug] Calling mod_log_stun:handle_event/2 [TLS, session 2og9df1z4mhl, anonymous, client 127.0.0.1:47098] (eturnal_module:handle_event/2:180)
2026-09-16 18:28:03.978274+00:00 [info] Responding to STUN request [TLS, session 2og9df1z4mhl, anonymous, client 127.0.0.1:47098] (mod_log_stun:handle_event/2:44)
2026-09-16 18:28:03.978343+00:00 [debug] Calling mod_stats_influx:handle_event/2 [TLS, session 2og9df1z4mhl, anonymous, client 127.0.0.1:47098] (eturnal_module:handle_event/2:180)
2026-09-16 18:28:03.978382+00:00 [debug] Writing STUN query event to InfluxDB [TLS, session 2og9df1z4mhl, anonymous, client 127.0.0.1:47098] (mod_stats_influx:on_stun_query/1:76)
2026-09-16 18:28:03.978674+00:00 [debug] Calling mod_stats_prometheus:handle_event/2 [TLS, session 2og9df1z4mhl, anonymous, client 127.0.0.1:47098] (eturnal_module:handle_event/2:180)
2026-09-16 18:28:03.978730+00:00 [debug] Observing STUN query for Prometheus [TLS, session 2og9df1z4mhl, anonymous, client 127.0.0.1:47098] (mod_stats_prometheus:on_stun_query/1:166)
2026-09-16 18:28:03.978831+00:00 [debug] Sending:
#stun{class = response,method = 1,magic = 554869826,
      trid = 62725695258927576084215197963,raw = <<>>,unsupported = [],
      'ALTERNATE-SERVER' = undefined,'CHANNEL-NUMBER' = undefined,
      'DATA' = undefined,'DONT-FRAGMENT' = false,'ERROR-CODE' = undefined,
      'LIFETIME' = undefined,'MAPPED-ADDRESS' = undefined,
      'MESSAGE-INTEGRITY' = undefined,'NONCE' = undefined,'REALM' = undefined,
      'REQUESTED-ADDRESS-FAMILY' = undefined,
      'REQUESTED-TRANSPORT' = undefined,'SOFTWARE' = <<"eturnal">>,
      'UNKNOWN-ATTRIBUTES' = [],'USERNAME' = undefined,
      'XOR-MAPPED-ADDRESS' = {{127,0,0,1},47098},
      'XOR-PEER-ADDRESS' = [],'XOR-RELAYED-ADDRESS' = undefined} (stun:send/3:500)
2026-09-16 18:28:03.979095+00:00 [info] Connection reset by peer [TLS, session 2og9df1z4mhl, anonymous, client 127.0.0.1:47098] (stun:handle_info/3:206)
2026-09-16 18:28:04.002741+00:00 [debug] No NOTIFY_SOCKET, dropping STOPPING=1 notification (eturnal_systemd:handle_cast/2:99)
2026-09-16 18:28:04.002765+00:00 [debug] Terminating eturnal (shutdown) (eturnal:terminate/2:186)
2026-09-16 18:28:04.002985+00:00 [info] Stopped listening on 127.0.0.1:34780 (udp) (eturnal:stop_listeners/1:442)
2026-09-16 18:28:04.003138+00:00 [info] Stopped listening on 127.0.0.1:34780 (tcp) (eturnal:stop_listeners/1:442)
2026-09-16 18:28:04.003251+00:00 [info] Stopped listening on 127.0.0.1:53490 (tls) (eturnal:stop_listeners/1:442)
2026-09-16 18:28:04.003404+00:00 [info] Stopped listening on 127.0.0.1:34781 (auto) (eturnal:stop_listeners/1:442)
2026-09-16 18:28:04.005697+00:00 [debug] Calling mod_stats_prometheus:stop/1 (eturnal_module:stop/1:163)
2026-09-16 18:28:04.005829+00:00 [debug] Stopping mod_stats_prometheus (mod_stats_prometheus:stop/0:110)
2026-09-16 18:28:04.006198+00:00 [info] Stopped mod_stats_prometheus (eturnal:stop_modules/1:397)
2026-09-16 18:28:04.007339+00:00 [debug] Calling mod_log_stun:stop/1 (eturnal_module:stop/1:163)
2026-09-16 18:28:04.007456+00:00 [debug] Stopping mod_log_stun (mod_log_stun:stop/0:49)
2026-09-16 18:28:04.007632+00:00 [info] Stopped mod_log_stun (eturnal:stop_modules/1:397)
2026-09-16 18:28:04.008754+00:00 [debug] Calling mod_stats_influx:stop/1 (eturnal_module:stop/1:163)
2026-09-16 18:28:04.008862+00:00 [debug] Stopping mod_stats_influx (mod_stats_influx:stop/0:61)
2026-09-16 18:28:04.008963+00:00 [info] Stopped mod_stats_influx (eturnal:stop_modules/1:397)
2026-09-16 18:28:04.009223+00:00 [debug] Removed run/cert.pem (eturnal:clean_run_dir/0:875)
2026-09-16 18:28:04.009395+00:00 [debug] Terminating eturnal_systemd (shutdown) (eturnal_systemd:terminate/2:125)
2026-09-16 18:28:04.009581+00:00 [notice] Stopping eturnal 1.12.2 on Erlang/OTP 29 (ERTS 17.1) (eturnal_app:stop/1:53)
