=== Suite started at 2026-09-16 16:54:33
=== Starting test, 19 test cases
=cases         19
=user          runner
=host          nohost
=hosts         nohost 
=emulator_vsn  17.1
=emulator      beam
=otp_release   29
=started       2026-09-16 16:54:33
=case          eturnal_SUITE:init_per_suite
=logfile       eturnal_suite.init_per_suite.html
=started       2026-09-16 16:54:33
=ended         2026-09-16 16:54:33
=result        ok
=elapsed       0.000002s
=case          eturnal_SUITE:start_eturnal
=logfile       eturnal_suite.start_eturnal.html
=started       2026-09-16 16:54:33
=ended         2026-09-16 16:54:35
=result        ok
=elapsed       1.686682s
=case          eturnal_SUITE:check_status
=logfile       eturnal_suite.check_status.html
=started       2026-09-16 16:54:35
=ended         2026-09-16 16:54:35
=result        ok
=elapsed       0.000225s
=case          eturnal_SUITE:check_info
=logfile       eturnal_suite.check_info.html
=started       2026-09-16 16:54:35
=ended         2026-09-16 16:54:35
=result        ok
=elapsed       0.000549s
=case          eturnal_SUITE:check_all_sessions
=logfile       eturnal_suite.check_all_sessions.html
=started       2026-09-16 16:54:35
=ended         2026-09-16 16:54:35
=result        ok
=elapsed       0.000115s
=case          eturnal_SUITE:check_user_sessions
=logfile       eturnal_suite.check_user_sessions.html
=started       2026-09-16 16:54:35
=ended         2026-09-16 16:54:35
=result        ok
=elapsed       0.000422s
=case          eturnal_SUITE:check_disconnect
=logfile       eturnal_suite.check_disconnect.html
=started       2026-09-16 16:54:35
=ended         2026-09-16 16:54:35
=result        ok
=elapsed       0.000238s
=case          eturnal_SUITE:check_credentials
=logfile       eturnal_suite.check_credentials.html
=started       2026-09-16 16:54:35
=ended         2026-09-16 16:54:35
=result        ok
=elapsed       0.003660s
=case          eturnal_SUITE:check_loglevel
=logfile       eturnal_suite.check_loglevel.html
=started       2026-09-16 16:54:35
=ended         2026-09-16 16:54:35
=result        ok
=elapsed       0.000508s
=case          eturnal_SUITE:check_version
=logfile       eturnal_suite.check_version.html
=started       2026-09-16 16:54:35
=ended         2026-09-16 16:54:35
=result        ok
=elapsed       0.000190s
=case          eturnal_SUITE:reload
=logfile       eturnal_suite.reload.html
=started       2026-09-16 16:54:35
=ended         2026-09-16 16:54:35
=result        ok
=elapsed       0.511582s
=case          eturnal_SUITE:connect_tcp
=logfile       eturnal_suite.connect_tcp.html
=started       2026-09-16 16:54:35
=ended         2026-09-16 16:54:35
=result        ok
=elapsed       0.000184s
=case          eturnal_SUITE:connect_tls
=logfile       eturnal_suite.connect_tls.html
=started       2026-09-16 16:54:35
=ended         2026-09-16 16:54:35
=result        ok
=elapsed       0.000491s
=case          eturnal_SUITE:turn_udp
=logfile       eturnal_suite.turn_udp.html
=started       2026-09-16 16:54:35
=ended         2026-09-16 16:54:35
=result        ok
=elapsed       0.006016s
=case          eturnal_SUITE:stun_udp
=logfile       eturnal_suite.stun_udp.html
=started       2026-09-16 16:54:35
=ended         2026-09-16 16:54:35
=result        ok
=elapsed       0.000533s
=case          eturnal_SUITE:stun_tcp
=logfile       eturnal_suite.stun_tcp.html
=started       2026-09-16 16:54:35
=ended         2026-09-16 16:54:35
=result        ok
=elapsed       0.000818s
=case          eturnal_SUITE:stun_tls
=logfile       eturnal_suite.stun_tls.html
=started       2026-09-16 16:54:35
=ended         2026-09-16 16:54:36
=result        ok
=elapsed       1.005838s
=case          eturnal_SUITE:stun_tcp_auto
=logfile       eturnal_suite.stun_tcp_auto.html
=started       2026-09-16 16:54:36
=ended         2026-09-16 16:54:37
=result        ok
=elapsed       0.000917s
=case          eturnal_SUITE:stun_tls_auto
=logfile       eturnal_suite.stun_tls_auto.html
=started       2026-09-16 16:54:37
=ended         2026-09-16 16:54:38
=result        ok
=elapsed       1.006618s
=case          eturnal_SUITE:stop_eturnal
=logfile       eturnal_suite.stop_eturnal.html
=started       2026-09-16 16:54:38
=ended         2026-09-16 16:54:38
=result        ok
=elapsed       0.005068s
=case          eturnal_SUITE:end_per_suite
=logfile       eturnal_suite.end_per_suite.html
=started       2026-09-16 16:54:38
=ended         2026-09-16 16:54:38
=result        ok
=elapsed       0.000000s
=group_time    4.667s
=== TEST COMPLETE, 19 ok, 0 failed of 19 test cases

=finished      2026-09-16 16:54:38
=failed        0
=successful    19
=user_skipped  0
=auto_skipped  0
=elapsed_time  4696425
